
> frontend@0.1.0 test
> vitest --no-color


 DEV  v4.0.14 /Users/isak/Downloads/iso-doc-platform/frontend

 ✓ app/app/page.test.tsx (1 test) 111ms

⎯⎯⎯⎯⎯⎯ Failed Suites 3 ⎯⎯⎯⎯⎯⎯⎯

 FAIL  e2e/documents.spec.ts [ e2e/documents.spec.ts ]
Error: Playwright Test did not expect test.describe() to be called here.
Most common reasons include:
- You are calling test.describe() in a configuration file.
- You are calling test.describe() in a file that is imported by the configuration file.
- You have two different versions of @playwright/test. This usually happens
  when one of the dependencies in your package.json depends on @playwright/test.
 ❯ TestTypeImpl._currentSuite node_modules/playwright/lib/common/testType.js:75:13
 ❯ TestTypeImpl._describe node_modules/playwright/lib/common/testType.js:115:24
 ❯ Function.describe node_modules/playwright/lib/transform/transform.js:275:12
 ❯ e2e/documents.spec.ts:3:6
      1| import { test, expect } from '@playwright/test';
      2| 
      3| test.describe('Documents Flow', () => {
       |      ^
      4|     test('should load dashboard and show empty state or list', async (…
      5|         await page.goto('/dashboard');

⎯⎯⎯⎯⎯⎯⎯⎯⎯⎯⎯⎯⎯⎯⎯⎯⎯⎯⎯⎯⎯⎯⎯⎯[1/3]⎯

 FAIL  e2e/example.spec.ts [ e2e/example.spec.ts ]
Error: Playwright Test did not expect test() to be called here.
Most common reasons include:
- You are calling test() in a configuration file.
- You are calling test() in a file that is imported by the configuration file.
- You have two different versions of @playwright/test. This usually happens
  when one of the dependencies in your package.json depends on @playwright/test.
 ❯ TestTypeImpl._currentSuite node_modules/playwright/lib/common/testType.js:75:13
 ❯ TestTypeImpl._createTest node_modules/playwright/lib/common/testType.js:88:24
 ❯ node_modules/playwright/lib/transform/transform.js:275:12
 ❯ e2e/example.spec.ts:3:1
      1| import { test, expect } from '@playwright/test';
      2| 
      3| test('has title', async ({ page }) => {
       | ^
      4|     await page.goto('/');
      5| 

⎯⎯⎯⎯⎯⎯⎯⎯⎯⎯⎯⎯⎯⎯⎯⎯⎯⎯⎯⎯⎯⎯⎯⎯[2/3]⎯

 FAIL  app/app/dashboard/page.test.tsx [ app/app/dashboard/page.test.tsx ]
Error: Failed to resolve import "@/lib/api" from "app/app/dashboard/page.test.tsx". Does the file exist?
  Plugin: vite:import-analysis
  File: /Users/isak/Downloads/iso-doc-platform/frontend/app/app/dashboard/page.test.tsx:3:0
  6  |  const __vi_import_1__ = await import("@testing-library/react");
  7  |  const __vi_import_2__ = await import("./page");
  8  |  const __vi_import_3__ = await import("@/lib/api");
     |                                       ^
  9  |  
  10 |  
 ❯ TransformPluginContext._formatLog node_modules/vite/dist/node/chunks/config.js:28992:43
 ❯ TransformPluginContext.error node_modules/vite/dist/node/chunks/config.js:28989:14
 ❯ normalizeUrl node_modules/vite/dist/node/chunks/config.js:27112:18
 ❯ node_modules/vite/dist/node/chunks/config.js:27170:32
 ❯ TransformPluginContext.transform node_modules/vite/dist/node/chunks/config.js:27138:4
 ❯ EnvironmentPluginContainer.transform node_modules/vite/dist/node/chunks/config.js:28790:14
 ❯ loadAndTransform node_modules/vite/dist/node/chunks/config.js:22660:26

⎯⎯⎯⎯⎯⎯⎯⎯⎯⎯⎯⎯⎯⎯⎯⎯⎯⎯⎯⎯⎯⎯⎯⎯[3/3]⎯


 Test Files  3 failed | 1 passed (4)
      Tests  1 passed (1)
   Start at  22:06:48
   Duration  13.51s (transform 157ms, setup 461ms, import 141ms, tests 111ms, environment 3.64s)

 FAIL  Tests failed. Watching for file changes...
       press h to show help, press q to quit

Restarting due to config changes...

 DEV  v4.0.14 /Users/isak/Downloads/iso-doc-platform/frontend

 ✓ app/app/page.test.tsx (1 test) 59ms

⎯⎯⎯⎯⎯⎯ Failed Suites 1 ⎯⎯⎯⎯⎯⎯⎯

 FAIL  app/app/dashboard/page.test.tsx [ app/app/dashboard/page.test.tsx ]
Error: Failed to resolve import "@/lib/api" from "app/app/dashboard/page.test.tsx". Does the file exist?
  Plugin: vite:import-analysis
  File: /Users/isak/Downloads/iso-doc-platform/frontend/app/app/dashboard/page.test.tsx:3:0
  6  |  const __vi_import_1__ = await import("@testing-library/react");
  7  |  const __vi_import_2__ = await import("./page");
  8  |  const __vi_import_3__ = await import("@/lib/api");
     |                                       ^
  9  |  
  10 |  
 ❯ TransformPluginContext._formatLog node_modules/vite/dist/node/chunks/config.js:28992:43
 ❯ TransformPluginContext.error node_modules/vite/dist/node/chunks/config.js:28989:14
 ❯ normalizeUrl node_modules/vite/dist/node/chunks/config.js:27112:18
 ❯ node_modules/vite/dist/node/chunks/config.js:27170:32
 ❯ TransformPluginContext.transform node_modules/vite/dist/node/chunks/config.js:27138:4
 ❯ EnvironmentPluginContainer.transform node_modules/vite/dist/node/chunks/config.js:28790:14
 ❯ loadAndTransform node_modules/vite/dist/node/chunks/config.js:22660:26

⎯⎯⎯⎯⎯⎯⎯⎯⎯⎯⎯⎯⎯⎯⎯⎯⎯⎯⎯⎯⎯⎯⎯⎯[1/1]⎯


 Test Files  1 failed | 1 passed (2)
      Tests  1 passed (1)
   Start at  22:09:00
   Duration  796ms (transform 32ms, setup 130ms, import 103ms, tests 59ms, environment 982ms)

 FAIL  Tests failed. Watching for file changes...
       press h to show help, press q to quit
c[3J RERUN  lib/api.test.ts x1 

 ❯ app/app/dashboard/page.test.tsx (0 test)
 ✓ lib/api.test.ts (4 tests) 5ms

 Test Files  1 failed | 1 passed (2)
      Tests  4 passed (4)
   Start at  22:24:07
   Duration  88ms

 PASS  Waiting for file changes...
       press h to show help, press q to quit
c[3J RERUN  lib/api.ts x2 

 ❯ app/app/dashboard/page.test.tsx (0 test)
 ✓ lib/api.test.ts (4 tests) 5ms

 Test Files  1 failed | 1 passed (2)
      Tests  4 passed (4)
   Start at  22:50:18
   Duration  166ms

 PASS  Waiting for file changes...
       press h to show help, press q to quit
c[3J RERUN  app/app/reports/[id]/page.test.tsx x1 

 ❯ app/app/dashboard/page.test.tsx (0 test)
 ✓ app/app/reports/[id]/page.test.tsx (3 tests) 45ms

 Test Files  1 failed | 1 passed (2)
      Tests  3 passed (3)
   Start at  22:51:02
   Duration  278ms

 PASS  Waiting for file changes...
       press h to show help, press q to quit
c[3J RERUN  app/app/reports/[id]/page.test.tsx x2 

 ❯ app/app/dashboard/page.test.tsx (0 test)
 ✓ app/app/reports/[id]/page.test.tsx (3 tests) 40ms

 Test Files  1 failed | 1 passed (2)
      Tests  3 passed (3)
   Start at  22:51:03
   Duration  155ms

 PASS  Waiting for file changes...
       press h to show help, press q to quit
c[3J RERUN  lib/api.ts 

 ❯ app/app/dashboard/page.test.tsx (0 test)
 ✓ lib/api.test.ts (4 tests) 4ms
 ✓ app/app/reports/[id]/page.test.tsx (3 tests) 50ms

 Test Files  1 failed | 2 passed (3)
      Tests  7 passed (7)
   Start at  23:05:52
   Duration  630ms

 PASS  Waiting for file changes...
       press h to show help, press q to quit
c[3J RERUN  app/app/dashboard/page.test.tsx x1 


⎯⎯⎯⎯⎯⎯ Failed Suites 1 ⎯⎯⎯⎯⎯⎯⎯

 FAIL  app/app/dashboard/page.test.tsx [ app/app/dashboard/page.test.tsx ]
Error: Transform failed with 1 error:
/Users/isak/Downloads/iso-doc-platform/frontend/app/app/dashboard/page.test.tsx:10:11: ERROR: Expected identifier but found "<"
  Plugin: vite:esbuild
  File: /Users/isak/Downloads/iso-doc-platform/frontend/app/app/dashboard/page.test.tsx:10:11
  
  Expected identifier but found "<"
  8  |      fetchDocuments: vi.fn(),
  9  |      uploadDocument: vi.fn(),
  10 |      render(<Dashboard />);
     |             ^
  11 |  
  12 |  await waitFor(() => {
  
 ❯ failureErrorWithLog node_modules/esbuild/lib/main.js:1467:15
 ❯ node_modules/esbuild/lib/main.js:736:50
 ❯ responseCallbacks.<computed> node_modules/esbuild/lib/main.js:603:9
 ❯ handleIncomingPacket node_modules/esbuild/lib/main.js:658:12
 ❯ Socket.readFromStdout node_modules/esbuild/lib/main.js:581:7

⎯⎯⎯⎯⎯⎯⎯⎯⎯⎯⎯⎯⎯⎯⎯⎯⎯⎯⎯⎯⎯⎯⎯⎯[1/1]⎯


 Test Files  1 failed (1)
      Tests  no tests
   Start at  23:06:58
   Duration  70ms

 FAIL  Tests failed. Watching for file changes...
       press h to show help, press q to quit
c[3J RERUN  app/app/dashboard/page.test.tsx x2 

 ✓ app/app/dashboard/page.test.tsx (2 tests) 98ms

 Test Files  1 passed (1)
      Tests  2 passed (2)
   Start at  23:07:13
   Duration  343ms

 PASS  Waiting for file changes...
       press h to show help, press q to quit
c[3J RERUN  lib/api.ts 

 ✓ lib/api.test.ts (4 tests) 8ms
 ✓ app/app/reports/[id]/page.test.tsx (3 tests) 129ms
 ✓ app/app/dashboard/page.test.tsx (2 tests) 183ms

 Test Files  3 passed (3)
      Tests  9 passed (9)
   Start at  23:21:09
   Duration  2.45s

 PASS  Waiting for file changes...
       press h to show help, press q to quit
c[3J RERUN  lib/api.ts 

 ✓ lib/api.test.ts (4 tests) 12ms
 ✓ app/app/reports/[id]/page.test.tsx (3 tests) 63ms
 ✓ app/app/dashboard/page.test.tsx (2 tests) 165ms

 Test Files  3 passed (3)
      Tests  9 passed (9)
   Start at  23:22:00
   Duration  2.97s

 PASS  Waiting for file changes...
       press h to show help, press q to quit
c[3J RERUN  app/app/documents/[id]/page.test.tsx x1 

 ✓ app/app/documents/[id]/page.test.tsx (2 tests) 132ms

 Test Files  1 passed (1)
      Tests  2 passed (2)
   Start at  23:22:26
   Duration  434ms

 PASS  Waiting for file changes...
       press h to show help, press q to quit
c[3J RERUN  lib/api.ts 

 ✓ lib/api.test.ts (4 tests) 9ms
 ✓ app/app/dashboard/page.test.tsx (2 tests) 269ms
 ✓ app/app/reports/[id]/page.test.tsx (3 tests) 207ms
 ✓ app/app/documents/[id]/page.test.tsx (2 tests) 232ms

 Test Files  4 passed (4)
      Tests  11 passed (11)
   Start at  23:30:13
   Duration  6.17s

 PASS  Waiting for file changes...
       press h to show help, press q to quit
c[3J RERUN  app/app/gap-analysis/page.test.tsx x1 

 ✓ app/app/gap-analysis/page.test.tsx (2 tests) 55ms

 Test Files  1 passed (1)
      Tests  2 passed (2)
   Start at  23:30:43
   Duration  301ms

 PASS  Waiting for file changes...
       press h to show help, press q to quit
c[3J RERUN  app/app/gap-analysis/page.test.tsx x2 

 ✓ app/app/gap-analysis/page.test.tsx (2 tests) 44ms

 Test Files  1 passed (1)
      Tests  2 passed (2)
   Start at  23:30:44
   Duration  220ms

 PASS  Waiting for file changes...
       press h to show help, press q to quit
c[3J RERUN  lib/api.ts 

 ✓ lib/api.test.ts (4 tests) 342ms
 ✓ app/app/gap-analysis/page.test.tsx (2 tests) 393ms
     ✓ renders and loads standards  361ms
 ✓ app/app/reports/[id]/page.test.tsx (3 tests) 935ms
     ✓ renders loading state initially  322ms
     ✓ renders report data successfully  597ms
 ✓ app/app/documents/[id]/page.test.tsx (2 tests) 1592ms
     ✓ renders document details and download button  1108ms
     ✓ triggers export on button click  482ms
 ✓ app/app/dashboard/page.test.tsx (2 tests) 1002ms
     ✓ renders documents and standards  384ms
     ✓ opens analysis modal and runs check  615ms

 Test Files  5 passed (5)
      Tests  13 passed (13)
   Start at  23:41:11
   Duration  22.98s

 PASS  Waiting for file changes...
       press h to show help, press q to quit
c[3J RERUN  app/app/dashboard/page.tsx x7 


⎯⎯⎯⎯⎯⎯ Failed Suites 1 ⎯⎯⎯⎯⎯⎯⎯

 FAIL  app/app/dashboard/page.test.tsx [ app/app/dashboard/page.test.tsx ]
Error: Transform failed with 2 errors:
/Users/isak/Downloads/iso-doc-platform/frontend/app/app/dashboard/page.tsx:190:0: ERROR: The character "}" is not valid inside a JSX element
/Users/isak/Downloads/iso-doc-platform/frontend/app/app/dashboard/page.tsx:191:0: ERROR: Unexpected end of file before a closing "div" tag
  Plugin: vite:esbuild
  File: /Users/isak/Downloads/iso-doc-platform/frontend/app/app/dashboard/page.tsx:190:0
  
  The character "}" is not valid inside a JSX element
  188 |                  </div>
  189 |                  );
  190 |  }
      |  ^
  191 |  
  
  Unexpected end of file before a closing "div" tag
  189 |                  );
  190 |  }
  191 |  
      |  ^
  
 ❯ failureErrorWithLog node_modules/esbuild/lib/main.js:1467:15
 ❯ node_modules/esbuild/lib/main.js:736:50
 ❯ responseCallbacks.<computed> node_modules/esbuild/lib/main.js:603:9
 ❯ handleIncomingPacket node_modules/esbuild/lib/main.js:658:12
 ❯ Socket.readFromStdout node_modules/esbuild/lib/main.js:581:7

⎯⎯⎯⎯⎯⎯⎯⎯⎯⎯⎯⎯⎯⎯⎯⎯⎯⎯⎯⎯⎯⎯⎯⎯[1/1]⎯


 Test Files  1 failed (1)
      Tests  no tests
   Start at  23:41:49
   Duration  59ms

 FAIL  Tests failed. Watching for file changes...
       press h to show help, press q to quit
c[3J RERUN  app/app/dashboard/page.tsx x8 


⎯⎯⎯⎯⎯⎯ Failed Suites 1 ⎯⎯⎯⎯⎯⎯⎯

 FAIL  app/app/dashboard/page.test.tsx [ app/app/dashboard/page.test.tsx ]
Error: Transform failed with 3 errors:
/Users/isak/Downloads/iso-doc-platform/frontend/app/app/dashboard/page.tsx:150:18: ERROR: Unexpected closing "div" tag does not match opening "main" tag
/Users/isak/Downloads/iso-doc-platform/frontend/app/app/dashboard/page.tsx:158:10: ERROR: Unexpected closing "main" tag does not match opening "div" tag
/Users/isak/Downloads/iso-doc-platform/frontend/app/app/dashboard/page.tsx:160:8: ERROR: Expected ")" but found "{"
  Plugin: vite:esbuild
  File: /Users/isak/Downloads/iso-doc-platform/frontend/app/app/dashboard/page.tsx:150:18
  
  Unexpected closing "div" tag does not match opening "main" tag
  148 |                              </div>
  149 |                          </div>
  150 |                  </div>
      |                    ^
  151 |              </div>
  152 |  
  
  Unexpected closing "main" tag does not match opening "div" tag
  156 |              </div>
  157 |          </div>
  158 |          </main >
      |            ^
  159 |  
  160 |          {/* Analysis Modal */ }
  
  Expected ")" but found "{"
  158 |          </main >
  159 |  
  160 |          {/* Analysis Modal */ }
      |          ^
  161 |      {
  162 |          selectedDocId && (
  
 ❯ failureErrorWithLog node_modules/esbuild/lib/main.js:1467:15
 ❯ node_modules/esbuild/lib/main.js:736:50
 ❯ responseCallbacks.<computed> node_modules/esbuild/lib/main.js:603:9
 ❯ handleIncomingPacket node_modules/esbuild/lib/main.js:658:12
 ❯ Socket.readFromStdout node_modules/esbuild/lib/main.js:581:7

⎯⎯⎯⎯⎯⎯⎯⎯⎯⎯⎯⎯⎯⎯⎯⎯⎯⎯⎯⎯⎯⎯⎯⎯[1/1]⎯


 Test Files  1 failed (1)
      Tests  no tests
   Start at  23:41:51
   Duration  48ms

 FAIL  Tests failed. Watching for file changes...
       press h to show help, press q to quit
c[3J RERUN  app/app/dashboard/page.tsx x9 


⎯⎯⎯⎯⎯⎯ Failed Suites 1 ⎯⎯⎯⎯⎯⎯⎯

 FAIL  app/app/dashboard/page.test.tsx [ app/app/dashboard/page.test.tsx ]
Error: Transform failed with 3 errors:
/Users/isak/Downloads/iso-doc-platform/frontend/app/app/dashboard/page.tsx:162:18: ERROR: Unexpected closing "div" tag does not match opening "main" tag
/Users/isak/Downloads/iso-doc-platform/frontend/app/app/dashboard/page.tsx:170:10: ERROR: Unexpected closing "main" tag does not match opening "div" tag
/Users/isak/Downloads/iso-doc-platform/frontend/app/app/dashboard/page.tsx:172:8: ERROR: Expected ")" but found "{"
  Plugin: vite:esbuild
  File: /Users/isak/Downloads/iso-doc-platform/frontend/app/app/dashboard/page.tsx:162:18
  
  Unexpected closing "div" tag does not match opening "main" tag
  160 |                              </div>
  161 |                          </div>
  162 |                  </div>
      |                    ^
  163 |              </div>
  164 |  
  
  Unexpected closing "main" tag does not match opening "div" tag
  168 |              </div>
  169 |          </div>
  170 |          </main >
      |            ^
  171 |  
  172 |          {/* Analysis Modal */ }
  
  Expected ")" but found "{"
  170 |          </main >
  171 |  
  172 |          {/* Analysis Modal */ }
      |          ^
  173 |      {
  174 |          selectedDocId && (
  
 ❯ failureErrorWithLog node_modules/esbuild/lib/main.js:1467:15
 ❯ node_modules/esbuild/lib/main.js:736:50
 ❯ responseCallbacks.<computed> node_modules/esbuild/lib/main.js:603:9
 ❯ handleIncomingPacket node_modules/esbuild/lib/main.js:658:12
 ❯ Socket.readFromStdout node_modules/esbuild/lib/main.js:581:7

⎯⎯⎯⎯⎯⎯⎯⎯⎯⎯⎯⎯⎯⎯⎯⎯⎯⎯⎯⎯⎯⎯⎯⎯[1/1]⎯


 Test Files  1 failed (1)
      Tests  no tests
   Start at  23:41:53
   Duration  91ms

 FAIL  Tests failed. Watching for file changes...
       press h to show help, press q to quit
c[3J RERUN  app/app/dashboard/page.tsx x10 


⎯⎯⎯⎯⎯⎯ Failed Suites 1 ⎯⎯⎯⎯⎯⎯⎯

 FAIL  app/app/dashboard/page.test.tsx [ app/app/dashboard/page.test.tsx ]
Error: Transform failed with 3 errors:
/Users/isak/Downloads/iso-doc-platform/frontend/app/app/dashboard/page.tsx:164:18: ERROR: Unexpected closing "div" tag does not match opening "main" tag
/Users/isak/Downloads/iso-doc-platform/frontend/app/app/dashboard/page.tsx:172:10: ERROR: Unexpected closing "main" tag does not match opening "div" tag
/Users/isak/Downloads/iso-doc-platform/frontend/app/app/dashboard/page.tsx:174:8: ERROR: Expected ")" but found "{"
  Plugin: vite:esbuild
  File: /Users/isak/Downloads/iso-doc-platform/frontend/app/app/dashboard/page.tsx:164:18
  
  Unexpected closing "div" tag does not match opening "main" tag
  162 |                              </div>
  163 |                          </div>
  164 |                  </div>
      |                    ^
  165 |              </div>
  166 |  
  
  Unexpected closing "main" tag does not match opening "div" tag
  170 |              </div>
  171 |          </div>
  172 |          </main >
      |            ^
  173 |  
  174 |          {/* Analysis Modal */ }
  
  Expected ")" but found "{"
  172 |          </main >
  173 |  
  174 |          {/* Analysis Modal */ }
      |          ^
  175 |      {
  176 |          selectedDocId && (
  
 ❯ failureErrorWithLog node_modules/esbuild/lib/main.js:1467:15
 ❯ node_modules/esbuild/lib/main.js:736:50
 ❯ responseCallbacks.<computed> node_modules/esbuild/lib/main.js:603:9
 ❯ handleIncomingPacket node_modules/esbuild/lib/main.js:658:12
 ❯ Socket.readFromStdout node_modules/esbuild/lib/main.js:581:7

⎯⎯⎯⎯⎯⎯⎯⎯⎯⎯⎯⎯⎯⎯⎯⎯⎯⎯⎯⎯⎯⎯⎯⎯[1/1]⎯


 Test Files  1 failed (1)
      Tests  no tests
   Start at  23:41:54
   Duration  76ms

 FAIL  Tests failed. Watching for file changes...
       press h to show help, press q to quit
c[3J RERUN  app/app/dashboard/page.tsx x11 


⎯⎯⎯⎯⎯⎯ Failed Suites 1 ⎯⎯⎯⎯⎯⎯⎯

 FAIL  app/app/dashboard/page.test.tsx [ app/app/dashboard/page.test.tsx ]
Error: Transform failed with 3 errors:
/Users/isak/Downloads/iso-doc-platform/frontend/app/app/dashboard/page.tsx:164:18: ERROR: Unexpected closing "div" tag does not match opening "main" tag
/Users/isak/Downloads/iso-doc-platform/frontend/app/app/dashboard/page.tsx:172:10: ERROR: Unexpected closing "main" tag does not match opening "div" tag
/Users/isak/Downloads/iso-doc-platform/frontend/app/app/dashboard/page.tsx:174:8: ERROR: Expected ")" but found "{"
  Plugin: vite:esbuild
  File: /Users/isak/Downloads/iso-doc-platform/frontend/app/app/dashboard/page.tsx:164:18
  
  Unexpected closing "div" tag does not match opening "main" tag
  162 |                              </div>
  163 |                          </div>
  164 |                  </div>
      |                    ^
  165 |              </div>
  166 |  
  
  Unexpected closing "main" tag does not match opening "div" tag
  170 |              </div>
  171 |          </div>
  172 |          </main >
      |            ^
  173 |  
  174 |          {/* Analysis Modal */ }
  
  Expected ")" but found "{"
  172 |          </main >
  173 |  
  174 |          {/* Analysis Modal */ }
      |          ^
  175 |      {
  176 |          selectedDocId && (
  
 ❯ failureErrorWithLog node_modules/esbuild/lib/main.js:1467:15
 ❯ node_modules/esbuild/lib/main.js:736:50
 ❯ responseCallbacks.<computed> node_modules/esbuild/lib/main.js:603:9
 ❯ handleIncomingPacket node_modules/esbuild/lib/main.js:658:12
 ❯ Socket.readFromStdout node_modules/esbuild/lib/main.js:581:7

⎯⎯⎯⎯⎯⎯⎯⎯⎯⎯⎯⎯⎯⎯⎯⎯⎯⎯⎯⎯⎯⎯⎯⎯[1/1]⎯


 Test Files  1 failed (1)
      Tests  no tests
   Start at  23:41:55
   Duration  53ms

 FAIL  Tests failed. Watching for file changes...
       press h to show help, press q to quit
c[3J RERUN  app/app/dashboard/page.tsx x12 

stderr | app/app/dashboard/page.test.tsx > Dashboard Page > renders documents and standards
Error: [vitest] No "fetchDashboardStats" export is defined on the "@/lib/api" mock. Did you forget to return it from "vi.mock"?
If you need to partially mock a module, you can use "importOriginal" helper inside:

    at VitestMocker.createError [90m(file:///Users/isak/Downloads/iso-doc-platform/frontend/[39mnode_modules/[4mvitest[24m/dist/chunks/startModuleRunner.W28wBIgJ.js:310:17[90m)[39m
    at Object.get [90m(file:///Users/isak/Downloads/iso-doc-platform/frontend/[39mnode_modules/[4mvitest[24m/dist/chunks/startModuleRunner.W28wBIgJ.js:383:16[90m)[39m
    at loadStats [90m(/Users/isak/Downloads/iso-doc-platform/frontend/[39mapp/app/dashboard/page.tsx:41:32[90m)[39m
    at [90m/Users/isak/Downloads/iso-doc-platform/frontend/[39mapp/app/dashboard/page.tsx:36:9
    at Object.react_stack_bottom_frame [90m(/Users/isak/Downloads/iso-doc-platform/frontend/[39mnode_modules/[4mreact-dom[24m/cjs/react-dom-client.development.js:25989:20[90m)[39m
    at runWithFiberInDEV [90m(/Users/isak/Downloads/iso-doc-platform/frontend/[39mnode_modules/[4mreact-dom[24m/cjs/react-dom-client.development.js:874:13[90m)[39m
    at commitHookEffectListMount [90m(/Users/isak/Downloads/iso-doc-platform/frontend/[39mnode_modules/[4mreact-dom[24m/cjs/react-dom-client.development.js:13249:29[90m)[39m
    at commitHookPassiveMountEffects [90m(/Users/isak/Downloads/iso-doc-platform/frontend/[39mnode_modules/[4mreact-dom[24m/cjs/react-dom-client.development.js:13336:11[90m)[39m
    at commitPassiveMountOnFiber [90m(/Users/isak/Downloads/iso-doc-platform/frontend/[39mnode_modules/[4mreact-dom[24m/cjs/react-dom-client.development.js:15484:13[90m)[39m
    at recursivelyTraversePassiveMountEffects [90m(/Users/isak/Downloads/iso-doc-platform/frontend/[39mnode_modules/[4mreact-dom[24m/cjs/react-dom-client.development.js:15439:11[90m)[39m {
  codeFrame: [32m'vi.mock(import("@/lib/api"), async (importOriginal) => {\n'[39m +
    [32m'  const actual = await importOriginal()\n'[39m +
    [32m'  return {\n'[39m +
    [32m'    ...actual,\n'[39m +
    [32m'    // your mocked methods\n'[39m +
    [32m'  }\n'[39m +
    [32m'})'[39m
}

stderr | app/app/dashboard/page.test.tsx > Dashboard Page > opens analysis modal and runs check
Error: [vitest] No "fetchDashboardStats" export is defined on the "@/lib/api" mock. Did you forget to return it from "vi.mock"?
If you need to partially mock a module, you can use "importOriginal" helper inside:

    at VitestMocker.createError [90m(file:///Users/isak/Downloads/iso-doc-platform/frontend/[39mnode_modules/[4mvitest[24m/dist/chunks/startModuleRunner.W28wBIgJ.js:310:17[90m)[39m
    at Object.get [90m(file:///Users/isak/Downloads/iso-doc-platform/frontend/[39mnode_modules/[4mvitest[24m/dist/chunks/startModuleRunner.W28wBIgJ.js:383:16[90m)[39m
    at loadStats [90m(/Users/isak/Downloads/iso-doc-platform/frontend/[39mapp/app/dashboard/page.tsx:41:32[90m)[39m
    at [90m/Users/isak/Downloads/iso-doc-platform/frontend/[39mapp/app/dashboard/page.tsx:36:9
    at Object.react_stack_bottom_frame [90m(/Users/isak/Downloads/iso-doc-platform/frontend/[39mnode_modules/[4mreact-dom[24m/cjs/react-dom-client.development.js:25989:20[90m)[39m
    at runWithFiberInDEV [90m(/Users/isak/Downloads/iso-doc-platform/frontend/[39mnode_modules/[4mreact-dom[24m/cjs/react-dom-client.development.js:874:13[90m)[39m
    at commitHookEffectListMount [90m(/Users/isak/Downloads/iso-doc-platform/frontend/[39mnode_modules/[4mreact-dom[24m/cjs/react-dom-client.development.js:13249:29[90m)[39m
    at commitHookPassiveMountEffects [90m(/Users/isak/Downloads/iso-doc-platform/frontend/[39mnode_modules/[4mreact-dom[24m/cjs/react-dom-client.development.js:13336:11[90m)[39m
    at commitPassiveMountOnFiber [90m(/Users/isak/Downloads/iso-doc-platform/frontend/[39mnode_modules/[4mreact-dom[24m/cjs/react-dom-client.development.js:15484:13[90m)[39m
    at recursivelyTraversePassiveMountEffects [90m(/Users/isak/Downloads/iso-doc-platform/frontend/[39mnode_modules/[4mreact-dom[24m/cjs/react-dom-client.development.js:15439:11[90m)[39m {
  codeFrame: [32m'vi.mock(import("@/lib/api"), async (importOriginal) => {\n'[39m +
    [32m'  const actual = await importOriginal()\n'[39m +
    [32m'  return {\n'[39m +
    [32m'    ...actual,\n'[39m +
    [32m'    // your mocked methods\n'[39m +
    [32m'  }\n'[39m +
    [32m'})'[39m
}

 ✓ app/app/dashboard/page.test.tsx (2 tests) 130ms

 Test Files  1 passed (1)
      Tests  2 passed (2)
   Start at  23:42:43
   Duration  432ms

 PASS  Waiting for file changes...
       press h to show help, press q to quit
c[3J RERUN  app/app/dashboard/page.test.tsx x13 

 ✓ app/app/dashboard/page.test.tsx (2 tests) 130ms

 Test Files  1 passed (1)
      Tests  2 passed (2)
   Start at  23:43:05
   Duration  403ms

 PASS  Waiting for file changes...
       press h to show help, press q to quit
c[3J RERUN  app/app/dashboard/page.test.tsx x14 

 ✓ app/app/dashboard/page.test.tsx (2 tests) 98ms

 Test Files  1 passed (1)
      Tests  2 passed (2)
   Start at  23:43:08
   Duration  362ms

 PASS  Waiting for file changes...
       press h to show help, press q to quit
c[3J RERUN  app/app/dashboard/page.test.tsx x15 

 ✓ app/app/dashboard/page.test.tsx (3 tests) 147ms

 Test Files  1 passed (1)
      Tests  3 passed (3)
   Start at  23:43:10
   Duration  400ms

 PASS  Waiting for file changes...
       press h to show help, press q to quit
c[3J RERUN  app/app/documents/[id]/page.tsx x4 

stderr | app/app/documents/[id]/page.test.tsx > DocumentView Page > renders document details and download button
An error occurred in the <DocumentView> component.

Consider adding an error boundary to your tree to customize error handling behavior.
Visit https://react.dev/link/error-boundaries to learn more about error boundaries.


stderr | app/app/documents/[id]/page.test.tsx > DocumentView Page > triggers export on button click
An error occurred in the <DocumentView> component.

Consider adding an error boundary to your tree to customize error handling behavior.
Visit https://react.dev/link/error-boundaries to learn more about error boundaries.


 ❯ app/app/documents/[id]/page.test.tsx (2 tests | 2 failed) 2047ms
     × renders document details and download button 1030ms
     × triggers export on button click 1002ms

⎯⎯⎯⎯⎯⎯⎯ Failed Tests 2 ⎯⎯⎯⎯⎯⎯⎯

 FAIL  app/app/documents/[id]/page.test.tsx > DocumentView Page > renders document details and download button
TestingLibraryElementError: Unable to find an element with the text: Test Document. This could be because the text is broken up by multiple elements. In this case, you can provide a function for your text matcher to make your matcher more flexible.

Ignored nodes: comments, script, style
[36m<body>[39m
  [36m<div />[39m
[36m</body>[39m

Ignored nodes: comments, script, style
[36m<html>[39m
  [36m<head />[39m
  [36m<body>[39m
    [36m<div />[39m
  [36m</body>[39m
[36m</html>[39m
 ❯ Proxy.waitForWrapper node_modules/@testing-library/dom/dist/wait-for.js:163:27
 ❯ app/app/documents/[id]/page.test.tsx:34:15

⎯⎯⎯⎯⎯⎯⎯⎯⎯⎯⎯⎯⎯⎯⎯⎯⎯⎯⎯⎯⎯⎯⎯⎯[1/2]⎯

 FAIL  app/app/documents/[id]/page.test.tsx > DocumentView Page > triggers export on button click
TestingLibraryElementError: Unable to find an element with the text: ⬇️ Download JSON. This could be because the text is broken up by multiple elements. In this case, you can provide a function for your text matcher to make your matcher more flexible.

Ignored nodes: comments, script, style
[36m<body>[39m
  [36m<div />[39m
[36m</body>[39m

Ignored nodes: comments, script, style
[36m<html>[39m
  [36m<head />[39m
  [36m<body>[39m
    [36m<div />[39m
  [36m</body>[39m
[36m</html>[39m
 ❯ Proxy.waitForWrapper node_modules/@testing-library/dom/dist/wait-for.js:163:27
 ❯ app/app/documents/[id]/page.test.tsx:54:15

⎯⎯⎯⎯⎯⎯⎯⎯⎯⎯⎯⎯⎯⎯⎯⎯⎯⎯⎯⎯⎯⎯⎯⎯[2/2]⎯

⎯⎯⎯⎯⎯⎯ Unhandled Errors ⎯⎯⎯⎯⎯⎯

Vitest caught 2 unhandled errors during the test run.
This might cause false positive tests. Resolve unhandled errors to make sure your tests are not affected.

⎯⎯⎯⎯⎯ Uncaught Exception ⎯⎯⎯⎯⎯
ReferenceError: DocumentPreview is not defined
 ❯ DocumentView app/app/documents/[id]/page.tsx:110:30
 ❯ Object.react_stack_bottom_frame node_modules/react-dom/cjs/react-dom-client.development.js:25904:20
 ❯ renderWithHooks node_modules/react-dom/cjs/react-dom-client.development.js:7662:22
 ❯ updateFunctionComponent node_modules/react-dom/cjs/react-dom-client.development.js:10166:19
 ❯ beginWork node_modules/react-dom/cjs/react-dom-client.development.js:11778:18
 ❯ runWithFiberInDEV node_modules/react-dom/cjs/react-dom-client.development.js:874:13
 ❯ performUnitOfWork node_modules/react-dom/cjs/react-dom-client.development.js:17641:22
 ❯ workLoopSync node_modules/react-dom/cjs/react-dom-client.development.js:17469:41
 ❯ renderRootSync node_modules/react-dom/cjs/react-dom-client.development.js:17450:11
 ❯ performWorkOnRoot node_modules/react-dom/cjs/react-dom-client.development.js:16583:35

This error originated in "app/app/documents/[id]/page.test.tsx" test file. It doesn't mean the error was thrown inside the file itself, but while it was running.
The latest test that might've caused the error is "renders document details and download button". It might mean one of the following:
- The error was thrown, while Vitest was running this test.
- If the error occurred after the test had been completed, this was the last documented test before it was thrown.

⎯⎯⎯⎯⎯ Uncaught Exception ⎯⎯⎯⎯⎯
ReferenceError: DocumentPreview is not defined
 ❯ DocumentView app/app/documents/[id]/page.tsx:110:30
 ❯ Object.react_stack_bottom_frame node_modules/react-dom/cjs/react-dom-client.development.js:25904:20
 ❯ renderWithHooks node_modules/react-dom/cjs/react-dom-client.development.js:7662:22
 ❯ updateFunctionComponent node_modules/react-dom/cjs/react-dom-client.development.js:10166:19
 ❯ beginWork node_modules/react-dom/cjs/react-dom-client.development.js:11778:18
 ❯ runWithFiberInDEV node_modules/react-dom/cjs/react-dom-client.development.js:874:13
 ❯ performUnitOfWork node_modules/react-dom/cjs/react-dom-client.development.js:17641:22
 ❯ workLoopSync node_modules/react-dom/cjs/react-dom-client.development.js:17469:41
 ❯ renderRootSync node_modules/react-dom/cjs/react-dom-client.development.js:17450:11
 ❯ performWorkOnRoot node_modules/react-dom/cjs/react-dom-client.development.js:16583:35

This error originated in "app/app/documents/[id]/page.test.tsx" test file. It doesn't mean the error was thrown inside the file itself, but while it was running.
The latest test that might've caused the error is "triggers export on button click". It might mean one of the following:
- The error was thrown, while Vitest was running this test.
- If the error occurred after the test had been completed, this was the last documented test before it was thrown.
⎯⎯⎯⎯⎯⎯⎯⎯⎯⎯⎯⎯⎯⎯⎯⎯⎯⎯⎯⎯⎯⎯⎯⎯⎯⎯⎯⎯⎯⎯


 Test Files  1 failed (1)
      Tests  2 failed (2)
     Errors  2 errors
   Start at  23:55:44
   Duration  2.56s

 FAIL  Tests failed. Watching for file changes...
       press h to show help, press q to quit
c[3J RERUN  app/app/documents/[id]/page.tsx x5 

 ❯ app/app/documents/[id]/page.test.tsx (2 tests | 1 failed) 1036ms
     × renders document details and download button 1023ms
     ✓ triggers export on button click 12ms

⎯⎯⎯⎯⎯⎯⎯ Failed Tests 1 ⎯⎯⎯⎯⎯⎯⎯

 FAIL  app/app/documents/[id]/page.test.tsx > DocumentView Page > renders document details and download button
TestingLibraryElementError: Found multiple elements with the text: Test Document

Here are the matching elements:

Ignored nodes: comments, script, style
[36m<h1[39m
  [33mclass[39m=[32m"text-3xl font-bold text-gray-900 mb-2"[39m
[36m>[39m
  [0mTest Document[0m
[36m</h1>[39m

Ignored nodes: comments, script, style
[36m<h3[39m
  [33mclass[39m=[32m"font-medium text-gray-700 truncate"[39m
  [33mtitle[39m=[32m"Test Document"[39m
[36m>[39m
  [0mTest Document[0m
[36m</h3>[39m

(If this is intentional, then use the `*AllBy*` variant of the query (like `queryAllByText`, `getAllByText`, or `findAllByText`)).

Ignored nodes: comments, script, style
[36m<body>[39m
  [36m<div>[39m
    [36m<div[39m
      [33mclass[39m=[32m"min-h-screen bg-gray-50 p-8"[39m
    [36m>[39m
      [36m<div[39m
        [33mclass[39m=[32m"max-w-6xl mx-auto bg-white rounded-lg shadow p-6"[39m
      [36m>[39m
        [36m<header[39m
          [33mclass[39m=[32m"mb-8 border-b pb-4 flex justify-between items-start"[39m
        [36m>[39m
          [36m<div>[39m
            [36m<h1[39m
              [33mclass[39m=[32m"text-3xl font-bold text-gray-900 mb-2"[39m
            [36m>[39m
              [0mTest Document[0m
            [36m</h1>[39m
            [36m<div[39m
              [33mclass[39m=[32m"flex items-center gap-4 text-sm text-gray-500"[39m
            [36m>[39m
              [36m<span>[39m
                [0mUploaded: [0m
                [0m1/1/2023[0m
              [36m</span>[39m
              [36m<span[39m
                [33mclass[39m=[32m"px-2 py-1 bg-yellow-100 text-yellow-800 rounded-full text-xs font-medium"[39m
              [36m>[39m
                [0mANALYZED[0m
              [36m</span>[39m
              [36m<button[39m
                [33mclass[39m=[32m"text-sm text-blue-600 hover:underline flex items-center gap-1"[39m
              [36m>[39m
                [0m⬇️ Download JSON[0m
              [36m</button>[39m
            [36m</div>[39m
          [36m</div>[39m
          [36m<a[39m
            [33mclass[39m=[32m"text-blue-600 hover:text-blue-800 text-sm"[39m
            [33mhref[39m=[32m"/dashboard"[39m
          [36m>[39m
            [0m← Back to Dashboard[0m
          [36m</a>[39m
        [36m</header>[39m
        [36m<div[39m
          [33mclass[39m=[32m"grid grid-cols-1 lg:grid-cols-2 gap-8"[39m
        [36m>[39m
          [36m<div[39m
            [33mclass[39m=[32m"space-y-8"[39m
          [36m>[39m
            [36m<div[39m
              [33mclass[39m=[32m"h-[600px]"[39m
            [36m>[39m
              [36m<div[39m
                [33mclass[39m=[32m"h-full flex flex-col bg-white rounded-lg shadow-sm border border-gray-200 overflow-hidden"[39m
              [36m>[39m
                [36m<div[39m
                  [33mclass[39m=[32m"px-4 py-2 border-b border-gray-200 bg-gray-50 flex justify-between items-center"[39m
                [36m>[39m
                  [36m<h3[39m
                    [33mclass[39m=[32m"font-medium text-gray-700 truncate"[39m
                    [33mtitle[39m=[32m"Test Document"[39m
                  [36m>[39m
                    [0mTest Document[0m
                  [36m</h3>[39m
                  [36m<a[39m
                    [33mclass[39m=[32m"text-xs text-blue-600 hover:underline"[39m
                    [33mhref[39m=[32m"http://localhost:3002/documents/doc-1/content"[39m
                    [33mrel[39m=[32m"noopener noreferrer"[39m
                    [33mtarget[39m=[32m"_blank"[39m
                  [36m>[39m
                    [0mOpen in new tab[0m
                  [36m</a>[39m
                [36m</div>[39m
                [36m<div[39m
                  [33mclass[39m=[32m"flex-1 bg-gray-100 relative"[39m
                [36m>[39m
                  [36m<iframe[39m
                    [33mclass[39m=[32m"absolute inset-0 w-full h-full"[39m
                    [33msrc[39m=[32m"http://localhost:3002/documents/doc-1/content"[39m
                    [33mtitle[39m=[32m"Preview of Test Document"[39m
                  [36m/>[39m
                [36m</div>[39m
              [36m</div>[39m
            [36m</div>[39m
            [36m<div[39m
              [33mclass[39m=[32m"border rounded-lg p-4 bg-gray-50"[39m
            [36m>[39m
              [36m<h2[39m
                [33mclass[39m=[32m"text-xl font-semibold mb-4"[39m
              [36m>[39m
                [0mMetadata (JSON)[0m
              [36m</h2>[39m
              [36m<pre[39m
                [33mclass[39m=[32m"bg-gray-900 text-green-400 p-4 rounded overflow-auto text-sm font-mono max-h-60"[39m
              [36m>[39m
                [0m{
  "id": "doc-1",
  "title": "Test Document",
  "status": "ANALYZED",
  "createdAt": "2023-01-01T00:00:00Z"
}[0m
              [36m</pre>[39m
            [36m</div>[39m
          [36m</div>[39m
          [36m<div[39m
            [33mclass[39m=[32m"space-y-8"[39m
          [36m>[39m
            [36m<div[39m
              [33mclass[39m=[32m"border rounded-lg p-6 bg-white shadow-sm border-blue-100"[39m
            [36m>[39m
              [36m<h2[39m
                [33mclass[39m=[32m"text-xl font-semibold mb-4 flex items-center gap-2"[39m
              [36m>[39m
                [36m<span[39m
                  [33mclass[39m=[32m"text-2xl"[39m
                [36m>[39m
                  [0m🛡️[0m
                [36m</span>[39m
                [0m Compliance Analyst[0m
              [36m</h2>[39m
              [36m<div[39m
                [33mclass[39m=[32m"mb-6"[39m
              [36m>[39m
                [36m<label[39m
                  [33mclass[39m=[32m"block text-sm font-medium text-gray-700 mb-2"[39m
                [36m>[39m
                  [0mSelect ISO Standard[0m
                [36m</label>[39m
                [36m<div[39m
                  [33mclass[39m=[32m"flex gap-2"[39m
                [36m>[39m
                  [36m<select[39m
                    [33mclass[39m=[32m"flex-1 block w-full rounded-md border-gray-300 shadow-sm focus:border-blue-500 focus:ring-blue-500 sm:text-sm p-2 border"[39m
                  [36m>[39m
                    [36m<option[39m
                      [33mvalue[39m=[32m""[39m
                    [36m>[39m
                      [0m-- Select Standard --[0m
                    [36m</option>[39m
                  [36m</select>[39m
                  [36m<button[39m
                    [33mclass[39m=[32m"px-4 py-2 bg-blue-600 text-white rounded-md hover:bg-blue-700 transition-colors opacity-50 cursor-not-allowed"[39m
                    [33mdisabled[39m=[32m""[39m
                  [36m>[39m
                    [0mRun Check[0m
                  [36m</button>[39m
                [36m</div>[39m
              [36m</div>[39m
            [36m</div>[39m
          [36m</div>[39m
        [36m</div>[39m
      [36m</div>[39m
    [36m</div>[39m
  [36m</div>[39m
[36m</body>[39m

Ignored nodes: comments, script, style
[36m<html>[39m
  [36m<head />[39m
  [36m<body>[39m
    [36m<div>[39m
      [36m<div[39m
        [33mclass[39m=[32m"min-h-screen bg-gray-50 p-8"[39m
      [36m>[39m
        [36m<div[39m
          [33mclass[39m=[32m"max-w-6xl mx-auto bg-white rounded-lg shadow p-6"[39m
        [36m>[39m
          [36m<header[39m
            [33mclass[39m=[32m"mb-8 border-b pb-4 flex justify-between items-start"[39m
          [36m>[39m
            [36m<div>[39m
              [36m<h1[39m
                [33mclass[39m=[32m"text-3xl font-bold text-gray-900 mb-2"[39m
              [36m>[39m
                [0mTest Document[0m
              [36m</h1>[39m
              [36m<div[39m
                [33mclass[39m=[32m"flex items-center gap-4 text-sm text-gray-500"[39m
              [36m>[39m
                [36m<span>[39m
                  [0mUploaded: [0m
                  [0m1/1/2023[0m
                [36m</span>[39m
                [36m<span[39m
                  [33mclass[39m=[32m"px-2 py-1 bg-yellow-100 text-yellow-800 rounded-full text-xs font-medium"[39m
                [36m>[39m
                  [0mANALYZED[0m
                [36m</span>[39m
                [36m<button[39m
                  [33mclass[39m=[32m"text-sm text-blue-600 hover:underline flex items-center gap-1"[39m
                [36m>[39m
                  [0m⬇️ Download JSON[0m
                [36m</button>[39m
              [36m</div>[39m
            [36m</div>[39m
            [36m<a[39m
              [33mclass[39m=[32m"text-blue-600 hover:text-blue-800 text-sm"[39m
              [33mhref[39m=[32m"/dashboard"[39m
            [36m>[39m
              [0m← Back to Dashboard[0m
            [36m</a>[39m
          [36m</header>[39m
          [36m<div[39m
            [33mclass[39m=[32m"grid grid-cols-1 lg:grid-cols-2 gap-8"[39m
          [36m>[39m
            [36m<div[39m
              [33mclass[39m=[32m"space-y-8"[39m
            [36m>[39m
              [36m<div[39m
                [33mclass[39m=[32m"h-[600px]"[39m
              [36m>[39m
                [36m<div[39m
                  [33mclass[39m=[32m"h-full flex flex-col bg-white rounded-lg shadow-sm border border-gray-200 overflow-hidden"[39m
                [36m>[39m
                  [36m<div[39m
                    [33mclass[39m=[32m"px-4 py-2 border-b border-gray-200 bg-gray-50 flex justify-between items-center"[39m
                  [36m>[39m
                    [36m<h3[39m
                      [33mclass[39m=[32m"font-medium text-gray-700 truncate"[39m
                      [33mtitle[39m=[32m"Test Document"[39m
                    [36m>[39m
                      [0mTest Document[0m
                    [36m</h3>[39m
                    [36m<a[39m
                      [33mclass[39m=[32m"text-xs text-blue-600 hover:underline"[39m
                      [33mhref[39m=[32m"http://localhost:3002/documents/doc-1/content"[39m
                      [33mrel[39m=[32m"noopener noreferrer"[39m
                      [33mtarget[39m=[32m"_blank"[39m
                    [36m>[39m
                      [0mOpen in new tab[0m
                    [36m</a>[39m
                  [36m</div>[39m
                  [36m<div[39m
                    [33mclass[39m=[32m"flex-1 bg-gray-100 relative"[39m
                  [36m>[39m
                    [36m<iframe[39m
                      [33mclass[39m=[32m"absolute inset-0 w-full h-full"[39m
                      [33msrc[39m=[32m"http://localhost:3002/documents/doc-1/content"[39m
                      [33mtitle[39m=[32m"Preview of Test Document"[39m
                    [36m/>[39m
                  [36m</div>[39m
                [36m</div>[39m
              [36m</div>[39m
              [36m<div[39m
                [33mclass[39m=[32m"border rounded-lg p-4 bg-gray-50"[39m
              [36m>[39m
                [36m<h2[39m
                  [33mclass[39m=[32m"text-xl font-semibold mb-4"[39m
                [36m>[39m
                  [0mMetadata (JSON)[0m
                [36m</h2>[39m
                [36m<pre[39m
                  [33mclass[39m=[32m"bg-gray-900 text-green-400 p-4 rounded overflow-auto text-sm font-mono max-h-60"[39m
                [36m>[39m
                  [0m{
  "id": "doc-1",
  "title": "Test Document",
  "status": "ANALYZED",
  "createdAt": "2023-01-01T00:00:00Z"
}[0m
                [36m</pre>[39m
              [36m</div>[39m
            [36m</div>[39m
            [36m<div[39m
              [33mclass[39m=[32m"space-y-8"[39m
            [36m>[39m
              [36m<div[39m
                [33mclass[39m=[32m"border rounded-lg p-6 bg-white shadow-sm border-blue-100"[39m
              [36m>[39m
                [36m<h2[39m
                  [33mclass[39m=[32m"text-xl font-semibold mb-4 flex items-center gap-2"[39m
                [36m>[39m
                  [36m<span[39m
                    [33mclass[39m=[32m"text-2xl"[39m
                  [36m>[39m
                    [0m🛡️[0m
                  [36m</span>[39m
                  [0m Compliance Analyst[0m
                [36m</h2>[39m
                [36m<div[39m
                  [33mclass[39m=[32m"mb-6"[39m
                [36m>[39m
                  [36m<label[39m
                    [33mclass[39m=[32m"block text-sm font-medium text-gray-700 mb-2"[39m
                  [36m>[39m
                    [0mSelect ISO Standard[0m
                  [36m</label>[39m
                  [36m<div[39m
                    [33mclass[39m=[32m"flex gap-2"[39m
                  [36m>[39m
                    [36m<select[39m
                      [33mclass[39m=[32m"flex-1 block w-full rounded-md border-gray-300 shadow-sm focus:border-blue-500 focus:ring-blue-500 sm:text-sm p-2 border"[39m
                    [36m>[39m
                      [36m<option[39m
                        [33mvalue[39m=[32m""[39m
                      [36m>[39m
                        [0m-- Select Standard --[0m
                      [36m</option>[39m
                    [36m</select>[39m
                    [36m<button[39m
                      [33mclass[39m=[32m"px-4 py-2 bg-blue-600 text-white rounded-md hover:bg-blue-700 transition-colors opacity-50 cursor-not-allowed"[39m
                      [33mdisabled[39m=[32m""[39m
                    [36m>[39m
                      [0mRun Check[0m
                    [36m</button>[39m
                  [36m</div>[39m
                [36m</div>[39m
              [36m</div>[39m
            [36m</div>[39m
          [36m</div>[39m
        [36m</div>[39m
      [36m</div>[39m
    [36m</div>[39m
  [36m</body>[39m
[36m</html>[39m
 ❯ Proxy.waitForWrapper node_modules/@testing-library/dom/dist/wait-for.js:163:27
 ❯ app/app/documents/[id]/page.test.tsx:34:15
     32|         render(<DocumentView />);
     33| 
     34|         await waitFor(() => {
       |               ^
     35|             expect(screen.getByText('Test Document')).toBeDefined();
     36|         });

⎯⎯⎯⎯⎯⎯⎯⎯⎯⎯⎯⎯⎯⎯⎯⎯⎯⎯⎯⎯⎯⎯⎯⎯[1/1]⎯


 Test Files  1 failed (1)
      Tests  1 failed | 1 passed (2)
   Start at  23:55:47
   Duration  1.34s

 FAIL  Tests failed. Watching for file changes...
       press h to show help, press q to quit
c[3J RERUN  app/app/documents/[id]/page.test.tsx x6 

 ❯ app/app/documents/[id]/page.test.tsx (2 tests | 1 failed) 1077ms
     × renders document details and download button 1065ms
     ✓ triggers export on button click 10ms

⎯⎯⎯⎯⎯⎯⎯ Failed Tests 1 ⎯⎯⎯⎯⎯⎯⎯

 FAIL  app/app/documents/[id]/page.test.tsx > DocumentView Page > renders document details and download button
TestingLibraryElementError: Found multiple elements with the text: Test Document

Here are the matching elements:

Ignored nodes: comments, script, style
[36m<h1[39m
  [33mclass[39m=[32m"text-3xl font-bold text-gray-900 mb-2"[39m
[36m>[39m
  [0mTest Document[0m
[36m</h1>[39m

Ignored nodes: comments, script, style
[36m<h3[39m
  [33mclass[39m=[32m"font-medium text-gray-700 truncate"[39m
  [33mtitle[39m=[32m"Test Document"[39m
[36m>[39m
  [0mTest Document[0m
[36m</h3>[39m

(If this is intentional, then use the `*AllBy*` variant of the query (like `queryAllByText`, `getAllByText`, or `findAllByText`)).

Ignored nodes: comments, script, style
[36m<body>[39m
  [36m<div>[39m
    [36m<div[39m
      [33mclass[39m=[32m"min-h-screen bg-gray-50 p-8"[39m
    [36m>[39m
      [36m<div[39m
        [33mclass[39m=[32m"max-w-6xl mx-auto bg-white rounded-lg shadow p-6"[39m
      [36m>[39m
        [36m<header[39m
          [33mclass[39m=[32m"mb-8 border-b pb-4 flex justify-between items-start"[39m
        [36m>[39m
          [36m<div>[39m
            [36m<h1[39m
              [33mclass[39m=[32m"text-3xl font-bold text-gray-900 mb-2"[39m
            [36m>[39m
              [0mTest Document[0m
            [36m</h1>[39m
            [36m<div[39m
              [33mclass[39m=[32m"flex items-center gap-4 text-sm text-gray-500"[39m
            [36m>[39m
              [36m<span>[39m
                [0mUploaded: [0m
                [0m1/1/2023[0m
              [36m</span>[39m
              [36m<span[39m
                [33mclass[39m=[32m"px-2 py-1 bg-yellow-100 text-yellow-800 rounded-full text-xs font-medium"[39m
              [36m>[39m
                [0mANALYZED[0m
              [36m</span>[39m
              [36m<button[39m
                [33mclass[39m=[32m"text-sm text-blue-600 hover:underline flex items-center gap-1"[39m
              [36m>[39m
                [0m⬇️ Download JSON[0m
              [36m</button>[39m
            [36m</div>[39m
          [36m</div>[39m
          [36m<a[39m
            [33mclass[39m=[32m"text-blue-600 hover:text-blue-800 text-sm"[39m
            [33mhref[39m=[32m"/dashboard"[39m
          [36m>[39m
            [0m← Back to Dashboard[0m
          [36m</a>[39m
        [36m</header>[39m
        [36m<div[39m
          [33mclass[39m=[32m"grid grid-cols-1 lg:grid-cols-2 gap-8"[39m
        [36m>[39m
          [36m<div[39m
            [33mclass[39m=[32m"space-y-8"[39m
          [36m>[39m
            [36m<div[39m
              [33mclass[39m=[32m"h-[600px]"[39m
            [36m>[39m
              [36m<div[39m
                [33mclass[39m=[32m"h-full flex flex-col bg-white rounded-lg shadow-sm border border-gray-200 overflow-hidden"[39m
              [36m>[39m
                [36m<div[39m
                  [33mclass[39m=[32m"px-4 py-2 border-b border-gray-200 bg-gray-50 flex justify-between items-center"[39m
                [36m>[39m
                  [36m<h3[39m
                    [33mclass[39m=[32m"font-medium text-gray-700 truncate"[39m
                    [33mtitle[39m=[32m"Test Document"[39m
                  [36m>[39m
                    [0mTest Document[0m
                  [36m</h3>[39m
                  [36m<a[39m
                    [33mclass[39m=[32m"text-xs text-blue-600 hover:underline"[39m
                    [33mhref[39m=[32m"http://localhost:3002/documents/doc-1/content"[39m
                    [33mrel[39m=[32m"noopener noreferrer"[39m
                    [33mtarget[39m=[32m"_blank"[39m
                  [36m>[39m
                    [0mOpen in new tab[0m
                  [36m</a>[39m
                [36m</div>[39m
                [36m<div[39m
                  [33mclass[39m=[32m"flex-1 bg-gray-100 relative"[39m
                [36m>[39m
                  [36m<iframe[39m
                    [33mclass[39m=[32m"absolute inset-0 w-full h-full"[39m
                    [33msrc[39m=[32m"http://localhost:3002/documents/doc-1/content"[39m
                    [33mtitle[39m=[32m"Preview of Test Document"[39m
                  [36m/>[39m
                [36m</div>[39m
              [36m</div>[39m
            [36m</div>[39m
            [36m<div[39m
              [33mclass[39m=[32m"border rounded-lg p-4 bg-gray-50"[39m
            [36m>[39m
              [36m<h2[39m
                [33mclass[39m=[32m"text-xl font-semibold mb-4"[39m
              [36m>[39m
                [0mMetadata (JSON)[0m
              [36m</h2>[39m
              [36m<pre[39m
                [33mclass[39m=[32m"bg-gray-900 text-green-400 p-4 rounded overflow-auto text-sm font-mono max-h-60"[39m
              [36m>[39m
                [0m{
  "id": "doc-1",
  "title": "Test Document",
  "status": "ANALYZED",
  "createdAt": "2023-01-01T00:00:00Z"
}[0m
              [36m</pre>[39m
            [36m</div>[39m
          [36m</div>[39m
          [36m<div[39m
            [33mclass[39m=[32m"space-y-8"[39m
          [36m>[39m
            [36m<div[39m
              [33mclass[39m=[32m"border rounded-lg p-6 bg-white shadow-sm border-blue-100"[39m
            [36m>[39m
              [36m<h2[39m
                [33mclass[39m=[32m"text-xl font-semibold mb-4 flex items-center gap-2"[39m
              [36m>[39m
                [36m<span[39m
                  [33mclass[39m=[32m"text-2xl"[39m
                [36m>[39m
                  [0m🛡️[0m
                [36m</span>[39m
                [0m Compliance Analyst[0m
              [36m</h2>[39m
              [36m<div[39m
                [33mclass[39m=[32m"mb-6"[39m
              [36m>[39m
                [36m<label[39m
                  [33mclass[39m=[32m"block text-sm font-medium text-gray-700 mb-2"[39m
                [36m>[39m
                  [0mSelect ISO Standard[0m
                [36m</label>[39m
                [36m<div[39m
                  [33mclass[39m=[32m"flex gap-2"[39m
                [36m>[39m
                  [36m<select[39m
                    [33mclass[39m=[32m"flex-1 block w-full rounded-md border-gray-300 shadow-sm focus:border-blue-500 focus:ring-blue-500 sm:text-sm p-2 border"[39m
                  [36m>[39m
                    [36m<option[39m
                      [33mvalue[39m=[32m""[39m
                    [36m>[39m
                      [0m-- Select Standard --[0m
                    [36m</option>[39m
                  [36m</select>[39m
                  [36m<button[39m
                    [33mclass[39m=[32m"px-4 py-2 bg-blue-600 text-white rounded-md hover:bg-blue-700 transition-colors opacity-50 cursor-not-allowed"[39m
                    [33mdisabled[39m=[32m""[39m
                  [36m>[39m
                    [0mRun Check[0m
                  [36m</button>[39m
                [36m</div>[39m
              [36m</div>[39m
            [36m</div>[39m
          [36m</div>[39m
        [36m</div>[39m
      [36m</div>[39m
    [36m</div>[39m
  [36m</div>[39m
[36m</body>[39m

Ignored nodes: comments, script, style
[36m<html>[39m
  [36m<head />[39m
  [36m<body>[39m
    [36m<div>[39m
      [36m<div[39m
        [33mclass[39m=[32m"min-h-screen bg-gray-50 p-8"[39m
      [36m>[39m
        [36m<div[39m
          [33mclass[39m=[32m"max-w-6xl mx-auto bg-white rounded-lg shadow p-6"[39m
        [36m>[39m
          [36m<header[39m
            [33mclass[39m=[32m"mb-8 border-b pb-4 flex justify-between items-start"[39m
          [36m>[39m
            [36m<div>[39m
              [36m<h1[39m
                [33mclass[39m=[32m"text-3xl font-bold text-gray-900 mb-2"[39m
              [36m>[39m
                [0mTest Document[0m
              [36m</h1>[39m
              [36m<div[39m
                [33mclass[39m=[32m"flex items-center gap-4 text-sm text-gray-500"[39m
              [36m>[39m
                [36m<span>[39m
                  [0mUploaded: [0m
                  [0m1/1/2023[0m
                [36m</span>[39m
                [36m<span[39m
                  [33mclass[39m=[32m"px-2 py-1 bg-yellow-100 text-yellow-800 rounded-full text-xs font-medium"[39m
                [36m>[39m
                  [0mANALYZED[0m
                [36m</span>[39m
                [36m<button[39m
                  [33mclass[39m=[32m"text-sm text-blue-600 hover:underline flex items-center gap-1"[39m
                [36m>[39m
                  [0m⬇️ Download JSON[0m
                [36m</button>[39m
              [36m</div>[39m
            [36m</div>[39m
            [36m<a[39m
              [33mclass[39m=[32m"text-blue-600 hover:text-blue-800 text-sm"[39m
              [33mhref[39m=[32m"/dashboard"[39m
            [36m>[39m
              [0m← Back to Dashboard[0m
            [36m</a>[39m
          [36m</header>[39m
          [36m<div[39m
            [33mclass[39m=[32m"grid grid-cols-1 lg:grid-cols-2 gap-8"[39m
          [36m>[39m
            [36m<div[39m
              [33mclass[39m=[32m"space-y-8"[39m
            [36m>[39m
              [36m<div[39m
                [33mclass[39m=[32m"h-[600px]"[39m
              [36m>[39m
                [36m<div[39m
                  [33mclass[39m=[32m"h-full flex flex-col bg-white rounded-lg shadow-sm border border-gray-200 overflow-hidden"[39m
                [36m>[39m
                  [36m<div[39m
                    [33mclass[39m=[32m"px-4 py-2 border-b border-gray-200 bg-gray-50 flex justify-between items-center"[39m
                  [36m>[39m
                    [36m<h3[39m
                      [33mclass[39m=[32m"font-medium text-gray-700 truncate"[39m
                      [33mtitle[39m=[32m"Test Document"[39m
                    [36m>[39m
                      [0mTest Document[0m
                    [36m</h3>[39m
                    [36m<a[39m
                      [33mclass[39m=[32m"text-xs text-blue-600 hover:underline"[39m
                      [33mhref[39m=[32m"http://localhost:3002/documents/doc-1/content"[39m
                      [33mrel[39m=[32m"noopener noreferrer"[39m
                      [33mtarget[39m=[32m"_blank"[39m
                    [36m>[39m
                      [0mOpen in new tab[0m
                    [36m</a>[39m
                  [36m</div>[39m
                  [36m<div[39m
                    [33mclass[39m=[32m"flex-1 bg-gray-100 relative"[39m
                  [36m>[39m
                    [36m<iframe[39m
                      [33mclass[39m=[32m"absolute inset-0 w-full h-full"[39m
                      [33msrc[39m=[32m"http://localhost:3002/documents/doc-1/content"[39m
                      [33mtitle[39m=[32m"Preview of Test Document"[39m
                    [36m/>[39m
                  [36m</div>[39m
                [36m</div>[39m
              [36m</div>[39m
              [36m<div[39m
                [33mclass[39m=[32m"border rounded-lg p-4 bg-gray-50"[39m
              [36m>[39m
                [36m<h2[39m
                  [33mclass[39m=[32m"text-xl font-semibold mb-4"[39m
                [36m>[39m
                  [0mMetadata (JSON)[0m
                [36m</h2>[39m
                [36m<pre[39m
                  [33mclass[39m=[32m"bg-gray-900 text-green-400 p-4 rounded overflow-auto text-sm font-mono max-h-60"[39m
                [36m>[39m
                  [0m{
  "id": "doc-1",
  "title": "Test Document",
  "status": "ANALYZED",
  "createdAt": "2023-01-01T00:00:00Z"
}[0m
                [36m</pre>[39m
              [36m</div>[39m
            [36m</div>[39m
            [36m<div[39m
              [33mclass[39m=[32m"space-y-8"[39m
            [36m>[39m
              [36m<div[39m
                [33mclass[39m=[32m"border rounded-lg p-6 bg-white shadow-sm border-blue-100"[39m
              [36m>[39m
                [36m<h2[39m
                  [33mclass[39m=[32m"text-xl font-semibold mb-4 flex items-center gap-2"[39m
                [36m>[39m
                  [36m<span[39m
                    [33mclass[39m=[32m"text-2xl"[39m
                  [36m>[39m
                    [0m🛡️[0m
                  [36m</span>[39m
                  [0m Compliance Analyst[0m
                [36m</h2>[39m
                [36m<div[39m
                  [33mclass[39m=[32m"mb-6"[39m
                [36m>[39m
                  [36m<label[39m
                    [33mclass[39m=[32m"block text-sm font-medium text-gray-700 mb-2"[39m
                  [36m>[39m
                    [0mSelect ISO Standard[0m
                  [36m</label>[39m
                  [36m<div[39m
                    [33mclass[39m=[32m"flex gap-2"[39m
                  [36m>[39m
                    [36m<select[39m
                      [33mclass[39m=[32m"flex-1 block w-full rounded-md border-gray-300 shadow-sm focus:border-blue-500 focus:ring-blue-500 sm:text-sm p-2 border"[39m
                    [36m>[39m
                      [36m<option[39m
                        [33mvalue[39m=[32m""[39m
                      [36m>[39m
                        [0m-- Select Standard --[0m
                      [36m</option>[39m
                    [36m</select>[39m
                    [36m<button[39m
                      [33mclass[39m=[32m"px-4 py-2 bg-blue-600 text-white rounded-md hover:bg-blue-700 transition-colors opacity-50 cursor-not-allowed"[39m
                      [33mdisabled[39m=[32m""[39m
                    [36m>[39m
                      [0mRun Check[0m
                    [36m</button>[39m
                  [36m</div>[39m
                [36m</div>[39m
              [36m</div>[39m
            [36m</div>[39m
          [36m</div>[39m
        [36m</div>[39m
      [36m</div>[39m
    [36m</div>[39m
  [36m</body>[39m
[36m</html>[39m
 ❯ Proxy.waitForWrapper node_modules/@testing-library/dom/dist/wait-for.js:163:27
 ❯ app/app/documents/[id]/page.test.tsx:34:15
     32|         render(<DocumentView />);
     33| 
     34|         await waitFor(() => {
       |               ^
     35|             expect(screen.getByText('Test Document')).toBeDefined();
     36|         });

⎯⎯⎯⎯⎯⎯⎯⎯⎯⎯⎯⎯⎯⎯⎯⎯⎯⎯⎯⎯⎯⎯⎯⎯[1/1]⎯


 Test Files  1 failed (1)
      Tests  1 failed | 1 passed (2)
   Start at  23:56:01
   Duration  1.47s

 FAIL  Tests failed. Watching for file changes...
       press h to show help, press q to quit
c[3J RERUN  app/app/documents/[id]/page.tsx x7 

stderr | app/app/documents/[id]/page.test.tsx > DocumentView Page > renders document details and download button
Failed to fetch standards ReferenceError: fetchIsoStandards is not defined
    at loadStandards [90m(/Users/isak/Downloads/iso-doc-platform/frontend/[39mapp/app/documents/[id]/page.tsx:46:26[90m)[39m
    at [90m/Users/isak/Downloads/iso-doc-platform/frontend/[39mapp/app/documents/[id]/page.tsx:29:13
    at Object.react_stack_bottom_frame [90m(/Users/isak/Downloads/iso-doc-platform/frontend/[39mnode_modules/[4mreact-dom[24m/cjs/react-dom-client.development.js:25989:20[90m)[39m
    at runWithFiberInDEV [90m(/Users/isak/Downloads/iso-doc-platform/frontend/[39mnode_modules/[4mreact-dom[24m/cjs/react-dom-client.development.js:874:13[90m)[39m
    at commitHookEffectListMount [90m(/Users/isak/Downloads/iso-doc-platform/frontend/[39mnode_modules/[4mreact-dom[24m/cjs/react-dom-client.development.js:13249:29[90m)[39m
    at commitHookPassiveMountEffects [90m(/Users/isak/Downloads/iso-doc-platform/frontend/[39mnode_modules/[4mreact-dom[24m/cjs/react-dom-client.development.js:13336:11[90m)[39m
    at commitPassiveMountOnFiber [90m(/Users/isak/Downloads/iso-doc-platform/frontend/[39mnode_modules/[4mreact-dom[24m/cjs/react-dom-client.development.js:15484:13[90m)[39m
    at recursivelyTraversePassiveMountEffects [90m(/Users/isak/Downloads/iso-doc-platform/frontend/[39mnode_modules/[4mreact-dom[24m/cjs/react-dom-client.development.js:15439:11[90m)[39m
    at commitPassiveMountOnFiber [90m(/Users/isak/Downloads/iso-doc-platform/frontend/[39mnode_modules/[4mreact-dom[24m/cjs/react-dom-client.development.js:15519:11[90m)[39m
    at flushPassiveEffects [90m(/Users/isak/Downloads/iso-doc-platform/frontend/[39mnode_modules/[4mreact-dom[24m/cjs/react-dom-client.development.js:18432:9[90m)[39m

stderr | app/app/documents/[id]/page.test.tsx > DocumentView Page > renders document details and download button
An error occurred in the <DocumentView> component.

Consider adding an error boundary to your tree to customize error handling behavior.
Visit https://react.dev/link/error-boundaries to learn more about error boundaries.


stderr | app/app/documents/[id]/page.test.tsx > DocumentView Page > triggers export on button click
Failed to fetch standards ReferenceError: fetchIsoStandards is not defined
    at loadStandards [90m(/Users/isak/Downloads/iso-doc-platform/frontend/[39mapp/app/documents/[id]/page.tsx:46:26[90m)[39m
    at [90m/Users/isak/Downloads/iso-doc-platform/frontend/[39mapp/app/documents/[id]/page.tsx:29:13
    at Object.react_stack_bottom_frame [90m(/Users/isak/Downloads/iso-doc-platform/frontend/[39mnode_modules/[4mreact-dom[24m/cjs/react-dom-client.development.js:25989:20[90m)[39m
    at runWithFiberInDEV [90m(/Users/isak/Downloads/iso-doc-platform/frontend/[39mnode_modules/[4mreact-dom[24m/cjs/react-dom-client.development.js:874:13[90m)[39m
    at commitHookEffectListMount [90m(/Users/isak/Downloads/iso-doc-platform/frontend/[39mnode_modules/[4mreact-dom[24m/cjs/react-dom-client.development.js:13249:29[90m)[39m
    at commitHookPassiveMountEffects [90m(/Users/isak/Downloads/iso-doc-platform/frontend/[39mnode_modules/[4mreact-dom[24m/cjs/react-dom-client.development.js:13336:11[90m)[39m
    at commitPassiveMountOnFiber [90m(/Users/isak/Downloads/iso-doc-platform/frontend/[39mnode_modules/[4mreact-dom[24m/cjs/react-dom-client.development.js:15484:13[90m)[39m
    at recursivelyTraversePassiveMountEffects [90m(/Users/isak/Downloads/iso-doc-platform/frontend/[39mnode_modules/[4mreact-dom[24m/cjs/react-dom-client.development.js:15439:11[90m)[39m
    at commitPassiveMountOnFiber [90m(/Users/isak/Downloads/iso-doc-platform/frontend/[39mnode_modules/[4mreact-dom[24m/cjs/react-dom-client.development.js:15519:11[90m)[39m
    at flushPassiveEffects [90m(/Users/isak/Downloads/iso-doc-platform/frontend/[39mnode_modules/[4mreact-dom[24m/cjs/react-dom-client.development.js:18432:9[90m)[39m

stderr | app/app/documents/[id]/page.test.tsx > DocumentView Page > triggers export on button click
An error occurred in the <DocumentView> component.

Consider adding an error boundary to your tree to customize error handling behavior.
Visit https://react.dev/link/error-boundaries to learn more about error boundaries.


 ❯ app/app/documents/[id]/page.test.tsx (2 tests | 2 failed) 2021ms
     × renders document details and download button 1014ms
     × triggers export on button click 1004ms

⎯⎯⎯⎯⎯⎯⎯ Failed Tests 2 ⎯⎯⎯⎯⎯⎯⎯

 FAIL  app/app/documents/[id]/page.test.tsx > DocumentView Page > renders document details and download button
TestingLibraryElementError: Unable to find an element with the text: Test Document. This could be because the text is broken up by multiple elements. In this case, you can provide a function for your text matcher to make your matcher more flexible.

Ignored nodes: comments, script, style
[36m<body>[39m
  [36m<div />[39m
[36m</body>[39m

Ignored nodes: comments, script, style
[36m<html>[39m
  [36m<head />[39m
  [36m<body>[39m
    [36m<div />[39m
  [36m</body>[39m
[36m</html>[39m
 ❯ Proxy.waitForWrapper node_modules/@testing-library/dom/dist/wait-for.js:163:27
 ❯ app/app/documents/[id]/page.test.tsx:34:15

⎯⎯⎯⎯⎯⎯⎯⎯⎯⎯⎯⎯⎯⎯⎯⎯⎯⎯⎯⎯⎯⎯⎯⎯[1/2]⎯

 FAIL  app/app/documents/[id]/page.test.tsx > DocumentView Page > triggers export on button click
TestingLibraryElementError: Unable to find an element with the text: ⬇️ Download JSON. This could be because the text is broken up by multiple elements. In this case, you can provide a function for your text matcher to make your matcher more flexible.

Ignored nodes: comments, script, style
[36m<body>[39m
  [36m<div />[39m
[36m</body>[39m

Ignored nodes: comments, script, style
[36m<html>[39m
  [36m<head />[39m
  [36m<body>[39m
    [36m<div />[39m
  [36m</body>[39m
[36m</html>[39m
 ❯ Proxy.waitForWrapper node_modules/@testing-library/dom/dist/wait-for.js:163:27
 ❯ app/app/documents/[id]/page.test.tsx:55:15

⎯⎯⎯⎯⎯⎯⎯⎯⎯⎯⎯⎯⎯⎯⎯⎯⎯⎯⎯⎯⎯⎯⎯⎯[2/2]⎯

⎯⎯⎯⎯⎯⎯ Unhandled Errors ⎯⎯⎯⎯⎯⎯

Vitest caught 2 unhandled errors during the test run.
This might cause false positive tests. Resolve unhandled errors to make sure your tests are not affected.

⎯⎯⎯⎯⎯ Uncaught Exception ⎯⎯⎯⎯⎯
ReferenceError: runComplianceCheck is not defined
 ❯ DocumentView app/app/documents/[id]/page.tsx:136:50
 ❯ Object.react_stack_bottom_frame node_modules/react-dom/cjs/react-dom-client.development.js:25904:20
 ❯ renderWithHooks node_modules/react-dom/cjs/react-dom-client.development.js:7662:22
 ❯ updateFunctionComponent node_modules/react-dom/cjs/react-dom-client.development.js:10166:19
 ❯ beginWork node_modules/react-dom/cjs/react-dom-client.development.js:11778:18
 ❯ runWithFiberInDEV node_modules/react-dom/cjs/react-dom-client.development.js:874:13
 ❯ performUnitOfWork node_modules/react-dom/cjs/react-dom-client.development.js:17641:22
 ❯ workLoopSync node_modules/react-dom/cjs/react-dom-client.development.js:17469:41
 ❯ renderRootSync node_modules/react-dom/cjs/react-dom-client.development.js:17450:11
 ❯ performWorkOnRoot node_modules/react-dom/cjs/react-dom-client.development.js:16583:35

This error originated in "app/app/documents/[id]/page.test.tsx" test file. It doesn't mean the error was thrown inside the file itself, but while it was running.
The latest test that might've caused the error is "renders document details and download button". It might mean one of the following:
- The error was thrown, while Vitest was running this test.
- If the error occurred after the test had been completed, this was the last documented test before it was thrown.

⎯⎯⎯⎯⎯ Uncaught Exception ⎯⎯⎯⎯⎯
ReferenceError: runComplianceCheck is not defined
 ❯ DocumentView app/app/documents/[id]/page.tsx:136:50
 ❯ Object.react_stack_bottom_frame node_modules/react-dom/cjs/react-dom-client.development.js:25904:20
 ❯ renderWithHooks node_modules/react-dom/cjs/react-dom-client.development.js:7662:22
 ❯ updateFunctionComponent node_modules/react-dom/cjs/react-dom-client.development.js:10166:19
 ❯ beginWork node_modules/react-dom/cjs/react-dom-client.development.js:11778:18
 ❯ runWithFiberInDEV node_modules/react-dom/cjs/react-dom-client.development.js:874:13
 ❯ performUnitOfWork node_modules/react-dom/cjs/react-dom-client.development.js:17641:22
 ❯ workLoopSync node_modules/react-dom/cjs/react-dom-client.development.js:17469:41
 ❯ renderRootSync node_modules/react-dom/cjs/react-dom-client.development.js:17450:11
 ❯ performWorkOnRoot node_modules/react-dom/cjs/react-dom-client.development.js:16583:35

This error originated in "app/app/documents/[id]/page.test.tsx" test file. It doesn't mean the error was thrown inside the file itself, but while it was running.
The latest test that might've caused the error is "triggers export on button click". It might mean one of the following:
- The error was thrown, while Vitest was running this test.
- If the error occurred after the test had been completed, this was the last documented test before it was thrown.
⎯⎯⎯⎯⎯⎯⎯⎯⎯⎯⎯⎯⎯⎯⎯⎯⎯⎯⎯⎯⎯⎯⎯⎯⎯⎯⎯⎯⎯⎯


 Test Files  1 failed (1)
      Tests  2 failed (2)
     Errors  2 errors
   Start at  23:57:00
   Duration  2.43s

 FAIL  Tests failed. Watching for file changes...
       press h to show help, press q to quit
c[3J RERUN  app/app/documents/[id]/page.tsx x8 

stderr | app/app/documents/[id]/page.test.tsx > DocumentView Page > renders document details and download button
Failed to fetch standards Error: [vitest] No "fetchIsoStandards" export is defined on the "@/lib/api" mock. Did you forget to return it from "vi.mock"?
If you need to partially mock a module, you can use "importOriginal" helper inside:

    at VitestMocker.createError [90m(file:///Users/isak/Downloads/iso-doc-platform/frontend/[39mnode_modules/[4mvitest[24m/dist/chunks/startModuleRunner.W28wBIgJ.js:310:17[90m)[39m
    at Object.get [90m(file:///Users/isak/Downloads/iso-doc-platform/frontend/[39mnode_modules/[4mvitest[24m/dist/chunks/startModuleRunner.W28wBIgJ.js:383:16[90m)[39m
    at loadStandards [90m(/Users/isak/Downloads/iso-doc-platform/frontend/[39mapp/app/documents/[id]/page.tsx:46:32[90m)[39m
    at [90m/Users/isak/Downloads/iso-doc-platform/frontend/[39mapp/app/documents/[id]/page.tsx:29:13
    at Object.react_stack_bottom_frame [90m(/Users/isak/Downloads/iso-doc-platform/frontend/[39mnode_modules/[4mreact-dom[24m/cjs/react-dom-client.development.js:25989:20[90m)[39m
    at runWithFiberInDEV [90m(/Users/isak/Downloads/iso-doc-platform/frontend/[39mnode_modules/[4mreact-dom[24m/cjs/react-dom-client.development.js:874:13[90m)[39m
    at commitHookEffectListMount [90m(/Users/isak/Downloads/iso-doc-platform/frontend/[39mnode_modules/[4mreact-dom[24m/cjs/react-dom-client.development.js:13249:29[90m)[39m
    at commitHookPassiveMountEffects [90m(/Users/isak/Downloads/iso-doc-platform/frontend/[39mnode_modules/[4mreact-dom[24m/cjs/react-dom-client.development.js:13336:11[90m)[39m
    at commitPassiveMountOnFiber [90m(/Users/isak/Downloads/iso-doc-platform/frontend/[39mnode_modules/[4mreact-dom[24m/cjs/react-dom-client.development.js:15484:13[90m)[39m
    at recursivelyTraversePassiveMountEffects [90m(/Users/isak/Downloads/iso-doc-platform/frontend/[39mnode_modules/[4mreact-dom[24m/cjs/react-dom-client.development.js:15439:11[90m)[39m {
  codeFrame: [32m'vi.mock(import("@/lib/api"), async (importOriginal) => {\n'[39m +
    [32m'  const actual = await importOriginal()\n'[39m +
    [32m'  return {\n'[39m +
    [32m'    ...actual,\n'[39m +
    [32m'    // your mocked methods\n'[39m +
    [32m'  }\n'[39m +
    [32m'})'[39m
}

stderr | app/app/documents/[id]/page.test.tsx > DocumentView Page > renders document details and download button
Failed to fetch standards Error: [vitest] No "fetchIsoStandards" export is defined on the "@/lib/api" mock. Did you forget to return it from "vi.mock"?
If you need to partially mock a module, you can use "importOriginal" helper inside:

    at VitestMocker.createError [90m(file:///Users/isak/Downloads/iso-doc-platform/frontend/[39mnode_modules/[4mvitest[24m/dist/chunks/startModuleRunner.W28wBIgJ.js:310:17[90m)[39m
    at Object.get [90m(file:///Users/isak/Downloads/iso-doc-platform/frontend/[39mnode_modules/[4mvitest[24m/dist/chunks/startModuleRunner.W28wBIgJ.js:383:16[90m)[39m
    at loadStandards [90m(/Users/isak/Downloads/iso-doc-platform/frontend/[39mapp/app/documents/[id]/page.tsx:46:32[90m)[39m
    at [90m/Users/isak/Downloads/iso-doc-platform/frontend/[39mapp/app/documents/[id]/page.tsx:29:13
    at Object.react_stack_bottom_frame [90m(/Users/isak/Downloads/iso-doc-platform/frontend/[39mnode_modules/[4mreact-dom[24m/cjs/react-dom-client.development.js:25989:20[90m)[39m
    at runWithFiberInDEV [90m(/Users/isak/Downloads/iso-doc-platform/frontend/[39mnode_modules/[4mreact-dom[24m/cjs/react-dom-client.development.js:874:13[90m)[39m
    at commitHookEffectListMount [90m(/Users/isak/Downloads/iso-doc-platform/frontend/[39mnode_modules/[4mreact-dom[24m/cjs/react-dom-client.development.js:13249:29[90m)[39m
    at commitHookPassiveMountEffects [90m(/Users/isak/Downloads/iso-doc-platform/frontend/[39mnode_modules/[4mreact-dom[24m/cjs/react-dom-client.development.js:13336:11[90m)[39m
    at commitPassiveMountOnFiber [90m(/Users/isak/Downloads/iso-doc-platform/frontend/[39mnode_modules/[4mreact-dom[24m/cjs/react-dom-client.development.js:15484:13[90m)[39m
    at recursivelyTraversePassiveMountEffects [90m(/Users/isak/Downloads/iso-doc-platform/frontend/[39mnode_modules/[4mreact-dom[24m/cjs/react-dom-client.development.js:15439:11[90m)[39m {
  codeFrame: [32m'vi.mock(import("@/lib/api"), async (importOriginal) => {\n'[39m +
    [32m'  const actual = await importOriginal()\n'[39m +
    [32m'  return {\n'[39m +
    [32m'    ...actual,\n'[39m +
    [32m'    // your mocked methods\n'[39m +
    [32m'  }\n'[39m +
    [32m'})'[39m
}

stderr | app/app/documents/[id]/page.test.tsx > DocumentView Page > triggers export on button click
Failed to fetch standards Error: [vitest] No "fetchIsoStandards" export is defined on the "@/lib/api" mock. Did you forget to return it from "vi.mock"?
If you need to partially mock a module, you can use "importOriginal" helper inside:

    at VitestMocker.createError [90m(file:///Users/isak/Downloads/iso-doc-platform/frontend/[39mnode_modules/[4mvitest[24m/dist/chunks/startModuleRunner.W28wBIgJ.js:310:17[90m)[39m
    at Object.get [90m(file:///Users/isak/Downloads/iso-doc-platform/frontend/[39mnode_modules/[4mvitest[24m/dist/chunks/startModuleRunner.W28wBIgJ.js:383:16[90m)[39m
    at loadStandards [90m(/Users/isak/Downloads/iso-doc-platform/frontend/[39mapp/app/documents/[id]/page.tsx:46:32[90m)[39m
    at [90m/Users/isak/Downloads/iso-doc-platform/frontend/[39mapp/app/documents/[id]/page.tsx:29:13
    at Object.react_stack_bottom_frame [90m(/Users/isak/Downloads/iso-doc-platform/frontend/[39mnode_modules/[4mreact-dom[24m/cjs/react-dom-client.development.js:25989:20[90m)[39m
    at runWithFiberInDEV [90m(/Users/isak/Downloads/iso-doc-platform/frontend/[39mnode_modules/[4mreact-dom[24m/cjs/react-dom-client.development.js:874:13[90m)[39m
    at commitHookEffectListMount [90m(/Users/isak/Downloads/iso-doc-platform/frontend/[39mnode_modules/[4mreact-dom[24m/cjs/react-dom-client.development.js:13249:29[90m)[39m
    at commitHookPassiveMountEffects [90m(/Users/isak/Downloads/iso-doc-platform/frontend/[39mnode_modules/[4mreact-dom[24m/cjs/react-dom-client.development.js:13336:11[90m)[39m
    at commitPassiveMountOnFiber [90m(/Users/isak/Downloads/iso-doc-platform/frontend/[39mnode_modules/[4mreact-dom[24m/cjs/react-dom-client.development.js:15484:13[90m)[39m
    at recursivelyTraversePassiveMountEffects [90m(/Users/isak/Downloads/iso-doc-platform/frontend/[39mnode_modules/[4mreact-dom[24m/cjs/react-dom-client.development.js:15439:11[90m)[39m {
  codeFrame: [32m'vi.mock(import("@/lib/api"), async (importOriginal) => {\n'[39m +
    [32m'  const actual = await importOriginal()\n'[39m +
    [32m'  return {\n'[39m +
    [32m'    ...actual,\n'[39m +
    [32m'    // your mocked methods\n'[39m +
    [32m'  }\n'[39m +
    [32m'})'[39m
}

stderr | app/app/documents/[id]/page.test.tsx > DocumentView Page > triggers export on button click
Failed to fetch standards Error: [vitest] No "fetchIsoStandards" export is defined on the "@/lib/api" mock. Did you forget to return it from "vi.mock"?
If you need to partially mock a module, you can use "importOriginal" helper inside:

    at VitestMocker.createError [90m(file:///Users/isak/Downloads/iso-doc-platform/frontend/[39mnode_modules/[4mvitest[24m/dist/chunks/startModuleRunner.W28wBIgJ.js:310:17[90m)[39m
    at Object.get [90m(file:///Users/isak/Downloads/iso-doc-platform/frontend/[39mnode_modules/[4mvitest[24m/dist/chunks/startModuleRunner.W28wBIgJ.js:383:16[90m)[39m
    at loadStandards [90m(/Users/isak/Downloads/iso-doc-platform/frontend/[39mapp/app/documents/[id]/page.tsx:46:32[90m)[39m
    at [90m/Users/isak/Downloads/iso-doc-platform/frontend/[39mapp/app/documents/[id]/page.tsx:29:13
    at Object.react_stack_bottom_frame [90m(/Users/isak/Downloads/iso-doc-platform/frontend/[39mnode_modules/[4mreact-dom[24m/cjs/react-dom-client.development.js:25989:20[90m)[39m
    at runWithFiberInDEV [90m(/Users/isak/Downloads/iso-doc-platform/frontend/[39mnode_modules/[4mreact-dom[24m/cjs/react-dom-client.development.js:874:13[90m)[39m
    at commitHookEffectListMount [90m(/Users/isak/Downloads/iso-doc-platform/frontend/[39mnode_modules/[4mreact-dom[24m/cjs/react-dom-client.development.js:13249:29[90m)[39m
    at commitHookPassiveMountEffects [90m(/Users/isak/Downloads/iso-doc-platform/frontend/[39mnode_modules/[4mreact-dom[24m/cjs/react-dom-client.development.js:13336:11[90m)[39m
    at commitPassiveMountOnFiber [90m(/Users/isak/Downloads/iso-doc-platform/frontend/[39mnode_modules/[4mreact-dom[24m/cjs/react-dom-client.development.js:15484:13[90m)[39m
    at recursivelyTraversePassiveMountEffects [90m(/Users/isak/Downloads/iso-doc-platform/frontend/[39mnode_modules/[4mreact-dom[24m/cjs/react-dom-client.development.js:15439:11[90m)[39m {
  codeFrame: [32m'vi.mock(import("@/lib/api"), async (importOriginal) => {\n'[39m +
    [32m'  const actual = await importOriginal()\n'[39m +
    [32m'  return {\n'[39m +
    [32m'    ...actual,\n'[39m +
    [32m'    // your mocked methods\n'[39m +
    [32m'  }\n'[39m +
    [32m'})'[39m
}

 ❯ app/app/documents/[id]/page.test.tsx (2 tests | 1 failed) 1029ms
     × renders document details and download button 1018ms
     ✓ triggers export on button click 10ms

⎯⎯⎯⎯⎯⎯⎯ Failed Tests 1 ⎯⎯⎯⎯⎯⎯⎯

 FAIL  app/app/documents/[id]/page.test.tsx > DocumentView Page > renders document details and download button
TestingLibraryElementError: Found multiple elements with the text: Test Document

Here are the matching elements:

Ignored nodes: comments, script, style
[36m<h1[39m
  [33mclass[39m=[32m"text-3xl font-bold text-gray-900 mb-2"[39m
[36m>[39m
  [0mTest Document[0m
[36m</h1>[39m

Ignored nodes: comments, script, style
[36m<h3[39m
  [33mclass[39m=[32m"font-medium text-gray-700 truncate"[39m
  [33mtitle[39m=[32m"Test Document"[39m
[36m>[39m
  [0mTest Document[0m
[36m</h3>[39m

(If this is intentional, then use the `*AllBy*` variant of the query (like `queryAllByText`, `getAllByText`, or `findAllByText`)).

Ignored nodes: comments, script, style
[36m<body>[39m
  [36m<div>[39m
    [36m<div[39m
      [33mclass[39m=[32m"min-h-screen bg-gray-50 p-8"[39m
    [36m>[39m
      [36m<div[39m
        [33mclass[39m=[32m"max-w-6xl mx-auto bg-white rounded-lg shadow p-6"[39m
      [36m>[39m
        [36m<header[39m
          [33mclass[39m=[32m"mb-8 border-b pb-4 flex justify-between items-start"[39m
        [36m>[39m
          [36m<div>[39m
            [36m<h1[39m
              [33mclass[39m=[32m"text-3xl font-bold text-gray-900 mb-2"[39m
            [36m>[39m
              [0mTest Document[0m
            [36m</h1>[39m
            [36m<div[39m
              [33mclass[39m=[32m"flex items-center gap-4 text-sm text-gray-500"[39m
            [36m>[39m
              [36m<span>[39m
                [0mUploaded: [0m
                [0m1/1/2023[0m
              [36m</span>[39m
              [36m<span[39m
                [33mclass[39m=[32m"px-2 py-1 bg-yellow-100 text-yellow-800 rounded-full text-xs font-medium"[39m
              [36m>[39m
                [0mANALYZED[0m
              [36m</span>[39m
              [36m<button[39m
                [33mclass[39m=[32m"text-sm text-blue-600 hover:underline flex items-center gap-1"[39m
              [36m>[39m
                [0m⬇️ Download JSON[0m
              [36m</button>[39m
            [36m</div>[39m
          [36m</div>[39m
          [36m<a[39m
            [33mclass[39m=[32m"text-blue-600 hover:text-blue-800 text-sm"[39m
            [33mhref[39m=[32m"/dashboard"[39m
          [36m>[39m
            [0m← Back to Dashboard[0m
          [36m</a>[39m
        [36m</header>[39m
        [36m<div[39m
          [33mclass[39m=[32m"grid grid-cols-1 lg:grid-cols-2 gap-8"[39m
        [36m>[39m
          [36m<div[39m
            [33mclass[39m=[32m"space-y-8"[39m
          [36m>[39m
            [36m<div[39m
              [33mclass[39m=[32m"h-[600px]"[39m
            [36m>[39m
              [36m<div[39m
                [33mclass[39m=[32m"h-full flex flex-col bg-white rounded-lg shadow-sm border border-gray-200 overflow-hidden"[39m
              [36m>[39m
                [36m<div[39m
                  [33mclass[39m=[32m"px-4 py-2 border-b border-gray-200 bg-gray-50 flex justify-between items-center"[39m
                [36m>[39m
                  [36m<h3[39m
                    [33mclass[39m=[32m"font-medium text-gray-700 truncate"[39m
                    [33mtitle[39m=[32m"Test Document"[39m
                  [36m>[39m
                    [0mTest Document[0m
                  [36m</h3>[39m
                  [36m<a[39m
                    [33mclass[39m=[32m"text-xs text-blue-600 hover:underline"[39m
                    [33mhref[39m=[32m"http://localhost:3002/documents/doc-1/content"[39m
                    [33mrel[39m=[32m"noopener noreferrer"[39m
                    [33mtarget[39m=[32m"_blank"[39m
                  [36m>[39m
                    [0mOpen in new tab[0m
                  [36m</a>[39m
                [36m</div>[39m
                [36m<div[39m
                  [33mclass[39m=[32m"flex-1 bg-gray-100 relative"[39m
                [36m>[39m
                  [36m<iframe[39m
                    [33mclass[39m=[32m"absolute inset-0 w-full h-full"[39m
                    [33msrc[39m=[32m"http://localhost:3002/documents/doc-1/content"[39m
                    [33mtitle[39m=[32m"Preview of Test Document"[39m
                  [36m/>[39m
                [36m</div>[39m
              [36m</div>[39m
            [36m</div>[39m
            [36m<div[39m
              [33mclass[39m=[32m"border rounded-lg p-4 bg-gray-50"[39m
            [36m>[39m
              [36m<h2[39m
                [33mclass[39m=[32m"text-xl font-semibold mb-4"[39m
              [36m>[39m
                [0mMetadata (JSON)[0m
              [36m</h2>[39m
              [36m<pre[39m
                [33mclass[39m=[32m"bg-gray-900 text-green-400 p-4 rounded overflow-auto text-sm font-mono max-h-60"[39m
              [36m>[39m
                [0m{
  "id": "doc-1",
  "title": "Test Document",
  "status": "ANALYZED",
  "createdAt": "2023-01-01T00:00:00Z"
}[0m
              [36m</pre>[39m
            [36m</div>[39m
          [36m</div>[39m
          [36m<div[39m
            [33mclass[39m=[32m"space-y-8"[39m
          [36m>[39m
            [36m<div[39m
              [33mclass[39m=[32m"border rounded-lg p-6 bg-white shadow-sm border-blue-100"[39m
            [36m>[39m
              [36m<h2[39m
                [33mclass[39m=[32m"text-xl font-semibold mb-4 flex items-center gap-2"[39m
              [36m>[39m
                [36m<span[39m
                  [33mclass[39m=[32m"text-2xl"[39m
                [36m>[39m
                  [0m🛡️[0m
                [36m</span>[39m
                [0m Compliance Analyst[0m
              [36m</h2>[39m
              [36m<div[39m
                [33mclass[39m=[32m"mb-6"[39m
              [36m>[39m
                [36m<label[39m
                  [33mclass[39m=[32m"block text-sm font-medium text-gray-700 mb-2"[39m
                [36m>[39m
                  [0mSelect ISO Standard[0m
                [36m</label>[39m
                [36m<div[39m
                  [33mclass[39m=[32m"flex gap-2"[39m
                [36m>[39m
                  [36m<select[39m
                    [33mclass[39m=[32m"flex-1 block w-full rounded-md border-gray-300 shadow-sm focus:border-blue-500 focus:ring-blue-500 sm:text-sm p-2 border"[39m
                  [36m>[39m
                    [36m<option[39m
                      [33mvalue[39m=[32m""[39m
                    [36m>[39m
                      [0m-- Select Standard --[0m
                    [36m</option>[39m
                  [36m</select>[39m
                  [36m<button[39m
                    [33mclass[39m=[32m"px-4 py-2 bg-blue-600 text-white rounded-md hover:bg-blue-700 transition-colors opacity-50 cursor-not-allowed"[39m
                    [33mdisabled[39m=[32m""[39m
                  [36m>[39m
                    [0mRun Check[0m
                  [36m</button>[39m
                [36m</div>[39m
              [36m</div>[39m
            [36m</div>[39m
          [36m</div>[39m
        [36m</div>[39m
      [36m</div>[39m
    [36m</div>[39m
  [36m</div>[39m
[36m</body>[39m

Ignored nodes: comments, script, style
[36m<html>[39m
  [36m<head />[39m
  [36m<body>[39m
    [36m<div>[39m
      [36m<div[39m
        [33mclass[39m=[32m"min-h-screen bg-gray-50 p-8"[39m
      [36m>[39m
        [36m<div[39m
          [33mclass[39m=[32m"max-w-6xl mx-auto bg-white rounded-lg shadow p-6"[39m
        [36m>[39m
          [36m<header[39m
            [33mclass[39m=[32m"mb-8 border-b pb-4 flex justify-between items-start"[39m
          [36m>[39m
            [36m<div>[39m
              [36m<h1[39m
                [33mclass[39m=[32m"text-3xl font-bold text-gray-900 mb-2"[39m
              [36m>[39m
                [0mTest Document[0m
              [36m</h1>[39m
              [36m<div[39m
                [33mclass[39m=[32m"flex items-center gap-4 text-sm text-gray-500"[39m
              [36m>[39m
                [36m<span>[39m
                  [0mUploaded: [0m
                  [0m1/1/2023[0m
                [36m</span>[39m
                [36m<span[39m
                  [33mclass[39m=[32m"px-2 py-1 bg-yellow-100 text-yellow-800 rounded-full text-xs font-medium"[39m
                [36m>[39m
                  [0mANALYZED[0m
                [36m</span>[39m
                [36m<button[39m
                  [33mclass[39m=[32m"text-sm text-blue-600 hover:underline flex items-center gap-1"[39m
                [36m>[39m
                  [0m⬇️ Download JSON[0m
                [36m</button>[39m
              [36m</div>[39m
            [36m</div>[39m
            [36m<a[39m
              [33mclass[39m=[32m"text-blue-600 hover:text-blue-800 text-sm"[39m
              [33mhref[39m=[32m"/dashboard"[39m
            [36m>[39m
              [0m← Back to Dashboard[0m
            [36m</a>[39m
          [36m</header>[39m
          [36m<div[39m
            [33mclass[39m=[32m"grid grid-cols-1 lg:grid-cols-2 gap-8"[39m
          [36m>[39m
            [36m<div[39m
              [33mclass[39m=[32m"space-y-8"[39m
            [36m>[39m
              [36m<div[39m
                [33mclass[39m=[32m"h-[600px]"[39m
              [36m>[39m
                [36m<div[39m
                  [33mclass[39m=[32m"h-full flex flex-col bg-white rounded-lg shadow-sm border border-gray-200 overflow-hidden"[39m
                [36m>[39m
                  [36m<div[39m
                    [33mclass[39m=[32m"px-4 py-2 border-b border-gray-200 bg-gray-50 flex justify-between items-center"[39m
                  [36m>[39m
                    [36m<h3[39m
                      [33mclass[39m=[32m"font-medium text-gray-700 truncate"[39m
                      [33mtitle[39m=[32m"Test Document"[39m
                    [36m>[39m
                      [0mTest Document[0m
                    [36m</h3>[39m
                    [36m<a[39m
                      [33mclass[39m=[32m"text-xs text-blue-600 hover:underline"[39m
                      [33mhref[39m=[32m"http://localhost:3002/documents/doc-1/content"[39m
                      [33mrel[39m=[32m"noopener noreferrer"[39m
                      [33mtarget[39m=[32m"_blank"[39m
                    [36m>[39m
                      [0mOpen in new tab[0m
                    [36m</a>[39m
                  [36m</div>[39m
                  [36m<div[39m
                    [33mclass[39m=[32m"flex-1 bg-gray-100 relative"[39m
                  [36m>[39m
                    [36m<iframe[39m
                      [33mclass[39m=[32m"absolute inset-0 w-full h-full"[39m
                      [33msrc[39m=[32m"http://localhost:3002/documents/doc-1/content"[39m
                      [33mtitle[39m=[32m"Preview of Test Document"[39m
                    [36m/>[39m
                  [36m</div>[39m
                [36m</div>[39m
              [36m</div>[39m
              [36m<div[39m
                [33mclass[39m=[32m"border rounded-lg p-4 bg-gray-50"[39m
              [36m>[39m
                [36m<h2[39m
                  [33mclass[39m=[32m"text-xl font-semibold mb-4"[39m
                [36m>[39m
                  [0mMetadata (JSON)[0m
                [36m</h2>[39m
                [36m<pre[39m
                  [33mclass[39m=[32m"bg-gray-900 text-green-400 p-4 rounded overflow-auto text-sm font-mono max-h-60"[39m
                [36m>[39m
                  [0m{
  "id": "doc-1",
  "title": "Test Document",
  "status": "ANALYZED",
  "createdAt": "2023-01-01T00:00:00Z"
}[0m
                [36m</pre>[39m
              [36m</div>[39m
            [36m</div>[39m
            [36m<div[39m
              [33mclass[39m=[32m"space-y-8"[39m
            [36m>[39m
              [36m<div[39m
                [33mclass[39m=[32m"border rounded-lg p-6 bg-white shadow-sm border-blue-100"[39m
              [36m>[39m
                [36m<h2[39m
                  [33mclass[39m=[32m"text-xl font-semibold mb-4 flex items-center gap-2"[39m
                [36m>[39m
                  [36m<span[39m
                    [33mclass[39m=[32m"text-2xl"[39m
                  [36m>[39m
                    [0m🛡️[0m
                  [36m</span>[39m
                  [0m Compliance Analyst[0m
                [36m</h2>[39m
                [36m<div[39m
                  [33mclass[39m=[32m"mb-6"[39m
                [36m>[39m
                  [36m<label[39m
                    [33mclass[39m=[32m"block text-sm font-medium text-gray-700 mb-2"[39m
                  [36m>[39m
                    [0mSelect ISO Standard[0m
                  [36m</label>[39m
                  [36m<div[39m
                    [33mclass[39m=[32m"flex gap-2"[39m
                  [36m>[39m
                    [36m<select[39m
                      [33mclass[39m=[32m"flex-1 block w-full rounded-md border-gray-300 shadow-sm focus:border-blue-500 focus:ring-blue-500 sm:text-sm p-2 border"[39m
                    [36m>[39m
                      [36m<option[39m
                        [33mvalue[39m=[32m""[39m
                      [36m>[39m
                        [0m-- Select Standard --[0m
                      [36m</option>[39m
                    [36m</select>[39m
                    [36m<button[39m
                      [33mclass[39m=[32m"px-4 py-2 bg-blue-600 text-white rounded-md hover:bg-blue-700 transition-colors opacity-50 cursor-not-allowed"[39m
                      [33mdisabled[39m=[32m""[39m
                    [36m>[39m
                      [0mRun Check[0m
                    [36m</button>[39m
                  [36m</div>[39m
                [36m</div>[39m
              [36m</div>[39m
            [36m</div>[39m
          [36m</div>[39m
        [36m</div>[39m
      [36m</div>[39m
    [36m</div>[39m
  [36m</body>[39m
[36m</html>[39m
 ❯ Proxy.waitForWrapper node_modules/@testing-library/dom/dist/wait-for.js:163:27
 ❯ app/app/documents/[id]/page.test.tsx:34:15
     32|         render(<DocumentView />);
     33| 
     34|         await waitFor(() => {
       |               ^
     35|             expect(screen.getByText('Test Document')).toBeDefined();
     36|         });

⎯⎯⎯⎯⎯⎯⎯⎯⎯⎯⎯⎯⎯⎯⎯⎯⎯⎯⎯⎯⎯⎯⎯⎯[1/1]⎯


 Test Files  1 failed (1)
      Tests  1 failed | 1 passed (2)
   Start at  23:57:03
   Duration  1.29s

 FAIL  Tests failed. Watching for file changes...
       press h to show help, press q to quit
c[3J RERUN  app/app/documents/[id]/page.test.tsx x9 

stderr | app/app/documents/[id]/page.test.tsx > DocumentView Page > renders document details and download button
An error occurred in the <DocumentView> component.

Consider adding an error boundary to your tree to customize error handling behavior.
Visit https://react.dev/link/error-boundaries to learn more about error boundaries.


stderr | app/app/documents/[id]/page.test.tsx > DocumentView Page > triggers export on button click
An error occurred in the <DocumentView> component.

Consider adding an error boundary to your tree to customize error handling behavior.
Visit https://react.dev/link/error-boundaries to learn more about error boundaries.


 ❯ app/app/documents/[id]/page.test.tsx (2 tests | 2 failed) 2016ms
     × renders document details and download button 1012ms
     × triggers export on button click 1003ms

⎯⎯⎯⎯⎯⎯⎯ Failed Tests 2 ⎯⎯⎯⎯⎯⎯⎯

 FAIL  app/app/documents/[id]/page.test.tsx > DocumentView Page > renders document details and download button
TestingLibraryElementError: Unable to find an element with the text: Test Document. This could be because the text is broken up by multiple elements. In this case, you can provide a function for your text matcher to make your matcher more flexible.

Ignored nodes: comments, script, style
[36m<body>[39m
  [36m<div />[39m
[36m</body>[39m

Ignored nodes: comments, script, style
[36m<html>[39m
  [36m<head />[39m
  [36m<body>[39m
    [36m<div />[39m
  [36m</body>[39m
[36m</html>[39m
 ❯ Proxy.waitForWrapper node_modules/@testing-library/dom/dist/wait-for.js:163:27
 ❯ app/app/documents/[id]/page.test.tsx:36:15

⎯⎯⎯⎯⎯⎯⎯⎯⎯⎯⎯⎯⎯⎯⎯⎯⎯⎯⎯⎯⎯⎯⎯⎯[1/2]⎯

 FAIL  app/app/documents/[id]/page.test.tsx > DocumentView Page > triggers export on button click
TestingLibraryElementError: Unable to find an element with the text: ⬇️ Download JSON. This could be because the text is broken up by multiple elements. In this case, you can provide a function for your text matcher to make your matcher more flexible.

Ignored nodes: comments, script, style
[36m<body>[39m
  [36m<div />[39m
[36m</body>[39m

Ignored nodes: comments, script, style
[36m<html>[39m
  [36m<head />[39m
  [36m<body>[39m
    [36m<div />[39m
  [36m</body>[39m
[36m</html>[39m
 ❯ Proxy.waitForWrapper node_modules/@testing-library/dom/dist/wait-for.js:163:27
 ❯ app/app/documents/[id]/page.test.tsx:57:15

⎯⎯⎯⎯⎯⎯⎯⎯⎯⎯⎯⎯⎯⎯⎯⎯⎯⎯⎯⎯⎯⎯⎯⎯[2/2]⎯

⎯⎯⎯⎯⎯⎯ Unhandled Errors ⎯⎯⎯⎯⎯⎯

Vitest caught 2 unhandled errors during the test run.
This might cause false positive tests. Resolve unhandled errors to make sure your tests are not affected.

⎯⎯⎯⎯⎯ Uncaught Exception ⎯⎯⎯⎯⎯
TypeError: Cannot read properties of undefined (reading 'map')
 ❯ DocumentView app/app/documents/[id]/page.tsx:131:52
    129|                                     >
    130|                                         <option value="">-- Select Sta…
    131|                                         {standards.map(std => (
       |                                                    ^
    132|                                             <option key={std.id} value…
    133|                                         ))}
 ❯ Object.react_stack_bottom_frame node_modules/react-dom/cjs/react-dom-client.development.js:25904:20
 ❯ renderWithHooks node_modules/react-dom/cjs/react-dom-client.development.js:7662:22
 ❯ updateFunctionComponent node_modules/react-dom/cjs/react-dom-client.development.js:10166:19
 ❯ beginWork node_modules/react-dom/cjs/react-dom-client.development.js:11778:18
 ❯ runWithFiberInDEV node_modules/react-dom/cjs/react-dom-client.development.js:874:13
 ❯ performUnitOfWork node_modules/react-dom/cjs/react-dom-client.development.js:17641:22
 ❯ workLoopSync node_modules/react-dom/cjs/react-dom-client.development.js:17469:41
 ❯ renderRootSync node_modules/react-dom/cjs/react-dom-client.development.js:17450:11
 ❯ performWorkOnRoot node_modules/react-dom/cjs/react-dom-client.development.js:16583:35

This error originated in "app/app/documents/[id]/page.test.tsx" test file. It doesn't mean the error was thrown inside the file itself, but while it was running.
The latest test that might've caused the error is "renders document details and download button". It might mean one of the following:
- The error was thrown, while Vitest was running this test.
- If the error occurred after the test had been completed, this was the last documented test before it was thrown.

⎯⎯⎯⎯⎯ Uncaught Exception ⎯⎯⎯⎯⎯
TypeError: Cannot read properties of undefined (reading 'map')
 ❯ DocumentView app/app/documents/[id]/page.tsx:131:52
    129|                                     >
    130|                                         <option value="">-- Select Sta…
    131|                                         {standards.map(std => (
       |                                                    ^
    132|                                             <option key={std.id} value…
    133|                                         ))}
 ❯ Object.react_stack_bottom_frame node_modules/react-dom/cjs/react-dom-client.development.js:25904:20
 ❯ renderWithHooks node_modules/react-dom/cjs/react-dom-client.development.js:7662:22
 ❯ updateFunctionComponent node_modules/react-dom/cjs/react-dom-client.development.js:10166:19
 ❯ beginWork node_modules/react-dom/cjs/react-dom-client.development.js:11778:18
 ❯ runWithFiberInDEV node_modules/react-dom/cjs/react-dom-client.development.js:874:13
 ❯ performUnitOfWork node_modules/react-dom/cjs/react-dom-client.development.js:17641:22
 ❯ workLoopSync node_modules/react-dom/cjs/react-dom-client.development.js:17469:41
 ❯ renderRootSync node_modules/react-dom/cjs/react-dom-client.development.js:17450:11
 ❯ performWorkOnRoot node_modules/react-dom/cjs/react-dom-client.development.js:16583:35

This error originated in "app/app/documents/[id]/page.test.tsx" test file. It doesn't mean the error was thrown inside the file itself, but while it was running.
The latest test that might've caused the error is "triggers export on button click". It might mean one of the following:
- The error was thrown, while Vitest was running this test.
- If the error occurred after the test had been completed, this was the last documented test before it was thrown.
⎯⎯⎯⎯⎯⎯⎯⎯⎯⎯⎯⎯⎯⎯⎯⎯⎯⎯⎯⎯⎯⎯⎯⎯⎯⎯⎯⎯⎯⎯


 Test Files  1 failed (1)
      Tests  2 failed (2)
     Errors  2 errors
   Start at  23:57:15
   Duration  2.34s

 FAIL  Tests failed. Watching for file changes...
       press h to show help, press q to quit
c[3J RERUN  app/app/documents/[id]/page.test.tsx x10 

stderr | app/app/documents/[id]/page.test.tsx > DocumentView Page > renders document details and download button
An error occurred in the <DocumentView> component.

Consider adding an error boundary to your tree to customize error handling behavior.
Visit https://react.dev/link/error-boundaries to learn more about error boundaries.


stderr | app/app/documents/[id]/page.test.tsx > DocumentView Page > triggers export on button click
An error occurred in the <DocumentView> component.

Consider adding an error boundary to your tree to customize error handling behavior.
Visit https://react.dev/link/error-boundaries to learn more about error boundaries.


 ❯ app/app/documents/[id]/page.test.tsx (2 tests | 2 failed) 2021ms
     × renders document details and download button 1016ms
     × triggers export on button click 1003ms

⎯⎯⎯⎯⎯⎯⎯ Failed Tests 2 ⎯⎯⎯⎯⎯⎯⎯

 FAIL  app/app/documents/[id]/page.test.tsx > DocumentView Page > renders document details and download button
TestingLibraryElementError: Unable to find an element with the text: Test Document. This could be because the text is broken up by multiple elements. In this case, you can provide a function for your text matcher to make your matcher more flexible.

Ignored nodes: comments, script, style
[36m<body>[39m
  [36m<div />[39m
[36m</body>[39m

Ignored nodes: comments, script, style
[36m<html>[39m
  [36m<head />[39m
  [36m<body>[39m
    [36m<div />[39m
  [36m</body>[39m
[36m</html>[39m
 ❯ Proxy.waitForWrapper node_modules/@testing-library/dom/dist/wait-for.js:163:27
 ❯ app/app/documents/[id]/page.test.tsx:36:15
     34|         render(<DocumentView />);
     35| 
     36|         await waitFor(() => {
       |               ^
     37|             expect(screen.getByText('Test Document')).toBeDefined();
     38|         });

⎯⎯⎯⎯⎯⎯⎯⎯⎯⎯⎯⎯⎯⎯⎯⎯⎯⎯⎯⎯⎯⎯⎯⎯[1/2]⎯

 FAIL  app/app/documents/[id]/page.test.tsx > DocumentView Page > triggers export on button click
TestingLibraryElementError: Unable to find an element with the text: ⬇️ Download JSON. This could be because the text is broken up by multiple elements. In this case, you can provide a function for your text matcher to make your matcher more flexible.

Ignored nodes: comments, script, style
[36m<body>[39m
  [36m<div />[39m
[36m</body>[39m

Ignored nodes: comments, script, style
[36m<html>[39m
  [36m<head />[39m
  [36m<body>[39m
    [36m<div />[39m
  [36m</body>[39m
[36m</html>[39m
 ❯ Proxy.waitForWrapper node_modules/@testing-library/dom/dist/wait-for.js:163:27
 ❯ app/app/documents/[id]/page.test.tsx:57:15
     55|         render(<DocumentView />);
     56| 
     57|         await waitFor(() => {
       |               ^
     58|             expect(screen.getByText('⬇️ Download JSON')).toBeDefined();
     59|         });

⎯⎯⎯⎯⎯⎯⎯⎯⎯⎯⎯⎯⎯⎯⎯⎯⎯⎯⎯⎯⎯⎯⎯⎯[2/2]⎯

⎯⎯⎯⎯⎯⎯ Unhandled Errors ⎯⎯⎯⎯⎯⎯

Vitest caught 2 unhandled errors during the test run.
This might cause false positive tests. Resolve unhandled errors to make sure your tests are not affected.

⎯⎯⎯⎯⎯ Uncaught Exception ⎯⎯⎯⎯⎯
TypeError: Cannot read properties of undefined (reading 'map')
 ❯ DocumentView app/app/documents/[id]/page.tsx:131:52
    129|                                     >
    130|                                         <option value="">-- Select Sta…
    131|                                         {standards.map(std => (
       |                                                    ^
    132|                                             <option key={std.id} value…
    133|                                         ))}
 ❯ Object.react_stack_bottom_frame node_modules/react-dom/cjs/react-dom-client.development.js:25904:20
 ❯ renderWithHooks node_modules/react-dom/cjs/react-dom-client.development.js:7662:22
 ❯ updateFunctionComponent node_modules/react-dom/cjs/react-dom-client.development.js:10166:19
 ❯ beginWork node_modules/react-dom/cjs/react-dom-client.development.js:11778:18
 ❯ runWithFiberInDEV node_modules/react-dom/cjs/react-dom-client.development.js:874:13
 ❯ performUnitOfWork node_modules/react-dom/cjs/react-dom-client.development.js:17641:22
 ❯ workLoopSync node_modules/react-dom/cjs/react-dom-client.development.js:17469:41
 ❯ renderRootSync node_modules/react-dom/cjs/react-dom-client.development.js:17450:11
 ❯ performWorkOnRoot node_modules/react-dom/cjs/react-dom-client.development.js:16583:35

This error originated in "app/app/documents/[id]/page.test.tsx" test file. It doesn't mean the error was thrown inside the file itself, but while it was running.
The latest test that might've caused the error is "renders document details and download button". It might mean one of the following:
- The error was thrown, while Vitest was running this test.
- If the error occurred after the test had been completed, this was the last documented test before it was thrown.

⎯⎯⎯⎯⎯ Uncaught Exception ⎯⎯⎯⎯⎯
TypeError: Cannot read properties of undefined (reading 'map')
 ❯ DocumentView app/app/documents/[id]/page.tsx:131:52
    129|                                     >
    130|                                         <option value="">-- Select Sta…
    131|                                         {standards.map(std => (
       |                                                    ^
    132|                                             <option key={std.id} value…
    133|                                         ))}
 ❯ Object.react_stack_bottom_frame node_modules/react-dom/cjs/react-dom-client.development.js:25904:20
 ❯ renderWithHooks node_modules/react-dom/cjs/react-dom-client.development.js:7662:22
 ❯ updateFunctionComponent node_modules/react-dom/cjs/react-dom-client.development.js:10166:19
 ❯ beginWork node_modules/react-dom/cjs/react-dom-client.development.js:11778:18
 ❯ runWithFiberInDEV node_modules/react-dom/cjs/react-dom-client.development.js:874:13
 ❯ performUnitOfWork node_modules/react-dom/cjs/react-dom-client.development.js:17641:22
 ❯ workLoopSync node_modules/react-dom/cjs/react-dom-client.development.js:17469:41
 ❯ renderRootSync node_modules/react-dom/cjs/react-dom-client.development.js:17450:11
 ❯ performWorkOnRoot node_modules/react-dom/cjs/react-dom-client.development.js:16583:35

This error originated in "app/app/documents/[id]/page.test.tsx" test file. It doesn't mean the error was thrown inside the file itself, but while it was running.
The latest test that might've caused the error is "triggers export on button click". It might mean one of the following:
- The error was thrown, while Vitest was running this test.
- If the error occurred after the test had been completed, this was the last documented test before it was thrown.
⎯⎯⎯⎯⎯⎯⎯⎯⎯⎯⎯⎯⎯⎯⎯⎯⎯⎯⎯⎯⎯⎯⎯⎯⎯⎯⎯⎯⎯⎯


 Test Files  1 failed (1)
      Tests  2 failed (2)
     Errors  2 errors
   Start at  23:57:18
   Duration  2.28s

 FAIL  Tests failed. Watching for file changes...
       press h to show help, press q to quit
c[3J RERUN  app/app/documents/[id]/page.test.tsx x11 

 ❯ app/app/documents/[id]/page.test.tsx (2 tests | 1 failed) 1022ms
     × renders document details and download button 1011ms
     ✓ triggers export on button click 10ms

⎯⎯⎯⎯⎯⎯⎯ Failed Tests 1 ⎯⎯⎯⎯⎯⎯⎯

 FAIL  app/app/documents/[id]/page.test.tsx > DocumentView Page > renders document details and download button
TestingLibraryElementError: Found multiple elements with the text: Test Document

Here are the matching elements:

Ignored nodes: comments, script, style
[36m<h1[39m
  [33mclass[39m=[32m"text-3xl font-bold text-gray-900 mb-2"[39m
[36m>[39m
  [0mTest Document[0m
[36m</h1>[39m

Ignored nodes: comments, script, style
[36m<h3[39m
  [33mclass[39m=[32m"font-medium text-gray-700 truncate"[39m
  [33mtitle[39m=[32m"Test Document"[39m
[36m>[39m
  [0mTest Document[0m
[36m</h3>[39m

(If this is intentional, then use the `*AllBy*` variant of the query (like `queryAllByText`, `getAllByText`, or `findAllByText`)).

Ignored nodes: comments, script, style
[36m<body>[39m
  [36m<div>[39m
    [36m<div[39m
      [33mclass[39m=[32m"min-h-screen bg-gray-50 p-8"[39m
    [36m>[39m
      [36m<div[39m
        [33mclass[39m=[32m"max-w-6xl mx-auto bg-white rounded-lg shadow p-6"[39m
      [36m>[39m
        [36m<header[39m
          [33mclass[39m=[32m"mb-8 border-b pb-4 flex justify-between items-start"[39m
        [36m>[39m
          [36m<div>[39m
            [36m<h1[39m
              [33mclass[39m=[32m"text-3xl font-bold text-gray-900 mb-2"[39m
            [36m>[39m
              [0mTest Document[0m
            [36m</h1>[39m
            [36m<div[39m
              [33mclass[39m=[32m"flex items-center gap-4 text-sm text-gray-500"[39m
            [36m>[39m
              [36m<span>[39m
                [0mUploaded: [0m
                [0m1/1/2023[0m
              [36m</span>[39m
              [36m<span[39m
                [33mclass[39m=[32m"px-2 py-1 bg-yellow-100 text-yellow-800 rounded-full text-xs font-medium"[39m
              [36m>[39m
                [0mANALYZED[0m
              [36m</span>[39m
              [36m<button[39m
                [33mclass[39m=[32m"text-sm text-blue-600 hover:underline flex items-center gap-1"[39m
              [36m>[39m
                [0m⬇️ Download JSON[0m
              [36m</button>[39m
            [36m</div>[39m
          [36m</div>[39m
          [36m<a[39m
            [33mclass[39m=[32m"text-blue-600 hover:text-blue-800 text-sm"[39m
            [33mhref[39m=[32m"/dashboard"[39m
          [36m>[39m
            [0m← Back to Dashboard[0m
          [36m</a>[39m
        [36m</header>[39m
        [36m<div[39m
          [33mclass[39m=[32m"grid grid-cols-1 lg:grid-cols-2 gap-8"[39m
        [36m>[39m
          [36m<div[39m
            [33mclass[39m=[32m"space-y-8"[39m
          [36m>[39m
            [36m<div[39m
              [33mclass[39m=[32m"h-[600px]"[39m
            [36m>[39m
              [36m<div[39m
                [33mclass[39m=[32m"h-full flex flex-col bg-white rounded-lg shadow-sm border border-gray-200 overflow-hidden"[39m
              [36m>[39m
                [36m<div[39m
                  [33mclass[39m=[32m"px-4 py-2 border-b border-gray-200 bg-gray-50 flex justify-between items-center"[39m
                [36m>[39m
                  [36m<h3[39m
                    [33mclass[39m=[32m"font-medium text-gray-700 truncate"[39m
                    [33mtitle[39m=[32m"Test Document"[39m
                  [36m>[39m
                    [0mTest Document[0m
                  [36m</h3>[39m
                  [36m<a[39m
                    [33mclass[39m=[32m"text-xs text-blue-600 hover:underline"[39m
                    [33mhref[39m=[32m"http://localhost:3002/documents/doc-1/content"[39m
                    [33mrel[39m=[32m"noopener noreferrer"[39m
                    [33mtarget[39m=[32m"_blank"[39m
                  [36m>[39m
                    [0mOpen in new tab[0m
                  [36m</a>[39m
                [36m</div>[39m
                [36m<div[39m
                  [33mclass[39m=[32m"flex-1 bg-gray-100 relative"[39m
                [36m>[39m
                  [36m<iframe[39m
                    [33mclass[39m=[32m"absolute inset-0 w-full h-full"[39m
                    [33msrc[39m=[32m"http://localhost:3002/documents/doc-1/content"[39m
                    [33mtitle[39m=[32m"Preview of Test Document"[39m
                  [36m/>[39m
                [36m</div>[39m
              [36m</div>[39m
            [36m</div>[39m
            [36m<div[39m
              [33mclass[39m=[32m"border rounded-lg p-4 bg-gray-50"[39m
            [36m>[39m
              [36m<h2[39m
                [33mclass[39m=[32m"text-xl font-semibold mb-4"[39m
              [36m>[39m
                [0mMetadata (JSON)[0m
              [36m</h2>[39m
              [36m<pre[39m
                [33mclass[39m=[32m"bg-gray-900 text-green-400 p-4 rounded overflow-auto text-sm font-mono max-h-60"[39m
              [36m>[39m
                [0m{
  "id": "doc-1",
  "title": "Test Document",
  "status": "ANALYZED",
  "createdAt": "2023-01-01T00:00:00Z"
}[0m
              [36m</pre>[39m
            [36m</div>[39m
          [36m</div>[39m
          [36m<div[39m
            [33mclass[39m=[32m"space-y-8"[39m
          [36m>[39m
            [36m<div[39m
              [33mclass[39m=[32m"border rounded-lg p-6 bg-white shadow-sm border-blue-100"[39m
            [36m>[39m
              [36m<h2[39m
                [33mclass[39m=[32m"text-xl font-semibold mb-4 flex items-center gap-2"[39m
              [36m>[39m
                [36m<span[39m
                  [33mclass[39m=[32m"text-2xl"[39m
                [36m>[39m
                  [0m🛡️[0m
                [36m</span>[39m
                [0m Compliance Analyst[0m
              [36m</h2>[39m
              [36m<div[39m
                [33mclass[39m=[32m"mb-6"[39m
              [36m>[39m
                [36m<label[39m
                  [33mclass[39m=[32m"block text-sm font-medium text-gray-700 mb-2"[39m
                [36m>[39m
                  [0mSelect ISO Standard[0m
                [36m</label>[39m
                [36m<div[39m
                  [33mclass[39m=[32m"flex gap-2"[39m
                [36m>[39m
                  [36m<select[39m
                    [33mclass[39m=[32m"flex-1 block w-full rounded-md border-gray-300 shadow-sm focus:border-blue-500 focus:ring-blue-500 sm:text-sm p-2 border"[39m
                  [36m>[39m
                    [36m<option[39m
                      [33mvalue[39m=[32m""[39m
                    [36m>[39m
                      [0m-- Select Standard --[0m
                    [36m</option>[39m
                  [36m</select>[39m
                  [36m<button[39m
                    [33mclass[39m=[32m"px-4 py-2 bg-blue-600 text-white rounded-md hover:bg-blue-700 transition-colors opacity-50 cursor-not-allowed"[39m
                    [33mdisabled[39m=[32m""[39m
                  [36m>[39m
                    [0mRun Check[0m
                  [36m</button>[39m
                [36m</div>[39m
              [36m</div>[39m
            [36m</div>[39m
          [36m</div>[39m
        [36m</div>[39m
      [36m</div>[39m
    [36m</div>[39m
  [36m</div>[39m
[36m</body>[39m

Ignored nodes: comments, script, style
[36m<html>[39m
  [36m<head />[39m
  [36m<body>[39m
    [36m<div>[39m
      [36m<div[39m
        [33mclass[39m=[32m"min-h-screen bg-gray-50 p-8"[39m
      [36m>[39m
        [36m<div[39m
          [33mclass[39m=[32m"max-w-6xl mx-auto bg-white rounded-lg shadow p-6"[39m
        [36m>[39m
          [36m<header[39m
            [33mclass[39m=[32m"mb-8 border-b pb-4 flex justify-between items-start"[39m
          [36m>[39m
            [36m<div>[39m
              [36m<h1[39m
                [33mclass[39m=[32m"text-3xl font-bold text-gray-900 mb-2"[39m
              [36m>[39m
                [0mTest Document[0m
              [36m</h1>[39m
              [36m<div[39m
                [33mclass[39m=[32m"flex items-center gap-4 text-sm text-gray-500"[39m
              [36m>[39m
                [36m<span>[39m
                  [0mUploaded: [0m
                  [0m1/1/2023[0m
                [36m</span>[39m
                [36m<span[39m
                  [33mclass[39m=[32m"px-2 py-1 bg-yellow-100 text-yellow-800 rounded-full text-xs font-medium"[39m
                [36m>[39m
                  [0mANALYZED[0m
                [36m</span>[39m
                [36m<button[39m
                  [33mclass[39m=[32m"text-sm text-blue-600 hover:underline flex items-center gap-1"[39m
                [36m>[39m
                  [0m⬇️ Download JSON[0m
                [36m</button>[39m
              [36m</div>[39m
            [36m</div>[39m
            [36m<a[39m
              [33mclass[39m=[32m"text-blue-600 hover:text-blue-800 text-sm"[39m
              [33mhref[39m=[32m"/dashboard"[39m
            [36m>[39m
              [0m← Back to Dashboard[0m
            [36m</a>[39m
          [36m</header>[39m
          [36m<div[39m
            [33mclass[39m=[32m"grid grid-cols-1 lg:grid-cols-2 gap-8"[39m
          [36m>[39m
            [36m<div[39m
              [33mclass[39m=[32m"space-y-8"[39m
            [36m>[39m
              [36m<div[39m
                [33mclass[39m=[32m"h-[600px]"[39m
              [36m>[39m
                [36m<div[39m
                  [33mclass[39m=[32m"h-full flex flex-col bg-white rounded-lg shadow-sm border border-gray-200 overflow-hidden"[39m
                [36m>[39m
                  [36m<div[39m
                    [33mclass[39m=[32m"px-4 py-2 border-b border-gray-200 bg-gray-50 flex justify-between items-center"[39m
                  [36m>[39m
                    [36m<h3[39m
                      [33mclass[39m=[32m"font-medium text-gray-700 truncate"[39m
                      [33mtitle[39m=[32m"Test Document"[39m
                    [36m>[39m
                      [0mTest Document[0m
                    [36m</h3>[39m
                    [36m<a[39m
                      [33mclass[39m=[32m"text-xs text-blue-600 hover:underline"[39m
                      [33mhref[39m=[32m"http://localhost:3002/documents/doc-1/content"[39m
                      [33mrel[39m=[32m"noopener noreferrer"[39m
                      [33mtarget[39m=[32m"_blank"[39m
                    [36m>[39m
                      [0mOpen in new tab[0m
                    [36m</a>[39m
                  [36m</div>[39m
                  [36m<div[39m
                    [33mclass[39m=[32m"flex-1 bg-gray-100 relative"[39m
                  [36m>[39m
                    [36m<iframe[39m
                      [33mclass[39m=[32m"absolute inset-0 w-full h-full"[39m
                      [33msrc[39m=[32m"http://localhost:3002/documents/doc-1/content"[39m
                      [33mtitle[39m=[32m"Preview of Test Document"[39m
                    [36m/>[39m
                  [36m</div>[39m
                [36m</div>[39m
              [36m</div>[39m
              [36m<div[39m
                [33mclass[39m=[32m"border rounded-lg p-4 bg-gray-50"[39m
              [36m>[39m
                [36m<h2[39m
                  [33mclass[39m=[32m"text-xl font-semibold mb-4"[39m
                [36m>[39m
                  [0mMetadata (JSON)[0m
                [36m</h2>[39m
                [36m<pre[39m
                  [33mclass[39m=[32m"bg-gray-900 text-green-400 p-4 rounded overflow-auto text-sm font-mono max-h-60"[39m
                [36m>[39m
                  [0m{
  "id": "doc-1",
  "title": "Test Document",
  "status": "ANALYZED",
  "createdAt": "2023-01-01T00:00:00Z"
}[0m
                [36m</pre>[39m
              [36m</div>[39m
            [36m</div>[39m
            [36m<div[39m
              [33mclass[39m=[32m"space-y-8"[39m
            [36m>[39m
              [36m<div[39m
                [33mclass[39m=[32m"border rounded-lg p-6 bg-white shadow-sm border-blue-100"[39m
              [36m>[39m
                [36m<h2[39m
                  [33mclass[39m=[32m"text-xl font-semibold mb-4 flex items-center gap-2"[39m
                [36m>[39m
                  [36m<span[39m
                    [33mclass[39m=[32m"text-2xl"[39m
                  [36m>[39m
                    [0m🛡️[0m
                  [36m</span>[39m
                  [0m Compliance Analyst[0m
                [36m</h2>[39m
                [36m<div[39m
                  [33mclass[39m=[32m"mb-6"[39m
                [36m>[39m
                  [36m<label[39m
                    [33mclass[39m=[32m"block text-sm font-medium text-gray-700 mb-2"[39m
                  [36m>[39m
                    [0mSelect ISO Standard[0m
                  [36m</label>[39m
                  [36m<div[39m
                    [33mclass[39m=[32m"flex gap-2"[39m
                  [36m>[39m
                    [36m<select[39m
                      [33mclass[39m=[32m"flex-1 block w-full rounded-md border-gray-300 shadow-sm focus:border-blue-500 focus:ring-blue-500 sm:text-sm p-2 border"[39m
                    [36m>[39m
                      [36m<option[39m
                        [33mvalue[39m=[32m""[39m
                      [36m>[39m
                        [0m-- Select Standard --[0m
                      [36m</option>[39m
                    [36m</select>[39m
                    [36m<button[39m
                      [33mclass[39m=[32m"px-4 py-2 bg-blue-600 text-white rounded-md hover:bg-blue-700 transition-colors opacity-50 cursor-not-allowed"[39m
                      [33mdisabled[39m=[32m""[39m
                    [36m>[39m
                      [0mRun Check[0m
                    [36m</button>[39m
                  [36m</div>[39m
                [36m</div>[39m
              [36m</div>[39m
            [36m</div>[39m
          [36m</div>[39m
        [36m</div>[39m
      [36m</div>[39m
    [36m</div>[39m
  [36m</body>[39m
[36m</html>[39m
 ❯ Proxy.waitForWrapper node_modules/@testing-library/dom/dist/wait-for.js:163:27
 ❯ app/app/documents/[id]/page.test.tsx:37:15
     35|         render(<DocumentView />);
     36| 
     37|         await waitFor(() => {
       |               ^
     38|             expect(screen.getByText('Test Document')).toBeDefined();
     39|         });

⎯⎯⎯⎯⎯⎯⎯⎯⎯⎯⎯⎯⎯⎯⎯⎯⎯⎯⎯⎯⎯⎯⎯⎯[1/1]⎯


 Test Files  1 failed (1)
      Tests  1 failed | 1 passed (2)
   Start at  23:57:43
   Duration  1.54s

 FAIL  Tests failed. Watching for file changes...
       press h to show help, press q to quit
c[3J RERUN  app/app/documents/[id]/page.tsx x12 

stdout | app/app/documents/[id]/page.test.tsx > DocumentView Page > renders document details and download button
loadDocument called with doc-1

stdout | app/app/documents/[id]/page.test.tsx > DocumentView Page > renders document details and download button
fetchDocument resolved {
  id: [32m'doc-1'[39m,
  title: [32m'Test Document'[39m,
  status: [32m'ANALYZED'[39m,
  createdAt: [32m'2023-01-01T00:00:00Z'[39m
}
setLoading false

stdout | app/app/documents/[id]/page.test.tsx > DocumentView Page > renders document details and download button
loadDocument called with doc-1

stdout | app/app/documents/[id]/page.test.tsx > DocumentView Page > renders document details and download button
fetchDocument resolved {
  id: [32m'doc-1'[39m,
  title: [32m'Test Document'[39m,
  status: [32m'ANALYZED'[39m,
  createdAt: [32m'2023-01-01T00:00:00Z'[39m
}
setLoading false

stdout | app/app/documents/[id]/page.test.tsx > DocumentView Page > triggers export on button click
loadDocument called with doc-1

stdout | app/app/documents/[id]/page.test.tsx > DocumentView Page > triggers export on button click
fetchDocument resolved {
  id: [32m'doc-1'[39m,
  title: [32m'Test Document'[39m,
  status: [32m'ANALYZED'[39m,
  createdAt: [32m'2023-01-01T00:00:00Z'[39m
}
setLoading false

stdout | app/app/documents/[id]/page.test.tsx > DocumentView Page > triggers export on button click
loadDocument called with doc-1

stdout | app/app/documents/[id]/page.test.tsx > DocumentView Page > triggers export on button click
fetchDocument resolved {
  id: [32m'doc-1'[39m,
  title: [32m'Test Document'[39m,
  status: [32m'ANALYZED'[39m,
  createdAt: [32m'2023-01-01T00:00:00Z'[39m
}
setLoading false

 ❯ app/app/documents/[id]/page.test.tsx (2 tests | 1 failed) 1210ms
     × renders document details and download button 1189ms
     ✓ triggers export on button click 19ms

⎯⎯⎯⎯⎯⎯⎯ Failed Tests 1 ⎯⎯⎯⎯⎯⎯⎯

 FAIL  app/app/documents/[id]/page.test.tsx > DocumentView Page > renders document details and download button
TestingLibraryElementError: Found multiple elements with the text: Test Document

Here are the matching elements:

Ignored nodes: comments, script, style
[36m<h1[39m
  [33mclass[39m=[32m"text-3xl font-bold text-gray-900 mb-2"[39m
[36m>[39m
  [0mTest Document[0m
[36m</h1>[39m

Ignored nodes: comments, script, style
[36m<h3[39m
  [33mclass[39m=[32m"font-medium text-gray-700 truncate"[39m
  [33mtitle[39m=[32m"Test Document"[39m
[36m>[39m
  [0mTest Document[0m
[36m</h3>[39m

(If this is intentional, then use the `*AllBy*` variant of the query (like `queryAllByText`, `getAllByText`, or `findAllByText`)).

Ignored nodes: comments, script, style
[36m<body>[39m
  [36m<div>[39m
    [36m<div[39m
      [33mclass[39m=[32m"min-h-screen bg-gray-50 p-8"[39m
    [36m>[39m
      [36m<div[39m
        [33mclass[39m=[32m"max-w-6xl mx-auto bg-white rounded-lg shadow p-6"[39m
      [36m>[39m
        [36m<header[39m
          [33mclass[39m=[32m"mb-8 border-b pb-4 flex justify-between items-start"[39m
        [36m>[39m
          [36m<div>[39m
            [36m<h1[39m
              [33mclass[39m=[32m"text-3xl font-bold text-gray-900 mb-2"[39m
            [36m>[39m
              [0mTest Document[0m
            [36m</h1>[39m
            [36m<div[39m
              [33mclass[39m=[32m"flex items-center gap-4 text-sm text-gray-500"[39m
            [36m>[39m
              [36m<span>[39m
                [0mUploaded: [0m
                [0m1/1/2023[0m
              [36m</span>[39m
              [36m<span[39m
                [33mclass[39m=[32m"px-2 py-1 bg-yellow-100 text-yellow-800 rounded-full text-xs font-medium"[39m
              [36m>[39m
                [0mANALYZED[0m
              [36m</span>[39m
              [36m<button[39m
                [33mclass[39m=[32m"text-sm text-blue-600 hover:underline flex items-center gap-1"[39m
              [36m>[39m
                [0m⬇️ Download JSON[0m
              [36m</button>[39m
            [36m</div>[39m
          [36m</div>[39m
          [36m<a[39m
            [33mclass[39m=[32m"text-blue-600 hover:text-blue-800 text-sm"[39m
            [33mhref[39m=[32m"/dashboard"[39m
          [36m>[39m
            [0m← Back to Dashboard[0m
          [36m</a>[39m
        [36m</header>[39m
        [36m<div[39m
          [33mclass[39m=[32m"grid grid-cols-1 lg:grid-cols-2 gap-8"[39m
        [36m>[39m
          [36m<div[39m
            [33mclass[39m=[32m"space-y-8"[39m
          [36m>[39m
            [36m<div[39m
              [33mclass[39m=[32m"h-[600px]"[39m
            [36m>[39m
              [36m<div[39m
                [33mclass[39m=[32m"h-full flex flex-col bg-white rounded-lg shadow-sm border border-gray-200 overflow-hidden"[39m
              [36m>[39m
                [36m<div[39m
                  [33mclass[39m=[32m"px-4 py-2 border-b border-gray-200 bg-gray-50 flex justify-between items-center"[39m
                [36m>[39m
                  [36m<h3[39m
                    [33mclass[39m=[32m"font-medium text-gray-700 truncate"[39m
                    [33mtitle[39m=[32m"Test Document"[39m
                  [36m>[39m
                    [0mTest Document[0m
                  [36m</h3>[39m
                  [36m<a[39m
                    [33mclass[39m=[32m"text-xs text-blue-600 hover:underline"[39m
                    [33mhref[39m=[32m"http://localhost:3002/documents/doc-1/content"[39m
                    [33mrel[39m=[32m"noopener noreferrer"[39m
                    [33mtarget[39m=[32m"_blank"[39m
                  [36m>[39m
                    [0mOpen in new tab[0m
                  [36m</a>[39m
                [36m</div>[39m
                [36m<div[39m
                  [33mclass[39m=[32m"flex-1 bg-gray-100 relative"[39m
                [36m>[39m
                  [36m<iframe[39m
                    [33mclass[39m=[32m"absolute inset-0 w-full h-full"[39m
                    [33msrc[39m=[32m"http://localhost:3002/documents/doc-1/content"[39m
                    [33mtitle[39m=[32m"Preview of Test Document"[39m
                  [36m/>[39m
                [36m</div>[39m
              [36m</div>[39m
            [36m</div>[39m
            [36m<div[39m
              [33mclass[39m=[32m"border rounded-lg p-4 bg-gray-50"[39m
            [36m>[39m
              [36m<h2[39m
                [33mclass[39m=[32m"text-xl font-semibold mb-4"[39m
              [36m>[39m
                [0mMetadata (JSON)[0m
              [36m</h2>[39m
              [36m<pre[39m
                [33mclass[39m=[32m"bg-gray-900 text-green-400 p-4 rounded overflow-auto text-sm font-mono max-h-60"[39m
              [36m>[39m
                [0m{
  "id": "doc-1",
  "title": "Test Document",
  "status": "ANALYZED",
  "createdAt": "2023-01-01T00:00:00Z"
}[0m
              [36m</pre>[39m
            [36m</div>[39m
          [36m</div>[39m
          [36m<div[39m
            [33mclass[39m=[32m"space-y-8"[39m
          [36m>[39m
            [36m<div[39m
              [33mclass[39m=[32m"border rounded-lg p-6 bg-white shadow-sm border-blue-100"[39m
            [36m>[39m
              [36m<h2[39m
                [33mclass[39m=[32m"text-xl font-semibold mb-4 flex items-center gap-2"[39m
              [36m>[39m
                [36m<span[39m
                  [33mclass[39m=[32m"text-2xl"[39m
                [36m>[39m
                  [0m🛡️[0m
                [36m</span>[39m
                [0m Compliance Analyst[0m
              [36m</h2>[39m
              [36m<div[39m
                [33mclass[39m=[32m"mb-6"[39m
              [36m>[39m
                [36m<label[39m
                  [33mclass[39m=[32m"block text-sm font-medium text-gray-700 mb-2"[39m
                [36m>[39m
                  [0mSelect ISO Standard[0m
                [36m</label>[39m
                [36m<div[39m
                  [33mclass[39m=[32m"flex gap-2"[39m
                [36m>[39m
                  [36m<select[39m
                    [33mclass[39m=[32m"flex-1 block w-full rounded-md border-gray-300 shadow-sm focus:border-blue-500 focus:ring-blue-500 sm:text-sm p-2 border"[39m
                  [36m>[39m
                    [36m<option[39m
                      [33mvalue[39m=[32m""[39m
                    [36m>[39m
                      [0m-- Select Standard --[0m
                    [36m</option>[39m
                  [36m</select>[39m
                  [36m<button[39m
                    [33mclass[39m=[32m"px-4 py-2 bg-blue-600 text-white rounded-md hover:bg-blue-700 transition-colors opacity-50 cursor-not-allowed"[39m
                    [33mdisabled[39m=[32m""[39m
                  [36m>[39m
                    [0mRun Check[0m
                  [36m</button>[39m
                [36m</div>[39m
              [36m</div>[39m
            [36m</div>[39m
          [36m</div>[39m
        [36m</div>[39m
      [36m</div>[39m
    [36m</div>[39m
  [36m</div>[39m
[36m</body>[39m

Ignored nodes: comments, script, style
[36m<html>[39m
  [36m<head />[39m
  [36m<body>[39m
    [36m<div>[39m
      [36m<div[39m
        [33mclass[39m=[32m"min-h-screen bg-gray-50 p-8"[39m
      [36m>[39m
        [36m<div[39m
          [33mclass[39m=[32m"max-w-6xl mx-auto bg-white rounded-lg shadow p-6"[39m
        [36m>[39m
          [36m<header[39m
            [33mclass[39m=[32m"mb-8 border-b pb-4 flex justify-between items-start"[39m
          [36m>[39m
            [36m<div>[39m
              [36m<h1[39m
                [33mclass[39m=[32m"text-3xl font-bold text-gray-900 mb-2"[39m
              [36m>[39m
                [0mTest Document[0m
              [36m</h1>[39m
              [36m<div[39m
                [33mclass[39m=[32m"flex items-center gap-4 text-sm text-gray-500"[39m
              [36m>[39m
                [36m<span>[39m
                  [0mUploaded: [0m
                  [0m1/1/2023[0m
                [36m</span>[39m
                [36m<span[39m
                  [33mclass[39m=[32m"px-2 py-1 bg-yellow-100 text-yellow-800 rounded-full text-xs font-medium"[39m
                [36m>[39m
                  [0mANALYZED[0m
                [36m</span>[39m
                [36m<button[39m
                  [33mclass[39m=[32m"text-sm text-blue-600 hover:underline flex items-center gap-1"[39m
                [36m>[39m
                  [0m⬇️ Download JSON[0m
                [36m</button>[39m
              [36m</div>[39m
            [36m</div>[39m
            [36m<a[39m
              [33mclass[39m=[32m"text-blue-600 hover:text-blue-800 text-sm"[39m
              [33mhref[39m=[32m"/dashboard"[39m
            [36m>[39m
              [0m← Back to Dashboard[0m
            [36m</a>[39m
          [36m</header>[39m
          [36m<div[39m
            [33mclass[39m=[32m"grid grid-cols-1 lg:grid-cols-2 gap-8"[39m
          [36m>[39m
            [36m<div[39m
              [33mclass[39m=[32m"space-y-8"[39m
            [36m>[39m
              [36m<div[39m
                [33mclass[39m=[32m"h-[600px]"[39m
              [36m>[39m
                [36m<div[39m
                  [33mclass[39m=[32m"h-full flex flex-col bg-white rounded-lg shadow-sm border border-gray-200 overflow-hidden"[39m
                [36m>[39m
                  [36m<div[39m
                    [33mclass[39m=[32m"px-4 py-2 border-b border-gray-200 bg-gray-50 flex justify-between items-center"[39m
                  [36m>[39m
                    [36m<h3[39m
                      [33mclass[39m=[32m"font-medium text-gray-700 truncate"[39m
                      [33mtitle[39m=[32m"Test Document"[39m
                    [36m>[39m
                      [0mTest Document[0m
                    [36m</h3>[39m
                    [36m<a[39m
                      [33mclass[39m=[32m"text-xs text-blue-600 hover:underline"[39m
                      [33mhref[39m=[32m"http://localhost:3002/documents/doc-1/content"[39m
                      [33mrel[39m=[32m"noopener noreferrer"[39m
                      [33mtarget[39m=[32m"_blank"[39m
                    [36m>[39m
                      [0mOpen in new tab[0m
                    [36m</a>[39m
                  [36m</div>[39m
                  [36m<div[39m
                    [33mclass[39m=[32m"flex-1 bg-gray-100 relative"[39m
                  [36m>[39m
                    [36m<iframe[39m
                      [33mclass[39m=[32m"absolute inset-0 w-full h-full"[39m
                      [33msrc[39m=[32m"http://localhost:3002/documents/doc-1/content"[39m
                      [33mtitle[39m=[32m"Preview of Test Document"[39m
                    [36m/>[39m
                  [36m</div>[39m
                [36m</div>[39m
              [36m</div>[39m
              [36m<div[39m
                [33mclass[39m=[32m"border rounded-lg p-4 bg-gray-50"[39m
              [36m>[39m
                [36m<h2[39m
                  [33mclass[39m=[32m"text-xl font-semibold mb-4"[39m
                [36m>[39m
                  [0mMetadata (JSON)[0m
                [36m</h2>[39m
                [36m<pre[39m
                  [33mclass[39m=[32m"bg-gray-900 text-green-400 p-4 rounded overflow-auto text-sm font-mono max-h-60"[39m
                [36m>[39m
                  [0m{
  "id": "doc-1",
  "title": "Test Document",
  "status": "ANALYZED",
  "createdAt": "2023-01-01T00:00:00Z"
}[0m
                [36m</pre>[39m
              [36m</div>[39m
            [36m</div>[39m
            [36m<div[39m
              [33mclass[39m=[32m"space-y-8"[39m
            [36m>[39m
              [36m<div[39m
                [33mclass[39m=[32m"border rounded-lg p-6 bg-white shadow-sm border-blue-100"[39m
              [36m>[39m
                [36m<h2[39m
                  [33mclass[39m=[32m"text-xl font-semibold mb-4 flex items-center gap-2"[39m
                [36m>[39m
                  [36m<span[39m
                    [33mclass[39m=[32m"text-2xl"[39m
                  [36m>[39m
                    [0m🛡️[0m
                  [36m</span>[39m
                  [0m Compliance Analyst[0m
                [36m</h2>[39m
                [36m<div[39m
                  [33mclass[39m=[32m"mb-6"[39m
                [36m>[39m
                  [36m<label[39m
                    [33mclass[39m=[32m"block text-sm font-medium text-gray-700 mb-2"[39m
                  [36m>[39m
                    [0mSelect ISO Standard[0m
                  [36m</label>[39m
                  [36m<div[39m
                    [33mclass[39m=[32m"flex gap-2"[39m
                  [36m>[39m
                    [36m<select[39m
                      [33mclass[39m=[32m"flex-1 block w-full rounded-md border-gray-300 shadow-sm focus:border-blue-500 focus:ring-blue-500 sm:text-sm p-2 border"[39m
                    [36m>[39m
                      [36m<option[39m
                        [33mvalue[39m=[32m""[39m
                      [36m>[39m
                        [0m-- Select Standard --[0m
                      [36m</option>[39m
                    [36m</select>[39m
                    [36m<button[39m
                      [33mclass[39m=[32m"px-4 py-2 bg-blue-600 text-white rounded-md hover:bg-blue-700 transition-colors opacity-50 cursor-not-allowed"[39m
                      [33mdisabled[39m=[32m""[39m
                    [36m>[39m
                      [0mRun Check[0m
                    [36m</button>[39m
                  [36m</div>[39m
                [36m</div>[39m
              [36m</div>[39m
            [36m</div>[39m
          [36m</div>[39m
        [36m</div>[39m
      [36m</div>[39m
    [36m</div>[39m
  [36m</body>[39m
[36m</html>[39m
 ❯ Proxy.waitForWrapper node_modules/@testing-library/dom/dist/wait-for.js:163:27
 ❯ app/app/documents/[id]/page.test.tsx:37:15
     35|         render(<DocumentView />);
     36| 
     37|         await waitFor(() => {
       |               ^
     38|             expect(screen.getByText('Test Document')).toBeDefined();
     39|         });

⎯⎯⎯⎯⎯⎯⎯⎯⎯⎯⎯⎯⎯⎯⎯⎯⎯⎯⎯⎯⎯⎯⎯⎯[1/1]⎯


 Test Files  1 failed (1)
      Tests  1 failed | 1 passed (2)
   Start at  23:58:32
   Duration  2.72s

 FAIL  Tests failed. Watching for file changes...
       press h to show help, press q to quit
c[3J RERUN  app/app/documents/[id]/page.test.tsx x13 

stdout | app/app/documents/[id]/page.test.tsx > DocumentView Page > renders document details and download button
loadDocument called with doc-1

stdout | app/app/documents/[id]/page.test.tsx > DocumentView Page > renders document details and download button
fetchDocument resolved {
  id: [32m'doc-1'[39m,
  title: [32m'Test Document'[39m,
  status: [32m'ANALYZED'[39m,
  createdAt: [32m'2023-01-01T00:00:00Z'[39m
}
setLoading false

stdout | app/app/documents/[id]/page.test.tsx > DocumentView Page > renders document details and download button
loadDocument called with doc-1

stdout | app/app/documents/[id]/page.test.tsx > DocumentView Page > renders document details and download button
fetchDocument resolved {
  id: [32m'doc-1'[39m,
  title: [32m'Test Document'[39m,
  status: [32m'ANALYZED'[39m,
  createdAt: [32m'2023-01-01T00:00:00Z'[39m
}
setLoading false

stdout | app/app/documents/[id]/page.test.tsx > DocumentView Page > triggers export on button click
loadDocument called with doc-1

stdout | app/app/documents/[id]/page.test.tsx > DocumentView Page > triggers export on button click
fetchDocument resolved {
  id: [32m'doc-1'[39m,
  title: [32m'Test Document'[39m,
  status: [32m'ANALYZED'[39m,
  createdAt: [32m'2023-01-01T00:00:00Z'[39m
}
setLoading false

stdout | app/app/documents/[id]/page.test.tsx > DocumentView Page > triggers export on button click
loadDocument called with doc-1

stdout | app/app/documents/[id]/page.test.tsx > DocumentView Page > triggers export on button click
fetchDocument resolved {
  id: [32m'doc-1'[39m,
  title: [32m'Test Document'[39m,
  status: [32m'ANALYZED'[39m,
  createdAt: [32m'2023-01-01T00:00:00Z'[39m
}
setLoading false

 ✓ app/app/documents/[id]/page.test.tsx (2 tests) 416ms
     ✓ renders document details and download button  351ms

 Test Files  1 passed (1)
      Tests  2 passed (2)
   Start at  23:59:37
   Duration  1.14s

 PASS  Waiting for file changes...
       press h to show help, press q to quit
c[3J RERUN  app/app/documents/[id]/page.tsx x14 

 ✓ app/app/documents/[id]/page.test.tsx (2 tests) 691ms
     ✓ renders document details and download button  625ms

 Test Files  1 passed (1)
      Tests  2 passed (2)
   Start at  00:00:04
   Duration  1.25s

 PASS  Waiting for file changes...
       press h to show help, press q to quit
c[3J RERUN  lib/api.ts 

 ✓ lib/api.test.ts (4 tests) 14ms
 ✓ app/app/reports/[id]/page.test.tsx (3 tests) 216ms
 ✓ app/app/gap-analysis/page.test.tsx (2 tests) 492ms
     ✓ renders and loads standards  363ms
 ✓ app/app/dashboard/page.test.tsx (3 tests) 801ms
     ✓ renders documents and standards  560ms
 ✓ app/app/documents/[id]/page.test.tsx (2 tests) 466ms
     ✓ renders document details and download button  437ms

 Test Files  5 passed (5)
      Tests  14 passed (14)
   Start at  00:06:27
   Duration  24.52s

 PASS  Waiting for file changes...
       press h to show help, press q to quit
c[3J RERUN  app/app/dashboard/page.tsx x17 

 ✓ app/app/dashboard/page.test.tsx (3 tests) 202ms

 Test Files  1 passed (1)
      Tests  3 passed (3)
   Start at  00:06:50
   Duration  676ms

 PASS  Waiting for file changes...
       press h to show help, press q to quit
c[3J RERUN  app/app/dashboard/page.tsx x18 

 ✓ app/app/dashboard/page.test.tsx (3 tests) 281ms

 Test Files  1 passed (1)
      Tests  3 passed (3)
   Start at  00:06:52
   Duration  619ms

 PASS  Waiting for file changes...
       press h to show help, press q to quit
c[3J RERUN  app/components/SearchBar.tsx x19 

 ❯ app/app/dashboard/page.test.tsx (3 tests | 3 failed) 44ms
     × renders documents and standards 32ms
     × renders dashboard widgets 3ms
     × opens analysis modal and runs check 8ms

⎯⎯⎯⎯⎯⎯⎯ Failed Tests 3 ⎯⎯⎯⎯⎯⎯⎯

 FAIL  app/app/dashboard/page.test.tsx > Dashboard Page > renders documents and standards
 FAIL  app/app/dashboard/page.test.tsx > Dashboard Page > renders dashboard widgets
 FAIL  app/app/dashboard/page.test.tsx > Dashboard Page > opens analysis modal and runs check
ReferenceError: useEffect is not defined
 ❯ SearchBar app/components/SearchBar.tsx:11:5
      9|     const router = useRouter();
     10| 
     11|     useEffect(() => {
       |     ^
     12|         const delayDebounceFn = setTimeout(() => {
     13|             if (query.trim()) {
 ❯ Object.react_stack_bottom_frame node_modules/react-dom/cjs/react-dom-client.development.js:25904:20
 ❯ renderWithHooks node_modules/react-dom/cjs/react-dom-client.development.js:7662:22
 ❯ updateFunctionComponent node_modules/react-dom/cjs/react-dom-client.development.js:10166:19
 ❯ beginWork node_modules/react-dom/cjs/react-dom-client.development.js:11778:18
 ❯ runWithFiberInDEV node_modules/react-dom/cjs/react-dom-client.development.js:874:13
 ❯ performUnitOfWork node_modules/react-dom/cjs/react-dom-client.development.js:17641:22
 ❯ workLoopSync node_modules/react-dom/cjs/react-dom-client.development.js:17469:41
 ❯ renderRootSync node_modules/react-dom/cjs/react-dom-client.development.js:17450:11
 ❯ performWorkOnRoot node_modules/react-dom/cjs/react-dom-client.development.js:16583:35

⎯⎯⎯⎯⎯⎯⎯⎯⎯⎯⎯⎯⎯⎯⎯⎯⎯⎯⎯⎯⎯⎯⎯⎯[1/3]⎯


 Test Files  1 failed (1)
      Tests  3 failed (3)
   Start at  00:08:37
   Duration  533ms

 FAIL  Tests failed. Watching for file changes...
       press h to show help, press q to quit
c[3J RERUN  app/components/SearchBar.tsx x20 

 ❯ app/app/dashboard/page.test.tsx (3 tests | 3 failed) 17ms
     × renders documents and standards 12ms
     × renders dashboard widgets 2ms
     × opens analysis modal and runs check 2ms

⎯⎯⎯⎯⎯⎯⎯ Failed Tests 3 ⎯⎯⎯⎯⎯⎯⎯

 FAIL  app/app/dashboard/page.test.tsx > Dashboard Page > renders documents and standards
 FAIL  app/app/dashboard/page.test.tsx > Dashboard Page > renders dashboard widgets
 FAIL  app/app/dashboard/page.test.tsx > Dashboard Page > opens analysis modal and runs check
ReferenceError: useEffect is not defined
 ❯ SearchBar app/components/SearchBar.tsx:11:5
      9|     const router = useRouter();
     10| 
     11|     useEffect(() => {
       |     ^
     12|         const delayDebounceFn = setTimeout(() => {
     13|             if (query.trim()) {
 ❯ Object.react_stack_bottom_frame node_modules/react-dom/cjs/react-dom-client.development.js:25904:20
 ❯ renderWithHooks node_modules/react-dom/cjs/react-dom-client.development.js:7662:22
 ❯ updateFunctionComponent node_modules/react-dom/cjs/react-dom-client.development.js:10166:19
 ❯ beginWork node_modules/react-dom/cjs/react-dom-client.development.js:11778:18
 ❯ runWithFiberInDEV node_modules/react-dom/cjs/react-dom-client.development.js:874:13
 ❯ performUnitOfWork node_modules/react-dom/cjs/react-dom-client.development.js:17641:22
 ❯ workLoopSync node_modules/react-dom/cjs/react-dom-client.development.js:17469:41
 ❯ renderRootSync node_modules/react-dom/cjs/react-dom-client.development.js:17450:11
 ❯ performWorkOnRoot node_modules/react-dom/cjs/react-dom-client.development.js:16583:35

⎯⎯⎯⎯⎯⎯⎯⎯⎯⎯⎯⎯⎯⎯⎯⎯⎯⎯⎯⎯⎯⎯⎯⎯[1/3]⎯


 Test Files  1 failed (1)
      Tests  3 failed (3)
   Start at  00:08:39
   Duration  363ms

 FAIL  Tests failed. Watching for file changes...
       press h to show help, press q to quit
c[3J RERUN  app/components/SearchBar.tsx x21 

 ✓ app/app/dashboard/page.test.tsx (3 tests) 148ms

 Test Files  1 passed (1)
      Tests  3 passed (3)
   Start at  00:08:41
   Duration  456ms

 PASS  Waiting for file changes...
       press h to show help, press q to quit
c[3J RERUN  app/app/dashboard/page.tsx x22 

 ❯ app/app/dashboard/page.test.tsx (3 tests | 3 failed) 22ms
     × renders documents and standards 15ms
     × renders dashboard widgets 4ms
     × opens analysis modal and runs check 1ms

⎯⎯⎯⎯⎯⎯⎯ Failed Tests 3 ⎯⎯⎯⎯⎯⎯⎯

 FAIL  app/app/dashboard/page.test.tsx > Dashboard Page > renders documents and standards
 FAIL  app/app/dashboard/page.test.tsx > Dashboard Page > renders dashboard widgets
 FAIL  app/app/dashboard/page.test.tsx > Dashboard Page > opens analysis modal and runs check
ReferenceError: Sidebar is not defined
 ❯ Dashboard app/app/dashboard/page.tsx:95:14
     93|     return (
     94|         <div className="flex min-h-screen bg-gray-50">
     95|             <Sidebar />
       |              ^
     96| 
     97|             <div className="flex-1 flex flex-col">
 ❯ Object.react_stack_bottom_frame node_modules/react-dom/cjs/react-dom-client.development.js:25904:20
 ❯ renderWithHooks node_modules/react-dom/cjs/react-dom-client.development.js:7662:22
 ❯ updateFunctionComponent node_modules/react-dom/cjs/react-dom-client.development.js:10166:19
 ❯ beginWork node_modules/react-dom/cjs/react-dom-client.development.js:11778:18
 ❯ runWithFiberInDEV node_modules/react-dom/cjs/react-dom-client.development.js:874:13
 ❯ performUnitOfWork node_modules/react-dom/cjs/react-dom-client.development.js:17641:22
 ❯ workLoopSync node_modules/react-dom/cjs/react-dom-client.development.js:17469:41
 ❯ renderRootSync node_modules/react-dom/cjs/react-dom-client.development.js:17450:11
 ❯ performWorkOnRoot node_modules/react-dom/cjs/react-dom-client.development.js:16583:35

⎯⎯⎯⎯⎯⎯⎯⎯⎯⎯⎯⎯⎯⎯⎯⎯⎯⎯⎯⎯⎯⎯⎯⎯[1/3]⎯


 Test Files  1 failed (1)
      Tests  3 failed (3)
   Start at  00:11:09
   Duration  960ms

 FAIL  Tests failed. Watching for file changes...
       press h to show help, press q to quit
c[3J RERUN  app/app/dashboard/page.tsx x23 

 ❯ app/app/dashboard/page.test.tsx (3 tests | 3 failed) 13ms
     × renders documents and standards 10ms
     × renders dashboard widgets 1ms
     × opens analysis modal and runs check 1ms

⎯⎯⎯⎯⎯⎯⎯ Failed Tests 3 ⎯⎯⎯⎯⎯⎯⎯

 FAIL  app/app/dashboard/page.test.tsx > Dashboard Page > renders documents and standards
 FAIL  app/app/dashboard/page.test.tsx > Dashboard Page > renders dashboard widgets
 FAIL  app/app/dashboard/page.test.tsx > Dashboard Page > opens analysis modal and runs check
Error: [vitest] No "usePathname" export is defined on the "next/navigation" mock. Did you forget to return it from "vi.mock"?
If you need to partially mock a module, you can use "importOriginal" helper inside:

vi.mock(import("next/navigation"), async (importOriginal) => {
  const actual = await importOriginal()
  return {
    ...actual,
    // your mocked methods
  }
})

 ❯ Sidebar app/components/Sidebar.tsx:6:22
      4| 
      5| export default function Sidebar() {
      6|     const pathname = usePathname();
       |                      ^
      7| 
      8|     const menuItems = [
 ❯ Object.react_stack_bottom_frame node_modules/react-dom/cjs/react-dom-client.development.js:25904:20
 ❯ renderWithHooks node_modules/react-dom/cjs/react-dom-client.development.js:7662:22
 ❯ updateFunctionComponent node_modules/react-dom/cjs/react-dom-client.development.js:10166:19
 ❯ beginWork node_modules/react-dom/cjs/react-dom-client.development.js:11778:18
 ❯ runWithFiberInDEV node_modules/react-dom/cjs/react-dom-client.development.js:874:13
 ❯ performUnitOfWork node_modules/react-dom/cjs/react-dom-client.development.js:17641:22
 ❯ workLoopSync node_modules/react-dom/cjs/react-dom-client.development.js:17469:41

⎯⎯⎯⎯⎯⎯⎯⎯⎯⎯⎯⎯⎯⎯⎯⎯⎯⎯⎯⎯⎯⎯⎯⎯[1/3]⎯


 Test Files  1 failed (1)
      Tests  3 failed (3)
   Start at  00:11:12
   Duration  657ms

 FAIL  Tests failed. Watching for file changes...
       press h to show help, press q to quit
c[3J RERUN  app/app/dashboard/page.test.tsx x24 

 ❯ app/app/dashboard/page.test.tsx (3 tests | 3 failed) 19ms
     × renders documents and standards 13ms
     × renders dashboard widgets 2ms
     × opens analysis modal and runs check 2ms

⎯⎯⎯⎯⎯⎯⎯ Failed Tests 3 ⎯⎯⎯⎯⎯⎯⎯

 FAIL  app/app/dashboard/page.test.tsx > Dashboard Page > renders documents and standards
 FAIL  app/app/dashboard/page.test.tsx > Dashboard Page > renders dashboard widgets
 FAIL  app/app/dashboard/page.test.tsx > Dashboard Page > opens analysis modal and runs check
Error: [vitest] No "usePathname" export is defined on the "next/navigation" mock. Did you forget to return it from "vi.mock"?
If you need to partially mock a module, you can use "importOriginal" helper inside:

vi.mock(import("next/navigation"), async (importOriginal) => {
  const actual = await importOriginal()
  return {
    ...actual,
    // your mocked methods
  }
})

 ❯ Sidebar app/components/Sidebar.tsx:6:22
      4| 
      5| export default function Sidebar() {
      6|     const pathname = usePathname();
       |                      ^
      7| 
      8|     const menuItems = [
 ❯ Object.react_stack_bottom_frame node_modules/react-dom/cjs/react-dom-client.development.js:25904:20
 ❯ renderWithHooks node_modules/react-dom/cjs/react-dom-client.development.js:7662:22
 ❯ updateFunctionComponent node_modules/react-dom/cjs/react-dom-client.development.js:10166:19
 ❯ beginWork node_modules/react-dom/cjs/react-dom-client.development.js:11778:18
 ❯ runWithFiberInDEV node_modules/react-dom/cjs/react-dom-client.development.js:874:13
 ❯ performUnitOfWork node_modules/react-dom/cjs/react-dom-client.development.js:17641:22
 ❯ workLoopSync node_modules/react-dom/cjs/react-dom-client.development.js:17469:41

⎯⎯⎯⎯⎯⎯⎯⎯⎯⎯⎯⎯⎯⎯⎯⎯⎯⎯⎯⎯⎯⎯⎯⎯[1/3]⎯


 Test Files  1 failed (1)
      Tests  3 failed (3)
   Start at  00:11:30
   Duration  759ms

 FAIL  Tests failed. Watching for file changes...
       press h to show help, press q to quit
c[3J RERUN  app/app/dashboard/page.test.tsx x25 

 ❯ app/app/dashboard/page.test.tsx (3 tests | 1 failed) 1112ms
     ✓ renders documents and standards 92ms
     ✓ renders dashboard widgets 12ms
     × opens analysis modal and runs check 1007ms

⎯⎯⎯⎯⎯⎯⎯ Failed Tests 1 ⎯⎯⎯⎯⎯⎯⎯

 FAIL  app/app/dashboard/page.test.tsx > Dashboard Page > opens analysis modal and runs check
TestingLibraryElementError: Unable to find an element with the text: Analyze. This could be because the text is broken up by multiple elements. In this case, you can provide a function for your text matcher to make your matcher more flexible.

Ignored nodes: comments, script, style
[36m<body>[39m
  [36m<div>[39m
    [36m<div[39m
      [33mclass[39m=[32m"flex min-h-screen bg-gray-50"[39m
    [36m>[39m
      [36m<aside[39m
        [33mclass[39m=[32m"w-64 bg-white border-r border-gray-200 min-h-screen flex flex-col"[39m
      [36m>[39m
        [36m<div[39m
          [33mclass[39m=[32m"p-6 border-b border-gray-100"[39m
        [36m>[39m
          [36m<h1[39m
            [33mclass[39m=[32m"text-2xl font-bold text-blue-600 flex items-center gap-2"[39m
          [36m>[39m
            [36m<span>[39m
              [0m🛡️[0m
            [36m</span>[39m
            [0m ISO Doc[0m
          [36m</h1>[39m
        [36m</div>[39m
        [36m<nav[39m
          [33mclass[39m=[32m"flex-1 p-4 space-y-1"[39m
        [36m>[39m
          [36m<a[39m
            [33mclass[39m=[32m"flex items-center gap-3 px-4 py-3 rounded-lg transition-colors bg-blue-50 text-blue-700 font-medium"[39m
            [33mhref[39m=[32m"/app/dashboard"[39m
          [36m>[39m
            [36m<span[39m
              [33mclass[39m=[32m"text-xl"[39m
            [36m>[39m
              [0m📊[0m
            [36m</span>[39m
            [0mDashboard[0m
          [36m</a>[39m
          [36m<a[39m
            [33mclass[39m=[32m"flex items-center gap-3 px-4 py-3 rounded-lg transition-colors text-gray-600 hover:bg-gray-50 hover:text-gray-900"[39m
            [33mhref[39m=[32m"/app/documents"[39m
          [36m>[39m
            [36m<span[39m
              [33mclass[39m=[32m"text-xl"[39m
            [36m>[39m
              [0m📁[0m
            [36m</span>[39m
            [0mDocuments[0m
          [36m</a>[39m
          [36m<a[39m
            [33mclass[39m=[32m"flex items-center gap-3 px-4 py-3 rounded-lg transition-colors text-gray-600 hover:bg-gray-50 hover:text-gray-900"[39m
            [33mhref[39m=[32m"/app/gap-analysis"[39m
          [36m>[39m
            [36m<span[39m
              [33mclass[39m=[32m"text-xl"[39m
            [36m>[39m
              [0m🔍[0m
            [36m</span>[39m
            [0mGap Analysis[0m
          [36m</a>[39m
          [36m<a[39m
            [33mclass[39m=[32m"flex items-center gap-3 px-4 py-3 rounded-lg transition-colors text-gray-600 hover:bg-gray-50 hover:text-gray-900"[39m
            [33mhref[39m=[32m"/app/reports"[39m
          [36m>[39m
            [36m<span[39m
              [33mclass[39m=[32m"text-xl"[39m
            [36m>[39m
              [0m📋[0m
            [36m</span>[39m
            [0mReports[0m
          [36m</a>[39m
          [36m<a[39m
            [33mclass[39m=[32m"flex items-center gap-3 px-4 py-3 rounded-lg transition-colors text-gray-600 hover:bg-gray-50 hover:text-gray-900"[39m
            [33mhref[39m=[32m"/app/settings"[39m
          [36m>[39m
            [36m<span[39m
              [33mclass[39m=[32m"text-xl"[39m
            [36m>[39m
              [0m⚙️[0m
            [36m</span>[39m
            [0mSettings[0m
          [36m</a>[39m
        [36m</nav>[39m
        [36m<div[39m
          [33mclass[39m=[32m"p-4 border-t border-gray-100"[39m
        [36m>[39m
          [36m<div[39m
            [33mclass[39m=[32m"bg-blue-50 rounded-lg p-4"[39m
          [36m>[39m
            [36m<h4[39m
              [33mclass[39m=[32m"text-sm font-semibold text-blue-800 mb-1"[39m
            [36m>[39m
              [0mPro Plan[0m
            [36m</h4>[39m
            [36m<p[39m
              [33mclass[39m=[32m"text-xs text-blue-600 mb-3"[39m
            [36m>[39m
              [0mGet access to advanced AI features.[0m
            [36m</p>[39m
            [36m<button[39m
              [33mclass[39m=[32m"w-full bg-blue-600 text-white text-xs font-medium py-2 rounded hover:bg-blue-700 transition"[39m
            [36m>[39m
              [0mUpgrade Now[0m
            [36m</button>[39m
          [36m</div>[39m
        [36m</div>[39m
      [36m</aside>[39m
      [36m<div[39m
        [33mclass[39m=[32m"flex-1 flex flex-col"[39m
      [36m>[39m
        [36m<header[39m
          [33mclass[39m=[32m"bg-white border-b border-gray-200 px-8 py-4 flex justify-between items-center sticky top-0 z-10"[39m
        [36m>[39m
          [36m<div>[39m
            [36m<h2[39m
              [33mclass[39m=[32m"text-xl font-semibold text-gray-800"[39m
            [36m>[39m
              [0mDashboard[0m
            [36m</h2>[39m
            [36m<p[39m
              [33mclass[39m=[32m"text-sm text-gray-500"[39m
            [36m>[39m
              [0mWelcome back, User[0m
            [36m</p>[39m
          [36m</div>[39m
          [36m<div[39m
            [33mclass[39m=[32m"w-1/3"[39m
          [36m>[39m
            [36m<div[39m
              [33mclass[39m=[32m"relative w-full max-w-xl"[39m
            [36m>[39m
              [36m<form[39m
                [33mclass[39m=[32m"relative"[39m
              [36m>[39m
                [36m<input[39m
                  [33mclass[39m=[32m"w-full border border-gray-300 rounded-lg py-2 px-4 pl-10 focus:outline-none focus:ring-2 focus:ring-blue-500"[39m
                  [33mplaceholder[39m=[32m"Search documents (e.g. 'password policy')..."[39m
                  [33mtype[39m=[32m"text"[39m
                  [33mvalue[39m=[32m""[39m
                [36m/>[39m
                [36m<div[39m
                  [33mclass[39m=[32m"absolute inset-y-0 left-0 pl-3 flex items-center pointer-events-none"[39m
                [36m>[39m
                  [36m<span[39m
                    [33mclass[39m=[32m"text-gray-400"[39m
                  [36m>[39m
                    [0m🔍[0m
                  [36m</span>[39m
                [36m</div>[39m
                [36m<button[39m
                  [33mclass[39m=[32m"absolute inset-y-0 right-0 px-4 text-white bg-blue-600 rounded-r-lg hover:bg-blue-700 disabled:opacity-50"[39m
                  [33mtype[39m=[32m"submit"[39m
                [36m>[39m
                  [0mSearch[0m
                [36m</button>[39m
              [36m</form>[39m
            [36m</div>[39m
          [36m</div>[39m
          [36m<div[39m
            [33mclass[39m=[32m"flex items-center gap-4"[39m
          [36m>[39m
            [36m<button[39m
              [33mclass[39m=[32m"p-2 text-gray-400 hover:text-gray-600"[39m
            [36m>[39m
              [0m🔔[0m
            [36m</button>[39m
            [36m<div[39m
              [33mclass[39m=[32m"w-8 h-8 bg-blue-100 rounded-full flex items-center justify-center text-blue-600 font-bold"[39m
            [36m>[39m
              [0mU[0m
            [36m</div>[39m
          [36m</div>[39m
        [36m</header>[39m
        [36m<main[39m
          [33mclass[39m=[32m"flex-1 p-8 overflow-y-auto"[39m
        [36m>[39m
          [36m<div[39m
            [33mclass[39m=[32m"max-w-7xl mx-auto space-y-8"[39m
          [36m>[39m
            [36m<div[39m
              [33mclass[39m=[32m"grid grid-cols-1 md:grid-cols-3 gap-6 mb-8"[39m
            [36m>[39m
              [36m<div[39m
                [33mclass[39m=[32m"bg-white p-6 rounded-lg shadow-sm border border-gray-100"[39m
              [36m>[39m
                [36m<div[39m
                  [33mclass[39m=[32m"text-sm font-medium text-gray-500 mb-1"[39m
                [36m>[39m
                  [0mTotal Documents[0m
                [36m</div>[39m
                [36m<div[39m
                  [33mclass[39m=[32m"text-3xl font-bold text-gray-900"[39m
                [36m>[39m
                  [0m10[0m
                [36m</div>[39m
              [36m</div>[39m
              [36m<div[39m
                [33mclass[39m=[32m"bg-white p-6 rounded-lg shadow-sm border border-gray-100"[39m
              [36m>[39m
                [36m<div[39m
                  [33mclass[39m=[32m"text-sm font-medium text-gray-500 mb-1"[39m
                [36m>[39m
                  [0mAnalyzed[0m
                [36m</div>[39m
                [36m<div[39m
                  [33mclass[39m=[32m"text-3xl font-bold text-blue-600"[39m
                [36m>[39m
                  [0m5[0m
                [36m</div>[39m
              [36m</div>[39m
              [36m<div[39m
                [33mclass[39m=[32m"bg-white p-6 rounded-lg shadow-sm border border-gray-100"[39m
              [36m>[39m
                [36m<div[39m
                  [33mclass[39m=[32m"text-sm font-medium text-gray-500 mb-1"[39m
                [36m>[39m
                  [0mAvg. Compliance Score[0m
                [36m</div>[39m
                [36m<div[39m
                  [33mclass[39m=[32m"text-3xl font-bold text-green-600"[39m
                [36m>[39m
                  [0m85[0m
                  [0m%[0m
                [36m</div>[39m
              [36m</div>[39m
            [36m</div>[39m
            [36m<div[39m
              [33mclass[39m=[32m"grid grid-cols-1 lg:grid-cols-3 gap-8"[39m
            [36m>[39m
              [36m<div[39m
                [33mclass[39m=[32m"lg:col-span-2 space-y-6"[39m
              [36m>[39m
                [36m<div[39m
                  [33mclass[39m=[32m"bg-white rounded-xl shadow-sm border border-gray-100 overflow-hidden"[39m
                [36m>[39m
                  [36m<div[39m
                    [33mclass[39m=[32m"p-6 border-b border-gray-100 flex justify-between items-center bg-gray-50/50"[39m
                  [36m>[39m
                    [36m<div>[39m
                      [36m<h3[39m
                        [33mclass[39m=[32m"text-lg font-semibold text-gray-900"[39m
                      [36m>[39m
                        [0mRecent Documents[0m
                      [36m</h3>[39m
                      [36m<p[39m
                        [33mclass[39m=[32m"text-sm text-gray-500"[39m
                      [36m>[39m
                        [0mManage and analyze your files[0m
                      [36m</p>[39m
                    [36m</div>[39m
                    [36m<div[39m
                      [33mclass[39m=[32m"relative"[39m
                    [36m>[39m
                      [36m<input[39m
                        [33mclass[39m=[32m"hidden"[39m
                        [33mid[39m=[32m"file-upload"[39m
                        [33mtype[39m=[32m"file"[39m
                      [36m/>[39m
                      [36m<label[39m
                        [33mclass[39m=[32m"flex items-center gap-2 bg-blue-600 text-white px-4 py-2 rounded-lg hover:bg-blue-700 transition cursor-pointer shadow-sm "[39m
                        [33mfor[39m=[32m"file-upload"[39m
                      [36m>[39m
                        [36m<span>[39m
                          [0m☁️[0m
                        [36m</span>[39m
                        [0mUpload New[0m
                      [36m</label>[39m
                    [36m</div>[39m
                  [36m</div>[39m
                  [36m<div[39m
                    [33mclass[39m=[32m"overflow-x-auto"[39m
                  [36m>[39m
                    [36m<table[39m
                      [33mclass[39m=[32m"min-w-full divide-y divide-gray-200"[39m
                    [36m>[39m
                      [36m<thead[39m
                        [33mclass[39m=[32m"bg-gray-50"[39m
                      [36m>[39m
                        [36m<tr>[39m
                          [36m<th[39m
                            [33mclass[39m=[32m"px-6 py-3 text-left text-xs font-medium text-gray-500 uppercase tracking-wider"[39m
                          [36m>[39m
                            [0mDocument[0m
                          [36m</th>[39m
                          [36m<th[39m
                            [33mclass[39m=[32m"px-6 py-3 text-left text-xs font-medium text-gray-500 uppercase tracking-wider"[39m
                          [36m>[39m
                            [0mStatus[0m
                          [36m</th>[39m
                          [36m<th[39m
                            [33mclass[39m=[32m"px-6 py-3 text-left text-xs font-medium text-gray-500 uppercase tracking-wider"[39m
                          [36m>[39m
                            [0mDate[0m
                          [36m</th>[39m
                          [36m<th[39m
                            [33mclass[39m=[32m"px-6 py-3 text-right text-xs font-medium text-gray-500 uppercase tracking-wider"[39m
                          [36m>[39m
                            [0mActions[0m
                          [36m</th>[39m
                        [36m</tr>[39m
                      [36m</thead>[39m
                      [36m<tbody[39m
                        [33mclass[39m=[32m"bg-white divide-y divide-gray-200"[39m
                      [36m>[39m
                        [36m<tr[39m
                          [33mclass[39m=[32m"hover:bg-gray-50 transition-colors"[39m
                        [36m>[39m
                          [36m<td[39m
                            [33mclass[39m=[32m"px-6 py-4 whitespace-nowrap"[39m
                          [36m>[39m
                            [36m<div[39m
                              [33mclass[39m=[32m"flex items-center"[39m
                            [36m>[39m
                              [36m<div[39m
                                [33mclass[39m=[32m"flex-shrink-0 h-10 w-10 bg-blue-50 rounded-lg flex items-center justify-center text-blue-600"[39m
                              [36m>[39m
                                [0m📄[0m
                              [36m</div>[39m
                              [36m<div[39m
                                [33mclass[39m=[32m"ml-4"[39m
                              [36m>[39m
                                [36m<div[39m
                                  [33mclass[39m=[32m"text-sm font-medium text-gray-900"[39m
                                [36m>[39m
                                  [0mDoc 1[0m
                                [36m</div>[39m
                                [36m<div[39m
                                  [33mclass[39m=[32m"text-xs text-gray-500"[39m
                                [36m>[39m
                                  [0mID: [0m
                                  [0m1[0m
                                [36m</div>[39m
                              [36m</div>[39m
                            [36m</div>[39m
                          [36m</td>[39m
                          [36m<td[39m
                            [33mclass[39m=[32m"px-6 py-4 whitespace-nowrap"[39m
                          [36m>[39m
                            [36m<span[39m
                              [33mclass[39m=[32m"px-2 py-1 inline-flex text-xs leading-5 font-semibold rounded-full bg-yellow-100 text-yellow-800"[39m
                            [36m>[39m
                              [0mPENDING[0m
                            [36m</span>[39m
                          [36m</td>[39m
                          [36m<td[39m
                            [33mclass[39m=[32m"px-6 py-4 whitespace-nowrap text-sm text-gray-500"[39m
                          [36m>[39m
                            [0m1/1/2023[0m
                          [36m</td>[39m
                          [36m<td[39m
                            [33mclass[39m=[32m"px-6 py-4 whitespace-nowrap text-right text-sm font-medium"[39m
                          [36m>[39m
                            [36m<div[39m
                              [33mclass[39m=[32m"flex justify-end gap-3"[39m
                            [36m>[39m
                              [36m<a[39m
                                [33mclass[39m=[32m"text-gray-400 hover:text-blue-600 transition-colors"[39m
                                [33mhref[39m=[32m"/app/documents/1"[39m
                                [33mtitle[39m=[32m"View"[39m
                              [36m>[39m
                                [0m👁️[0m
                              [36m</a>[39m
                              [36m<button[39m
                                [33mclass[39m=[32m"text-gray-400 hover:text-green-600 transition-colors"[39m
                                [33mtitle[39m=[32m"Analyze"[39m
                              [36m>[39m
                                [0m⚡️[0m
                              [36m</button>[39m
                            [36m</div>[39m
                          [36m</td>[39m
                        [36m</tr>[39m
                      [36m</tbody>[39m
                    [36m</table>[39m
                  [36m</div>[39m
                [36m</div>[39m
              [36m</div>[39m
              [36m<div[39m
                [33mclass[39m=[32m"space-y-8"[39m
              [36m>[39m
                [36m<div[39m
                  [33mclass[39m=[32m"bg-white rounded-lg shadow-sm border border-gray-100 overflow-hidden"[39m
                [36m>[39m
                  [36m<div[39m
                    [33mclass[39m=[32m"px-6 py-4 border-b border-gray-100"[39m
                  [36m>[39m
                    [36m<h3[39m
                      [33mclass[39m=[32m"text-lg font-semibold text-gray-900"[39m
                    [36m>[39m
                      [0mRecent Activity[0m
                    [36m</h3>[39m
                  [36m</div>[39m
                  [36m<div[39m
                    [33mclass[39m=[32m"divide-y divide-gray-100"[39m
                  [36m>[39m
                    [36m<div[39m
                      [33mclass[39m=[32m"p-4 hover:bg-gray-50 transition-colors flex justify-between items-center"[39m
                    [36m>[39m
                      [36m<div>[39m
                        [36m<div[39m
                          [33mclass[39m=[32m"font-medium text-gray-900"[39m
                        [36m>[39m
                          [0mDoc 1[0m
                        [36m</div>[39m
                        [36m<div[39m
                          [33mclass[39m=[32m"text-xs text-gray-500"[39m
                        [36m>[39m
                          [0mUpdated: [0m
                          [0m1/1/2023[0m
                        [36m</div>[39m
                      [36m</div>[39m
                      [36m<span[39m
                        [33mclass[39m=[32m"px-2 py-1 rounded-full text-xs font-medium bg-green-100 text-green-800"[39m
                      [36m>[39m
                        [0mANALYZED[0m
                      [36m</span>[39m
                    [36m</div>[39m
                  [36m</div>[39m
                [36m</div>[39m
                [36m<div[39m
                  [33mclass[39m=[32m"bg-gradient-to-br from-blue-600 to-indigo-700 rounded-xl shadow-lg p-6 text-white"[39m
                [36m>[39m
                  [36m<h3[39m
                    [33mclass[39m=[32m"text-lg font-semibold mb-2"[39m
                  [36m>[39m
                    [0mNeed Help?[0m
                  [36m</h3>[39m
                  [36m<p[39m
                    [33mclass[39m=[32m"text-blue-100 text-sm mb-4"[39m
                  [36m>[39m
                    [0mAsk our AI Auditor anything about your compliance status.[0m
                  [36m</p>[39m
                  [36m<button[39m
                    [33mclass[39m=[32m"w-full bg-white text-blue-600 py-2 rounded-lg font-medium hover:bg-blue-50 transition"[39m
                  [36m>[39m
                    [0mStart Chat[0m
                  [36m</button>[39m
                [36m</div>[39m
              [36m</div>[39m
            [36m</div>[39m
          [36m</div>[39m
        [36m</main>[39m
      [36m</div>[39m
    [36m</div>[39m
  [36m</div>[39m
[36m</body>[39m

Ignored nodes: comments, script, style
[36m<html>[39m
  [36m<head />[39m
  [36m<body>[39m
    [36m<div>[39m
      [36m<div[39m
        [33mclass[39m=[32m"flex min-h-screen bg-gray-50"[39m
      [36m>[39m
        [36m<aside[39m
          [33mclass[39m=[32m"w-64 bg-white border-r border-gray-200 min-h-screen flex flex-col"[39m
        [36m>[39m
          [36m<div[39m
            [33mclass[39m=[32m"p-6 border-b border-gray-100"[39m
          [36m>[39m
            [36m<h1[39m
              [33mclass[39m=[32m"text-2xl font-bold text-blue-600 flex items-center gap-2"[39m
            [36m>[39m
              [36m<span>[39m
                [0m🛡️[0m
              [36m</span>[39m
              [0m ISO Doc[0m
            [36m</h1>[39m
          [36m</div>[39m
          [36m<nav[39m
            [33mclass[39m=[32m"flex-1 p-4 space-y-1"[39m
          [36m>[39m
            [36m<a[39m
              [33mclass[39m=[32m"flex items-center gap-3 px-4 py-3 rounded-lg transition-colors bg-blue-50 text-blue-700 font-medium"[39m
              [33mhref[39m=[32m"/app/dashboard"[39m
            [36m>[39m
              [36m<span[39m
                [33mclass[39m=[32m"text-xl"[39m
              [36m>[39m
                [0m📊[0m
              [36m</span>[39m
              [0mDashboard[0m
            [36m</a>[39m
            [36m<a[39m
              [33mclass[39m=[32m"flex items-center gap-3 px-4 py-3 rounded-lg transition-colors text-gray-600 hover:bg-gray-50 hover:text-gray-900"[39m
              [33mhref[39m=[32m"/app/documents"[39m
            [36m>[39m
              [36m<span[39m
                [33mclass[39m=[32m"text-xl"[39m
              [36m>[39m
                [0m📁[0m
              [36m</span>[39m
              [0mDocuments[0m
            [36m</a>[39m
            [36m<a[39m
              [33mclass[39m=[32m"flex items-center gap-3 px-4 py-3 rounded-lg transition-colors text-gray-600 hover:bg-gray-50 hover:text-gray-900"[39m
              [33mhref[39m=[32m"/app/gap-analysis"[39m
            [36m>[39m
              [36m<span[39m
                [33mclass[39m=[32m"text-xl"[39m
              [36m>[39m
                [0m🔍[0m
              [36m</span>[39m
              [0mGap Analysis[0m
            [36m</a>[39m
            [36m<a[39m
              [33mclass[39m=[32m"flex items-center gap-3 px-4 py-3 rounded-lg transition-colors text-gray-600 hover:bg-gray-50 hover:text-gray-900"[39m
              [33mhref[39m=[32m"/app/reports"[39m
            [36m>[39m
              [36m<span[39m
                [33mclass[39m=[32m"text-xl"[39m
              [36m>[39m
                [0m📋[0m
              [36m</span>[39m
              [0mReports[0m
            [36m</a>[39m
            [36m<a[39m
              [33mclass[39m=[32m"flex items-center gap-3 px-4 py-3 rounded-lg transition-colors text-gray-600 hover:bg-gray-50 hover:text-gray-900"[39m
              [33mhref[39m=[32m"/app/settings"[39m
            [36m>[39m
              [36m<span[39m
                [33mclass[39m=[32m"text-xl"[39m
              [36m>[39m
                [0m⚙️[0m
              [36m</span>[39m
              [0mSettings[0m
            [36m</a>[39m
          [36m</nav>[39m
          [36m<div[39m
            [33mclass[39m=[32m"p-4 border-t border-gray-100"[39m
          [36m>[39m
            [36m<div[39m
              [33mclass[39m=[32m"bg-blue-50 rounded-lg p-4"[39m
            [36m>[39m
              [36m<h4[39m
                [33mclass[39m=[32m"text-sm font-semibold text-blue-800 mb-1"[39m
              [36m>[39m
                [0mPro Plan[0m
              [36m</h4>[39m
              [36m<p[39m
                [33mclass[39m=[32m"text-xs text-blue-600 mb-3"[39m
              [36m>[39m
                [0mGet access to advanced AI features.[0m
              [36m</p>[39m
              [36m<button[39m
                [33mclass[39m=[32m"w-full bg-blue-600 text-white text-xs font-medium py-2 rounded hover:bg-blue-700 transition"[39m
              [36m>[39m
                [0mUpgrade Now[0m
              [36m</button>[39m
            [36m</div>[39m
          [36m</div>[39m
        [36m</aside>[39m
        [36m<div[39m
          [33mclass[39m=[32m"flex-1 flex flex-col"[39m
        [36m>[39m
          [36m<header[39m
            [33mclass[39m=[32m"bg-white border-b border-gray-200 px-8 py-4 flex justify-between items-center sticky top-0 z-10"[39m
          [36m>[39m
            [36m<div>[39m
              [36m<h2[39m
                [33mclass[39m=[32m"text-xl font-semibold text-gray-800"[39m
              [36m>[39m
                [0mDashboard[0m
              [36m</h2>[39m
              [36m<p[39m
                [33mclass[39m=[32m"text-sm text-gray-500"[39m
              [36m>[39m
                [0mWelcome back, User[0m
              [36m</p>[39m
            [36m</div>[39m
            [36m<div[39m
              [33mclass[39m=[32m"w-1/3"[39m
            [36m>[39m
              [36m<div[39m
                [33mclass[39m=[32m"relative w-full max-w-xl"[39m
              [36m>[39m
                [36m<form[39m
                  [33mclass[39m=[32m"relative"[39m
                [36m>[39m
                  [36m<input[39m
                    [33mclass[39m=[32m"w-full border border-gray-300 rounded-lg py-2 px-4 pl-10 focus:outline-none focus:ring-2 focus:ring-blue-500"[39m
                    [33mplaceholder[39m=[32m"Search documents (e.g. 'password policy')..."[39m
                    [33mtype[39m=[32m"text"[39m
                    [33mvalue[39m=[32m""[39m
                  [36m/>[39m
                  [36m<div[39m
                    [33mclass[39m=[32m"absolute inset-y-0 left-0 pl-3 flex items-center pointer-events-none"[39m
                  [36m>[39m
                    [36m<span[39m
                      [33mclass[39m=[32m"text-gray-400"[39m
                    [36m>[39m
                      [0m🔍[0m
                    [36m</span>[39m
                  [36m</div>[39m
                  [36m<button[39m
                    [33mclass[39m=[32m"absolute inset-y-0 right-0 px-4 text-white bg-blue-600 rounded-r-lg hover:bg-blue-700 disabled:opacity-50"[39m
                    [33mtype[39m=[32m"submit"[39m
                  [36m>[39m
                    [0mSearch[0m
                  [36m</button>[39m
                [36m</form>[39m
              [36m</div>[39m
            [36m</div>[39m
            [36m<div[39m
              [33mclass[39m=[32m"flex items-center gap-4"[39m
            [36m>[39m
              [36m<button[39m
                [33mclass[39m=[32m"p-2 text-gray-400 hover:text-gray-600"[39m
              [36m>[39m
                [0m🔔[0m
              [36m</button>[39m
              [36m<div[39m
                [33mclass[39m=[32m"w-8 h-8 bg-blue-100 rounded-full flex items-center justify-center text-blue-600 font-bold"[39m
              [36m>[39m
                [0mU[0m
              [36m</div>[39m
            [36m</div>[39m
          [36m</header>[39m
          [36m<main[39m
            [33mclass[39m=[32m"flex-1 p-8 overflow-y-auto"[39m
          [36m>[39m
            [36m<div[39m
              [33mclass[39m=[32m"max-w-7xl mx-auto space-y-8"[39m
            [36m>[39m
              [36m<div[39m
                [33mclass[39m=[32m"grid grid-cols-1 md:grid-cols-3 gap-6 mb-8"[39m
              [36m>[39m
                [36m<div[39m
                  [33mclass[39m=[32m"bg-white p-6 rounded-lg shadow-sm border border-gray-100"[39m
                [36m>[39m
                  [36m<div[39m
                    [33mclass[39m=[32m"text-sm font-medium text-gray-500 mb-1"[39m
                  [36m>[39m
                    [0mTotal Documents[0m
                  [36m</div>[39m
                  [36m<div[39m
                    [33mclass[39m=[32m"text-3xl font-bold text-gray-900"[39m
                  [36m>[39m
                    [0m10[0m
                  [36m</div>[39m
                [36m</div>[39m
                [36m<div[39m
                  [33mclass[39m=[32m"bg-white p-6 rounded-lg shadow-sm border border-gray-100"[39m
                [36m>[39m
                  [36m<div[39m
                    [33mclass[39m=[32m"text-sm font-medium text-gray-500 mb-1"[39m
                  [36m>[39m
                    [0mAnalyzed[0m
                  [36m</div>[39m
                  [36m<div[39m
                    [33mclass[39m=[32m"text-3xl font-bold text-blue-600"[39m
                  [36m>[39m
                    [0m5[0m
                  [36m</div>[39m
                [36m</div>[39m
                [36m<div[39m
                  [33mclass[39m=[32m"bg-white p-6 rounded-lg shadow-sm border border-gray-100"[39m
                [36m>[39m
                  [36m<div[39m
                    [33mclass[39m=[32m"text-sm font-medium text-gray-500 mb-1"[39m
                  [36m>[39m
                    [0mAvg. Compliance Score[0m
                  [36m</div>[39m
                  [36m<div[39m
                    [33mclass[39m=[32m"text-3xl font-bold text-green-600"[39m
                  [36m>[39m
                    [0m85[0m
                    [0m%[0m
                  [36m</div>[39m
                [36m</div>[39m
              [36m</div>[39m
              [36m<div[39m
                [33mclass[39m=[32m"grid grid-cols-1 lg:grid-cols-3 gap-8"[39m
              [36m>[39m
                [36m<div[39m
                  [33mclass[39m=[32m"lg:col-span-2 space-y-6"[39m
                [36m>[39m
                  [36m<div[39m
                    [33mclass[39m=[32m"bg-white rounded-xl shadow-sm border border-gray-100 overflow-hidden"[39m
                  [36m>[39m
                    [36m<div[39m
                      [33mclass[39m=[32m"p-6 border-b border-gray-100 flex justify-between items-center bg-gray-50/50"[39m
                    [36m>[39m
                      [36m<div>[39m
                        [36m<h3[39m
                          [33mclass[39m=[32m"text-lg font-semibold text-gray-900"[39m
                        [36m>[39m
                          [0mRecent Documents[0m
                        [36m</h3>[39m
                        [36m<p[39m
                          [33mclass[39m=[32m"text-sm text-gray-500"[39m
                        [36m>[39m
                          [0mManage and analyze your files[0m
                        [36m</p>[39m
                      [36m</div>[39m
                      [36m<div[39m
                        [33mclass[39m=[32m"relative"[39m
                      [36m>[39m
                        [36m<input[39m
                          [33mclass[39m=[32m"hidden"[39m
                          [33mid[39m=[32m"file-upload"[39m
                          [33mtype[39m=[32m"file"[39m
                        [36m/>[39m
                        [36m<label[39m
                          [33mclass[39m=[32m"flex items-center gap-2 bg-blue-600 text-white px-4 py-2 rounded-lg hover:bg-blue-700 transition cursor-pointer shadow-sm "[39m
                          [33mfor[39m=[32m"file-upload"[39m
                        [36m>[39m
                          [36m<span>[39m
                            [0m☁️[0m
                          [36m</span>[39m
                          [0mUpload New[0m
                        [36m</label>[39m
                      [36m</div>[39m
                    [36m</div>[39m
                    [36m<div[39m
                      [33mclass[39m=[32m"overflow-x-auto"[39m
                    [36m>[39m
                      [36m<table[39m
                        [33mclass[39m=[32m"min-w-full divide-y divide-gray-200"[39m
                      [36m>[39m
                        [36m<thead[39m
                          [33mclass[39m=[32m"bg-gray-50"[39m
                        [36m>[39m
                          [36m<tr>[39m
                            [36m<th[39m
                              [33mclass[39m=[32m"px-6 py-3 text-left text-xs font-medium text-gray-500 uppercase tracking-wider"[39m
                            [36m>[39m
                              [0mDocument[0m
                            [36m</th>[39m
                            [36m<th[39m
                              [33mclass[39m=[32m"px-6 py-3 text-left text-xs font-medium text-gray-500 uppercase tracking-wider"[39m
                            [36m>[39m
                              [0mStatus[0m
                            [36m</th>[39m
                            [36m<th[39m
                              [33mclass[39m=[32m"px-6 py-3 text-left text-xs font-medium text-gray-500 uppercase tracking-wider"[39m
                            [36m>[39m
                              [0mDate[0m
                            [36m</th>[39m
                            [36m<th[39m
                              [33mclass[39m=[32m"px-6 py-3 text-right text-xs font-medium text-gray-500 uppercase tracking-wider"[39m
                            [36m>[39m
                              [0mActions[0m
                            [36m</th>[39m
                          [36m</tr>[39m
                        [36m</thead>[39m
                        [36m<tbody[39m
                          [33mclass[39m=[32m"bg-white divide-y divide-gray-200"[39m
                        [36m>[39m
                          [36m<tr[39m
                            [33mclass[39m=[32m"hover:bg-gray-50 transition-colors"[39m
                          [36m>[39m
                            [36m<td[39m
                              [33mclass[39m=[32m"px-6 py-4 whitespace-nowrap"[39m
                            [36m>[39m
                              [36m<div[39m
                                [33mclass[39m=[32m"flex items-center"[39m
                              [36m>[39m
                                [36m<div[39m
                                  [33mclass[39m=[32m"flex-shrink-0 h-10 w-10 bg-blue-50 rounded-lg flex items-center justify-center text-blue-600"[39m
                                [36m>[39m
                                  [0m📄[0m
                                [36m</div>[39m
                                [36m<div[39m
                                  [33mclass[39m=[32m"ml-4"[39m
                                [36m>[39m
                                  [36m<div[39m
                                    [33mclass[39m=[32m"text-sm font-medium text-gray-900"[39m
                                  [36m>[39m
                                    [0mDoc 1[0m
                                  [36m</div>[39m
                                  [36m<div[39m
                                    [33mclass[39m=[32m"text-xs text-gray-500"[39m
                                  [36m>[39m
                                    [0mID: [0m
                                    [0m1[0m
                                  [36m</div>[39m
                                [36m</div>[39m
                              [36m</div>[39m
                            [36m</td>[39m
                            [36m<td[39m
                              [33mclass[39m=[32m"px-6 py-4 whitespace-nowrap"[39m
                            [36m>[39m
                              [36m<span[39m
                                [33mclass[39m=[32m"px-2 py-1 inline-flex text-xs leading-5 font-semibold rounded-full bg-yellow-100 text-yellow-800"[39m
                              [36m>[39m
                                [0mPENDING[0m
                              [36m</span>[39m
                            [36m</td>[39m
                            [36m<td[39m
                              [33mclass[39m=[32m"px-6 py-4 whitespace-nowrap text-sm text-gray-500"[39m
                            [36m>[39m
                              [0m1/1/2023[0m
                            [36m</td>[39m
                            [36m<td[39m
                              [33mclass[39m=[32m"px-6 py-4 whitespace-nowrap text-right text-sm font-medium"[39m
                            [36m>[39m
                              [36m<div[39m
                                [33mclass[39m=[32m"flex justify-end gap-3"[39m
                              [36m>[39m
                                [36m<a[39m
                                  [33mclass[39m=[32m"text-gray-400 hover:text-blue-600 transition-colors"[39m
                                  [33mhref[39m=[32m"/app/documents/1"[39m
                                  [33mtitle[39m=[32m"View"[39m
                                [36m>[39m
                                  [0m👁️[0m
                                [36m</a>[39m
                                [36m<button[39m
                                  [33mclass[39m=[32m"text-gray-400 hover:text-green-600 transition-colors"[39m
                                  [33mtitle[39m=[32m"Analyze"[39m
                                [36m>[39m
                                  [0m⚡️[0m
                                [36m</button>[39m
                              [36m</div>[39m
                            [36m</td>[39m
                          [36m</tr>[39m
                        [36m</tbody>[39m
                      [36m</table>[39m
                    [36m</div>[39m
                  [36m</div>[39m
                [36m</div>[39m
                [36m<div[39m
                  [33mclass[39m=[32m"space-y-8"[39m
                [36m>[39m
                  [36m<div[39m
                    [33mclass[39m=[32m"bg-white rounded-lg shadow-sm border border-gray-100 overflow-hidden"[39m
                  [36m>[39m
                    [36m<div[39m
                      [33mclass[39m=[32m"px-6 py-4 border-b border-gray-100"[39m
                    [36m>[39m
                      [36m<h3[39m
                        [33mclass[39m=[32m"text-lg font-semibold text-gray-900"[39m
                      [36m>[39m
                        [0mRecent Activity[0m
                      [36m</h3>[39m
                    [36m</div>[39m
                    [36m<div[39m
                      [33mclass[39m=[32m"divide-y divide-gray-100"[39m
                    [36m>[39m
                      [36m<div[39m
                        [33mclass[39m=[32m"p-4 hover:bg-gray-50 transition-colors flex justify-between items-center"[39m
                      [36m>[39m
                        [36m<div>[39m
                          [36m<div[39m
                            [33mclass[39m=[32m"font-medium text-gray-900"[39m
                          [36m>[39m
                            [0mDoc 1[0m
                          [36m</div>[39m
                          [36m<div[39m
                            [33mclass[39m=[32m"text-xs text-gray-500"[39m
                          [36m>[39m
                            [0mUpdated: [0m
                            [0m1/1/2023[0m
                          [36m</div>[39m
                        [36m</div>[39m
                        [36m<span[39m
                          [33mclass[39m=[32m"px-2 py-1 rounded-full text-xs font-medium bg-green-100 text-green-800"[39m
                        [36m>[39m
                          [0mANALYZED[0m
                        [36m</span>[39m
                      [36m</div>[39m
                    [36m</div>[39m
                  [36m</div>[39m
                  [36m<div[39m
                    [33mclass[39m=[32m"bg-gradient-to-br from-blue-600 to-indigo-700 rounded-xl shadow-lg p-6 text-white"[39m
                  [36m>[39m
                    [36m<h3[39m
                      [33mclass[39m=[32m"text-lg font-semibold mb-2"[39m
                    [36m>[39m
                      [0mNeed Help?[0m
                    [36m</h3>[39m
                    [36m<p[39m
                      [33mclass[39m=[32m"text-blue-100 text-sm mb-4"[39m
                    [36m>[39m
                      [0mAsk our AI Auditor anything about your compliance status.[0m
                    [36m</p>[39m
                    [36m<button[39m
                      [33mclass[39m=[32m"w-full bg-white text-blue-600 py-2 rounded-lg font-medium hover:bg-blue-50 transition"[39m
                    [36m>[39m
                      [0mStart Chat[0m
                    [36m</button>[39m
                  [36m</div>[39m
                [36m</div>[39m
              [36m</div>[39m
            [36m</div>[39m
          [36m</main>[39m
        [36m</div>[39m
      [36m</div>[39m
    [36m</div>[39m
  [36m</body>[39m
[36m</html>[39m
 ❯ Proxy.waitForWrapper node_modules/@testing-library/dom/dist/wait-for.js:163:27
 ❯ app/app/dashboard/page.test.tsx:86:15
     84|         render(<Dashboard />);
     85| 
     86|         await waitFor(() => {
       |               ^
     87|             expect(screen.getByText('Analyze')).toBeDefined();
     88|         });

⎯⎯⎯⎯⎯⎯⎯⎯⎯⎯⎯⎯⎯⎯⎯⎯⎯⎯⎯⎯⎯⎯⎯⎯[1/1]⎯


 Test Files  1 failed (1)
      Tests  1 failed | 2 passed (3)
   Start at  00:11:32
   Duration  1.77s

 FAIL  Tests failed. Watching for file changes...
       press h to show help, press q to quit
c[3J RERUN  app/app/dashboard/page.test.tsx x26 

 ❯ app/app/dashboard/page.test.tsx (3 tests | 1 failed) 1201ms
     ✓ renders documents and standards 106ms
     ✓ renders dashboard widgets 83ms
     × opens analysis modal and runs check 1010ms

⎯⎯⎯⎯⎯⎯⎯ Failed Tests 1 ⎯⎯⎯⎯⎯⎯⎯

 FAIL  app/app/dashboard/page.test.tsx > Dashboard Page > opens analysis modal and runs check
TestingLibraryElementError: Unable to find an element with the text: Analyze. This could be because the text is broken up by multiple elements. In this case, you can provide a function for your text matcher to make your matcher more flexible.

Ignored nodes: comments, script, style
[36m<body>[39m
  [36m<div>[39m
    [36m<div[39m
      [33mclass[39m=[32m"flex min-h-screen bg-gray-50"[39m
    [36m>[39m
      [36m<aside[39m
        [33mclass[39m=[32m"w-64 bg-white border-r border-gray-200 min-h-screen flex flex-col"[39m
      [36m>[39m
        [36m<div[39m
          [33mclass[39m=[32m"p-6 border-b border-gray-100"[39m
        [36m>[39m
          [36m<h1[39m
            [33mclass[39m=[32m"text-2xl font-bold text-blue-600 flex items-center gap-2"[39m
          [36m>[39m
            [36m<span>[39m
              [0m🛡️[0m
            [36m</span>[39m
            [0m ISO Doc[0m
          [36m</h1>[39m
        [36m</div>[39m
        [36m<nav[39m
          [33mclass[39m=[32m"flex-1 p-4 space-y-1"[39m
        [36m>[39m
          [36m<a[39m
            [33mclass[39m=[32m"flex items-center gap-3 px-4 py-3 rounded-lg transition-colors bg-blue-50 text-blue-700 font-medium"[39m
            [33mhref[39m=[32m"/app/dashboard"[39m
          [36m>[39m
            [36m<span[39m
              [33mclass[39m=[32m"text-xl"[39m
            [36m>[39m
              [0m📊[0m
            [36m</span>[39m
            [0mDashboard[0m
          [36m</a>[39m
          [36m<a[39m
            [33mclass[39m=[32m"flex items-center gap-3 px-4 py-3 rounded-lg transition-colors text-gray-600 hover:bg-gray-50 hover:text-gray-900"[39m
            [33mhref[39m=[32m"/app/documents"[39m
          [36m>[39m
            [36m<span[39m
              [33mclass[39m=[32m"text-xl"[39m
            [36m>[39m
              [0m📁[0m
            [36m</span>[39m
            [0mDocuments[0m
          [36m</a>[39m
          [36m<a[39m
            [33mclass[39m=[32m"flex items-center gap-3 px-4 py-3 rounded-lg transition-colors text-gray-600 hover:bg-gray-50 hover:text-gray-900"[39m
            [33mhref[39m=[32m"/app/gap-analysis"[39m
          [36m>[39m
            [36m<span[39m
              [33mclass[39m=[32m"text-xl"[39m
            [36m>[39m
              [0m🔍[0m
            [36m</span>[39m
            [0mGap Analysis[0m
          [36m</a>[39m
          [36m<a[39m
            [33mclass[39m=[32m"flex items-center gap-3 px-4 py-3 rounded-lg transition-colors text-gray-600 hover:bg-gray-50 hover:text-gray-900"[39m
            [33mhref[39m=[32m"/app/reports"[39m
          [36m>[39m
            [36m<span[39m
              [33mclass[39m=[32m"text-xl"[39m
            [36m>[39m
              [0m📋[0m
            [36m</span>[39m
            [0mReports[0m
          [36m</a>[39m
          [36m<a[39m
            [33mclass[39m=[32m"flex items-center gap-3 px-4 py-3 rounded-lg transition-colors text-gray-600 hover:bg-gray-50 hover:text-gray-900"[39m
            [33mhref[39m=[32m"/app/settings"[39m
          [36m>[39m
            [36m<span[39m
              [33mclass[39m=[32m"text-xl"[39m
            [36m>[39m
              [0m⚙️[0m
            [36m</span>[39m
            [0mSettings[0m
          [36m</a>[39m
        [36m</nav>[39m
        [36m<div[39m
          [33mclass[39m=[32m"p-4 border-t border-gray-100"[39m
        [36m>[39m
          [36m<div[39m
            [33mclass[39m=[32m"bg-blue-50 rounded-lg p-4"[39m
          [36m>[39m
            [36m<h4[39m
              [33mclass[39m=[32m"text-sm font-semibold text-blue-800 mb-1"[39m
            [36m>[39m
              [0mPro Plan[0m
            [36m</h4>[39m
            [36m<p[39m
              [33mclass[39m=[32m"text-xs text-blue-600 mb-3"[39m
            [36m>[39m
              [0mGet access to advanced AI features.[0m
            [36m</p>[39m
            [36m<button[39m
              [33mclass[39m=[32m"w-full bg-blue-600 text-white text-xs font-medium py-2 rounded hover:bg-blue-700 transition"[39m
            [36m>[39m
              [0mUpgrade Now[0m
            [36m</button>[39m
          [36m</div>[39m
        [36m</div>[39m
      [36m</aside>[39m
      [36m<div[39m
        [33mclass[39m=[32m"flex-1 flex flex-col"[39m
      [36m>[39m
        [36m<header[39m
          [33mclass[39m=[32m"bg-white border-b border-gray-200 px-8 py-4 flex justify-between items-center sticky top-0 z-10"[39m
        [36m>[39m
          [36m<div>[39m
            [36m<h2[39m
              [33mclass[39m=[32m"text-xl font-semibold text-gray-800"[39m
            [36m>[39m
              [0mDashboard[0m
            [36m</h2>[39m
            [36m<p[39m
              [33mclass[39m=[32m"text-sm text-gray-500"[39m
            [36m>[39m
              [0mWelcome back, User[0m
            [36m</p>[39m
          [36m</div>[39m
          [36m<div[39m
            [33mclass[39m=[32m"w-1/3"[39m
          [36m>[39m
            [36m<div[39m
              [33mclass[39m=[32m"relative w-full max-w-xl"[39m
            [36m>[39m
              [36m<form[39m
                [33mclass[39m=[32m"relative"[39m
              [36m>[39m
                [36m<input[39m
                  [33mclass[39m=[32m"w-full border border-gray-300 rounded-lg py-2 px-4 pl-10 focus:outline-none focus:ring-2 focus:ring-blue-500"[39m
                  [33mplaceholder[39m=[32m"Search documents (e.g. 'password policy')..."[39m
                  [33mtype[39m=[32m"text"[39m
                  [33mvalue[39m=[32m""[39m
                [36m/>[39m
                [36m<div[39m
                  [33mclass[39m=[32m"absolute inset-y-0 left-0 pl-3 flex items-center pointer-events-none"[39m
                [36m>[39m
                  [36m<span[39m
                    [33mclass[39m=[32m"text-gray-400"[39m
                  [36m>[39m
                    [0m🔍[0m
                  [36m</span>[39m
                [36m</div>[39m
                [36m<button[39m
                  [33mclass[39m=[32m"absolute inset-y-0 right-0 px-4 text-white bg-blue-600 rounded-r-lg hover:bg-blue-700 disabled:opacity-50"[39m
                  [33mtype[39m=[32m"submit"[39m
                [36m>[39m
                  [0mSearch[0m
                [36m</button>[39m
              [36m</form>[39m
            [36m</div>[39m
          [36m</div>[39m
          [36m<div[39m
            [33mclass[39m=[32m"flex items-center gap-4"[39m
          [36m>[39m
            [36m<button[39m
              [33mclass[39m=[32m"p-2 text-gray-400 hover:text-gray-600"[39m
            [36m>[39m
              [0m🔔[0m
            [36m</button>[39m
            [36m<div[39m
              [33mclass[39m=[32m"w-8 h-8 bg-blue-100 rounded-full flex items-center justify-center text-blue-600 font-bold"[39m
            [36m>[39m
              [0mU[0m
            [36m</div>[39m
          [36m</div>[39m
        [36m</header>[39m
        [36m<main[39m
          [33mclass[39m=[32m"flex-1 p-8 overflow-y-auto"[39m
        [36m>[39m
          [36m<div[39m
            [33mclass[39m=[32m"max-w-7xl mx-auto space-y-8"[39m
          [36m>[39m
            [36m<div[39m
              [33mclass[39m=[32m"grid grid-cols-1 md:grid-cols-3 gap-6 mb-8"[39m
            [36m>[39m
              [36m<div[39m
                [33mclass[39m=[32m"bg-white p-6 rounded-lg shadow-sm border border-gray-100"[39m
              [36m>[39m
                [36m<div[39m
                  [33mclass[39m=[32m"text-sm font-medium text-gray-500 mb-1"[39m
                [36m>[39m
                  [0mTotal Documents[0m
                [36m</div>[39m
                [36m<div[39m
                  [33mclass[39m=[32m"text-3xl font-bold text-gray-900"[39m
                [36m>[39m
                  [0m10[0m
                [36m</div>[39m
              [36m</div>[39m
              [36m<div[39m
                [33mclass[39m=[32m"bg-white p-6 rounded-lg shadow-sm border border-gray-100"[39m
              [36m>[39m
                [36m<div[39m
                  [33mclass[39m=[32m"text-sm font-medium text-gray-500 mb-1"[39m
                [36m>[39m
                  [0mAnalyzed[0m
                [36m</div>[39m
                [36m<div[39m
                  [33mclass[39m=[32m"text-3xl font-bold text-blue-600"[39m
                [36m>[39m
                  [0m5[0m
                [36m</div>[39m
              [36m</div>[39m
              [36m<div[39m
                [33mclass[39m=[32m"bg-white p-6 rounded-lg shadow-sm border border-gray-100"[39m
              [36m>[39m
                [36m<div[39m
                  [33mclass[39m=[32m"text-sm font-medium text-gray-500 mb-1"[39m
                [36m>[39m
                  [0mAvg. Compliance Score[0m
                [36m</div>[39m
                [36m<div[39m
                  [33mclass[39m=[32m"text-3xl font-bold text-green-600"[39m
                [36m>[39m
                  [0m85[0m
                  [0m%[0m
                [36m</div>[39m
              [36m</div>[39m
            [36m</div>[39m
            [36m<div[39m
              [33mclass[39m=[32m"grid grid-cols-1 lg:grid-cols-3 gap-8"[39m
            [36m>[39m
              [36m<div[39m
                [33mclass[39m=[32m"lg:col-span-2 space-y-6"[39m
              [36m>[39m
                [36m<div[39m
                  [33mclass[39m=[32m"bg-white rounded-xl shadow-sm border border-gray-100 overflow-hidden"[39m
                [36m>[39m
                  [36m<div[39m
                    [33mclass[39m=[32m"p-6 border-b border-gray-100 flex justify-between items-center bg-gray-50/50"[39m
                  [36m>[39m
                    [36m<div>[39m
                      [36m<h3[39m
                        [33mclass[39m=[32m"text-lg font-semibold text-gray-900"[39m
                      [36m>[39m
                        [0mRecent Documents[0m
                      [36m</h3>[39m
                      [36m<p[39m
                        [33mclass[39m=[32m"text-sm text-gray-500"[39m
                      [36m>[39m
                        [0mManage and analyze your files[0m
                      [36m</p>[39m
                    [36m</div>[39m
                    [36m<div[39m
                      [33mclass[39m=[32m"relative"[39m
                    [36m>[39m
                      [36m<input[39m
                        [33mclass[39m=[32m"hidden"[39m
                        [33mid[39m=[32m"file-upload"[39m
                        [33mtype[39m=[32m"file"[39m
                      [36m/>[39m
                      [36m<label[39m
                        [33mclass[39m=[32m"flex items-center gap-2 bg-blue-600 text-white px-4 py-2 rounded-lg hover:bg-blue-700 transition cursor-pointer shadow-sm "[39m
                        [33mfor[39m=[32m"file-upload"[39m
                      [36m>[39m
                        [36m<span>[39m
                          [0m☁️[0m
                        [36m</span>[39m
                        [0mUpload New[0m
                      [36m</label>[39m
                    [36m</div>[39m
                  [36m</div>[39m
                  [36m<div[39m
                    [33mclass[39m=[32m"overflow-x-auto"[39m
                  [36m>[39m
                    [36m<table[39m
                      [33mclass[39m=[32m"min-w-full divide-y divide-gray-200"[39m
                    [36m>[39m
                      [36m<thead[39m
                        [33mclass[39m=[32m"bg-gray-50"[39m
                      [36m>[39m
                        [36m<tr>[39m
                          [36m<th[39m
                            [33mclass[39m=[32m"px-6 py-3 text-left text-xs font-medium text-gray-500 uppercase tracking-wider"[39m
                          [36m>[39m
                            [0mDocument[0m
                          [36m</th>[39m
                          [36m<th[39m
                            [33mclass[39m=[32m"px-6 py-3 text-left text-xs font-medium text-gray-500 uppercase tracking-wider"[39m
                          [36m>[39m
                            [0mStatus[0m
                          [36m</th>[39m
                          [36m<th[39m
                            [33mclass[39m=[32m"px-6 py-3 text-left text-xs font-medium text-gray-500 uppercase tracking-wider"[39m
                          [36m>[39m
                            [0mDate[0m
                          [36m</th>[39m
                          [36m<th[39m
                            [33mclass[39m=[32m"px-6 py-3 text-right text-xs font-medium text-gray-500 uppercase tracking-wider"[39m
                          [36m>[39m
                            [0mActions[0m
                          [36m</th>[39m
                        [36m</tr>[39m
                      [36m</thead>[39m
                      [36m<tbody[39m
                        [33mclass[39m=[32m"bg-white divide-y divide-gray-200"[39m
                      [36m>[39m
                        [36m<tr[39m
                          [33mclass[39m=[32m"hover:bg-gray-50 transition-colors"[39m
                        [36m>[39m
                          [36m<td[39m
                            [33mclass[39m=[32m"px-6 py-4 whitespace-nowrap"[39m
                          [36m>[39m
                            [36m<div[39m
                              [33mclass[39m=[32m"flex items-center"[39m
                            [36m>[39m
                              [36m<div[39m
                                [33mclass[39m=[32m"flex-shrink-0 h-10 w-10 bg-blue-50 rounded-lg flex items-center justify-center text-blue-600"[39m
                              [36m>[39m
                                [0m📄[0m
                              [36m</div>[39m
                              [36m<div[39m
                                [33mclass[39m=[32m"ml-4"[39m
                              [36m>[39m
                                [36m<div[39m
                                  [33mclass[39m=[32m"text-sm font-medium text-gray-900"[39m
                                [36m>[39m
                                  [0mDoc 1[0m
                                [36m</div>[39m
                                [36m<div[39m
                                  [33mclass[39m=[32m"text-xs text-gray-500"[39m
                                [36m>[39m
                                  [0mID: [0m
                                  [0m1[0m
                                [36m</div>[39m
                              [36m</div>[39m
                            [36m</div>[39m
                          [36m</td>[39m
                          [36m<td[39m
                            [33mclass[39m=[32m"px-6 py-4 whitespace-nowrap"[39m
                          [36m>[39m
                            [36m<span[39m
                              [33mclass[39m=[32m"px-2 py-1 inline-flex text-xs leading-5 font-semibold rounded-full bg-yellow-100 text-yellow-800"[39m
                            [36m>[39m
                              [0mPENDING[0m
                            [36m</span>[39m
                          [36m</td>[39m
                          [36m<td[39m
                            [33mclass[39m=[32m"px-6 py-4 whitespace-nowrap text-sm text-gray-500"[39m
                          [36m>[39m
                            [0m1/1/2023[0m
                          [36m</td>[39m
                          [36m<td[39m
                            [33mclass[39m=[32m"px-6 py-4 whitespace-nowrap text-right text-sm font-medium"[39m
                          [36m>[39m
                            [36m<div[39m
                              [33mclass[39m=[32m"flex justify-end gap-3"[39m
                            [36m>[39m
                              [36m<a[39m
                                [33mclass[39m=[32m"text-gray-400 hover:text-blue-600 transition-colors"[39m
                                [33mhref[39m=[32m"/app/documents/1"[39m
                                [33mtitle[39m=[32m"View"[39m
                              [36m>[39m
                                [0m👁️[0m
                              [36m</a>[39m
                              [36m<button[39m
                                [33mclass[39m=[32m"text-gray-400 hover:text-green-600 transition-colors"[39m
                                [33mtitle[39m=[32m"Analyze"[39m
                              [36m>[39m
                                [0m⚡️[0m
                              [36m</button>[39m
                            [36m</div>[39m
                          [36m</td>[39m
                        [36m</tr>[39m
                      [36m</tbody>[39m
                    [36m</table>[39m
                  [36m</div>[39m
                [36m</div>[39m
              [36m</div>[39m
              [36m<div[39m
                [33mclass[39m=[32m"space-y-8"[39m
              [36m>[39m
                [36m<div[39m
                  [33mclass[39m=[32m"bg-white rounded-lg shadow-sm border border-gray-100 overflow-hidden"[39m
                [36m>[39m
                  [36m<div[39m
                    [33mclass[39m=[32m"px-6 py-4 border-b border-gray-100"[39m
                  [36m>[39m
                    [36m<h3[39m
                      [33mclass[39m=[32m"text-lg font-semibold text-gray-900"[39m
                    [36m>[39m
                      [0mRecent Activity[0m
                    [36m</h3>[39m
                  [36m</div>[39m
                  [36m<div[39m
                    [33mclass[39m=[32m"divide-y divide-gray-100"[39m
                  [36m>[39m
                    [36m<div[39m
                      [33mclass[39m=[32m"p-4 hover:bg-gray-50 transition-colors flex justify-between items-center"[39m
                    [36m>[39m
                      [36m<div>[39m
                        [36m<div[39m
                          [33mclass[39m=[32m"font-medium text-gray-900"[39m
                        [36m>[39m
                          [0mDoc 1[0m
                        [36m</div>[39m
                        [36m<div[39m
                          [33mclass[39m=[32m"text-xs text-gray-500"[39m
                        [36m>[39m
                          [0mUpdated: [0m
                          [0m1/1/2023[0m
                        [36m</div>[39m
                      [36m</div>[39m
                      [36m<span[39m
                        [33mclass[39m=[32m"px-2 py-1 rounded-full text-xs font-medium bg-green-100 text-green-800"[39m
                      [36m>[39m
                        [0mANALYZED[0m
                      [36m</span>[39m
                    [36m</div>[39m
                  [36m</div>[39m
                [36m</div>[39m
                [36m<div[39m
                  [33mclass[39m=[32m"bg-gradient-to-br from-blue-600 to-indigo-700 rounded-xl shadow-lg p-6 text-white"[39m
                [36m>[39m
                  [36m<h3[39m
                    [33mclass[39m=[32m"text-lg font-semibold mb-2"[39m
                  [36m>[39m
                    [0mNeed Help?[0m
                  [36m</h3>[39m
                  [36m<p[39m
                    [33mclass[39m=[32m"text-blue-100 text-sm mb-4"[39m
                  [36m>[39m
                    [0mAsk our AI Auditor anything about your compliance status.[0m
                  [36m</p>[39m
                  [36m<button[39m
                    [33mclass[39m=[32m"w-full bg-white text-blue-600 py-2 rounded-lg font-medium hover:bg-blue-50 transition"[39m
                  [36m>[39m
                    [0mStart Chat[0m
                  [36m</button>[39m
                [36m</div>[39m
              [36m</div>[39m
            [36m</div>[39m
          [36m</div>[39m
        [36m</main>[39m
      [36m</div>[39m
    [36m</div>[39m
  [36m</div>[39m
[36m</body>[39m

Ignored nodes: comments, script, style
[36m<html>[39m
  [36m<head />[39m
  [36m<body>[39m
    [36m<div>[39m
      [36m<div[39m
        [33mclass[39m=[32m"flex min-h-screen bg-gray-50"[39m
      [36m>[39m
        [36m<aside[39m
          [33mclass[39m=[32m"w-64 bg-white border-r border-gray-200 min-h-screen flex flex-col"[39m
        [36m>[39m
          [36m<div[39m
            [33mclass[39m=[32m"p-6 border-b border-gray-100"[39m
          [36m>[39m
            [36m<h1[39m
              [33mclass[39m=[32m"text-2xl font-bold text-blue-600 flex items-center gap-2"[39m
            [36m>[39m
              [36m<span>[39m
                [0m🛡️[0m
              [36m</span>[39m
              [0m ISO Doc[0m
            [36m</h1>[39m
          [36m</div>[39m
          [36m<nav[39m
            [33mclass[39m=[32m"flex-1 p-4 space-y-1"[39m
          [36m>[39m
            [36m<a[39m
              [33mclass[39m=[32m"flex items-center gap-3 px-4 py-3 rounded-lg transition-colors bg-blue-50 text-blue-700 font-medium"[39m
              [33mhref[39m=[32m"/app/dashboard"[39m
            [36m>[39m
              [36m<span[39m
                [33mclass[39m=[32m"text-xl"[39m
              [36m>[39m
                [0m📊[0m
              [36m</span>[39m
              [0mDashboard[0m
            [36m</a>[39m
            [36m<a[39m
              [33mclass[39m=[32m"flex items-center gap-3 px-4 py-3 rounded-lg transition-colors text-gray-600 hover:bg-gray-50 hover:text-gray-900"[39m
              [33mhref[39m=[32m"/app/documents"[39m
            [36m>[39m
              [36m<span[39m
                [33mclass[39m=[32m"text-xl"[39m
              [36m>[39m
                [0m📁[0m
              [36m</span>[39m
              [0mDocuments[0m
            [36m</a>[39m
            [36m<a[39m
              [33mclass[39m=[32m"flex items-center gap-3 px-4 py-3 rounded-lg transition-colors text-gray-600 hover:bg-gray-50 hover:text-gray-900"[39m
              [33mhref[39m=[32m"/app/gap-analysis"[39m
            [36m>[39m
              [36m<span[39m
                [33mclass[39m=[32m"text-xl"[39m
              [36m>[39m
                [0m🔍[0m
              [36m</span>[39m
              [0mGap Analysis[0m
            [36m</a>[39m
            [36m<a[39m
              [33mclass[39m=[32m"flex items-center gap-3 px-4 py-3 rounded-lg transition-colors text-gray-600 hover:bg-gray-50 hover:text-gray-900"[39m
              [33mhref[39m=[32m"/app/reports"[39m
            [36m>[39m
              [36m<span[39m
                [33mclass[39m=[32m"text-xl"[39m
              [36m>[39m
                [0m📋[0m
              [36m</span>[39m
              [0mReports[0m
            [36m</a>[39m
            [36m<a[39m
              [33mclass[39m=[32m"flex items-center gap-3 px-4 py-3 rounded-lg transition-colors text-gray-600 hover:bg-gray-50 hover:text-gray-900"[39m
              [33mhref[39m=[32m"/app/settings"[39m
            [36m>[39m
              [36m<span[39m
                [33mclass[39m=[32m"text-xl"[39m
              [36m>[39m
                [0m⚙️[0m
              [36m</span>[39m
              [0mSettings[0m
            [36m</a>[39m
          [36m</nav>[39m
          [36m<div[39m
            [33mclass[39m=[32m"p-4 border-t border-gray-100"[39m
          [36m>[39m
            [36m<div[39m
              [33mclass[39m=[32m"bg-blue-50 rounded-lg p-4"[39m
            [36m>[39m
              [36m<h4[39m
                [33mclass[39m=[32m"text-sm font-semibold text-blue-800 mb-1"[39m
              [36m>[39m
                [0mPro Plan[0m
              [36m</h4>[39m
              [36m<p[39m
                [33mclass[39m=[32m"text-xs text-blue-600 mb-3"[39m
              [36m>[39m
                [0mGet access to advanced AI features.[0m
              [36m</p>[39m
              [36m<button[39m
                [33mclass[39m=[32m"w-full bg-blue-600 text-white text-xs font-medium py-2 rounded hover:bg-blue-700 transition"[39m
              [36m>[39m
                [0mUpgrade Now[0m
              [36m</button>[39m
            [36m</div>[39m
          [36m</div>[39m
        [36m</aside>[39m
        [36m<div[39m
          [33mclass[39m=[32m"flex-1 flex flex-col"[39m
        [36m>[39m
          [36m<header[39m
            [33mclass[39m=[32m"bg-white border-b border-gray-200 px-8 py-4 flex justify-between items-center sticky top-0 z-10"[39m
          [36m>[39m
            [36m<div>[39m
              [36m<h2[39m
                [33mclass[39m=[32m"text-xl font-semibold text-gray-800"[39m
              [36m>[39m
                [0mDashboard[0m
              [36m</h2>[39m
              [36m<p[39m
                [33mclass[39m=[32m"text-sm text-gray-500"[39m
              [36m>[39m
                [0mWelcome back, User[0m
              [36m</p>[39m
            [36m</div>[39m
            [36m<div[39m
              [33mclass[39m=[32m"w-1/3"[39m
            [36m>[39m
              [36m<div[39m
                [33mclass[39m=[32m"relative w-full max-w-xl"[39m
              [36m>[39m
                [36m<form[39m
                  [33mclass[39m=[32m"relative"[39m
                [36m>[39m
                  [36m<input[39m
                    [33mclass[39m=[32m"w-full border border-gray-300 rounded-lg py-2 px-4 pl-10 focus:outline-none focus:ring-2 focus:ring-blue-500"[39m
                    [33mplaceholder[39m=[32m"Search documents (e.g. 'password policy')..."[39m
                    [33mtype[39m=[32m"text"[39m
                    [33mvalue[39m=[32m""[39m
                  [36m/>[39m
                  [36m<div[39m
                    [33mclass[39m=[32m"absolute inset-y-0 left-0 pl-3 flex items-center pointer-events-none"[39m
                  [36m>[39m
                    [36m<span[39m
                      [33mclass[39m=[32m"text-gray-400"[39m
                    [36m>[39m
                      [0m🔍[0m
                    [36m</span>[39m
                  [36m</div>[39m
                  [36m<button[39m
                    [33mclass[39m=[32m"absolute inset-y-0 right-0 px-4 text-white bg-blue-600 rounded-r-lg hover:bg-blue-700 disabled:opacity-50"[39m
                    [33mtype[39m=[32m"submit"[39m
                  [36m>[39m
                    [0mSearch[0m
                  [36m</button>[39m
                [36m</form>[39m
              [36m</div>[39m
            [36m</div>[39m
            [36m<div[39m
              [33mclass[39m=[32m"flex items-center gap-4"[39m
            [36m>[39m
              [36m<button[39m
                [33mclass[39m=[32m"p-2 text-gray-400 hover:text-gray-600"[39m
              [36m>[39m
                [0m🔔[0m
              [36m</button>[39m
              [36m<div[39m
                [33mclass[39m=[32m"w-8 h-8 bg-blue-100 rounded-full flex items-center justify-center text-blue-600 font-bold"[39m
              [36m>[39m
                [0mU[0m
              [36m</div>[39m
            [36m</div>[39m
          [36m</header>[39m
          [36m<main[39m
            [33mclass[39m=[32m"flex-1 p-8 overflow-y-auto"[39m
          [36m>[39m
            [36m<div[39m
              [33mclass[39m=[32m"max-w-7xl mx-auto space-y-8"[39m
            [36m>[39m
              [36m<div[39m
                [33mclass[39m=[32m"grid grid-cols-1 md:grid-cols-3 gap-6 mb-8"[39m
              [36m>[39m
                [36m<div[39m
                  [33mclass[39m=[32m"bg-white p-6 rounded-lg shadow-sm border border-gray-100"[39m
                [36m>[39m
                  [36m<div[39m
                    [33mclass[39m=[32m"text-sm font-medium text-gray-500 mb-1"[39m
                  [36m>[39m
                    [0mTotal Documents[0m
                  [36m</div>[39m
                  [36m<div[39m
                    [33mclass[39m=[32m"text-3xl font-bold text-gray-900"[39m
                  [36m>[39m
                    [0m10[0m
                  [36m</div>[39m
                [36m</div>[39m
                [36m<div[39m
                  [33mclass[39m=[32m"bg-white p-6 rounded-lg shadow-sm border border-gray-100"[39m
                [36m>[39m
                  [36m<div[39m
                    [33mclass[39m=[32m"text-sm font-medium text-gray-500 mb-1"[39m
                  [36m>[39m
                    [0mAnalyzed[0m
                  [36m</div>[39m
                  [36m<div[39m
                    [33mclass[39m=[32m"text-3xl font-bold text-blue-600"[39m
                  [36m>[39m
                    [0m5[0m
                  [36m</div>[39m
                [36m</div>[39m
                [36m<div[39m
                  [33mclass[39m=[32m"bg-white p-6 rounded-lg shadow-sm border border-gray-100"[39m
                [36m>[39m
                  [36m<div[39m
                    [33mclass[39m=[32m"text-sm font-medium text-gray-500 mb-1"[39m
                  [36m>[39m
                    [0mAvg. Compliance Score[0m
                  [36m</div>[39m
                  [36m<div[39m
                    [33mclass[39m=[32m"text-3xl font-bold text-green-600"[39m
                  [36m>[39m
                    [0m85[0m
                    [0m%[0m
                  [36m</div>[39m
                [36m</div>[39m
              [36m</div>[39m
              [36m<div[39m
                [33mclass[39m=[32m"grid grid-cols-1 lg:grid-cols-3 gap-8"[39m
              [36m>[39m
                [36m<div[39m
                  [33mclass[39m=[32m"lg:col-span-2 space-y-6"[39m
                [36m>[39m
                  [36m<div[39m
                    [33mclass[39m=[32m"bg-white rounded-xl shadow-sm border border-gray-100 overflow-hidden"[39m
                  [36m>[39m
                    [36m<div[39m
                      [33mclass[39m=[32m"p-6 border-b border-gray-100 flex justify-between items-center bg-gray-50/50"[39m
                    [36m>[39m
                      [36m<div>[39m
                        [36m<h3[39m
                          [33mclass[39m=[32m"text-lg font-semibold text-gray-900"[39m
                        [36m>[39m
                          [0mRecent Documents[0m
                        [36m</h3>[39m
                        [36m<p[39m
                          [33mclass[39m=[32m"text-sm text-gray-500"[39m
                        [36m>[39m
                          [0mManage and analyze your files[0m
                        [36m</p>[39m
                      [36m</div>[39m
                      [36m<div[39m
                        [33mclass[39m=[32m"relative"[39m
                      [36m>[39m
                        [36m<input[39m
                          [33mclass[39m=[32m"hidden"[39m
                          [33mid[39m=[32m"file-upload"[39m
                          [33mtype[39m=[32m"file"[39m
                        [36m/>[39m
                        [36m<label[39m
                          [33mclass[39m=[32m"flex items-center gap-2 bg-blue-600 text-white px-4 py-2 rounded-lg hover:bg-blue-700 transition cursor-pointer shadow-sm "[39m
                          [33mfor[39m=[32m"file-upload"[39m
                        [36m>[39m
                          [36m<span>[39m
                            [0m☁️[0m
                          [36m</span>[39m
                          [0mUpload New[0m
                        [36m</label>[39m
                      [36m</div>[39m
                    [36m</div>[39m
                    [36m<div[39m
                      [33mclass[39m=[32m"overflow-x-auto"[39m
                    [36m>[39m
                      [36m<table[39m
                        [33mclass[39m=[32m"min-w-full divide-y divide-gray-200"[39m
                      [36m>[39m
                        [36m<thead[39m
                          [33mclass[39m=[32m"bg-gray-50"[39m
                        [36m>[39m
                          [36m<tr>[39m
                            [36m<th[39m
                              [33mclass[39m=[32m"px-6 py-3 text-left text-xs font-medium text-gray-500 uppercase tracking-wider"[39m
                            [36m>[39m
                              [0mDocument[0m
                            [36m</th>[39m
                            [36m<th[39m
                              [33mclass[39m=[32m"px-6 py-3 text-left text-xs font-medium text-gray-500 uppercase tracking-wider"[39m
                            [36m>[39m
                              [0mStatus[0m
                            [36m</th>[39m
                            [36m<th[39m
                              [33mclass[39m=[32m"px-6 py-3 text-left text-xs font-medium text-gray-500 uppercase tracking-wider"[39m
                            [36m>[39m
                              [0mDate[0m
                            [36m</th>[39m
                            [36m<th[39m
                              [33mclass[39m=[32m"px-6 py-3 text-right text-xs font-medium text-gray-500 uppercase tracking-wider"[39m
                            [36m>[39m
                              [0mActions[0m
                            [36m</th>[39m
                          [36m</tr>[39m
                        [36m</thead>[39m
                        [36m<tbody[39m
                          [33mclass[39m=[32m"bg-white divide-y divide-gray-200"[39m
                        [36m>[39m
                          [36m<tr[39m
                            [33mclass[39m=[32m"hover:bg-gray-50 transition-colors"[39m
                          [36m>[39m
                            [36m<td[39m
                              [33mclass[39m=[32m"px-6 py-4 whitespace-nowrap"[39m
                            [36m>[39m
                              [36m<div[39m
                                [33mclass[39m=[32m"flex items-center"[39m
                              [36m>[39m
                                [36m<div[39m
                                  [33mclass[39m=[32m"flex-shrink-0 h-10 w-10 bg-blue-50 rounded-lg flex items-center justify-center text-blue-600"[39m
                                [36m>[39m
                                  [0m📄[0m
                                [36m</div>[39m
                                [36m<div[39m
                                  [33mclass[39m=[32m"ml-4"[39m
                                [36m>[39m
                                  [36m<div[39m
                                    [33mclass[39m=[32m"text-sm font-medium text-gray-900"[39m
                                  [36m>[39m
                                    [0mDoc 1[0m
                                  [36m</div>[39m
                                  [36m<div[39m
                                    [33mclass[39m=[32m"text-xs text-gray-500"[39m
                                  [36m>[39m
                                    [0mID: [0m
                                    [0m1[0m
                                  [36m</div>[39m
                                [36m</div>[39m
                              [36m</div>[39m
                            [36m</td>[39m
                            [36m<td[39m
                              [33mclass[39m=[32m"px-6 py-4 whitespace-nowrap"[39m
                            [36m>[39m
                              [36m<span[39m
                                [33mclass[39m=[32m"px-2 py-1 inline-flex text-xs leading-5 font-semibold rounded-full bg-yellow-100 text-yellow-800"[39m
                              [36m>[39m
                                [0mPENDING[0m
                              [36m</span>[39m
                            [36m</td>[39m
                            [36m<td[39m
                              [33mclass[39m=[32m"px-6 py-4 whitespace-nowrap text-sm text-gray-500"[39m
                            [36m>[39m
                              [0m1/1/2023[0m
                            [36m</td>[39m
                            [36m<td[39m
                              [33mclass[39m=[32m"px-6 py-4 whitespace-nowrap text-right text-sm font-medium"[39m
                            [36m>[39m
                              [36m<div[39m
                                [33mclass[39m=[32m"flex justify-end gap-3"[39m
                              [36m>[39m
                                [36m<a[39m
                                  [33mclass[39m=[32m"text-gray-400 hover:text-blue-600 transition-colors"[39m
                                  [33mhref[39m=[32m"/app/documents/1"[39m
                                  [33mtitle[39m=[32m"View"[39m
                                [36m>[39m
                                  [0m👁️[0m
                                [36m</a>[39m
                                [36m<button[39m
                                  [33mclass[39m=[32m"text-gray-400 hover:text-green-600 transition-colors"[39m
                                  [33mtitle[39m=[32m"Analyze"[39m
                                [36m>[39m
                                  [0m⚡️[0m
                                [36m</button>[39m
                              [36m</div>[39m
                            [36m</td>[39m
                          [36m</tr>[39m
                        [36m</tbody>[39m
                      [36m</table>[39m
                    [36m</div>[39m
                  [36m</div>[39m
                [36m</div>[39m
                [36m<div[39m
                  [33mclass[39m=[32m"space-y-8"[39m
                [36m>[39m
                  [36m<div[39m
                    [33mclass[39m=[32m"bg-white rounded-lg shadow-sm border border-gray-100 overflow-hidden"[39m
                  [36m>[39m
                    [36m<div[39m
                      [33mclass[39m=[32m"px-6 py-4 border-b border-gray-100"[39m
                    [36m>[39m
                      [36m<h3[39m
                        [33mclass[39m=[32m"text-lg font-semibold text-gray-900"[39m
                      [36m>[39m
                        [0mRecent Activity[0m
                      [36m</h3>[39m
                    [36m</div>[39m
                    [36m<div[39m
                      [33mclass[39m=[32m"divide-y divide-gray-100"[39m
                    [36m>[39m
                      [36m<div[39m
                        [33mclass[39m=[32m"p-4 hover:bg-gray-50 transition-colors flex justify-between items-center"[39m
                      [36m>[39m
                        [36m<div>[39m
                          [36m<div[39m
                            [33mclass[39m=[32m"font-medium text-gray-900"[39m
                          [36m>[39m
                            [0mDoc 1[0m
                          [36m</div>[39m
                          [36m<div[39m
                            [33mclass[39m=[32m"text-xs text-gray-500"[39m
                          [36m>[39m
                            [0mUpdated: [0m
                            [0m1/1/2023[0m
                          [36m</div>[39m
                        [36m</div>[39m
                        [36m<span[39m
                          [33mclass[39m=[32m"px-2 py-1 rounded-full text-xs font-medium bg-green-100 text-green-800"[39m
                        [36m>[39m
                          [0mANALYZED[0m
                        [36m</span>[39m
                      [36m</div>[39m
                    [36m</div>[39m
                  [36m</div>[39m
                  [36m<div[39m
                    [33mclass[39m=[32m"bg-gradient-to-br from-blue-600 to-indigo-700 rounded-xl shadow-lg p-6 text-white"[39m
                  [36m>[39m
                    [36m<h3[39m
                      [33mclass[39m=[32m"text-lg font-semibold mb-2"[39m
                    [36m>[39m
                      [0mNeed Help?[0m
                    [36m</h3>[39m
                    [36m<p[39m
                      [33mclass[39m=[32m"text-blue-100 text-sm mb-4"[39m
                    [36m>[39m
                      [0mAsk our AI Auditor anything about your compliance status.[0m
                    [36m</p>[39m
                    [36m<button[39m
                      [33mclass[39m=[32m"w-full bg-white text-blue-600 py-2 rounded-lg font-medium hover:bg-blue-50 transition"[39m
                    [36m>[39m
                      [0mStart Chat[0m
                    [36m</button>[39m
                  [36m</div>[39m
                [36m</div>[39m
              [36m</div>[39m
            [36m</div>[39m
          [36m</main>[39m
        [36m</div>[39m
      [36m</div>[39m
    [36m</div>[39m
  [36m</body>[39m
[36m</html>[39m
 ❯ Proxy.waitForWrapper node_modules/@testing-library/dom/dist/wait-for.js:163:27
 ❯ app/app/dashboard/page.test.tsx:86:15
     84|         render(<Dashboard />);
     85| 
     86|         await waitFor(() => {
       |               ^
     87|             expect(screen.getByText('Analyze')).toBeDefined();
     88|         });

⎯⎯⎯⎯⎯⎯⎯⎯⎯⎯⎯⎯⎯⎯⎯⎯⎯⎯⎯⎯⎯⎯⎯⎯[1/1]⎯


 Test Files  1 failed (1)
      Tests  1 failed | 2 passed (3)
   Start at  00:11:35
   Duration  1.55s

 FAIL  Tests failed. Watching for file changes...
       press h to show help, press q to quit
c[3J RERUN  app/app/dashboard/page.test.tsx x27 

 ❯ app/app/dashboard/page.test.tsx (3 tests | 1 failed) 1062ms
     ✓ renders documents and standards 42ms
     ✓ renders dashboard widgets 12ms
     × opens analysis modal and runs check 1007ms

⎯⎯⎯⎯⎯⎯⎯ Failed Tests 1 ⎯⎯⎯⎯⎯⎯⎯

 FAIL  app/app/dashboard/page.test.tsx > Dashboard Page > opens analysis modal and runs check
TestingLibraryElementError: Unable to find an element with the text: Analyze. This could be because the text is broken up by multiple elements. In this case, you can provide a function for your text matcher to make your matcher more flexible.

Ignored nodes: comments, script, style
[36m<body>[39m
  [36m<div>[39m
    [36m<div[39m
      [33mclass[39m=[32m"flex min-h-screen bg-gray-50"[39m
    [36m>[39m
      [36m<aside[39m
        [33mclass[39m=[32m"w-64 bg-white border-r border-gray-200 min-h-screen flex flex-col"[39m
      [36m>[39m
        [36m<div[39m
          [33mclass[39m=[32m"p-6 border-b border-gray-100"[39m
        [36m>[39m
          [36m<h1[39m
            [33mclass[39m=[32m"text-2xl font-bold text-blue-600 flex items-center gap-2"[39m
          [36m>[39m
            [36m<span>[39m
              [0m🛡️[0m
            [36m</span>[39m
            [0m ISO Doc[0m
          [36m</h1>[39m
        [36m</div>[39m
        [36m<nav[39m
          [33mclass[39m=[32m"flex-1 p-4 space-y-1"[39m
        [36m>[39m
          [36m<a[39m
            [33mclass[39m=[32m"flex items-center gap-3 px-4 py-3 rounded-lg transition-colors bg-blue-50 text-blue-700 font-medium"[39m
            [33mhref[39m=[32m"/app/dashboard"[39m
          [36m>[39m
            [36m<span[39m
              [33mclass[39m=[32m"text-xl"[39m
            [36m>[39m
              [0m📊[0m
            [36m</span>[39m
            [0mDashboard[0m
          [36m</a>[39m
          [36m<a[39m
            [33mclass[39m=[32m"flex items-center gap-3 px-4 py-3 rounded-lg transition-colors text-gray-600 hover:bg-gray-50 hover:text-gray-900"[39m
            [33mhref[39m=[32m"/app/documents"[39m
          [36m>[39m
            [36m<span[39m
              [33mclass[39m=[32m"text-xl"[39m
            [36m>[39m
              [0m📁[0m
            [36m</span>[39m
            [0mDocuments[0m
          [36m</a>[39m
          [36m<a[39m
            [33mclass[39m=[32m"flex items-center gap-3 px-4 py-3 rounded-lg transition-colors text-gray-600 hover:bg-gray-50 hover:text-gray-900"[39m
            [33mhref[39m=[32m"/app/gap-analysis"[39m
          [36m>[39m
            [36m<span[39m
              [33mclass[39m=[32m"text-xl"[39m
            [36m>[39m
              [0m🔍[0m
            [36m</span>[39m
            [0mGap Analysis[0m
          [36m</a>[39m
          [36m<a[39m
            [33mclass[39m=[32m"flex items-center gap-3 px-4 py-3 rounded-lg transition-colors text-gray-600 hover:bg-gray-50 hover:text-gray-900"[39m
            [33mhref[39m=[32m"/app/reports"[39m
          [36m>[39m
            [36m<span[39m
              [33mclass[39m=[32m"text-xl"[39m
            [36m>[39m
              [0m📋[0m
            [36m</span>[39m
            [0mReports[0m
          [36m</a>[39m
          [36m<a[39m
            [33mclass[39m=[32m"flex items-center gap-3 px-4 py-3 rounded-lg transition-colors text-gray-600 hover:bg-gray-50 hover:text-gray-900"[39m
            [33mhref[39m=[32m"/app/settings"[39m
          [36m>[39m
            [36m<span[39m
              [33mclass[39m=[32m"text-xl"[39m
            [36m>[39m
              [0m⚙️[0m
            [36m</span>[39m
            [0mSettings[0m
          [36m</a>[39m
        [36m</nav>[39m
        [36m<div[39m
          [33mclass[39m=[32m"p-4 border-t border-gray-100"[39m
        [36m>[39m
          [36m<div[39m
            [33mclass[39m=[32m"bg-blue-50 rounded-lg p-4"[39m
          [36m>[39m
            [36m<h4[39m
              [33mclass[39m=[32m"text-sm font-semibold text-blue-800 mb-1"[39m
            [36m>[39m
              [0mPro Plan[0m
            [36m</h4>[39m
            [36m<p[39m
              [33mclass[39m=[32m"text-xs text-blue-600 mb-3"[39m
            [36m>[39m
              [0mGet access to advanced AI features.[0m
            [36m</p>[39m
            [36m<button[39m
              [33mclass[39m=[32m"w-full bg-blue-600 text-white text-xs font-medium py-2 rounded hover:bg-blue-700 transition"[39m
            [36m>[39m
              [0mUpgrade Now[0m
            [36m</button>[39m
          [36m</div>[39m
        [36m</div>[39m
      [36m</aside>[39m
      [36m<div[39m
        [33mclass[39m=[32m"flex-1 flex flex-col"[39m
      [36m>[39m
        [36m<header[39m
          [33mclass[39m=[32m"bg-white border-b border-gray-200 px-8 py-4 flex justify-between items-center sticky top-0 z-10"[39m
        [36m>[39m
          [36m<div>[39m
            [36m<h2[39m
              [33mclass[39m=[32m"text-xl font-semibold text-gray-800"[39m
            [36m>[39m
              [0mDashboard[0m
            [36m</h2>[39m
            [36m<p[39m
              [33mclass[39m=[32m"text-sm text-gray-500"[39m
            [36m>[39m
              [0mWelcome back, User[0m
            [36m</p>[39m
          [36m</div>[39m
          [36m<div[39m
            [33mclass[39m=[32m"w-1/3"[39m
          [36m>[39m
            [36m<div[39m
              [33mclass[39m=[32m"relative w-full max-w-xl"[39m
            [36m>[39m
              [36m<form[39m
                [33mclass[39m=[32m"relative"[39m
              [36m>[39m
                [36m<input[39m
                  [33mclass[39m=[32m"w-full border border-gray-300 rounded-lg py-2 px-4 pl-10 focus:outline-none focus:ring-2 focus:ring-blue-500"[39m
                  [33mplaceholder[39m=[32m"Search documents (e.g. 'password policy')..."[39m
                  [33mtype[39m=[32m"text"[39m
                  [33mvalue[39m=[32m""[39m
                [36m/>[39m
                [36m<div[39m
                  [33mclass[39m=[32m"absolute inset-y-0 left-0 pl-3 flex items-center pointer-events-none"[39m
                [36m>[39m
                  [36m<span[39m
                    [33mclass[39m=[32m"text-gray-400"[39m
                  [36m>[39m
                    [0m🔍[0m
                  [36m</span>[39m
                [36m</div>[39m
                [36m<button[39m
                  [33mclass[39m=[32m"absolute inset-y-0 right-0 px-4 text-white bg-blue-600 rounded-r-lg hover:bg-blue-700 disabled:opacity-50"[39m
                  [33mtype[39m=[32m"submit"[39m
                [36m>[39m
                  [0mSearch[0m
                [36m</button>[39m
              [36m</form>[39m
            [36m</div>[39m
          [36m</div>[39m
          [36m<div[39m
            [33mclass[39m=[32m"flex items-center gap-4"[39m
          [36m>[39m
            [36m<button[39m
              [33mclass[39m=[32m"p-2 text-gray-400 hover:text-gray-600"[39m
            [36m>[39m
              [0m🔔[0m
            [36m</button>[39m
            [36m<div[39m
              [33mclass[39m=[32m"w-8 h-8 bg-blue-100 rounded-full flex items-center justify-center text-blue-600 font-bold"[39m
            [36m>[39m
              [0mU[0m
            [36m</div>[39m
          [36m</div>[39m
        [36m</header>[39m
        [36m<main[39m
          [33mclass[39m=[32m"flex-1 p-8 overflow-y-auto"[39m
        [36m>[39m
          [36m<div[39m
            [33mclass[39m=[32m"max-w-7xl mx-auto space-y-8"[39m
          [36m>[39m
            [36m<div[39m
              [33mclass[39m=[32m"grid grid-cols-1 md:grid-cols-3 gap-6 mb-8"[39m
            [36m>[39m
              [36m<div[39m
                [33mclass[39m=[32m"bg-white p-6 rounded-lg shadow-sm border border-gray-100"[39m
              [36m>[39m
                [36m<div[39m
                  [33mclass[39m=[32m"text-sm font-medium text-gray-500 mb-1"[39m
                [36m>[39m
                  [0mTotal Documents[0m
                [36m</div>[39m
                [36m<div[39m
                  [33mclass[39m=[32m"text-3xl font-bold text-gray-900"[39m
                [36m>[39m
                  [0m10[0m
                [36m</div>[39m
              [36m</div>[39m
              [36m<div[39m
                [33mclass[39m=[32m"bg-white p-6 rounded-lg shadow-sm border border-gray-100"[39m
              [36m>[39m
                [36m<div[39m
                  [33mclass[39m=[32m"text-sm font-medium text-gray-500 mb-1"[39m
                [36m>[39m
                  [0mAnalyzed[0m
                [36m</div>[39m
                [36m<div[39m
                  [33mclass[39m=[32m"text-3xl font-bold text-blue-600"[39m
                [36m>[39m
                  [0m5[0m
                [36m</div>[39m
              [36m</div>[39m
              [36m<div[39m
                [33mclass[39m=[32m"bg-white p-6 rounded-lg shadow-sm border border-gray-100"[39m
              [36m>[39m
                [36m<div[39m
                  [33mclass[39m=[32m"text-sm font-medium text-gray-500 mb-1"[39m
                [36m>[39m
                  [0mAvg. Compliance Score[0m
                [36m</div>[39m
                [36m<div[39m
                  [33mclass[39m=[32m"text-3xl font-bold text-green-600"[39m
                [36m>[39m
                  [0m85[0m
                  [0m%[0m
                [36m</div>[39m
              [36m</div>[39m
            [36m</div>[39m
            [36m<div[39m
              [33mclass[39m=[32m"grid grid-cols-1 lg:grid-cols-3 gap-8"[39m
            [36m>[39m
              [36m<div[39m
                [33mclass[39m=[32m"lg:col-span-2 space-y-6"[39m
              [36m>[39m
                [36m<div[39m
                  [33mclass[39m=[32m"bg-white rounded-xl shadow-sm border border-gray-100 overflow-hidden"[39m
                [36m>[39m
                  [36m<div[39m
                    [33mclass[39m=[32m"p-6 border-b border-gray-100 flex justify-between items-center bg-gray-50/50"[39m
                  [36m>[39m
                    [36m<div>[39m
                      [36m<h3[39m
                        [33mclass[39m=[32m"text-lg font-semibold text-gray-900"[39m
                      [36m>[39m
                        [0mRecent Documents[0m
                      [36m</h3>[39m
                      [36m<p[39m
                        [33mclass[39m=[32m"text-sm text-gray-500"[39m
                      [36m>[39m
                        [0mManage and analyze your files[0m
                      [36m</p>[39m
                    [36m</div>[39m
                    [36m<div[39m
                      [33mclass[39m=[32m"relative"[39m
                    [36m>[39m
                      [36m<input[39m
                        [33mclass[39m=[32m"hidden"[39m
                        [33mid[39m=[32m"file-upload"[39m
                        [33mtype[39m=[32m"file"[39m
                      [36m/>[39m
                      [36m<label[39m
                        [33mclass[39m=[32m"flex items-center gap-2 bg-blue-600 text-white px-4 py-2 rounded-lg hover:bg-blue-700 transition cursor-pointer shadow-sm "[39m
                        [33mfor[39m=[32m"file-upload"[39m
                      [36m>[39m
                        [36m<span>[39m
                          [0m☁️[0m
                        [36m</span>[39m
                        [0mUpload New[0m
                      [36m</label>[39m
                    [36m</div>[39m
                  [36m</div>[39m
                  [36m<div[39m
                    [33mclass[39m=[32m"overflow-x-auto"[39m
                  [36m>[39m
                    [36m<table[39m
                      [33mclass[39m=[32m"min-w-full divide-y divide-gray-200"[39m
                    [36m>[39m
                      [36m<thead[39m
                        [33mclass[39m=[32m"bg-gray-50"[39m
                      [36m>[39m
                        [36m<tr>[39m
                          [36m<th[39m
                            [33mclass[39m=[32m"px-6 py-3 text-left text-xs font-medium text-gray-500 uppercase tracking-wider"[39m
                          [36m>[39m
                            [0mDocument[0m
                          [36m</th>[39m
                          [36m<th[39m
                            [33mclass[39m=[32m"px-6 py-3 text-left text-xs font-medium text-gray-500 uppercase tracking-wider"[39m
                          [36m>[39m
                            [0mStatus[0m
                          [36m</th>[39m
                          [36m<th[39m
                            [33mclass[39m=[32m"px-6 py-3 text-left text-xs font-medium text-gray-500 uppercase tracking-wider"[39m
                          [36m>[39m
                            [0mDate[0m
                          [36m</th>[39m
                          [36m<th[39m
                            [33mclass[39m=[32m"px-6 py-3 text-right text-xs font-medium text-gray-500 uppercase tracking-wider"[39m
                          [36m>[39m
                            [0mActions[0m
                          [36m</th>[39m
                        [36m</tr>[39m
                      [36m</thead>[39m
                      [36m<tbody[39m
                        [33mclass[39m=[32m"bg-white divide-y divide-gray-200"[39m
                      [36m>[39m
                        [36m<tr[39m
                          [33mclass[39m=[32m"hover:bg-gray-50 transition-colors"[39m
                        [36m>[39m
                          [36m<td[39m
                            [33mclass[39m=[32m"px-6 py-4 whitespace-nowrap"[39m
                          [36m>[39m
                            [36m<div[39m
                              [33mclass[39m=[32m"flex items-center"[39m
                            [36m>[39m
                              [36m<div[39m
                                [33mclass[39m=[32m"flex-shrink-0 h-10 w-10 bg-blue-50 rounded-lg flex items-center justify-center text-blue-600"[39m
                              [36m>[39m
                                [0m📄[0m
                              [36m</div>[39m
                              [36m<div[39m
                                [33mclass[39m=[32m"ml-4"[39m
                              [36m>[39m
                                [36m<div[39m
                                  [33mclass[39m=[32m"text-sm font-medium text-gray-900"[39m
                                [36m>[39m
                                  [0mDoc 1[0m
                                [36m</div>[39m
                                [36m<div[39m
                                  [33mclass[39m=[32m"text-xs text-gray-500"[39m
                                [36m>[39m
                                  [0mID: [0m
                                  [0m1[0m
                                [36m</div>[39m
                              [36m</div>[39m
                            [36m</div>[39m
                          [36m</td>[39m
                          [36m<td[39m
                            [33mclass[39m=[32m"px-6 py-4 whitespace-nowrap"[39m
                          [36m>[39m
                            [36m<span[39m
                              [33mclass[39m=[32m"px-2 py-1 inline-flex text-xs leading-5 font-semibold rounded-full bg-yellow-100 text-yellow-800"[39m
                            [36m>[39m
                              [0mPENDING[0m
                            [36m</span>[39m
                          [36m</td>[39m
                          [36m<td[39m
                            [33mclass[39m=[32m"px-6 py-4 whitespace-nowrap text-sm text-gray-500"[39m
                          [36m>[39m
                            [0m1/1/2023[0m
                          [36m</td>[39m
                          [36m<td[39m
                            [33mclass[39m=[32m"px-6 py-4 whitespace-nowrap text-right text-sm font-medium"[39m
                          [36m>[39m
                            [36m<div[39m
                              [33mclass[39m=[32m"flex justify-end gap-3"[39m
                            [36m>[39m
                              [36m<a[39m
                                [33mclass[39m=[32m"text-gray-400 hover:text-blue-600 transition-colors"[39m
                                [33mhref[39m=[32m"/app/documents/1"[39m
                                [33mtitle[39m=[32m"View"[39m
                              [36m>[39m
                                [0m👁️[0m
                              [36m</a>[39m
                              [36m<button[39m
                                [33mclass[39m=[32m"text-gray-400 hover:text-green-600 transition-colors"[39m
                                [33mtitle[39m=[32m"Analyze"[39m
                              [36m>[39m
                                [0m⚡️[0m
                              [36m</button>[39m
                            [36m</div>[39m
                          [36m</td>[39m
                        [36m</tr>[39m
                      [36m</tbody>[39m
                    [36m</table>[39m
                  [36m</div>[39m
                [36m</div>[39m
              [36m</div>[39m
              [36m<div[39m
                [33mclass[39m=[32m"space-y-8"[39m
              [36m>[39m
                [36m<div[39m
                  [33mclass[39m=[32m"bg-white rounded-lg shadow-sm border border-gray-100 overflow-hidden"[39m
                [36m>[39m
                  [36m<div[39m
                    [33mclass[39m=[32m"px-6 py-4 border-b border-gray-100"[39m
                  [36m>[39m
                    [36m<h3[39m
                      [33mclass[39m=[32m"text-lg font-semibold text-gray-900"[39m
                    [36m>[39m
                      [0mRecent Activity[0m
                    [36m</h3>[39m
                  [36m</div>[39m
                  [36m<div[39m
                    [33mclass[39m=[32m"divide-y divide-gray-100"[39m
                  [36m>[39m
                    [36m<div[39m
                      [33mclass[39m=[32m"p-4 hover:bg-gray-50 transition-colors flex justify-between items-center"[39m
                    [36m>[39m
                      [36m<div>[39m
                        [36m<div[39m
                          [33mclass[39m=[32m"font-medium text-gray-900"[39m
                        [36m>[39m
                          [0mDoc 1[0m
                        [36m</div>[39m
                        [36m<div[39m
                          [33mclass[39m=[32m"text-xs text-gray-500"[39m
                        [36m>[39m
                          [0mUpdated: [0m
                          [0m1/1/2023[0m
                        [36m</div>[39m
                      [36m</div>[39m
                      [36m<span[39m
                        [33mclass[39m=[32m"px-2 py-1 rounded-full text-xs font-medium bg-green-100 text-green-800"[39m
                      [36m>[39m
                        [0mANALYZED[0m
                      [36m</span>[39m
                    [36m</div>[39m
                  [36m</div>[39m
                [36m</div>[39m
                [36m<div[39m
                  [33mclass[39m=[32m"bg-gradient-to-br from-blue-600 to-indigo-700 rounded-xl shadow-lg p-6 text-white"[39m
                [36m>[39m
                  [36m<h3[39m
                    [33mclass[39m=[32m"text-lg font-semibold mb-2"[39m
                  [36m>[39m
                    [0mNeed Help?[0m
                  [36m</h3>[39m
                  [36m<p[39m
                    [33mclass[39m=[32m"text-blue-100 text-sm mb-4"[39m
                  [36m>[39m
                    [0mAsk our AI Auditor anything about your compliance status.[0m
                  [36m</p>[39m
                  [36m<button[39m
                    [33mclass[39m=[32m"w-full bg-white text-blue-600 py-2 rounded-lg font-medium hover:bg-blue-50 transition"[39m
                  [36m>[39m
                    [0mStart Chat[0m
                  [36m</button>[39m
                [36m</div>[39m
              [36m</div>[39m
            [36m</div>[39m
          [36m</div>[39m
        [36m</main>[39m
      [36m</div>[39m
    [36m</div>[39m
  [36m</div>[39m
[36m</body>[39m

Ignored nodes: comments, script, style
[36m<html>[39m
  [36m<head />[39m
  [36m<body>[39m
    [36m<div>[39m
      [36m<div[39m
        [33mclass[39m=[32m"flex min-h-screen bg-gray-50"[39m
      [36m>[39m
        [36m<aside[39m
          [33mclass[39m=[32m"w-64 bg-white border-r border-gray-200 min-h-screen flex flex-col"[39m
        [36m>[39m
          [36m<div[39m
            [33mclass[39m=[32m"p-6 border-b border-gray-100"[39m
          [36m>[39m
            [36m<h1[39m
              [33mclass[39m=[32m"text-2xl font-bold text-blue-600 flex items-center gap-2"[39m
            [36m>[39m
              [36m<span>[39m
                [0m🛡️[0m
              [36m</span>[39m
              [0m ISO Doc[0m
            [36m</h1>[39m
          [36m</div>[39m
          [36m<nav[39m
            [33mclass[39m=[32m"flex-1 p-4 space-y-1"[39m
          [36m>[39m
            [36m<a[39m
              [33mclass[39m=[32m"flex items-center gap-3 px-4 py-3 rounded-lg transition-colors bg-blue-50 text-blue-700 font-medium"[39m
              [33mhref[39m=[32m"/app/dashboard"[39m
            [36m>[39m
              [36m<span[39m
                [33mclass[39m=[32m"text-xl"[39m
              [36m>[39m
                [0m📊[0m
              [36m</span>[39m
              [0mDashboard[0m
            [36m</a>[39m
            [36m<a[39m
              [33mclass[39m=[32m"flex items-center gap-3 px-4 py-3 rounded-lg transition-colors text-gray-600 hover:bg-gray-50 hover:text-gray-900"[39m
              [33mhref[39m=[32m"/app/documents"[39m
            [36m>[39m
              [36m<span[39m
                [33mclass[39m=[32m"text-xl"[39m
              [36m>[39m
                [0m📁[0m
              [36m</span>[39m
              [0mDocuments[0m
            [36m</a>[39m
            [36m<a[39m
              [33mclass[39m=[32m"flex items-center gap-3 px-4 py-3 rounded-lg transition-colors text-gray-600 hover:bg-gray-50 hover:text-gray-900"[39m
              [33mhref[39m=[32m"/app/gap-analysis"[39m
            [36m>[39m
              [36m<span[39m
                [33mclass[39m=[32m"text-xl"[39m
              [36m>[39m
                [0m🔍[0m
              [36m</span>[39m
              [0mGap Analysis[0m
            [36m</a>[39m
            [36m<a[39m
              [33mclass[39m=[32m"flex items-center gap-3 px-4 py-3 rounded-lg transition-colors text-gray-600 hover:bg-gray-50 hover:text-gray-900"[39m
              [33mhref[39m=[32m"/app/reports"[39m
            [36m>[39m
              [36m<span[39m
                [33mclass[39m=[32m"text-xl"[39m
              [36m>[39m
                [0m📋[0m
              [36m</span>[39m
              [0mReports[0m
            [36m</a>[39m
            [36m<a[39m
              [33mclass[39m=[32m"flex items-center gap-3 px-4 py-3 rounded-lg transition-colors text-gray-600 hover:bg-gray-50 hover:text-gray-900"[39m
              [33mhref[39m=[32m"/app/settings"[39m
            [36m>[39m
              [36m<span[39m
                [33mclass[39m=[32m"text-xl"[39m
              [36m>[39m
                [0m⚙️[0m
              [36m</span>[39m
              [0mSettings[0m
            [36m</a>[39m
          [36m</nav>[39m
          [36m<div[39m
            [33mclass[39m=[32m"p-4 border-t border-gray-100"[39m
          [36m>[39m
            [36m<div[39m
              [33mclass[39m=[32m"bg-blue-50 rounded-lg p-4"[39m
            [36m>[39m
              [36m<h4[39m
                [33mclass[39m=[32m"text-sm font-semibold text-blue-800 mb-1"[39m
              [36m>[39m
                [0mPro Plan[0m
              [36m</h4>[39m
              [36m<p[39m
                [33mclass[39m=[32m"text-xs text-blue-600 mb-3"[39m
              [36m>[39m
                [0mGet access to advanced AI features.[0m
              [36m</p>[39m
              [36m<button[39m
                [33mclass[39m=[32m"w-full bg-blue-600 text-white text-xs font-medium py-2 rounded hover:bg-blue-700 transition"[39m
              [36m>[39m
                [0mUpgrade Now[0m
              [36m</button>[39m
            [36m</div>[39m
          [36m</div>[39m
        [36m</aside>[39m
        [36m<div[39m
          [33mclass[39m=[32m"flex-1 flex flex-col"[39m
        [36m>[39m
          [36m<header[39m
            [33mclass[39m=[32m"bg-white border-b border-gray-200 px-8 py-4 flex justify-between items-center sticky top-0 z-10"[39m
          [36m>[39m
            [36m<div>[39m
              [36m<h2[39m
                [33mclass[39m=[32m"text-xl font-semibold text-gray-800"[39m
              [36m>[39m
                [0mDashboard[0m
              [36m</h2>[39m
              [36m<p[39m
                [33mclass[39m=[32m"text-sm text-gray-500"[39m
              [36m>[39m
                [0mWelcome back, User[0m
              [36m</p>[39m
            [36m</div>[39m
            [36m<div[39m
              [33mclass[39m=[32m"w-1/3"[39m
            [36m>[39m
              [36m<div[39m
                [33mclass[39m=[32m"relative w-full max-w-xl"[39m
              [36m>[39m
                [36m<form[39m
                  [33mclass[39m=[32m"relative"[39m
                [36m>[39m
                  [36m<input[39m
                    [33mclass[39m=[32m"w-full border border-gray-300 rounded-lg py-2 px-4 pl-10 focus:outline-none focus:ring-2 focus:ring-blue-500"[39m
                    [33mplaceholder[39m=[32m"Search documents (e.g. 'password policy')..."[39m
                    [33mtype[39m=[32m"text"[39m
                    [33mvalue[39m=[32m""[39m
                  [36m/>[39m
                  [36m<div[39m
                    [33mclass[39m=[32m"absolute inset-y-0 left-0 pl-3 flex items-center pointer-events-none"[39m
                  [36m>[39m
                    [36m<span[39m
                      [33mclass[39m=[32m"text-gray-400"[39m
                    [36m>[39m
                      [0m🔍[0m
                    [36m</span>[39m
                  [36m</div>[39m
                  [36m<button[39m
                    [33mclass[39m=[32m"absolute inset-y-0 right-0 px-4 text-white bg-blue-600 rounded-r-lg hover:bg-blue-700 disabled:opacity-50"[39m
                    [33mtype[39m=[32m"submit"[39m
                  [36m>[39m
                    [0mSearch[0m
                  [36m</button>[39m
                [36m</form>[39m
              [36m</div>[39m
            [36m</div>[39m
            [36m<div[39m
              [33mclass[39m=[32m"flex items-center gap-4"[39m
            [36m>[39m
              [36m<button[39m
                [33mclass[39m=[32m"p-2 text-gray-400 hover:text-gray-600"[39m
              [36m>[39m
                [0m🔔[0m
              [36m</button>[39m
              [36m<div[39m
                [33mclass[39m=[32m"w-8 h-8 bg-blue-100 rounded-full flex items-center justify-center text-blue-600 font-bold"[39m
              [36m>[39m
                [0mU[0m
              [36m</div>[39m
            [36m</div>[39m
          [36m</header>[39m
          [36m<main[39m
            [33mclass[39m=[32m"flex-1 p-8 overflow-y-auto"[39m
          [36m>[39m
            [36m<div[39m
              [33mclass[39m=[32m"max-w-7xl mx-auto space-y-8"[39m
            [36m>[39m
              [36m<div[39m
                [33mclass[39m=[32m"grid grid-cols-1 md:grid-cols-3 gap-6 mb-8"[39m
              [36m>[39m
                [36m<div[39m
                  [33mclass[39m=[32m"bg-white p-6 rounded-lg shadow-sm border border-gray-100"[39m
                [36m>[39m
                  [36m<div[39m
                    [33mclass[39m=[32m"text-sm font-medium text-gray-500 mb-1"[39m
                  [36m>[39m
                    [0mTotal Documents[0m
                  [36m</div>[39m
                  [36m<div[39m
                    [33mclass[39m=[32m"text-3xl font-bold text-gray-900"[39m
                  [36m>[39m
                    [0m10[0m
                  [36m</div>[39m
                [36m</div>[39m
                [36m<div[39m
                  [33mclass[39m=[32m"bg-white p-6 rounded-lg shadow-sm border border-gray-100"[39m
                [36m>[39m
                  [36m<div[39m
                    [33mclass[39m=[32m"text-sm font-medium text-gray-500 mb-1"[39m
                  [36m>[39m
                    [0mAnalyzed[0m
                  [36m</div>[39m
                  [36m<div[39m
                    [33mclass[39m=[32m"text-3xl font-bold text-blue-600"[39m
                  [36m>[39m
                    [0m5[0m
                  [36m</div>[39m
                [36m</div>[39m
                [36m<div[39m
                  [33mclass[39m=[32m"bg-white p-6 rounded-lg shadow-sm border border-gray-100"[39m
                [36m>[39m
                  [36m<div[39m
                    [33mclass[39m=[32m"text-sm font-medium text-gray-500 mb-1"[39m
                  [36m>[39m
                    [0mAvg. Compliance Score[0m
                  [36m</div>[39m
                  [36m<div[39m
                    [33mclass[39m=[32m"text-3xl font-bold text-green-600"[39m
                  [36m>[39m
                    [0m85[0m
                    [0m%[0m
                  [36m</div>[39m
                [36m</div>[39m
              [36m</div>[39m
              [36m<div[39m
                [33mclass[39m=[32m"grid grid-cols-1 lg:grid-cols-3 gap-8"[39m
              [36m>[39m
                [36m<div[39m
                  [33mclass[39m=[32m"lg:col-span-2 space-y-6"[39m
                [36m>[39m
                  [36m<div[39m
                    [33mclass[39m=[32m"bg-white rounded-xl shadow-sm border border-gray-100 overflow-hidden"[39m
                  [36m>[39m
                    [36m<div[39m
                      [33mclass[39m=[32m"p-6 border-b border-gray-100 flex justify-between items-center bg-gray-50/50"[39m
                    [36m>[39m
                      [36m<div>[39m
                        [36m<h3[39m
                          [33mclass[39m=[32m"text-lg font-semibold text-gray-900"[39m
                        [36m>[39m
                          [0mRecent Documents[0m
                        [36m</h3>[39m
                        [36m<p[39m
                          [33mclass[39m=[32m"text-sm text-gray-500"[39m
                        [36m>[39m
                          [0mManage and analyze your files[0m
                        [36m</p>[39m
                      [36m</div>[39m
                      [36m<div[39m
                        [33mclass[39m=[32m"relative"[39m
                      [36m>[39m
                        [36m<input[39m
                          [33mclass[39m=[32m"hidden"[39m
                          [33mid[39m=[32m"file-upload"[39m
                          [33mtype[39m=[32m"file"[39m
                        [36m/>[39m
                        [36m<label[39m
                          [33mclass[39m=[32m"flex items-center gap-2 bg-blue-600 text-white px-4 py-2 rounded-lg hover:bg-blue-700 transition cursor-pointer shadow-sm "[39m
                          [33mfor[39m=[32m"file-upload"[39m
                        [36m>[39m
                          [36m<span>[39m
                            [0m☁️[0m
                          [36m</span>[39m
                          [0mUpload New[0m
                        [36m</label>[39m
                      [36m</div>[39m
                    [36m</div>[39m
                    [36m<div[39m
                      [33mclass[39m=[32m"overflow-x-auto"[39m
                    [36m>[39m
                      [36m<table[39m
                        [33mclass[39m=[32m"min-w-full divide-y divide-gray-200"[39m
                      [36m>[39m
                        [36m<thead[39m
                          [33mclass[39m=[32m"bg-gray-50"[39m
                        [36m>[39m
                          [36m<tr>[39m
                            [36m<th[39m
                              [33mclass[39m=[32m"px-6 py-3 text-left text-xs font-medium text-gray-500 uppercase tracking-wider"[39m
                            [36m>[39m
                              [0mDocument[0m
                            [36m</th>[39m
                            [36m<th[39m
                              [33mclass[39m=[32m"px-6 py-3 text-left text-xs font-medium text-gray-500 uppercase tracking-wider"[39m
                            [36m>[39m
                              [0mStatus[0m
                            [36m</th>[39m
                            [36m<th[39m
                              [33mclass[39m=[32m"px-6 py-3 text-left text-xs font-medium text-gray-500 uppercase tracking-wider"[39m
                            [36m>[39m
                              [0mDate[0m
                            [36m</th>[39m
                            [36m<th[39m
                              [33mclass[39m=[32m"px-6 py-3 text-right text-xs font-medium text-gray-500 uppercase tracking-wider"[39m
                            [36m>[39m
                              [0mActions[0m
                            [36m</th>[39m
                          [36m</tr>[39m
                        [36m</thead>[39m
                        [36m<tbody[39m
                          [33mclass[39m=[32m"bg-white divide-y divide-gray-200"[39m
                        [36m>[39m
                          [36m<tr[39m
                            [33mclass[39m=[32m"hover:bg-gray-50 transition-colors"[39m
                          [36m>[39m
                            [36m<td[39m
                              [33mclass[39m=[32m"px-6 py-4 whitespace-nowrap"[39m
                            [36m>[39m
                              [36m<div[39m
                                [33mclass[39m=[32m"flex items-center"[39m
                              [36m>[39m
                                [36m<div[39m
                                  [33mclass[39m=[32m"flex-shrink-0 h-10 w-10 bg-blue-50 rounded-lg flex items-center justify-center text-blue-600"[39m
                                [36m>[39m
                                  [0m📄[0m
                                [36m</div>[39m
                                [36m<div[39m
                                  [33mclass[39m=[32m"ml-4"[39m
                                [36m>[39m
                                  [36m<div[39m
                                    [33mclass[39m=[32m"text-sm font-medium text-gray-900"[39m
                                  [36m>[39m
                                    [0mDoc 1[0m
                                  [36m</div>[39m
                                  [36m<div[39m
                                    [33mclass[39m=[32m"text-xs text-gray-500"[39m
                                  [36m>[39m
                                    [0mID: [0m
                                    [0m1[0m
                                  [36m</div>[39m
                                [36m</div>[39m
                              [36m</div>[39m
                            [36m</td>[39m
                            [36m<td[39m
                              [33mclass[39m=[32m"px-6 py-4 whitespace-nowrap"[39m
                            [36m>[39m
                              [36m<span[39m
                                [33mclass[39m=[32m"px-2 py-1 inline-flex text-xs leading-5 font-semibold rounded-full bg-yellow-100 text-yellow-800"[39m
                              [36m>[39m
                                [0mPENDING[0m
                              [36m</span>[39m
                            [36m</td>[39m
                            [36m<td[39m
                              [33mclass[39m=[32m"px-6 py-4 whitespace-nowrap text-sm text-gray-500"[39m
                            [36m>[39m
                              [0m1/1/2023[0m
                            [36m</td>[39m
                            [36m<td[39m
                              [33mclass[39m=[32m"px-6 py-4 whitespace-nowrap text-right text-sm font-medium"[39m
                            [36m>[39m
                              [36m<div[39m
                                [33mclass[39m=[32m"flex justify-end gap-3"[39m
                              [36m>[39m
                                [36m<a[39m
                                  [33mclass[39m=[32m"text-gray-400 hover:text-blue-600 transition-colors"[39m
                                  [33mhref[39m=[32m"/app/documents/1"[39m
                                  [33mtitle[39m=[32m"View"[39m
                                [36m>[39m
                                  [0m👁️[0m
                                [36m</a>[39m
                                [36m<button[39m
                                  [33mclass[39m=[32m"text-gray-400 hover:text-green-600 transition-colors"[39m
                                  [33mtitle[39m=[32m"Analyze"[39m
                                [36m>[39m
                                  [0m⚡️[0m
                                [36m</button>[39m
                              [36m</div>[39m
                            [36m</td>[39m
                          [36m</tr>[39m
                        [36m</tbody>[39m
                      [36m</table>[39m
                    [36m</div>[39m
                  [36m</div>[39m
                [36m</div>[39m
                [36m<div[39m
                  [33mclass[39m=[32m"space-y-8"[39m
                [36m>[39m
                  [36m<div[39m
                    [33mclass[39m=[32m"bg-white rounded-lg shadow-sm border border-gray-100 overflow-hidden"[39m
                  [36m>[39m
                    [36m<div[39m
                      [33mclass[39m=[32m"px-6 py-4 border-b border-gray-100"[39m
                    [36m>[39m
                      [36m<h3[39m
                        [33mclass[39m=[32m"text-lg font-semibold text-gray-900"[39m
                      [36m>[39m
                        [0mRecent Activity[0m
                      [36m</h3>[39m
                    [36m</div>[39m
                    [36m<div[39m
                      [33mclass[39m=[32m"divide-y divide-gray-100"[39m
                    [36m>[39m
                      [36m<div[39m
                        [33mclass[39m=[32m"p-4 hover:bg-gray-50 transition-colors flex justify-between items-center"[39m
                      [36m>[39m
                        [36m<div>[39m
                          [36m<div[39m
                            [33mclass[39m=[32m"font-medium text-gray-900"[39m
                          [36m>[39m
                            [0mDoc 1[0m
                          [36m</div>[39m
                          [36m<div[39m
                            [33mclass[39m=[32m"text-xs text-gray-500"[39m
                          [36m>[39m
                            [0mUpdated: [0m
                            [0m1/1/2023[0m
                          [36m</div>[39m
                        [36m</div>[39m
                        [36m<span[39m
                          [33mclass[39m=[32m"px-2 py-1 rounded-full text-xs font-medium bg-green-100 text-green-800"[39m
                        [36m>[39m
                          [0mANALYZED[0m
                        [36m</span>[39m
                      [36m</div>[39m
                    [36m</div>[39m
                  [36m</div>[39m
                  [36m<div[39m
                    [33mclass[39m=[32m"bg-gradient-to-br from-blue-600 to-indigo-700 rounded-xl shadow-lg p-6 text-white"[39m
                  [36m>[39m
                    [36m<h3[39m
                      [33mclass[39m=[32m"text-lg font-semibold mb-2"[39m
                    [36m>[39m
                      [0mNeed Help?[0m
                    [36m</h3>[39m
                    [36m<p[39m
                      [33mclass[39m=[32m"text-blue-100 text-sm mb-4"[39m
                    [36m>[39m
                      [0mAsk our AI Auditor anything about your compliance status.[0m
                    [36m</p>[39m
                    [36m<button[39m
                      [33mclass[39m=[32m"w-full bg-white text-blue-600 py-2 rounded-lg font-medium hover:bg-blue-50 transition"[39m
                    [36m>[39m
                      [0mStart Chat[0m
                    [36m</button>[39m
                  [36m</div>[39m
                [36m</div>[39m
              [36m</div>[39m
            [36m</div>[39m
          [36m</main>[39m
        [36m</div>[39m
      [36m</div>[39m
    [36m</div>[39m
  [36m</body>[39m
[36m</html>[39m
 ❯ Proxy.waitForWrapper node_modules/@testing-library/dom/dist/wait-for.js:163:27
 ❯ app/app/dashboard/page.test.tsx:86:15
     84|         render(<Dashboard />);
     85| 
     86|         await waitFor(() => {
       |               ^
     87|             expect(screen.getByText('Analyze')).toBeDefined();
     88|         });

⎯⎯⎯⎯⎯⎯⎯⎯⎯⎯⎯⎯⎯⎯⎯⎯⎯⎯⎯⎯⎯⎯⎯⎯[1/1]⎯


 Test Files  1 failed (1)
      Tests  1 failed | 2 passed (3)
   Start at  00:11:37
   Duration  1.15s

 FAIL  Tests failed. Watching for file changes...
       press h to show help, press q to quit
c[3J RERUN  app/app/dashboard/page.test.tsx x28 

 ❯ app/app/dashboard/page.test.tsx (3 tests | 1 failed) 270ms
     ✓ renders documents and standards 132ms
     ✓ renders dashboard widgets 93ms
     × opens analysis modal and runs check 44ms

⎯⎯⎯⎯⎯⎯⎯ Failed Tests 1 ⎯⎯⎯⎯⎯⎯⎯

 FAIL  app/app/dashboard/page.test.tsx > Dashboard Page > opens analysis modal and runs check
TestingLibraryElementError: Unable to find an element with the text: Analyze. This could be because the text is broken up by multiple elements. In this case, you can provide a function for your text matcher to make your matcher more flexible.

Ignored nodes: comments, script, style
[36m<body>[39m
  [36m<div>[39m
    [36m<div[39m
      [33mclass[39m=[32m"flex min-h-screen bg-gray-50"[39m
    [36m>[39m
      [36m<aside[39m
        [33mclass[39m=[32m"w-64 bg-white border-r border-gray-200 min-h-screen flex flex-col"[39m
      [36m>[39m
        [36m<div[39m
          [33mclass[39m=[32m"p-6 border-b border-gray-100"[39m
        [36m>[39m
          [36m<h1[39m
            [33mclass[39m=[32m"text-2xl font-bold text-blue-600 flex items-center gap-2"[39m
          [36m>[39m
            [36m<span>[39m
              [0m🛡️[0m
            [36m</span>[39m
            [0m ISO Doc[0m
          [36m</h1>[39m
        [36m</div>[39m
        [36m<nav[39m
          [33mclass[39m=[32m"flex-1 p-4 space-y-1"[39m
        [36m>[39m
          [36m<a[39m
            [33mclass[39m=[32m"flex items-center gap-3 px-4 py-3 rounded-lg transition-colors bg-blue-50 text-blue-700 font-medium"[39m
            [33mhref[39m=[32m"/app/dashboard"[39m
          [36m>[39m
            [36m<span[39m
              [33mclass[39m=[32m"text-xl"[39m
            [36m>[39m
              [0m📊[0m
            [36m</span>[39m
            [0mDashboard[0m
          [36m</a>[39m
          [36m<a[39m
            [33mclass[39m=[32m"flex items-center gap-3 px-4 py-3 rounded-lg transition-colors text-gray-600 hover:bg-gray-50 hover:text-gray-900"[39m
            [33mhref[39m=[32m"/app/documents"[39m
          [36m>[39m
            [36m<span[39m
              [33mclass[39m=[32m"text-xl"[39m
            [36m>[39m
              [0m📁[0m
            [36m</span>[39m
            [0mDocuments[0m
          [36m</a>[39m
          [36m<a[39m
            [33mclass[39m=[32m"flex items-center gap-3 px-4 py-3 rounded-lg transition-colors text-gray-600 hover:bg-gray-50 hover:text-gray-900"[39m
            [33mhref[39m=[32m"/app/gap-analysis"[39m
          [36m>[39m
            [36m<span[39m
              [33mclass[39m=[32m"text-xl"[39m
            [36m>[39m
              [0m🔍[0m
            [36m</span>[39m
            [0mGap Analysis[0m
          [36m</a>[39m
          [36m<a[39m
            [33mclass[39m=[32m"flex items-center gap-3 px-4 py-3 rounded-lg transition-colors text-gray-600 hover:bg-gray-50 hover:text-gray-900"[39m
            [33mhref[39m=[32m"/app/reports"[39m
          [36m>[39m
            [36m<span[39m
              [33mclass[39m=[32m"text-xl"[39m
            [36m>[39m
              [0m📋[0m
            [36m</span>[39m
            [0mReports[0m
          [36m</a>[39m
          [36m<a[39m
            [33mclass[39m=[32m"flex items-center gap-3 px-4 py-3 rounded-lg transition-colors text-gray-600 hover:bg-gray-50 hover:text-gray-900"[39m
            [33mhref[39m=[32m"/app/settings"[39m
          [36m>[39m
            [36m<span[39m
              [33mclass[39m=[32m"text-xl"[39m
            [36m>[39m
              [0m⚙️[0m
            [36m</span>[39m
            [0mSettings[0m
          [36m</a>[39m
        [36m</nav>[39m
        [36m<div[39m
          [33mclass[39m=[32m"p-4 border-t border-gray-100"[39m
        [36m>[39m
          [36m<div[39m
            [33mclass[39m=[32m"bg-blue-50 rounded-lg p-4"[39m
          [36m>[39m
            [36m<h4[39m
              [33mclass[39m=[32m"text-sm font-semibold text-blue-800 mb-1"[39m
            [36m>[39m
              [0mPro Plan[0m
            [36m</h4>[39m
            [36m<p[39m
              [33mclass[39m=[32m"text-xs text-blue-600 mb-3"[39m
            [36m>[39m
              [0mGet access to advanced AI features.[0m
            [36m</p>[39m
            [36m<button[39m
              [33mclass[39m=[32m"w-full bg-blue-600 text-white text-xs font-medium py-2 rounded hover:bg-blue-700 transition"[39m
            [36m>[39m
              [0mUpgrade Now[0m
            [36m</button>[39m
          [36m</div>[39m
        [36m</div>[39m
      [36m</aside>[39m
      [36m<div[39m
        [33mclass[39m=[32m"flex-1 flex flex-col"[39m
      [36m>[39m
        [36m<header[39m
          [33mclass[39m=[32m"bg-white border-b border-gray-200 px-8 py-4 flex justify-between items-center sticky top-0 z-10"[39m
        [36m>[39m
          [36m<div>[39m
            [36m<h2[39m
              [33mclass[39m=[32m"text-xl font-semibold text-gray-800"[39m
            [36m>[39m
              [0mDashboard[0m
            [36m</h2>[39m
            [36m<p[39m
              [33mclass[39m=[32m"text-sm text-gray-500"[39m
            [36m>[39m
              [0mWelcome back, User[0m
            [36m</p>[39m
          [36m</div>[39m
          [36m<div[39m
            [33mclass[39m=[32m"w-1/3"[39m
          [36m>[39m
            [36m<div[39m
              [33mclass[39m=[32m"relative w-full max-w-xl"[39m
            [36m>[39m
              [36m<form[39m
                [33mclass[39m=[32m"relative"[39m
              [36m>[39m
                [36m<input[39m
                  [33mclass[39m=[32m"w-full border border-gray-300 rounded-lg py-2 px-4 pl-10 focus:outline-none focus:ring-2 focus:ring-blue-500"[39m
                  [33mplaceholder[39m=[32m"Search documents (e.g. 'password policy')..."[39m
                  [33mtype[39m=[32m"text"[39m
                  [33mvalue[39m=[32m""[39m
                [36m/>[39m
                [36m<div[39m
                  [33mclass[39m=[32m"absolute inset-y-0 left-0 pl-3 flex items-center pointer-events-none"[39m
                [36m>[39m
                  [36m<span[39m
                    [33mclass[39m=[32m"text-gray-400"[39m
                  [36m>[39m
                    [0m🔍[0m
                  [36m</span>[39m
                [36m</div>[39m
                [36m<button[39m
                  [33mclass[39m=[32m"absolute inset-y-0 right-0 px-4 text-white bg-blue-600 rounded-r-lg hover:bg-blue-700 disabled:opacity-50"[39m
                  [33mtype[39m=[32m"submit"[39m
                [36m>[39m
                  [0mSearch[0m
                [36m</button>[39m
              [36m</form>[39m
            [36m</div>[39m
          [36m</div>[39m
          [36m<div[39m
            [33mclass[39m=[32m"flex items-center gap-4"[39m
          [36m>[39m
            [36m<button[39m
              [33mclass[39m=[32m"p-2 text-gray-400 hover:text-gray-600"[39m
            [36m>[39m
              [0m🔔[0m
            [36m</button>[39m
            [36m<div[39m
              [33mclass[39m=[32m"w-8 h-8 bg-blue-100 rounded-full flex items-center justify-center text-blue-600 font-bold"[39m
            [36m>[39m
              [0mU[0m
            [36m</div>[39m
          [36m</div>[39m
        [36m</header>[39m
        [36m<main[39m
          [33mclass[39m=[32m"flex-1 p-8 overflow-y-auto"[39m
        [36m>[39m
          [36m<div[39m
            [33mclass[39m=[32m"max-w-7xl mx-auto space-y-8"[39m
          [36m>[39m
            [36m<div[39m
              [33mclass[39m=[32m"grid grid-cols-1 md:grid-cols-3 gap-6 mb-8"[39m
            [36m>[39m
              [36m<div[39m
                [33mclass[39m=[32m"bg-white p-6 rounded-lg shadow-sm border border-gray-100"[39m
              [36m>[39m
                [36m<div[39m
                  [33mclass[39m=[32m"text-sm font-medium text-gray-500 mb-1"[39m
                [36m>[39m
                  [0mTotal Documents[0m
                [36m</div>[39m
                [36m<div[39m
                  [33mclass[39m=[32m"text-3xl font-bold text-gray-900"[39m
                [36m>[39m
                  [0m10[0m
                [36m</div>[39m
              [36m</div>[39m
              [36m<div[39m
                [33mclass[39m=[32m"bg-white p-6 rounded-lg shadow-sm border border-gray-100"[39m
              [36m>[39m
                [36m<div[39m
                  [33mclass[39m=[32m"text-sm font-medium text-gray-500 mb-1"[39m
                [36m>[39m
                  [0mAnalyzed[0m
                [36m</div>[39m
                [36m<div[39m
                  [33mclass[39m=[32m"text-3xl font-bold text-blue-600"[39m
                [36m>[39m
                  [0m5[0m
                [36m</div>[39m
              [36m</div>[39m
              [36m<div[39m
                [33mclass[39m=[32m"bg-white p-6 rounded-lg shadow-sm border border-gray-100"[39m
              [36m>[39m
                [36m<div[39m
                  [33mclass[39m=[32m"text-sm font-medium text-gray-500 mb-1"[39m
                [36m>[39m
                  [0mAvg. Compliance Score[0m
                [36m</div>[39m
                [36m<div[39m
                  [33mclass[39m=[32m"text-3xl font-bold text-green-600"[39m
                [36m>[39m
                  [0m85[0m
                  [0m%[0m
                [36m</div>[39m
              [36m</div>[39m
            [36m</div>[39m
            [36m<div[39m
              [33mclass[39m=[32m"grid grid-cols-1 lg:grid-cols-3 gap-8"[39m
            [36m>[39m
              [36m<div[39m
                [33mclass[39m=[32m"lg:col-span-2 space-y-6"[39m
              [36m>[39m
                [36m<div[39m
                  [33mclass[39m=[32m"bg-white rounded-xl shadow-sm border border-gray-100 overflow-hidden"[39m
                [36m>[39m
                  [36m<div[39m
                    [33mclass[39m=[32m"p-6 border-b border-gray-100 flex justify-between items-center bg-gray-50/50"[39m
                  [36m>[39m
                    [36m<div>[39m
                      [36m<h3[39m
                        [33mclass[39m=[32m"text-lg font-semibold text-gray-900"[39m
                      [36m>[39m
                        [0mRecent Documents[0m
                      [36m</h3>[39m
                      [36m<p[39m
                        [33mclass[39m=[32m"text-sm text-gray-500"[39m
                      [36m>[39m
                        [0mManage and analyze your files[0m
                      [36m</p>[39m
                    [36m</div>[39m
                    [36m<div[39m
                      [33mclass[39m=[32m"relative"[39m
                    [36m>[39m
                      [36m<input[39m
                        [33mclass[39m=[32m"hidden"[39m
                        [33mid[39m=[32m"file-upload"[39m
                        [33mtype[39m=[32m"file"[39m
                      [36m/>[39m
                      [36m<label[39m
                        [33mclass[39m=[32m"flex items-center gap-2 bg-blue-600 text-white px-4 py-2 rounded-lg hover:bg-blue-700 transition cursor-pointer shadow-sm "[39m
                        [33mfor[39m=[32m"file-upload"[39m
                      [36m>[39m
                        [36m<span>[39m
                          [0m☁️[0m
                        [36m</span>[39m
                        [0mUpload New[0m
                      [36m</label>[39m
                    [36m</div>[39m
                  [36m</div>[39m
                  [36m<div[39m
                    [33mclass[39m=[32m"overflow-x-auto"[39m
                  [36m>[39m
                    [36m<table[39m
                      [33mclass[39m=[32m"min-w-full divide-y divide-gray-200"[39m
                    [36m>[39m
                      [36m<thead[39m
                        [33mclass[39m=[32m"bg-gray-50"[39m
                      [36m>[39m
                        [36m<tr>[39m
                          [36m<th[39m
                            [33mclass[39m=[32m"px-6 py-3 text-left text-xs font-medium text-gray-500 uppercase tracking-wider"[39m
                          [36m>[39m
                            [0mDocument[0m
                          [36m</th>[39m
                          [36m<th[39m
                            [33mclass[39m=[32m"px-6 py-3 text-left text-xs font-medium text-gray-500 uppercase tracking-wider"[39m
                          [36m>[39m
                            [0mStatus[0m
                          [36m</th>[39m
                          [36m<th[39m
                            [33mclass[39m=[32m"px-6 py-3 text-left text-xs font-medium text-gray-500 uppercase tracking-wider"[39m
                          [36m>[39m
                            [0mDate[0m
                          [36m</th>[39m
                          [36m<th[39m
                            [33mclass[39m=[32m"px-6 py-3 text-right text-xs font-medium text-gray-500 uppercase tracking-wider"[39m
                          [36m>[39m
                            [0mActions[0m
                          [36m</th>[39m
                        [36m</tr>[39m
                      [36m</thead>[39m
                      [36m<tbody[39m
                        [33mclass[39m=[32m"bg-white divide-y divide-gray-200"[39m
                      [36m>[39m
                        [36m<tr[39m
                          [33mclass[39m=[32m"hover:bg-gray-50 transition-colors"[39m
                        [36m>[39m
                          [36m<td[39m
                            [33mclass[39m=[32m"px-6 py-4 whitespace-nowrap"[39m
                          [36m>[39m
                            [36m<div[39m
                              [33mclass[39m=[32m"flex items-center"[39m
                            [36m>[39m
                              [36m<div[39m
                                [33mclass[39m=[32m"flex-shrink-0 h-10 w-10 bg-blue-50 rounded-lg flex items-center justify-center text-blue-600"[39m
                              [36m>[39m
                                [0m📄[0m
                              [36m</div>[39m
                              [36m<div[39m
                                [33mclass[39m=[32m"ml-4"[39m
                              [36m>[39m
                                [36m<div[39m
                                  [33mclass[39m=[32m"text-sm font-medium text-gray-900"[39m
                                [36m>[39m
                                  [0mDoc 1[0m
                                [36m</div>[39m
                                [36m<div[39m
                                  [33mclass[39m=[32m"text-xs text-gray-500"[39m
                                [36m>[39m
                                  [0mID: [0m
                                  [0m1[0m
                                [36m</div>[39m
                              [36m</div>[39m
                            [36m</div>[39m
                          [36m</td>[39m
                          [36m<td[39m
                            [33mclass[39m=[32m"px-6 py-4 whitespace-nowrap"[39m
                          [36m>[39m
                            [36m<span[39m
                              [33mclass[39m=[32m"px-2 py-1 inline-flex text-xs leading-5 font-semibold rounded-full bg-yellow-100 text-yellow-800"[39m
                            [36m>[39m
                              [0mPENDING[0m
                            [36m</span>[39m
                          [36m</td>[39m
                          [36m<td[39m
                            [33mclass[39m=[32m"px-6 py-4 whitespace-nowrap text-sm text-gray-500"[39m
                          [36m>[39m
                            [0m1/1/2023[0m
                          [36m</td>[39m
                          [36m<td[39m
                            [33mclass[39m=[32m"px-6 py-4 whitespace-nowrap text-right text-sm font-medium"[39m
                          [36m>[39m
                            [36m<div[39m
                              [33mclass[39m=[32m"flex justify-end gap-3"[39m
                            [36m>[39m
                              [36m<a[39m
                                [33mclass[39m=[32m"text-gray-400 hover:text-blue-600 transition-colors"[39m
                                [33mhref[39m=[32m"/app/documents/1"[39m
                                [33mtitle[39m=[32m"View"[39m
                              [36m>[39m
                                [0m👁️[0m
                              [36m</a>[39m
                              [36m<button[39m
                                [33mclass[39m=[32m"text-gray-400 hover:text-green-600 transition-colors"[39m
                                [33mtitle[39m=[32m"Analyze"[39m
                              [36m>[39m
                                [0m⚡️[0m
                              [36m</button>[39m
                            [36m</div>[39m
                          [36m</td>[39m
                        [36m</tr>[39m
                      [36m</tbody>[39m
                    [36m</table>[39m
                  [36m</div>[39m
                [36m</div>[39m
              [36m</div>[39m
              [36m<div[39m
                [33mclass[39m=[32m"space-y-8"[39m
              [36m>[39m
                [36m<div[39m
                  [33mclass[39m=[32m"bg-white rounded-lg shadow-sm border border-gray-100 overflow-hidden"[39m
                [36m>[39m
                  [36m<div[39m
                    [33mclass[39m=[32m"px-6 py-4 border-b border-gray-100"[39m
                  [36m>[39m
                    [36m<h3[39m
                      [33mclass[39m=[32m"text-lg font-semibold text-gray-900"[39m
                    [36m>[39m
                      [0mRecent Activity[0m
                    [36m</h3>[39m
                  [36m</div>[39m
                  [36m<div[39m
                    [33mclass[39m=[32m"divide-y divide-gray-100"[39m
                  [36m>[39m
                    [36m<div[39m
                      [33mclass[39m=[32m"p-4 hover:bg-gray-50 transition-colors flex justify-between items-center"[39m
                    [36m>[39m
                      [36m<div>[39m
                        [36m<div[39m
                          [33mclass[39m=[32m"font-medium text-gray-900"[39m
                        [36m>[39m
                          [0mDoc 1[0m
                        [36m</div>[39m
                        [36m<div[39m
                          [33mclass[39m=[32m"text-xs text-gray-500"[39m
                        [36m>[39m
                          [0mUpdated: [0m
                          [0m1/1/2023[0m
                        [36m</div>[39m
                      [36m</div>[39m
                      [36m<span[39m
                        [33mclass[39m=[32m"px-2 py-1 rounded-full text-xs font-medium bg-green-100 text-green-800"[39m
                      [36m>[39m
                        [0mANALYZED[0m
                      [36m</span>[39m
                    [36m</div>[39m
                  [36m</div>[39m
                [36m</div>[39m
                [36m<div[39m
                  [33mclass[39m=[32m"bg-gradient-to-br from-blue-600 to-indigo-700 rounded-xl shadow-lg p-6 text-white"[39m
                [36m>[39m
                  [36m<h3[39m
                    [33mclass[39m=[32m"text-lg font-semibold mb-2"[39m
                  [36m>[39m
                    [0mNeed Help?[0m
                  [36m</h3>[39m
                  [36m<p[39m
                    [33mclass[39m=[32m"text-blue-100 text-sm mb-4"[39m
                  [36m>[39m
                    [0mAsk our AI Auditor anything about your compliance status.[0m
                  [36m</p>[39m
                  [36m<button[39m
                    [33mclass[39m=[32m"w-full bg-white text-blue-600 py-2 rounded-lg font-medium hover:bg-blue-50 transition"[39m
                  [36m>[39m
                    [0mStart Chat[0m
                  [36m</button>[39m
                [36m</div>[39m
              [36m</div>[39m
            [36m</div>[39m
          [36m</div>[39m
        [36m</main>[39m
      [36m</div>[39m
    [36m</div>[39m
  [36m</div>[39m
[36m</body>[39m
 ❯ Object.getElementError node_modules/@testing-library/dom/dist/config.js:37:19
 ❯ node_modules/@testing-library/dom/dist/query-helpers.js:76:38
 ❯ node_modules/@testing-library/dom/dist/query-helpers.js:52:17
 ❯ node_modules/@testing-library/dom/dist/query-helpers.js:95:19
 ❯ app/app/dashboard/page.test.tsx:91:32
     89| 
     90|         // Click Analyze
     91|         fireEvent.click(screen.getByText('Analyze'));
       |                                ^
     92| 
     93|         // Check modal

⎯⎯⎯⎯⎯⎯⎯⎯⎯⎯⎯⎯⎯⎯⎯⎯⎯⎯⎯⎯⎯⎯⎯⎯[1/1]⎯


 Test Files  1 failed (1)
      Tests  1 failed | 2 passed (3)
   Start at  00:12:07
   Duration  908ms

 FAIL  Tests failed. Watching for file changes...
       press h to show help, press q to quit
c[3J RERUN  app/app/dashboard/page.test.tsx x29 

 ✓ app/app/dashboard/page.test.tsx (3 tests) 288ms

 Test Files  1 passed (1)
      Tests  3 passed (3)
   Start at  00:12:09
   Duration  741ms

 PASS  Waiting for file changes...
       press h to show help, press q to quit
c[3J RERUN  lib/api.ts 

 ❯ lib/api.test.ts (4 tests | 2 failed) 31ms
       ✓ should fetch documents successfully 15ms
       ✓ should throw error on failure 1ms
       × should upload document successfully 10ms
       × should throw error on upload failure 1ms
 ✓ app/app/gap-analysis/page.test.tsx (2 tests) 521ms
     ✓ runs gap analysis and displays results  479ms
 ✓ app/app/reports/[id]/page.test.tsx (3 tests) 287ms
 ✓ app/app/dashboard/page.test.tsx (3 tests) 912ms
     ✓ renders documents and standards  466ms
     ✓ opens analysis modal and runs check  329ms
 ✓ app/app/documents/[id]/page.test.tsx (2 tests) 784ms
     ✓ renders document details and download button  765ms

⎯⎯⎯⎯⎯⎯⎯ Failed Tests 2 ⎯⎯⎯⎯⎯⎯⎯

 FAIL  lib/api.test.ts > API Client > uploadDocument > should upload document successfully
TypeError: (0 , __vite_ssr_import_0__.uploadDocument) is not a function
 ❯ lib/api.test.ts:42:19
     40| 
     41|             const file = new File(['content'], 'test.txt', { type: 'te…
     42|             await uploadDocument(file);
       |                   ^
     43| 
     44|             expect(global.fetch).toHaveBeenCalledWith(

⎯⎯⎯⎯⎯⎯⎯⎯⎯⎯⎯⎯⎯⎯⎯⎯⎯⎯⎯⎯⎯⎯⎯⎯[1/2]⎯

 FAIL  lib/api.test.ts > API Client > uploadDocument > should throw error on upload failure
TypeError: (0 , __vite_ssr_import_0__.uploadDocument) is not a function
 ❯ lib/api.test.ts:59:26
     57| 
     58|             const file = new File(['content'], 'test.txt', { type: 'te…
     59|             await expect(uploadDocument(file)).rejects.toThrow('Failed…
       |                          ^
     60|         });
     61|     });

⎯⎯⎯⎯⎯⎯⎯⎯⎯⎯⎯⎯⎯⎯⎯⎯⎯⎯⎯⎯⎯⎯⎯⎯[2/2]⎯


 Test Files  1 failed | 4 passed (5)
      Tests  2 failed | 12 passed (14)
   Start at  00:40:06
   Duration  26.32s

 FAIL  Tests failed. Watching for file changes...
       press h to show help, press q to quit
c[3J RERUN  app/app/dashboard/page.tsx x31 

 ❯ lib/api.test.ts (4 tests | 2 failed) 31ms
       ✓ should fetch documents successfully 15ms
       ✓ should throw error on failure 1ms
       × should upload document successfully 10ms
       × should throw error on upload failure 1ms
 ❯ app/app/dashboard/page.test.tsx (3 tests | 3 failed) 18ms
     × renders documents and standards 14ms
     × renders dashboard widgets 1ms
     × opens analysis modal and runs check 2ms

⎯⎯⎯⎯⎯⎯⎯ Failed Tests 3 ⎯⎯⎯⎯⎯⎯⎯

 FAIL  app/app/dashboard/page.test.tsx > Dashboard Page > renders documents and standards
 FAIL  app/app/dashboard/page.test.tsx > Dashboard Page > renders dashboard widgets
 FAIL  app/app/dashboard/page.test.tsx > Dashboard Page > opens analysis modal and runs check
ReferenceError: stats is not defined
 ❯ Dashboard app/app/dashboard/page.tsx:141:26
    139|                     <div className="max-w-7xl mx-auto space-y-8">
    140|                         {/* Stats Row */}
    141|                         {stats && <StatsWidget stats={stats} />}
       |                          ^
    142| 
    143|                         {/* Staged Documents Review Queue */}
 ❯ Object.react_stack_bottom_frame node_modules/react-dom/cjs/react-dom-client.development.js:25904:20
 ❯ renderWithHooks node_modules/react-dom/cjs/react-dom-client.development.js:7662:22
 ❯ updateFunctionComponent node_modules/react-dom/cjs/react-dom-client.development.js:10166:19
 ❯ beginWork node_modules/react-dom/cjs/react-dom-client.development.js:11778:18
 ❯ runWithFiberInDEV node_modules/react-dom/cjs/react-dom-client.development.js:874:13
 ❯ performUnitOfWork node_modules/react-dom/cjs/react-dom-client.development.js:17641:22
 ❯ workLoopSync node_modules/react-dom/cjs/react-dom-client.development.js:17469:41
 ❯ renderRootSync node_modules/react-dom/cjs/react-dom-client.development.js:17450:11
 ❯ performWorkOnRoot node_modules/react-dom/cjs/react-dom-client.development.js:16583:35

⎯⎯⎯⎯⎯⎯⎯⎯⎯⎯⎯⎯⎯⎯⎯⎯⎯⎯⎯⎯⎯⎯⎯⎯[1/3]⎯


 Test Files  2 failed (2)
      Tests  5 failed | 2 passed (7)
   Start at  00:41:49
   Duration  897ms

 FAIL  Tests failed. Watching for file changes...
       press h to show help, press q to quit
c[3J RERUN  app/app/dashboard/page.tsx x32 

 ❯ lib/api.test.ts (4 tests | 2 failed) 31ms
       ✓ should fetch documents successfully 15ms
       ✓ should throw error on failure 1ms
       × should upload document successfully 10ms
       × should throw error on upload failure 1ms
 ❯ app/app/dashboard/page.test.tsx (3 tests | 3 failed) 20ms
     × renders documents and standards 16ms
     × renders dashboard widgets 1ms
     × opens analysis modal and runs check 1ms

⎯⎯⎯⎯⎯⎯⎯ Failed Tests 3 ⎯⎯⎯⎯⎯⎯⎯

 FAIL  app/app/dashboard/page.test.tsx > Dashboard Page > renders documents and standards
 FAIL  app/app/dashboard/page.test.tsx > Dashboard Page > renders dashboard widgets
 FAIL  app/app/dashboard/page.test.tsx > Dashboard Page > opens analysis modal and runs check
ReferenceError: stats is not defined
 ❯ Dashboard app/app/dashboard/page.tsx:141:26
    139|                     <div className="max-w-7xl mx-auto space-y-8">
    140|                         {/* Stats Row */}
    141|                         {stats && <StatsWidget stats={stats} />}
       |                          ^
    142| 
    143|                         {/* Staged Documents Review Queue */}
 ❯ Object.react_stack_bottom_frame node_modules/react-dom/cjs/react-dom-client.development.js:25904:20
 ❯ renderWithHooks node_modules/react-dom/cjs/react-dom-client.development.js:7662:22
 ❯ updateFunctionComponent node_modules/react-dom/cjs/react-dom-client.development.js:10166:19
 ❯ beginWork node_modules/react-dom/cjs/react-dom-client.development.js:11778:18
 ❯ runWithFiberInDEV node_modules/react-dom/cjs/react-dom-client.development.js:874:13
 ❯ performUnitOfWork node_modules/react-dom/cjs/react-dom-client.development.js:17641:22
 ❯ workLoopSync node_modules/react-dom/cjs/react-dom-client.development.js:17469:41
 ❯ renderRootSync node_modules/react-dom/cjs/react-dom-client.development.js:17450:11
 ❯ performWorkOnRoot node_modules/react-dom/cjs/react-dom-client.development.js:16583:35

⎯⎯⎯⎯⎯⎯⎯⎯⎯⎯⎯⎯⎯⎯⎯⎯⎯⎯⎯⎯⎯⎯⎯⎯[1/3]⎯


 Test Files  2 failed (2)
      Tests  5 failed | 2 passed (7)
   Start at  00:41:51
   Duration  657ms

 FAIL  Tests failed. Watching for file changes...
       press h to show help, press q to quit
c[3J RERUN  app/app/dashboard/page.tsx x33 

 ❯ lib/api.test.ts (4 tests | 2 failed) 31ms
       ✓ should fetch documents successfully 15ms
       ✓ should throw error on failure 1ms
       × should upload document successfully 10ms
       × should throw error on upload failure 1ms
 ✓ app/app/dashboard/page.test.tsx (3 tests) 251ms

 Test Files  1 failed | 1 passed (2)
      Tests  2 failed | 5 passed (7)
   Start at  00:42:11
   Duration  1.02s

 PASS  Waiting for file changes...
       press h to show help, press q to quit
c[3J RERUN  app/app/dashboard/page.test.tsx x34 

 ❯ lib/api.test.ts (4 tests | 2 failed) 31ms
       ✓ should fetch documents successfully 15ms
       ✓ should throw error on failure 1ms
       × should upload document successfully 10ms
       × should throw error on upload failure 1ms
 ✓ app/app/dashboard/page.test.tsx (3 tests) 414ms

 Test Files  1 failed | 1 passed (2)
      Tests  2 failed | 5 passed (7)
   Start at  00:43:45
   Duration  1.07s

 PASS  Waiting for file changes...
       press h to show help, press q to quit
c[3J RERUN  app/app/dashboard/page.test.tsx x35 

 ❯ lib/api.test.ts (4 tests | 2 failed) 31ms
       ✓ should fetch documents successfully 15ms
       ✓ should throw error on failure 1ms
       × should upload document successfully 10ms
       × should throw error on upload failure 1ms
 ❯ app/app/dashboard/page.test.tsx (3 tests | 1 failed) 246ms
     ✓ renders documents and standards 88ms
     ✓ renders dashboard widgets 49ms
     × opens analysis modal and runs check 108ms

⎯⎯⎯⎯⎯⎯⎯ Failed Tests 1 ⎯⎯⎯⎯⎯⎯⎯

 FAIL  app/app/dashboard/page.test.tsx > Dashboard Page > opens analysis modal and runs check
Error: Calling the test function inside another test function is not allowed. Please put it inside "describe" or "suite" so it can be properly collected.
 ❯ app/app/dashboard/page.test.tsx:105:9
    103|             expect(mockPush).toHaveBeenCalledWith('/app/reports/report…
    104|         });
    105|         it('shows staged documents and allows approval', async () => {
       |         ^
    106|             const mockDocuments = [
    107|                 { id: '1', title: 'Doc 1', status: 'STAGED', createdAt…

⎯⎯⎯⎯⎯⎯⎯⎯⎯⎯⎯⎯⎯⎯⎯⎯⎯⎯⎯⎯⎯⎯⎯⎯[1/1]⎯


 Test Files  2 failed (2)
      Tests  3 failed | 4 passed (7)
   Start at  00:43:48
   Duration  799ms

 FAIL  Tests failed. Watching for file changes...
       press h to show help, press q to quit
c[3J RERUN  app/app/dashboard/page.test.tsx x36 

 ❯ lib/api.test.ts (4 tests | 2 failed) 31ms
       ✓ should fetch documents successfully 15ms
       ✓ should throw error on failure 1ms
       × should upload document successfully 10ms
       × should throw error on upload failure 1ms

⎯⎯⎯⎯⎯⎯ Failed Suites 1 ⎯⎯⎯⎯⎯⎯⎯

 FAIL  app/app/dashboard/page.test.tsx [ app/app/dashboard/page.test.tsx ]
Error: Transform failed with 1 error:
/Users/isak/Downloads/iso-doc-platform/frontend/app/app/dashboard/page.test.tsx:130:0: ERROR: Unexpected "}"
  Plugin: vite:esbuild
  File: /Users/isak/Downloads/iso-doc-platform/frontend/app/app/dashboard/page.test.tsx:130:0
  
  Unexpected "}"
  128 |      });
  129 |  });
  130 |  });
      |  ^
  131 |  
  
 ❯ failureErrorWithLog node_modules/esbuild/lib/main.js:1467:15
 ❯ node_modules/esbuild/lib/main.js:736:50
 ❯ responseCallbacks.<computed> node_modules/esbuild/lib/main.js:603:9
 ❯ handleIncomingPacket node_modules/esbuild/lib/main.js:658:12
 ❯ Socket.readFromStdout node_modules/esbuild/lib/main.js:581:7

⎯⎯⎯⎯⎯⎯⎯⎯⎯⎯⎯⎯⎯⎯⎯⎯⎯⎯⎯⎯⎯⎯⎯⎯[1/1]⎯


 Test Files  2 failed (2)
      Tests  2 failed | 2 passed (4)
   Start at  00:44:43
   Duration  153ms

 FAIL  Tests failed. Watching for file changes...
       press h to show help, press q to quit
c[3J RERUN  app/app/dashboard/page.test.tsx x37 

 ❯ lib/api.test.ts (4 tests | 2 failed) 31ms
       ✓ should fetch documents successfully 15ms
       ✓ should throw error on failure 1ms
       × should upload document successfully 10ms
       × should throw error on upload failure 1ms
 ❯ app/app/dashboard/page.test.tsx (4 tests | 1 failed) 1238ms
     ✓ renders documents and standards 91ms
     ✓ renders dashboard widgets 31ms
     ✓ opens analysis modal and runs check 103ms
     × shows staged documents and allows approval 1011ms

⎯⎯⎯⎯⎯⎯⎯ Failed Tests 1 ⎯⎯⎯⎯⎯⎯⎯

 FAIL  app/app/dashboard/page.test.tsx > Dashboard Page > shows staged documents and allows approval
TestingLibraryElementError: Found multiple elements with the text: Doc 1

Here are the matching elements:

Ignored nodes: comments, script, style
[36m<td[39m
  [33mclass[39m=[32m"px-6 py-4 text-sm font-medium text-gray-900"[39m
[36m>[39m
  [0mDoc 1[0m
[36m</td>[39m

Ignored nodes: comments, script, style
[36m<div[39m
  [33mclass[39m=[32m"font-medium text-gray-900"[39m
[36m>[39m
  [0mDoc 1[0m
[36m</div>[39m

(If this is intentional, then use the `*AllBy*` variant of the query (like `queryAllByText`, `getAllByText`, or `findAllByText`)).

Ignored nodes: comments, script, style
[36m<body>[39m
  [36m<div>[39m
    [36m<div[39m
      [33mclass[39m=[32m"flex min-h-screen bg-gray-50"[39m
    [36m>[39m
      [36m<aside[39m
        [33mclass[39m=[32m"w-64 bg-white border-r border-gray-200 min-h-screen flex flex-col"[39m
      [36m>[39m
        [36m<div[39m
          [33mclass[39m=[32m"p-6 border-b border-gray-100"[39m
        [36m>[39m
          [36m<h1[39m
            [33mclass[39m=[32m"text-2xl font-bold text-blue-600 flex items-center gap-2"[39m
          [36m>[39m
            [36m<span>[39m
              [0m🛡️[0m
            [36m</span>[39m
            [0m ISO Doc[0m
          [36m</h1>[39m
        [36m</div>[39m
        [36m<nav[39m
          [33mclass[39m=[32m"flex-1 p-4 space-y-1"[39m
        [36m>[39m
          [36m<a[39m
            [33mclass[39m=[32m"flex items-center gap-3 px-4 py-3 rounded-lg transition-colors bg-blue-50 text-blue-700 font-medium"[39m
            [33mhref[39m=[32m"/app/dashboard"[39m
          [36m>[39m
            [36m<span[39m
              [33mclass[39m=[32m"text-xl"[39m
            [36m>[39m
              [0m📊[0m
            [36m</span>[39m
            [0mDashboard[0m
          [36m</a>[39m
          [36m<a[39m
            [33mclass[39m=[32m"flex items-center gap-3 px-4 py-3 rounded-lg transition-colors text-gray-600 hover:bg-gray-50 hover:text-gray-900"[39m
            [33mhref[39m=[32m"/app/documents"[39m
          [36m>[39m
            [36m<span[39m
              [33mclass[39m=[32m"text-xl"[39m
            [36m>[39m
              [0m📁[0m
            [36m</span>[39m
            [0mDocuments[0m
          [36m</a>[39m
          [36m<a[39m
            [33mclass[39m=[32m"flex items-center gap-3 px-4 py-3 rounded-lg transition-colors text-gray-600 hover:bg-gray-50 hover:text-gray-900"[39m
            [33mhref[39m=[32m"/app/gap-analysis"[39m
          [36m>[39m
            [36m<span[39m
              [33mclass[39m=[32m"text-xl"[39m
            [36m>[39m
              [0m🔍[0m
            [36m</span>[39m
            [0mGap Analysis[0m
          [36m</a>[39m
          [36m<a[39m
            [33mclass[39m=[32m"flex items-center gap-3 px-4 py-3 rounded-lg transition-colors text-gray-600 hover:bg-gray-50 hover:text-gray-900"[39m
            [33mhref[39m=[32m"/app/reports"[39m
          [36m>[39m
            [36m<span[39m
              [33mclass[39m=[32m"text-xl"[39m
            [36m>[39m
              [0m📋[0m
            [36m</span>[39m
            [0mReports[0m
          [36m</a>[39m
          [36m<a[39m
            [33mclass[39m=[32m"flex items-center gap-3 px-4 py-3 rounded-lg transition-colors text-gray-600 hover:bg-gray-50 hover:text-gray-900"[39m
            [33mhref[39m=[32m"/app/settings"[39m
          [36m>[39m
            [36m<span[39m
              [33mclass[39m=[32m"text-xl"[39m
            [36m>[39m
              [0m⚙️[0m
            [36m</span>[39m
            [0mSettings[0m
          [36m</a>[39m
        [36m</nav>[39m
        [36m<div[39m
          [33mclass[39m=[32m"p-4 border-t border-gray-100"[39m
        [36m>[39m
          [36m<div[39m
            [33mclass[39m=[32m"bg-blue-50 rounded-lg p-4"[39m
          [36m>[39m
            [36m<h4[39m
              [33mclass[39m=[32m"text-sm font-semibold text-blue-800 mb-1"[39m
            [36m>[39m
              [0mPro Plan[0m
            [36m</h4>[39m
            [36m<p[39m
              [33mclass[39m=[32m"text-xs text-blue-600 mb-3"[39m
            [36m>[39m
              [0mGet access to advanced AI features.[0m
            [36m</p>[39m
            [36m<button[39m
              [33mclass[39m=[32m"w-full bg-blue-600 text-white text-xs font-medium py-2 rounded hover:bg-blue-700 transition"[39m
            [36m>[39m
              [0mUpgrade Now[0m
            [36m</button>[39m
          [36m</div>[39m
        [36m</div>[39m
      [36m</aside>[39m
      [36m<div[39m
        [33mclass[39m=[32m"flex-1 flex flex-col"[39m
      [36m>[39m
        [36m<header[39m
          [33mclass[39m=[32m"bg-white border-b border-gray-200 px-8 py-4 flex justify-between items-center sticky top-0 z-10"[39m
        [36m>[39m
          [36m<div>[39m
            [36m<h2[39m
              [33mclass[39m=[32m"text-xl font-semibold text-gray-800"[39m
            [36m>[39m
              [0mDashboard[0m
            [36m</h2>[39m
            [36m<p[39m
              [33mclass[39m=[32m"text-sm text-gray-500"[39m
            [36m>[39m
              [0mWelcome back, User[0m
            [36m</p>[39m
          [36m</div>[39m
          [36m<div[39m
            [33mclass[39m=[32m"w-1/3"[39m
          [36m>[39m
            [36m<div[39m
              [33mclass[39m=[32m"relative w-full max-w-xl"[39m
            [36m>[39m
              [36m<form[39m
                [33mclass[39m=[32m"relative"[39m
              [36m>[39m
                [36m<input[39m
                  [33mclass[39m=[32m"w-full border border-gray-300 rounded-lg py-2 px-4 pl-10 focus:outline-none focus:ring-2 focus:ring-blue-500"[39m
                  [33mplaceholder[39m=[32m"Search documents (e.g. 'password policy')..."[39m
                  [33mtype[39m=[32m"text"[39m
                  [33mvalue[39m=[32m""[39m
                [36m/>[39m
                [36m<div[39m
                  [33mclass[39m=[32m"absolute inset-y-0 left-0 pl-3 flex items-center pointer-events-none"[39m
                [36m>[39m
                  [36m<span[39m
                    [33mclass[39m=[32m"text-gray-400"[39m
                  [36m>[39m
                    [0m🔍[0m
                  [36m</span>[39m
                [36m</div>[39m
                [36m<button[39m
                  [33mclass[39m=[32m"absolute inset-y-0 right-0 px-4 text-white bg-blue-600 rounded-r-lg hover:bg-blue-700 disabled:opacity-50"[39m
                  [33mtype[39m=[32m"submit"[39m
                [36m>[39m
                  [0mSearch[0m
                [36m</button>[39m
              [36m</form>[39m
            [36m</div>[39m
          [36m</div>[39m
          [36m<div[39m
            [33mclass[39m=[32m"flex items-center gap-4"[39m
          [36m>[39m
            [36m<button[39m
              [33mclass[39m=[32m"p-2 text-gray-400 hover:text-gray-600"[39m
            [36m>[39m
              [0m🔔[0m
            [36m</button>[39m
            [36m<div[39m
              [33mclass[39m=[32m"w-8 h-8 bg-blue-100 rounded-full flex items-center justify-center text-blue-600 font-bold"[39m
            [36m>[39m
              [0mU[0m
            [36m</div>[39m
          [36m</div>[39m
        [36m</header>[39m
        [36m<main[39m
          [33mclass[39m=[32m"flex-1 p-8 overflow-y-auto"[39m
        [36m>[39m
          [36m<div[39m
            [33mclass[39m=[32m"max-w-7xl mx-auto space-y-8"[39m
          [36m>[39m
            [36m<div[39m
              [33mclass[39m=[32m"grid grid-cols-1 md:grid-cols-3 gap-6 mb-8"[39m
            [36m>[39m
              [36m<div[39m
                [33mclass[39m=[32m"bg-white p-6 rounded-lg shadow-sm border border-gray-100"[39m
              [36m>[39m
                [36m<div[39m
                  [33mclass[39m=[32m"text-sm font-medium text-gray-500 mb-1"[39m
                [36m>[39m
                  [0mTotal Documents[0m
                [36m</div>[39m
                [36m<div[39m
                  [33mclass[39m=[32m"text-3xl font-bold text-gray-900"[39m
                [36m>[39m
                  [0m10[0m
                [36m</div>[39m
              [36m</div>[39m
              [36m<div[39m
                [33mclass[39m=[32m"bg-white p-6 rounded-lg shadow-sm border border-gray-100"[39m
              [36m>[39m
                [36m<div[39m
                  [33mclass[39m=[32m"text-sm font-medium text-gray-500 mb-1"[39m
                [36m>[39m
                  [0mAnalyzed[0m
                [36m</div>[39m
                [36m<div[39m
                  [33mclass[39m=[32m"text-3xl font-bold text-blue-600"[39m
                [36m>[39m
                  [0m5[0m
                [36m</div>[39m
              [36m</div>[39m
              [36m<div[39m
                [33mclass[39m=[32m"bg-white p-6 rounded-lg shadow-sm border border-gray-100"[39m
              [36m>[39m
                [36m<div[39m
                  [33mclass[39m=[32m"text-sm font-medium text-gray-500 mb-1"[39m
                [36m>[39m
                  [0mAvg. Compliance Score[0m
                [36m</div>[39m
                [36m<div[39m
                  [33mclass[39m=[32m"text-3xl font-bold text-green-600"[39m
                [36m>[39m
                  [0m85[0m
                  [0m%[0m
                [36m</div>[39m
              [36m</div>[39m
            [36m</div>[39m
            [36m<div[39m
              [33mclass[39m=[32m"bg-blue-50 rounded-xl border border-blue-100 p-6"[39m
            [36m>[39m
              [36m<div[39m
                [33mclass[39m=[32m"flex justify-between items-center mb-4"[39m
              [36m>[39m
                [36m<div>[39m
                  [36m<h3[39m
                    [33mclass[39m=[32m"text-lg font-semibold text-blue-900"[39m
                  [36m>[39m
                    [0mReview Uploads[0m
                  [36m</h3>[39m
                  [36m<p[39m
                    [33mclass[39m=[32m"text-sm text-blue-700"[39m
                  [36m>[39m
                    [0mThese documents are processed and ready for approval.[0m
                  [36m</p>[39m
                [36m</div>[39m
                [36m<button[39m
                  [33mclass[39m=[32m"bg-blue-600 text-white px-4 py-2 rounded-lg hover:bg-blue-700 transition disabled:opacity-50"[39m
                [36m>[39m
                  [0mApprove All[0m
                [36m</button>[39m
              [36m</div>[39m
              [36m<div[39m
                [33mclass[39m=[32m"bg-white rounded-lg shadow-sm border border-blue-100 overflow-hidden"[39m
              [36m>[39m
                [36m<table[39m
                  [33mclass[39m=[32m"min-w-full divide-y divide-gray-200"[39m
                [36m>[39m
                  [36m<tbody[39m
                    [33mclass[39m=[32m"divide-y divide-gray-200"[39m
                  [36m>[39m
                    [36m<tr>[39m
                      [36m<td[39m
                        [33mclass[39m=[32m"px-6 py-4 text-sm font-medium text-gray-900"[39m
                      [36m>[39m
                        [0mDoc 1[0m
                      [36m</td>[39m
                      [36m<td[39m
                        [33mclass[39m=[32m"px-6 py-4 text-sm text-gray-500"[39m
                      [36m>[39m
                        [36m<span[39m
                          [33mclass[39m=[32m"text-green-600"[39m
                        [36m>[39m
                          [0mReady for Approval[0m
                        [36m</span>[39m
                      [36m</td>[39m
                    [36m</tr>[39m
                  [36m</tbody>[39m
                [36m</table>[39m
              [36m</div>[39m
            [36m</div>[39m
            [36m<div[39m
              [33mclass[39m=[32m"grid grid-cols-1 lg:grid-cols-3 gap-8"[39m
            [36m>[39m
              [36m<div[39m
                [33mclass[39m=[32m"lg:col-span-2 space-y-6"[39m
              [36m>[39m
                [36m<div[39m
                  [33mclass[39m=[32m"bg-white rounded-xl shadow-sm border border-gray-100 overflow-hidden"[39m
                [36m>[39m
                  [36m<div[39m
                    [33mclass[39m=[32m"p-6 border-b border-gray-100 flex justify-between items-center bg-gray-50/50"[39m
                  [36m>[39m
                    [36m<div>[39m
                      [36m<h3[39m
                        [33mclass[39m=[32m"text-lg font-semibold text-gray-900"[39m
                      [36m>[39m
                        [0mRecent Documents[0m
                      [36m</h3>[39m
                      [36m<p[39m
                        [33mclass[39m=[32m"text-sm text-gray-500"[39m
                      [36m>[39m
                        [0mManage and analyze your files[0m
                      [36m</p>[39m
                    [36m</div>[39m
                    [36m<div[39m
                      [33mclass[39m=[32m"relative"[39m
                    [36m>[39m
                      [36m<input[39m
                        [33mclass[39m=[32m"hidden"[39m
                        [33mid[39m=[32m"file-upload"[39m
                        [33mmultiple[39m=[32m""[39m
                        [33mtype[39m=[32m"file"[39m
                      [36m/>[39m
                      [36m<label[39m
                        [33mclass[39m=[32m"flex items-center gap-2 bg-blue-600 text-white px-4 py-2 rounded-lg hover:bg-blue-700 transition cursor-pointer shadow-sm "[39m
                        [33mfor[39m=[32m"file-upload"[39m
                      [36m>[39m
                        [36m<span>[39m
                          [0m☁️[0m
                        [36m</span>[39m
                        [0mUpload New[0m
                      [36m</label>[39m
                    [36m</div>[39m
                  [36m</div>[39m
                  [36m<div[39m
                    [33mclass[39m=[32m"overflow-x-auto"[39m
                  [36m>[39m
                    [36m<table[39m
                      [33mclass[39m=[32m"min-w-full divide-y divide-gray-200"[39m
                    [36m>[39m
                      [36m<thead[39m
                        [33mclass[39m=[32m"bg-gray-50"[39m
                      [36m>[39m
                        [36m<tr>[39m
                          [36m<th[39m
                            [33mclass[39m=[32m"px-6 py-3 text-left text-xs font-medium text-gray-500 uppercase tracking-wider"[39m
                          [36m>[39m
                            [0mDocument[0m
                          [36m</th>[39m
                          [36m<th[39m
                            [33mclass[39m=[32m"px-6 py-3 text-left text-xs font-medium text-gray-500 uppercase tracking-wider"[39m
                          [36m>[39m
                            [0mStatus[0m
                          [36m</th>[39m
                          [36m<th[39m
                            [33mclass[39m=[32m"px-6 py-3 text-left text-xs font-medium text-gray-500 uppercase tracking-wider"[39m
                          [36m>[39m
                            [0mDate[0m
                          [36m</th>[39m
                          [36m<th[39m
                            [33mclass[39m=[32m"px-6 py-3 text-right text-xs font-medium text-gray-500 uppercase tracking-wider"[39m
                          [36m>[39m
                            [0mActions[0m
                          [36m</th>[39m
                        [36m</tr>[39m
                      [36m</thead>[39m
                      [36m<tbody[39m
                        [33mclass[39m=[32m"bg-white divide-y divide-gray-200"[39m
                      [36m>[39m
                        [36m<tr>[39m
                          [36m<td[39m
                            [33mclass[39m=[32m"px-6 py-12 text-center text-gray-500"[39m
                            [33mcolspan[39m=[32m"4"[39m
                          [36m>[39m
                            [36m<div[39m
                              [33mclass[39m=[32m"flex flex-col items-center gap-2"[39m
                            [36m>[39m
                              [36m<span[39m
                                [33mclass[39m=[32m"text-4xl"[39m
                              [36m>[39m
                                [0m📄[0m
                              [36m</span>[39m
                              [36m<p>[39m
                                [0mNo documents found[0m
                              [36m</p>[39m
                              [36m<p[39m
                                [33mclass[39m=[32m"text-sm"[39m
                              [36m>[39m
                                [0mUpload a document to get started[0m
                              [36m</p>[39m
                            [36m</div>[39m
                          [36m</td>[39m
                        [36m</tr>[39m
                      [36m</tbody>[39m
                    [36m</table>[39m
                  [36m</div>[39m
                [36m</div>[39m
              [36m</div>[39m
              [36m<div[39m
                [33mclass[39m=[32m"space-y-8"[39m
              [36m>[39m
                [36m<div[39m
                  [33mclass[39m=[32m"bg-white rounded-lg shadow-sm border border-gray-100 overflow-hidden"[39m
                [36m>[39m
                  [36m<div[39m
                    [33mclass[39m=[32m"px-6 py-4 border-b border-gray-100"[39m
                  [36m>[39m
                    [36m<h3[39m
                      [33mclass[39m=[32m"text-lg font-semibold text-gray-900"[39m
                    [36m>[39m
                      [0mRecent Activity[0m
                    [36m</h3>[39m
                  [36m</div>[39m
                  [36m<div[39m
                    [33mclass[39m=[32m"divide-y divide-gray-100"[39m
                  [36m>[39m
                    [36m<div[39m
                      [33mclass[39m=[32m"p-4 hover:bg-gray-50 transition-colors flex justify-between items-center"[39m
                    [36m>[39m
                      [36m<div>[39m
                        [36m<div[39m
                          [33mclass[39m=[32m"font-medium text-gray-900"[39m
                        [36m>[39m
                          [0mDoc 1[0m
                        [36m</div>[39m
                        [36m<div[39m
                          [33mclass[39m=[32m"text-xs text-gray-500"[39m
                        [36m>[39m
                          [0mUpdated: [0m
                          [0m1/1/2023[0m
                        [36m</div>[39m
                      [36m</div>[39m
                      [36m<span[39m
                        [33mclass[39m=[32m"px-2 py-1 rounded-full text-xs font-medium bg-green-100 text-green-800"[39m
                      [36m>[39m
                        [0mANALYZED[0m
                      [36m</span>[39m
                    [36m</div>[39m
                  [36m</div>[39m
                [36m</div>[39m
                [36m<div[39m
                  [33mclass[39m=[32m"bg-gradient-to-br from-blue-600 to-indigo-700 rounded-xl shadow-lg p-6 text-white"[39m
                [36m>[39m
                  [36m<h3[39m
                    [33mclass[39m=[32m"text-lg font-semibold mb-2"[39m
                  [36m>[39m
                    [0mNeed Help?[0m
                  [36m</h3>[39m
                  [36m<p[39m
                    [33mclass[39m=[32m"text-blue-100 text-sm mb-4"[39m
                  [36m>[39m
                    [0mAsk our AI Auditor anything about your compliance status.[0m
                  [36m</p>[39m
                  [36m<button[39m
                    [33mclass[39m=[32m"w-full bg-white text-blue-600 py-2 rounded-lg font-medium hover:bg-blue-50 transition"[39m
                  [36m>[39m
                    [0mStart Chat[0m
                  [36m</button>[39m
                [36m</div>[39m
              [36m</div>[39m
            [36m</div>[39m
          [36m</div>[39m
        [36m</main>[39m
      [36m</div>[39m
    [36m</div>[39m
  [36m</div>[39m
[36m</body>[39m

Ignored nodes: comments, script, style
[36m<html>[39m
  [36m<head />[39m
  [36m<body>[39m
    [36m<div>[39m
      [36m<div[39m
        [33mclass[39m=[32m"flex min-h-screen bg-gray-50"[39m
      [36m>[39m
        [36m<aside[39m
          [33mclass[39m=[32m"w-64 bg-white border-r border-gray-200 min-h-screen flex flex-col"[39m
        [36m>[39m
          [36m<div[39m
            [33mclass[39m=[32m"p-6 border-b border-gray-100"[39m
          [36m>[39m
            [36m<h1[39m
              [33mclass[39m=[32m"text-2xl font-bold text-blue-600 flex items-center gap-2"[39m
            [36m>[39m
              [36m<span>[39m
                [0m🛡️[0m
              [36m</span>[39m
              [0m ISO Doc[0m
            [36m</h1>[39m
          [36m</div>[39m
          [36m<nav[39m
            [33mclass[39m=[32m"flex-1 p-4 space-y-1"[39m
          [36m>[39m
            [36m<a[39m
              [33mclass[39m=[32m"flex items-center gap-3 px-4 py-3 rounded-lg transition-colors bg-blue-50 text-blue-700 font-medium"[39m
              [33mhref[39m=[32m"/app/dashboard"[39m
            [36m>[39m
              [36m<span[39m
                [33mclass[39m=[32m"text-xl"[39m
              [36m>[39m
                [0m📊[0m
              [36m</span>[39m
              [0mDashboard[0m
            [36m</a>[39m
            [36m<a[39m
              [33mclass[39m=[32m"flex items-center gap-3 px-4 py-3 rounded-lg transition-colors text-gray-600 hover:bg-gray-50 hover:text-gray-900"[39m
              [33mhref[39m=[32m"/app/documents"[39m
            [36m>[39m
              [36m<span[39m
                [33mclass[39m=[32m"text-xl"[39m
              [36m>[39m
                [0m📁[0m
              [36m</span>[39m
              [0mDocuments[0m
            [36m</a>[39m
            [36m<a[39m
              [33mclass[39m=[32m"flex items-center gap-3 px-4 py-3 rounded-lg transition-colors text-gray-600 hover:bg-gray-50 hover:text-gray-900"[39m
              [33mhref[39m=[32m"/app/gap-analysis"[39m
            [36m>[39m
              [36m<span[39m
                [33mclass[39m=[32m"text-xl"[39m
              [36m>[39m
                [0m🔍[0m
              [36m</span>[39m
              [0mGap Analysis[0m
            [36m</a>[39m
            [36m<a[39m
              [33mclass[39m=[32m"flex items-center gap-3 px-4 py-3 rounded-lg transition-colors text-gray-600 hover:bg-gray-50 hover:text-gray-900"[39m
              [33mhref[39m=[32m"/app/reports"[39m
            [36m>[39m
              [36m<span[39m
                [33mclass[39m=[32m"text-xl"[39m
              [36m>[39m
                [0m📋[0m
              [36m</span>[39m
              [0mReports[0m
            [36m</a>[39m
            [36m<a[39m
              [33mclass[39m=[32m"flex items-center gap-3 px-4 py-3 rounded-lg transition-colors text-gray-600 hover:bg-gray-50 hover:text-gray-900"[39m
              [33mhref[39m=[32m"/app/settings"[39m
            [36m>[39m
              [36m<span[39m
                [33mclass[39m=[32m"text-xl"[39m
              [36m>[39m
                [0m⚙️[0m
              [36m</span>[39m
              [0mSettings[0m
            [36m</a>[39m
          [36m</nav>[39m
          [36m<div[39m
            [33mclass[39m=[32m"p-4 border-t border-gray-100"[39m
          [36m>[39m
            [36m<div[39m
              [33mclass[39m=[32m"bg-blue-50 rounded-lg p-4"[39m
            [36m>[39m
              [36m<h4[39m
                [33mclass[39m=[32m"text-sm font-semibold text-blue-800 mb-1"[39m
              [36m>[39m
                [0mPro Plan[0m
              [36m</h4>[39m
              [36m<p[39m
                [33mclass[39m=[32m"text-xs text-blue-600 mb-3"[39m
              [36m>[39m
                [0mGet access to advanced AI features.[0m
              [36m</p>[39m
              [36m<button[39m
                [33mclass[39m=[32m"w-full bg-blue-600 text-white text-xs font-medium py-2 rounded hover:bg-blue-700 transition"[39m
              [36m>[39m
                [0mUpgrade Now[0m
              [36m</button>[39m
            [36m</div>[39m
          [36m</div>[39m
        [36m</aside>[39m
        [36m<div[39m
          [33mclass[39m=[32m"flex-1 flex flex-col"[39m
        [36m>[39m
          [36m<header[39m
            [33mclass[39m=[32m"bg-white border-b border-gray-200 px-8 py-4 flex justify-between items-center sticky top-0 z-10"[39m
          [36m>[39m
            [36m<div>[39m
              [36m<h2[39m
                [33mclass[39m=[32m"text-xl font-semibold text-gray-800"[39m
              [36m>[39m
                [0mDashboard[0m
              [36m</h2>[39m
              [36m<p[39m
                [33mclass[39m=[32m"text-sm text-gray-500"[39m
              [36m>[39m
                [0mWelcome back, User[0m
              [36m</p>[39m
            [36m</div>[39m
            [36m<div[39m
              [33mclass[39m=[32m"w-1/3"[39m
            [36m>[39m
              [36m<div[39m
                [33mclass[39m=[32m"relative w-full max-w-xl"[39m
              [36m>[39m
                [36m<form[39m
                  [33mclass[39m=[32m"relative"[39m
                [36m>[39m
                  [36m<input[39m
                    [33mclass[39m=[32m"w-full border border-gray-300 rounded-lg py-2 px-4 pl-10 focus:outline-none focus:ring-2 focus:ring-blue-500"[39m
                    [33mplaceholder[39m=[32m"Search documents (e.g. 'password policy')..."[39m
                    [33mtype[39m=[32m"text"[39m
                    [33mvalue[39m=[32m""[39m
                  [36m/>[39m
                  [36m<div[39m
                    [33mclass[39m=[32m"absolute inset-y-0 left-0 pl-3 flex items-center pointer-events-none"[39m
                  [36m>[39m
                    [36m<span[39m
                      [33mclass[39m=[32m"text-gray-400"[39m
                    [36m>[39m
                      [0m🔍[0m
                    [36m</span>[39m
                  [36m</div>[39m
                  [36m<button[39m
                    [33mclass[39m=[32m"absolute inset-y-0 right-0 px-4 text-white bg-blue-600 rounded-r-lg hover:bg-blue-700 disabled:opacity-50"[39m
                    [33mtype[39m=[32m"submit"[39m
                  [36m>[39m
                    [0mSearch[0m
                  [36m</button>[39m
                [36m</form>[39m
              [36m</div>[39m
            [36m</div>[39m
            [36m<div[39m
              [33mclass[39m=[32m"flex items-center gap-4"[39m
            [36m>[39m
              [36m<button[39m
                [33mclass[39m=[32m"p-2 text-gray-400 hover:text-gray-600"[39m
              [36m>[39m
                [0m🔔[0m
              [36m</button>[39m
              [36m<div[39m
                [33mclass[39m=[32m"w-8 h-8 bg-blue-100 rounded-full flex items-center justify-center text-blue-600 font-bold"[39m
              [36m>[39m
                [0mU[0m
              [36m</div>[39m
            [36m</div>[39m
          [36m</header>[39m
          [36m<main[39m
            [33mclass[39m=[32m"flex-1 p-8 overflow-y-auto"[39m
          [36m>[39m
            [36m<div[39m
              [33mclass[39m=[32m"max-w-7xl mx-auto space-y-8"[39m
            [36m>[39m
              [36m<div[39m
                [33mclass[39m=[32m"grid grid-cols-1 md:grid-cols-3 gap-6 mb-8"[39m
              [36m>[39m
                [36m<div[39m
                  [33mclass[39m=[32m"bg-white p-6 rounded-lg shadow-sm border border-gray-100"[39m
                [36m>[39m
                  [36m<div[39m
                    [33mclass[39m=[32m"text-sm font-medium text-gray-500 mb-1"[39m
                  [36m>[39m
                    [0mTotal Documents[0m
                  [36m</div>[39m
                  [36m<div[39m
                    [33mclass[39m=[32m"text-3xl font-bold text-gray-900"[39m
                  [36m>[39m
                    [0m10[0m
                  [36m</div>[39m
                [36m</div>[39m
                [36m<div[39m
                  [33mclass[39m=[32m"bg-white p-6 rounded-lg shadow-sm border border-gray-100"[39m
                [36m>[39m
                  [36m<div[39m
                    [33mclass[39m=[32m"text-sm font-medium text-gray-500 mb-1"[39m
                  [36m>[39m
                    [0mAnalyzed[0m
                  [36m</div>[39m
                  [36m<div[39m
                    [33mclass[39m=[32m"text-3xl font-bold text-blue-600"[39m
                  [36m>[39m
                    [0m5[0m
                  [36m</div>[39m
                [36m</div>[39m
                [36m<div[39m
                  [33mclass[39m=[32m"bg-white p-6 rounded-lg shadow-sm border border-gray-100"[39m
                [36m>[39m
                  [36m<div[39m
                    [33mclass[39m=[32m"text-sm font-medium text-gray-500 mb-1"[39m
                  [36m>[39m
                    [0mAvg. Compliance Score[0m
                  [36m</div>[39m
                  [36m<div[39m
                    [33mclass[39m=[32m"text-3xl font-bold text-green-600"[39m
                  [36m>[39m
                    [0m85[0m
                    [0m%[0m
                  [36m</div>[39m
                [36m</div>[39m
              [36m</div>[39m
              [36m<div[39m
                [33mclass[39m=[32m"bg-blue-50 rounded-xl border border-blue-100 p-6"[39m
              [36m>[39m
                [36m<div[39m
                  [33mclass[39m=[32m"flex justify-between items-center mb-4"[39m
                [36m>[39m
                  [36m<div>[39m
                    [36m<h3[39m
                      [33mclass[39m=[32m"text-lg font-semibold text-blue-900"[39m
                    [36m>[39m
                      [0mReview Uploads[0m
                    [36m</h3>[39m
                    [36m<p[39m
                      [33mclass[39m=[32m"text-sm text-blue-700"[39m
                    [36m>[39m
                      [0mThese documents are processed and ready for approval.[0m
                    [36m</p>[39m
                  [36m</div>[39m
                  [36m<button[39m
                    [33mclass[39m=[32m"bg-blue-600 text-white px-4 py-2 rounded-lg hover:bg-blue-700 transition disabled:opacity-50"[39m
                  [36m>[39m
                    [0mApprove All[0m
                  [36m</button>[39m
                [36m</div>[39m
                [36m<div[39m
                  [33mclass[39m=[32m"bg-white rounded-lg shadow-sm border border-blue-100 overflow-hidden"[39m
                [36m>[39m
                  [36m<table[39m
                    [33mclass[39m=[32m"min-w-full divide-y divide-gray-200"[39m
                  [36m>[39m
                    [36m<tbody[39m
                      [33mclass[39m=[32m"divide-y divide-gray-200"[39m
                    [36m>[39m
                      [36m<tr>[39m
                        [36m<td[39m
                          [33mclass[39m=[32m"px-6 py-4 text-sm font-medium text-gray-900"[39m
                        [36m>[39m
                          [0mDoc 1[0m
                        [36m</td>[39m
                        [36m<td[39m
                          [33mclass[39m=[32m"px-6 py-4 text-sm text-gray-500"[39m
                        [36m>[39m
                          [36m<span[39m
                            [33mclass[39m=[32m"text-green-600"[39m
                          [36m>[39m
                            [0mReady for Approval[0m
                          [36m</span>[39m
                        [36m</td>[39m
                      [36m</tr>[39m
                    [36m</tbody>[39m
                  [36m</table>[39m
                [36m</div>[39m
              [36m</div>[39m
              [36m<div[39m
                [33mclass[39m=[32m"grid grid-cols-1 lg:grid-cols-3 gap-8"[39m
              [36m>[39m
                [36m<div[39m
                  [33mclass[39m=[32m"lg:col-span-2 space-y-6"[39m
                [36m>[39m
                  [36m<div[39m
                    [33mclass[39m=[32m"bg-white rounded-xl shadow-sm border border-gray-100 overflow-hidden"[39m
                  [36m>[39m
                    [36m<div[39m
                      [33mclass[39m=[32m"p-6 border-b border-gray-100 flex justify-between items-center bg-gray-50/50"[39m
                    [36m>[39m
                      [36m<div>[39m
                        [36m<h3[39m
                          [33mclass[39m=[32m"text-lg font-semibold text-gray-900"[39m
                        [36m>[39m
                          [0mRecent Documents[0m
                        [36m</h3>[39m
                        [36m<p[39m
                          [33mclass[39m=[32m"text-sm text-gray-500"[39m
                        [36m>[39m
                          [0mManage and analyze your files[0m
                        [36m</p>[39m
                      [36m</div>[39m
                      [36m<div[39m
                        [33mclass[39m=[32m"relative"[39m
                      [36m>[39m
                        [36m<input[39m
                          [33mclass[39m=[32m"hidden"[39m
                          [33mid[39m=[32m"file-upload"[39m
                          [33mmultiple[39m=[32m""[39m
                          [33mtype[39m=[32m"file"[39m
                        [36m/>[39m
                        [36m<label[39m
                          [33mclass[39m=[32m"flex items-center gap-2 bg-blue-600 text-white px-4 py-2 rounded-lg hover:bg-blue-700 transition cursor-pointer shadow-sm "[39m
                          [33mfor[39m=[32m"file-upload"[39m
                        [36m>[39m
                          [36m<span>[39m
                            [0m☁️[0m
                          [36m</span>[39m
                          [0mUpload New[0m
                        [36m</label>[39m
                      [36m</div>[39m
                    [36m</div>[39m
                    [36m<div[39m
                      [33mclass[39m=[32m"overflow-x-auto"[39m
                    [36m>[39m
                      [36m<table[39m
                        [33mclass[39m=[32m"min-w-full divide-y divide-gray-200"[39m
                      [36m>[39m
                        [36m<thead[39m
                          [33mclass[39m=[32m"bg-gray-50"[39m
                        [36m>[39m
                          [36m<tr>[39m
                            [36m<th[39m
                              [33mclass[39m=[32m"px-6 py-3 text-left text-xs font-medium text-gray-500 uppercase tracking-wider"[39m
                            [36m>[39m
                              [0mDocument[0m
                            [36m</th>[39m
                            [36m<th[39m
                              [33mclass[39m=[32m"px-6 py-3 text-left text-xs font-medium text-gray-500 uppercase tracking-wider"[39m
                            [36m>[39m
                              [0mStatus[0m
                            [36m</th>[39m
                            [36m<th[39m
                              [33mclass[39m=[32m"px-6 py-3 text-left text-xs font-medium text-gray-500 uppercase tracking-wider"[39m
                            [36m>[39m
                              [0mDate[0m
                            [36m</th>[39m
                            [36m<th[39m
                              [33mclass[39m=[32m"px-6 py-3 text-right text-xs font-medium text-gray-500 uppercase tracking-wider"[39m
                            [36m>[39m
                              [0mActions[0m
                            [36m</th>[39m
                          [36m</tr>[39m
                        [36m</thead>[39m
                        [36m<tbody[39m
                          [33mclass[39m=[32m"bg-white divide-y divide-gray-200"[39m
                        [36m>[39m
                          [36m<tr>[39m
                            [36m<td[39m
                              [33mclass[39m=[32m"px-6 py-12 text-center text-gray-500"[39m
                              [33mcolspan[39m=[32m"4"[39m
                            [36m>[39m
                              [36m<div[39m
                                [33mclass[39m=[32m"flex flex-col items-center gap-2"[39m
                              [36m>[39m
                                [36m<span[39m
                                  [33mclass[39m=[32m"text-4xl"[39m
                                [36m>[39m
                                  [0m📄[0m
                                [36m</span>[39m
                                [36m<p>[39m
                                  [0mNo documents found[0m
                                [36m</p>[39m
                                [36m<p[39m
                                  [33mclass[39m=[32m"text-sm"[39m
                                [36m>[39m
                                  [0mUpload a document to get started[0m
                                [36m</p>[39m
                              [36m</div>[39m
                            [36m</td>[39m
                          [36m</tr>[39m
                        [36m</tbody>[39m
                      [36m</table>[39m
                    [36m</div>[39m
                  [36m</div>[39m
                [36m</div>[39m
                [36m<div[39m
                  [33mclass[39m=[32m"space-y-8"[39m
                [36m>[39m
                  [36m<div[39m
                    [33mclass[39m=[32m"bg-white rounded-lg shadow-sm border border-gray-100 overflow-hidden"[39m
                  [36m>[39m
                    [36m<div[39m
                      [33mclass[39m=[32m"px-6 py-4 border-b border-gray-100"[39m
                    [36m>[39m
                      [36m<h3[39m
                        [33mclass[39m=[32m"text-lg font-semibold text-gray-900"[39m
                      [36m>[39m
                        [0mRecent Activity[0m
                      [36m</h3>[39m
                    [36m</div>[39m
                    [36m<div[39m
                      [33mclass[39m=[32m"divide-y divide-gray-100"[39m
                    [36m>[39m
                      [36m<div[39m
                        [33mclass[39m=[32m"p-4 hover:bg-gray-50 transition-colors flex justify-between items-center"[39m
                      [36m>[39m
                        [36m<div>[39m
                          [36m<div[39m
                            [33mclass[39m=[32m"font-medium text-gray-900"[39m
                          [36m>[39m
                            [0mDoc 1[0m
                          [36m</div>[39m
                          [36m<div[39m
                            [33mclass[39m=[32m"text-xs text-gray-500"[39m
                          [36m>[39m
                            [0mUpdated: [0m
                            [0m1/1/2023[0m
                          [36m</div>[39m
                        [36m</div>[39m
                        [36m<span[39m
                          [33mclass[39m=[32m"px-2 py-1 rounded-full text-xs font-medium bg-green-100 text-green-800"[39m
                        [36m>[39m
                          [0mANALYZED[0m
                        [36m</span>[39m
                      [36m</div>[39m
                    [36m</div>[39m
                  [36m</div>[39m
                  [36m<div[39m
                    [33mclass[39m=[32m"bg-gradient-to-br from-blue-600 to-indigo-700 rounded-xl shadow-lg p-6 text-white"[39m
                  [36m>[39m
                    [36m<h3[39m
                      [33mclass[39m=[32m"text-lg font-semibold mb-2"[39m
                    [36m>[39m
                      [0mNeed Help?[0m
                    [36m</h3>[39m
                    [36m<p[39m
                      [33mclass[39m=[32m"text-blue-100 text-sm mb-4"[39m
                    [36m>[39m
                      [0mAsk our AI Auditor anything about your compliance status.[0m
                    [36m</p>[39m
                    [36m<button[39m
                      [33mclass[39m=[32m"w-full bg-white text-blue-600 py-2 rounded-lg font-medium hover:bg-blue-50 transition"[39m
                    [36m>[39m
                      [0mStart Chat[0m
                    [36m</button>[39m
                  [36m</div>[39m
                [36m</div>[39m
              [36m</div>[39m
            [36m</div>[39m
          [36m</main>[39m
        [36m</div>[39m
      [36m</div>[39m
    [36m</div>[39m
  [36m</body>[39m
[36m</html>[39m
 ❯ Proxy.waitForWrapper node_modules/@testing-library/dom/dist/wait-for.js:163:27
 ❯ app/app/dashboard/page.test.tsx:116:15
    114|         render(<Dashboard />);
    115| 
    116|         await waitFor(() => {
       |               ^
    117|             expect(screen.getByText('Review Uploads')).toBeDefined();
    118|             expect(screen.getByText('Doc 1')).toBeDefined();

⎯⎯⎯⎯⎯⎯⎯⎯⎯⎯⎯⎯⎯⎯⎯⎯⎯⎯⎯⎯⎯⎯⎯⎯[1/1]⎯


 Test Files  2 failed (2)
      Tests  3 failed | 5 passed (8)
   Start at  00:44:59
   Duration  1.97s

 FAIL  Tests failed. Watching for file changes...
       press h to show help, press q to quit
c[3J RERUN  app/app/dashboard/page.tsx x38 

 ❯ lib/api.test.ts (4 tests | 2 failed) 31ms
       ✓ should fetch documents successfully 15ms
       ✓ should throw error on failure 1ms
       × should upload document successfully 10ms
       × should throw error on upload failure 1ms
stdout | app/app/dashboard/page.test.tsx > Dashboard Page > renders documents and standards
Fetched docs: [
  {
    id: [32m'1'[39m,
    title: [32m'Doc 1'[39m,
    status: [32m'PENDING'[39m,
    createdAt: [32m'2023-01-01'[39m
  }
]

stdout | app/app/dashboard/page.test.tsx > Dashboard Page > renders dashboard widgets
Fetched docs: []

stdout | app/app/dashboard/page.test.tsx > Dashboard Page > opens analysis modal and runs check
Fetched docs: [
  {
    id: [32m'1'[39m,
    title: [32m'Doc 1'[39m,
    status: [32m'PENDING'[39m,
    createdAt: [32m'2023-01-01'[39m
  }
]

stdout | app/app/dashboard/page.test.tsx > Dashboard Page > shows staged documents and allows approval
Fetched docs: [
  {
    id: [32m'1'[39m,
    title: [32m'Doc 1'[39m,
    status: [32m'STAGED'[39m,
    createdAt: [32m'2023-01-01'[39m
  }
]

 ❯ app/app/dashboard/page.test.tsx (4 tests | 1 failed) 1322ms
     ✓ renders documents and standards 145ms
     ✓ renders dashboard widgets 84ms
     ✓ opens analysis modal and runs check 80ms
     × shows staged documents and allows approval 1009ms

⎯⎯⎯⎯⎯⎯⎯ Failed Tests 1 ⎯⎯⎯⎯⎯⎯⎯

 FAIL  app/app/dashboard/page.test.tsx > Dashboard Page > shows staged documents and allows approval
TestingLibraryElementError: Found multiple elements with the text: Doc 1

Here are the matching elements:

Ignored nodes: comments, script, style
[36m<td[39m
  [33mclass[39m=[32m"px-6 py-4 text-sm font-medium text-gray-900"[39m
[36m>[39m
  [0mDoc 1[0m
[36m</td>[39m

Ignored nodes: comments, script, style
[36m<div[39m
  [33mclass[39m=[32m"font-medium text-gray-900"[39m
[36m>[39m
  [0mDoc 1[0m
[36m</div>[39m

(If this is intentional, then use the `*AllBy*` variant of the query (like `queryAllByText`, `getAllByText`, or `findAllByText`)).

Ignored nodes: comments, script, style
[36m<body>[39m
  [36m<div>[39m
    [36m<div[39m
      [33mclass[39m=[32m"flex min-h-screen bg-gray-50"[39m
    [36m>[39m
      [36m<aside[39m
        [33mclass[39m=[32m"w-64 bg-white border-r border-gray-200 min-h-screen flex flex-col"[39m
      [36m>[39m
        [36m<div[39m
          [33mclass[39m=[32m"p-6 border-b border-gray-100"[39m
        [36m>[39m
          [36m<h1[39m
            [33mclass[39m=[32m"text-2xl font-bold text-blue-600 flex items-center gap-2"[39m
          [36m>[39m
            [36m<span>[39m
              [0m🛡️[0m
            [36m</span>[39m
            [0m ISO Doc[0m
          [36m</h1>[39m
        [36m</div>[39m
        [36m<nav[39m
          [33mclass[39m=[32m"flex-1 p-4 space-y-1"[39m
        [36m>[39m
          [36m<a[39m
            [33mclass[39m=[32m"flex items-center gap-3 px-4 py-3 rounded-lg transition-colors bg-blue-50 text-blue-700 font-medium"[39m
            [33mhref[39m=[32m"/app/dashboard"[39m
          [36m>[39m
            [36m<span[39m
              [33mclass[39m=[32m"text-xl"[39m
            [36m>[39m
              [0m📊[0m
            [36m</span>[39m
            [0mDashboard[0m
          [36m</a>[39m
          [36m<a[39m
            [33mclass[39m=[32m"flex items-center gap-3 px-4 py-3 rounded-lg transition-colors text-gray-600 hover:bg-gray-50 hover:text-gray-900"[39m
            [33mhref[39m=[32m"/app/documents"[39m
          [36m>[39m
            [36m<span[39m
              [33mclass[39m=[32m"text-xl"[39m
            [36m>[39m
              [0m📁[0m
            [36m</span>[39m
            [0mDocuments[0m
          [36m</a>[39m
          [36m<a[39m
            [33mclass[39m=[32m"flex items-center gap-3 px-4 py-3 rounded-lg transition-colors text-gray-600 hover:bg-gray-50 hover:text-gray-900"[39m
            [33mhref[39m=[32m"/app/gap-analysis"[39m
          [36m>[39m
            [36m<span[39m
              [33mclass[39m=[32m"text-xl"[39m
            [36m>[39m
              [0m🔍[0m
            [36m</span>[39m
            [0mGap Analysis[0m
          [36m</a>[39m
          [36m<a[39m
            [33mclass[39m=[32m"flex items-center gap-3 px-4 py-3 rounded-lg transition-colors text-gray-600 hover:bg-gray-50 hover:text-gray-900"[39m
            [33mhref[39m=[32m"/app/reports"[39m
          [36m>[39m
            [36m<span[39m
              [33mclass[39m=[32m"text-xl"[39m
            [36m>[39m
              [0m📋[0m
            [36m</span>[39m
            [0mReports[0m
          [36m</a>[39m
          [36m<a[39m
            [33mclass[39m=[32m"flex items-center gap-3 px-4 py-3 rounded-lg transition-colors text-gray-600 hover:bg-gray-50 hover:text-gray-900"[39m
            [33mhref[39m=[32m"/app/settings"[39m
          [36m>[39m
            [36m<span[39m
              [33mclass[39m=[32m"text-xl"[39m
            [36m>[39m
              [0m⚙️[0m
            [36m</span>[39m
            [0mSettings[0m
          [36m</a>[39m
        [36m</nav>[39m
        [36m<div[39m
          [33mclass[39m=[32m"p-4 border-t border-gray-100"[39m
        [36m>[39m
          [36m<div[39m
            [33mclass[39m=[32m"bg-blue-50 rounded-lg p-4"[39m
          [36m>[39m
            [36m<h4[39m
              [33mclass[39m=[32m"text-sm font-semibold text-blue-800 mb-1"[39m
            [36m>[39m
              [0mPro Plan[0m
            [36m</h4>[39m
            [36m<p[39m
              [33mclass[39m=[32m"text-xs text-blue-600 mb-3"[39m
            [36m>[39m
              [0mGet access to advanced AI features.[0m
            [36m</p>[39m
            [36m<button[39m
              [33mclass[39m=[32m"w-full bg-blue-600 text-white text-xs font-medium py-2 rounded hover:bg-blue-700 transition"[39m
            [36m>[39m
              [0mUpgrade Now[0m
            [36m</button>[39m
          [36m</div>[39m
        [36m</div>[39m
      [36m</aside>[39m
      [36m<div[39m
        [33mclass[39m=[32m"flex-1 flex flex-col"[39m
      [36m>[39m
        [36m<header[39m
          [33mclass[39m=[32m"bg-white border-b border-gray-200 px-8 py-4 flex justify-between items-center sticky top-0 z-10"[39m
        [36m>[39m
          [36m<div>[39m
            [36m<h2[39m
              [33mclass[39m=[32m"text-xl font-semibold text-gray-800"[39m
            [36m>[39m
              [0mDashboard[0m
            [36m</h2>[39m
            [36m<p[39m
              [33mclass[39m=[32m"text-sm text-gray-500"[39m
            [36m>[39m
              [0mWelcome back, User[0m
            [36m</p>[39m
          [36m</div>[39m
          [36m<div[39m
            [33mclass[39m=[32m"w-1/3"[39m
          [36m>[39m
            [36m<div[39m
              [33mclass[39m=[32m"relative w-full max-w-xl"[39m
            [36m>[39m
              [36m<form[39m
                [33mclass[39m=[32m"relative"[39m
              [36m>[39m
                [36m<input[39m
                  [33mclass[39m=[32m"w-full border border-gray-300 rounded-lg py-2 px-4 pl-10 focus:outline-none focus:ring-2 focus:ring-blue-500"[39m
                  [33mplaceholder[39m=[32m"Search documents (e.g. 'password policy')..."[39m
                  [33mtype[39m=[32m"text"[39m
                  [33mvalue[39m=[32m""[39m
                [36m/>[39m
                [36m<div[39m
                  [33mclass[39m=[32m"absolute inset-y-0 left-0 pl-3 flex items-center pointer-events-none"[39m
                [36m>[39m
                  [36m<span[39m
                    [33mclass[39m=[32m"text-gray-400"[39m
                  [36m>[39m
                    [0m🔍[0m
                  [36m</span>[39m
                [36m</div>[39m
                [36m<button[39m
                  [33mclass[39m=[32m"absolute inset-y-0 right-0 px-4 text-white bg-blue-600 rounded-r-lg hover:bg-blue-700 disabled:opacity-50"[39m
                  [33mtype[39m=[32m"submit"[39m
                [36m>[39m
                  [0mSearch[0m
                [36m</button>[39m
              [36m</form>[39m
            [36m</div>[39m
          [36m</div>[39m
          [36m<div[39m
            [33mclass[39m=[32m"flex items-center gap-4"[39m
          [36m>[39m
            [36m<button[39m
              [33mclass[39m=[32m"p-2 text-gray-400 hover:text-gray-600"[39m
            [36m>[39m
              [0m🔔[0m
            [36m</button>[39m
            [36m<div[39m
              [33mclass[39m=[32m"w-8 h-8 bg-blue-100 rounded-full flex items-center justify-center text-blue-600 font-bold"[39m
            [36m>[39m
              [0mU[0m
            [36m</div>[39m
          [36m</div>[39m
        [36m</header>[39m
        [36m<main[39m
          [33mclass[39m=[32m"flex-1 p-8 overflow-y-auto"[39m
        [36m>[39m
          [36m<div[39m
            [33mclass[39m=[32m"max-w-7xl mx-auto space-y-8"[39m
          [36m>[39m
            [36m<div[39m
              [33mclass[39m=[32m"grid grid-cols-1 md:grid-cols-3 gap-6 mb-8"[39m
            [36m>[39m
              [36m<div[39m
                [33mclass[39m=[32m"bg-white p-6 rounded-lg shadow-sm border border-gray-100"[39m
              [36m>[39m
                [36m<div[39m
                  [33mclass[39m=[32m"text-sm font-medium text-gray-500 mb-1"[39m
                [36m>[39m
                  [0mTotal Documents[0m
                [36m</div>[39m
                [36m<div[39m
                  [33mclass[39m=[32m"text-3xl font-bold text-gray-900"[39m
                [36m>[39m
                  [0m10[0m
                [36m</div>[39m
              [36m</div>[39m
              [36m<div[39m
                [33mclass[39m=[32m"bg-white p-6 rounded-lg shadow-sm border border-gray-100"[39m
              [36m>[39m
                [36m<div[39m
                  [33mclass[39m=[32m"text-sm font-medium text-gray-500 mb-1"[39m
                [36m>[39m
                  [0mAnalyzed[0m
                [36m</div>[39m
                [36m<div[39m
                  [33mclass[39m=[32m"text-3xl font-bold text-blue-600"[39m
                [36m>[39m
                  [0m5[0m
                [36m</div>[39m
              [36m</div>[39m
              [36m<div[39m
                [33mclass[39m=[32m"bg-white p-6 rounded-lg shadow-sm border border-gray-100"[39m
              [36m>[39m
                [36m<div[39m
                  [33mclass[39m=[32m"text-sm font-medium text-gray-500 mb-1"[39m
                [36m>[39m
                  [0mAvg. Compliance Score[0m
                [36m</div>[39m
                [36m<div[39m
                  [33mclass[39m=[32m"text-3xl font-bold text-green-600"[39m
                [36m>[39m
                  [0m85[0m
                  [0m%[0m
                [36m</div>[39m
              [36m</div>[39m
            [36m</div>[39m
            [36m<div[39m
              [33mclass[39m=[32m"bg-blue-50 rounded-xl border border-blue-100 p-6"[39m
            [36m>[39m
              [36m<div[39m
                [33mclass[39m=[32m"flex justify-between items-center mb-4"[39m
              [36m>[39m
                [36m<div>[39m
                  [36m<h3[39m
                    [33mclass[39m=[32m"text-lg font-semibold text-blue-900"[39m
                  [36m>[39m
                    [0mReview Uploads[0m
                  [36m</h3>[39m
                  [36m<p[39m
                    [33mclass[39m=[32m"text-sm text-blue-700"[39m
                  [36m>[39m
                    [0mThese documents are processed and ready for approval.[0m
                  [36m</p>[39m
                [36m</div>[39m
                [36m<button[39m
                  [33mclass[39m=[32m"bg-blue-600 text-white px-4 py-2 rounded-lg hover:bg-blue-700 transition disabled:opacity-50"[39m
                [36m>[39m
                  [0mApprove All[0m
                [36m</button>[39m
              [36m</div>[39m
              [36m<div[39m
                [33mclass[39m=[32m"bg-white rounded-lg shadow-sm border border-blue-100 overflow-hidden"[39m
              [36m>[39m
                [36m<table[39m
                  [33mclass[39m=[32m"min-w-full divide-y divide-gray-200"[39m
                [36m>[39m
                  [36m<tbody[39m
                    [33mclass[39m=[32m"divide-y divide-gray-200"[39m
                  [36m>[39m
                    [36m<tr>[39m
                      [36m<td[39m
                        [33mclass[39m=[32m"px-6 py-4 text-sm font-medium text-gray-900"[39m
                      [36m>[39m
                        [0mDoc 1[0m
                      [36m</td>[39m
                      [36m<td[39m
                        [33mclass[39m=[32m"px-6 py-4 text-sm text-gray-500"[39m
                      [36m>[39m
                        [36m<span[39m
                          [33mclass[39m=[32m"text-green-600"[39m
                        [36m>[39m
                          [0mReady for Approval[0m
                        [36m</span>[39m
                      [36m</td>[39m
                    [36m</tr>[39m
                  [36m</tbody>[39m
                [36m</table>[39m
              [36m</div>[39m
            [36m</div>[39m
            [36m<div[39m
              [33mclass[39m=[32m"grid grid-cols-1 lg:grid-cols-3 gap-8"[39m
            [36m>[39m
              [36m<div[39m
                [33mclass[39m=[32m"lg:col-span-2 space-y-6"[39m
              [36m>[39m
                [36m<div[39m
                  [33mclass[39m=[32m"bg-white rounded-xl shadow-sm border border-gray-100 overflow-hidden"[39m
                [36m>[39m
                  [36m<div[39m
                    [33mclass[39m=[32m"p-6 border-b border-gray-100 flex justify-between items-center bg-gray-50/50"[39m
                  [36m>[39m
                    [36m<div>[39m
                      [36m<h3[39m
                        [33mclass[39m=[32m"text-lg font-semibold text-gray-900"[39m
                      [36m>[39m
                        [0mRecent Documents[0m
                      [36m</h3>[39m
                      [36m<p[39m
                        [33mclass[39m=[32m"text-sm text-gray-500"[39m
                      [36m>[39m
                        [0mManage and analyze your files[0m
                      [36m</p>[39m
                    [36m</div>[39m
                    [36m<div[39m
                      [33mclass[39m=[32m"relative"[39m
                    [36m>[39m
                      [36m<input[39m
                        [33mclass[39m=[32m"hidden"[39m
                        [33mid[39m=[32m"file-upload"[39m
                        [33mmultiple[39m=[32m""[39m
                        [33mtype[39m=[32m"file"[39m
                      [36m/>[39m
                      [36m<label[39m
                        [33mclass[39m=[32m"flex items-center gap-2 bg-blue-600 text-white px-4 py-2 rounded-lg hover:bg-blue-700 transition cursor-pointer shadow-sm "[39m
                        [33mfor[39m=[32m"file-upload"[39m
                      [36m>[39m
                        [36m<span>[39m
                          [0m☁️[0m
                        [36m</span>[39m
                        [0mUpload New[0m
                      [36m</label>[39m
                    [36m</div>[39m
                  [36m</div>[39m
                  [36m<div[39m
                    [33mclass[39m=[32m"overflow-x-auto"[39m
                  [36m>[39m
                    [36m<table[39m
                      [33mclass[39m=[32m"min-w-full divide-y divide-gray-200"[39m
                    [36m>[39m
                      [36m<thead[39m
                        [33mclass[39m=[32m"bg-gray-50"[39m
                      [36m>[39m
                        [36m<tr>[39m
                          [36m<th[39m
                            [33mclass[39m=[32m"px-6 py-3 text-left text-xs font-medium text-gray-500 uppercase tracking-wider"[39m
                          [36m>[39m
                            [0mDocument[0m
                          [36m</th>[39m
                          [36m<th[39m
                            [33mclass[39m=[32m"px-6 py-3 text-left text-xs font-medium text-gray-500 uppercase tracking-wider"[39m
                          [36m>[39m
                            [0mStatus[0m
                          [36m</th>[39m
                          [36m<th[39m
                            [33mclass[39m=[32m"px-6 py-3 text-left text-xs font-medium text-gray-500 uppercase tracking-wider"[39m
                          [36m>[39m
                            [0mDate[0m
                          [36m</th>[39m
                          [36m<th[39m
                            [33mclass[39m=[32m"px-6 py-3 text-right text-xs font-medium text-gray-500 uppercase tracking-wider"[39m
                          [36m>[39m
                            [0mActions[0m
                          [36m</th>[39m
                        [36m</tr>[39m
                      [36m</thead>[39m
                      [36m<tbody[39m
                        [33mclass[39m=[32m"bg-white divide-y divide-gray-200"[39m
                      [36m>[39m
                        [36m<tr>[39m
                          [36m<td[39m
                            [33mclass[39m=[32m"px-6 py-12 text-center text-gray-500"[39m
                            [33mcolspan[39m=[32m"4"[39m
                          [36m>[39m
                            [36m<div[39m
                              [33mclass[39m=[32m"flex flex-col items-center gap-2"[39m
                            [36m>[39m
                              [36m<span[39m
                                [33mclass[39m=[32m"text-4xl"[39m
                              [36m>[39m
                                [0m📄[0m
                              [36m</span>[39m
                              [36m<p>[39m
                                [0mNo documents found[0m
                              [36m</p>[39m
                              [36m<p[39m
                                [33mclass[39m=[32m"text-sm"[39m
                              [36m>[39m
                                [0mUpload a document to get started[0m
                              [36m</p>[39m
                            [36m</div>[39m
                          [36m</td>[39m
                        [36m</tr>[39m
                      [36m</tbody>[39m
                    [36m</table>[39m
                  [36m</div>[39m
                [36m</div>[39m
              [36m</div>[39m
              [36m<div[39m
                [33mclass[39m=[32m"space-y-8"[39m
              [36m>[39m
                [36m<div[39m
                  [33mclass[39m=[32m"bg-white rounded-lg shadow-sm border border-gray-100 overflow-hidden"[39m
                [36m>[39m
                  [36m<div[39m
                    [33mclass[39m=[32m"px-6 py-4 border-b border-gray-100"[39m
                  [36m>[39m
                    [36m<h3[39m
                      [33mclass[39m=[32m"text-lg font-semibold text-gray-900"[39m
                    [36m>[39m
                      [0mRecent Activity[0m
                    [36m</h3>[39m
                  [36m</div>[39m
                  [36m<div[39m
                    [33mclass[39m=[32m"divide-y divide-gray-100"[39m
                  [36m>[39m
                    [36m<div[39m
                      [33mclass[39m=[32m"p-4 hover:bg-gray-50 transition-colors flex justify-between items-center"[39m
                    [36m>[39m
                      [36m<div>[39m
                        [36m<div[39m
                          [33mclass[39m=[32m"font-medium text-gray-900"[39m
                        [36m>[39m
                          [0mDoc 1[0m
                        [36m</div>[39m
                        [36m<div[39m
                          [33mclass[39m=[32m"text-xs text-gray-500"[39m
                        [36m>[39m
                          [0mUpdated: [0m
                          [0m1/1/2023[0m
                        [36m</div>[39m
                      [36m</div>[39m
                      [36m<span[39m
                        [33mclass[39m=[32m"px-2 py-1 rounded-full text-xs font-medium bg-green-100 text-green-800"[39m
                      [36m>[39m
                        [0mANALYZED[0m
                      [36m</span>[39m
                    [36m</div>[39m
                  [36m</div>[39m
                [36m</div>[39m
                [36m<div[39m
                  [33mclass[39m=[32m"bg-gradient-to-br from-blue-600 to-indigo-700 rounded-xl shadow-lg p-6 text-white"[39m
                [36m>[39m
                  [36m<h3[39m
                    [33mclass[39m=[32m"text-lg font-semibold mb-2"[39m
                  [36m>[39m
                    [0mNeed Help?[0m
                  [36m</h3>[39m
                  [36m<p[39m
                    [33mclass[39m=[32m"text-blue-100 text-sm mb-4"[39m
                  [36m>[39m
                    [0mAsk our AI Auditor anything about your compliance status.[0m
                  [36m</p>[39m
                  [36m<button[39m
                    [33mclass[39m=[32m"w-full bg-white text-blue-600 py-2 rounded-lg font-medium hover:bg-blue-50 transition"[39m
                  [36m>[39m
                    [0mStart Chat[0m
                  [36m</button>[39m
                [36m</div>[39m
              [36m</div>[39m
            [36m</div>[39m
          [36m</div>[39m
        [36m</main>[39m
      [36m</div>[39m
    [36m</div>[39m
  [36m</div>[39m
[36m</body>[39m

Ignored nodes: comments, script, style
[36m<html>[39m
  [36m<head />[39m
  [36m<body>[39m
    [36m<div>[39m
      [36m<div[39m
        [33mclass[39m=[32m"flex min-h-screen bg-gray-50"[39m
      [36m>[39m
        [36m<aside[39m
          [33mclass[39m=[32m"w-64 bg-white border-r border-gray-200 min-h-screen flex flex-col"[39m
        [36m>[39m
          [36m<div[39m
            [33mclass[39m=[32m"p-6 border-b border-gray-100"[39m
          [36m>[39m
            [36m<h1[39m
              [33mclass[39m=[32m"text-2xl font-bold text-blue-600 flex items-center gap-2"[39m
            [36m>[39m
              [36m<span>[39m
                [0m🛡️[0m
              [36m</span>[39m
              [0m ISO Doc[0m
            [36m</h1>[39m
          [36m</div>[39m
          [36m<nav[39m
            [33mclass[39m=[32m"flex-1 p-4 space-y-1"[39m
          [36m>[39m
            [36m<a[39m
              [33mclass[39m=[32m"flex items-center gap-3 px-4 py-3 rounded-lg transition-colors bg-blue-50 text-blue-700 font-medium"[39m
              [33mhref[39m=[32m"/app/dashboard"[39m
            [36m>[39m
              [36m<span[39m
                [33mclass[39m=[32m"text-xl"[39m
              [36m>[39m
                [0m📊[0m
              [36m</span>[39m
              [0mDashboard[0m
            [36m</a>[39m
            [36m<a[39m
              [33mclass[39m=[32m"flex items-center gap-3 px-4 py-3 rounded-lg transition-colors text-gray-600 hover:bg-gray-50 hover:text-gray-900"[39m
              [33mhref[39m=[32m"/app/documents"[39m
            [36m>[39m
              [36m<span[39m
                [33mclass[39m=[32m"text-xl"[39m
              [36m>[39m
                [0m📁[0m
              [36m</span>[39m
              [0mDocuments[0m
            [36m</a>[39m
            [36m<a[39m
              [33mclass[39m=[32m"flex items-center gap-3 px-4 py-3 rounded-lg transition-colors text-gray-600 hover:bg-gray-50 hover:text-gray-900"[39m
              [33mhref[39m=[32m"/app/gap-analysis"[39m
            [36m>[39m
              [36m<span[39m
                [33mclass[39m=[32m"text-xl"[39m
              [36m>[39m
                [0m🔍[0m
              [36m</span>[39m
              [0mGap Analysis[0m
            [36m</a>[39m
            [36m<a[39m
              [33mclass[39m=[32m"flex items-center gap-3 px-4 py-3 rounded-lg transition-colors text-gray-600 hover:bg-gray-50 hover:text-gray-900"[39m
              [33mhref[39m=[32m"/app/reports"[39m
            [36m>[39m
              [36m<span[39m
                [33mclass[39m=[32m"text-xl"[39m
              [36m>[39m
                [0m📋[0m
              [36m</span>[39m
              [0mReports[0m
            [36m</a>[39m
            [36m<a[39m
              [33mclass[39m=[32m"flex items-center gap-3 px-4 py-3 rounded-lg transition-colors text-gray-600 hover:bg-gray-50 hover:text-gray-900"[39m
              [33mhref[39m=[32m"/app/settings"[39m
            [36m>[39m
              [36m<span[39m
                [33mclass[39m=[32m"text-xl"[39m
              [36m>[39m
                [0m⚙️[0m
              [36m</span>[39m
              [0mSettings[0m
            [36m</a>[39m
          [36m</nav>[39m
          [36m<div[39m
            [33mclass[39m=[32m"p-4 border-t border-gray-100"[39m
          [36m>[39m
            [36m<div[39m
              [33mclass[39m=[32m"bg-blue-50 rounded-lg p-4"[39m
            [36m>[39m
              [36m<h4[39m
                [33mclass[39m=[32m"text-sm font-semibold text-blue-800 mb-1"[39m
              [36m>[39m
                [0mPro Plan[0m
              [36m</h4>[39m
              [36m<p[39m
                [33mclass[39m=[32m"text-xs text-blue-600 mb-3"[39m
              [36m>[39m
                [0mGet access to advanced AI features.[0m
              [36m</p>[39m
              [36m<button[39m
                [33mclass[39m=[32m"w-full bg-blue-600 text-white text-xs font-medium py-2 rounded hover:bg-blue-700 transition"[39m
              [36m>[39m
                [0mUpgrade Now[0m
              [36m</button>[39m
            [36m</div>[39m
          [36m</div>[39m
        [36m</aside>[39m
        [36m<div[39m
          [33mclass[39m=[32m"flex-1 flex flex-col"[39m
        [36m>[39m
          [36m<header[39m
            [33mclass[39m=[32m"bg-white border-b border-gray-200 px-8 py-4 flex justify-between items-center sticky top-0 z-10"[39m
          [36m>[39m
            [36m<div>[39m
              [36m<h2[39m
                [33mclass[39m=[32m"text-xl font-semibold text-gray-800"[39m
              [36m>[39m
                [0mDashboard[0m
              [36m</h2>[39m
              [36m<p[39m
                [33mclass[39m=[32m"text-sm text-gray-500"[39m
              [36m>[39m
                [0mWelcome back, User[0m
              [36m</p>[39m
            [36m</div>[39m
            [36m<div[39m
              [33mclass[39m=[32m"w-1/3"[39m
            [36m>[39m
              [36m<div[39m
                [33mclass[39m=[32m"relative w-full max-w-xl"[39m
              [36m>[39m
                [36m<form[39m
                  [33mclass[39m=[32m"relative"[39m
                [36m>[39m
                  [36m<input[39m
                    [33mclass[39m=[32m"w-full border border-gray-300 rounded-lg py-2 px-4 pl-10 focus:outline-none focus:ring-2 focus:ring-blue-500"[39m
                    [33mplaceholder[39m=[32m"Search documents (e.g. 'password policy')..."[39m
                    [33mtype[39m=[32m"text"[39m
                    [33mvalue[39m=[32m""[39m
                  [36m/>[39m
                  [36m<div[39m
                    [33mclass[39m=[32m"absolute inset-y-0 left-0 pl-3 flex items-center pointer-events-none"[39m
                  [36m>[39m
                    [36m<span[39m
                      [33mclass[39m=[32m"text-gray-400"[39m
                    [36m>[39m
                      [0m🔍[0m
                    [36m</span>[39m
                  [36m</div>[39m
                  [36m<button[39m
                    [33mclass[39m=[32m"absolute inset-y-0 right-0 px-4 text-white bg-blue-600 rounded-r-lg hover:bg-blue-700 disabled:opacity-50"[39m
                    [33mtype[39m=[32m"submit"[39m
                  [36m>[39m
                    [0mSearch[0m
                  [36m</button>[39m
                [36m</form>[39m
              [36m</div>[39m
            [36m</div>[39m
            [36m<div[39m
              [33mclass[39m=[32m"flex items-center gap-4"[39m
            [36m>[39m
              [36m<button[39m
                [33mclass[39m=[32m"p-2 text-gray-400 hover:text-gray-600"[39m
              [36m>[39m
                [0m🔔[0m
              [36m</button>[39m
              [36m<div[39m
                [33mclass[39m=[32m"w-8 h-8 bg-blue-100 rounded-full flex items-center justify-center text-blue-600 font-bold"[39m
              [36m>[39m
                [0mU[0m
              [36m</div>[39m
            [36m</div>[39m
          [36m</header>[39m
          [36m<main[39m
            [33mclass[39m=[32m"flex-1 p-8 overflow-y-auto"[39m
          [36m>[39m
            [36m<div[39m
              [33mclass[39m=[32m"max-w-7xl mx-auto space-y-8"[39m
            [36m>[39m
              [36m<div[39m
                [33mclass[39m=[32m"grid grid-cols-1 md:grid-cols-3 gap-6 mb-8"[39m
              [36m>[39m
                [36m<div[39m
                  [33mclass[39m=[32m"bg-white p-6 rounded-lg shadow-sm border border-gray-100"[39m
                [36m>[39m
                  [36m<div[39m
                    [33mclass[39m=[32m"text-sm font-medium text-gray-500 mb-1"[39m
                  [36m>[39m
                    [0mTotal Documents[0m
                  [36m</div>[39m
                  [36m<div[39m
                    [33mclass[39m=[32m"text-3xl font-bold text-gray-900"[39m
                  [36m>[39m
                    [0m10[0m
                  [36m</div>[39m
                [36m</div>[39m
                [36m<div[39m
                  [33mclass[39m=[32m"bg-white p-6 rounded-lg shadow-sm border border-gray-100"[39m
                [36m>[39m
                  [36m<div[39m
                    [33mclass[39m=[32m"text-sm font-medium text-gray-500 mb-1"[39m
                  [36m>[39m
                    [0mAnalyzed[0m
                  [36m</div>[39m
                  [36m<div[39m
                    [33mclass[39m=[32m"text-3xl font-bold text-blue-600"[39m
                  [36m>[39m
                    [0m5[0m
                  [36m</div>[39m
                [36m</div>[39m
                [36m<div[39m
                  [33mclass[39m=[32m"bg-white p-6 rounded-lg shadow-sm border border-gray-100"[39m
                [36m>[39m
                  [36m<div[39m
                    [33mclass[39m=[32m"text-sm font-medium text-gray-500 mb-1"[39m
                  [36m>[39m
                    [0mAvg. Compliance Score[0m
                  [36m</div>[39m
                  [36m<div[39m
                    [33mclass[39m=[32m"text-3xl font-bold text-green-600"[39m
                  [36m>[39m
                    [0m85[0m
                    [0m%[0m
                  [36m</div>[39m
                [36m</div>[39m
              [36m</div>[39m
              [36m<div[39m
                [33mclass[39m=[32m"bg-blue-50 rounded-xl border border-blue-100 p-6"[39m
              [36m>[39m
                [36m<div[39m
                  [33mclass[39m=[32m"flex justify-between items-center mb-4"[39m
                [36m>[39m
                  [36m<div>[39m
                    [36m<h3[39m
                      [33mclass[39m=[32m"text-lg font-semibold text-blue-900"[39m
                    [36m>[39m
                      [0mReview Uploads[0m
                    [36m</h3>[39m
                    [36m<p[39m
                      [33mclass[39m=[32m"text-sm text-blue-700"[39m
                    [36m>[39m
                      [0mThese documents are processed and ready for approval.[0m
                    [36m</p>[39m
                  [36m</div>[39m
                  [36m<button[39m
                    [33mclass[39m=[32m"bg-blue-600 text-white px-4 py-2 rounded-lg hover:bg-blue-700 transition disabled:opacity-50"[39m
                  [36m>[39m
                    [0mApprove All[0m
                  [36m</button>[39m
                [36m</div>[39m
                [36m<div[39m
                  [33mclass[39m=[32m"bg-white rounded-lg shadow-sm border border-blue-100 overflow-hidden"[39m
                [36m>[39m
                  [36m<table[39m
                    [33mclass[39m=[32m"min-w-full divide-y divide-gray-200"[39m
                  [36m>[39m
                    [36m<tbody[39m
                      [33mclass[39m=[32m"divide-y divide-gray-200"[39m
                    [36m>[39m
                      [36m<tr>[39m
                        [36m<td[39m
                          [33mclass[39m=[32m"px-6 py-4 text-sm font-medium text-gray-900"[39m
                        [36m>[39m
                          [0mDoc 1[0m
                        [36m</td>[39m
                        [36m<td[39m
                          [33mclass[39m=[32m"px-6 py-4 text-sm text-gray-500"[39m
                        [36m>[39m
                          [36m<span[39m
                            [33mclass[39m=[32m"text-green-600"[39m
                          [36m>[39m
                            [0mReady for Approval[0m
                          [36m</span>[39m
                        [36m</td>[39m
                      [36m</tr>[39m
                    [36m</tbody>[39m
                  [36m</table>[39m
                [36m</div>[39m
              [36m</div>[39m
              [36m<div[39m
                [33mclass[39m=[32m"grid grid-cols-1 lg:grid-cols-3 gap-8"[39m
              [36m>[39m
                [36m<div[39m
                  [33mclass[39m=[32m"lg:col-span-2 space-y-6"[39m
                [36m>[39m
                  [36m<div[39m
                    [33mclass[39m=[32m"bg-white rounded-xl shadow-sm border border-gray-100 overflow-hidden"[39m
                  [36m>[39m
                    [36m<div[39m
                      [33mclass[39m=[32m"p-6 border-b border-gray-100 flex justify-between items-center bg-gray-50/50"[39m
                    [36m>[39m
                      [36m<div>[39m
                        [36m<h3[39m
                          [33mclass[39m=[32m"text-lg font-semibold text-gray-900"[39m
                        [36m>[39m
                          [0mRecent Documents[0m
                        [36m</h3>[39m
                        [36m<p[39m
                          [33mclass[39m=[32m"text-sm text-gray-500"[39m
                        [36m>[39m
                          [0mManage and analyze your files[0m
                        [36m</p>[39m
                      [36m</div>[39m
                      [36m<div[39m
                        [33mclass[39m=[32m"relative"[39m
                      [36m>[39m
                        [36m<input[39m
                          [33mclass[39m=[32m"hidden"[39m
                          [33mid[39m=[32m"file-upload"[39m
                          [33mmultiple[39m=[32m""[39m
                          [33mtype[39m=[32m"file"[39m
                        [36m/>[39m
                        [36m<label[39m
                          [33mclass[39m=[32m"flex items-center gap-2 bg-blue-600 text-white px-4 py-2 rounded-lg hover:bg-blue-700 transition cursor-pointer shadow-sm "[39m
                          [33mfor[39m=[32m"file-upload"[39m
                        [36m>[39m
                          [36m<span>[39m
                            [0m☁️[0m
                          [36m</span>[39m
                          [0mUpload New[0m
                        [36m</label>[39m
                      [36m</div>[39m
                    [36m</div>[39m
                    [36m<div[39m
                      [33mclass[39m=[32m"overflow-x-auto"[39m
                    [36m>[39m
                      [36m<table[39m
                        [33mclass[39m=[32m"min-w-full divide-y divide-gray-200"[39m
                      [36m>[39m
                        [36m<thead[39m
                          [33mclass[39m=[32m"bg-gray-50"[39m
                        [36m>[39m
                          [36m<tr>[39m
                            [36m<th[39m
                              [33mclass[39m=[32m"px-6 py-3 text-left text-xs font-medium text-gray-500 uppercase tracking-wider"[39m
                            [36m>[39m
                              [0mDocument[0m
                            [36m</th>[39m
                            [36m<th[39m
                              [33mclass[39m=[32m"px-6 py-3 text-left text-xs font-medium text-gray-500 uppercase tracking-wider"[39m
                            [36m>[39m
                              [0mStatus[0m
                            [36m</th>[39m
                            [36m<th[39m
                              [33mclass[39m=[32m"px-6 py-3 text-left text-xs font-medium text-gray-500 uppercase tracking-wider"[39m
                            [36m>[39m
                              [0mDate[0m
                            [36m</th>[39m
                            [36m<th[39m
                              [33mclass[39m=[32m"px-6 py-3 text-right text-xs font-medium text-gray-500 uppercase tracking-wider"[39m
                            [36m>[39m
                              [0mActions[0m
                            [36m</th>[39m
                          [36m</tr>[39m
                        [36m</thead>[39m
                        [36m<tbody[39m
                          [33mclass[39m=[32m"bg-white divide-y divide-gray-200"[39m
                        [36m>[39m
                          [36m<tr>[39m
                            [36m<td[39m
                              [33mclass[39m=[32m"px-6 py-12 text-center text-gray-500"[39m
                              [33mcolspan[39m=[32m"4"[39m
                            [36m>[39m
                              [36m<div[39m
                                [33mclass[39m=[32m"flex flex-col items-center gap-2"[39m
                              [36m>[39m
                                [36m<span[39m
                                  [33mclass[39m=[32m"text-4xl"[39m
                                [36m>[39m
                                  [0m📄[0m
                                [36m</span>[39m
                                [36m<p>[39m
                                  [0mNo documents found[0m
                                [36m</p>[39m
                                [36m<p[39m
                                  [33mclass[39m=[32m"text-sm"[39m
                                [36m>[39m
                                  [0mUpload a document to get started[0m
                                [36m</p>[39m
                              [36m</div>[39m
                            [36m</td>[39m
                          [36m</tr>[39m
                        [36m</tbody>[39m
                      [36m</table>[39m
                    [36m</div>[39m
                  [36m</div>[39m
                [36m</div>[39m
                [36m<div[39m
                  [33mclass[39m=[32m"space-y-8"[39m
                [36m>[39m
                  [36m<div[39m
                    [33mclass[39m=[32m"bg-white rounded-lg shadow-sm border border-gray-100 overflow-hidden"[39m
                  [36m>[39m
                    [36m<div[39m
                      [33mclass[39m=[32m"px-6 py-4 border-b border-gray-100"[39m
                    [36m>[39m
                      [36m<h3[39m
                        [33mclass[39m=[32m"text-lg font-semibold text-gray-900"[39m
                      [36m>[39m
                        [0mRecent Activity[0m
                      [36m</h3>[39m
                    [36m</div>[39m
                    [36m<div[39m
                      [33mclass[39m=[32m"divide-y divide-gray-100"[39m
                    [36m>[39m
                      [36m<div[39m
                        [33mclass[39m=[32m"p-4 hover:bg-gray-50 transition-colors flex justify-between items-center"[39m
                      [36m>[39m
                        [36m<div>[39m
                          [36m<div[39m
                            [33mclass[39m=[32m"font-medium text-gray-900"[39m
                          [36m>[39m
                            [0mDoc 1[0m
                          [36m</div>[39m
                          [36m<div[39m
                            [33mclass[39m=[32m"text-xs text-gray-500"[39m
                          [36m>[39m
                            [0mUpdated: [0m
                            [0m1/1/2023[0m
                          [36m</div>[39m
                        [36m</div>[39m
                        [36m<span[39m
                          [33mclass[39m=[32m"px-2 py-1 rounded-full text-xs font-medium bg-green-100 text-green-800"[39m
                        [36m>[39m
                          [0mANALYZED[0m
                        [36m</span>[39m
                      [36m</div>[39m
                    [36m</div>[39m
                  [36m</div>[39m
                  [36m<div[39m
                    [33mclass[39m=[32m"bg-gradient-to-br from-blue-600 to-indigo-700 rounded-xl shadow-lg p-6 text-white"[39m
                  [36m>[39m
                    [36m<h3[39m
                      [33mclass[39m=[32m"text-lg font-semibold mb-2"[39m
                    [36m>[39m
                      [0mNeed Help?[0m
                    [36m</h3>[39m
                    [36m<p[39m
                      [33mclass[39m=[32m"text-blue-100 text-sm mb-4"[39m
                    [36m>[39m
                      [0mAsk our AI Auditor anything about your compliance status.[0m
                    [36m</p>[39m
                    [36m<button[39m
                      [33mclass[39m=[32m"w-full bg-white text-blue-600 py-2 rounded-lg font-medium hover:bg-blue-50 transition"[39m
                    [36m>[39m
                      [0mStart Chat[0m
                    [36m</button>[39m
                  [36m</div>[39m
                [36m</div>[39m
              [36m</div>[39m
            [36m</div>[39m
          [36m</main>[39m
        [36m</div>[39m
      [36m</div>[39m
    [36m</div>[39m
  [36m</body>[39m
[36m</html>[39m
 ❯ Proxy.waitForWrapper node_modules/@testing-library/dom/dist/wait-for.js:163:27
 ❯ app/app/dashboard/page.test.tsx:116:15
    114|         render(<Dashboard />);
    115| 
    116|         await waitFor(() => {
       |               ^
    117|             expect(screen.getByText('Review Uploads')).toBeDefined();
    118|             expect(screen.getByText('Doc 1')).toBeDefined();

⎯⎯⎯⎯⎯⎯⎯⎯⎯⎯⎯⎯⎯⎯⎯⎯⎯⎯⎯⎯⎯⎯⎯⎯[1/1]⎯


 Test Files  2 failed (2)
      Tests  3 failed | 5 passed (8)
   Start at  00:45:41
   Duration  2.28s

 FAIL  Tests failed. Watching for file changes...
       press h to show help, press q to quit
c[3J RERUN  app/app/dashboard/page.tsx x39 

 ❯ lib/api.test.ts (4 tests | 2 failed) 31ms
       ✓ should fetch documents successfully 15ms
       ✓ should throw error on failure 1ms
       × should upload document successfully 10ms
       × should throw error on upload failure 1ms
 ❯ app/app/dashboard/page.test.tsx (4 tests | 1 failed) 1887ms
     ✓ renders documents and standards  435ms
     ✓ renders dashboard widgets 44ms
     ✓ opens analysis modal and runs check  312ms
     × shows staged documents and allows approval 1015ms

⎯⎯⎯⎯⎯⎯⎯ Failed Tests 1 ⎯⎯⎯⎯⎯⎯⎯

 FAIL  app/app/dashboard/page.test.tsx > Dashboard Page > shows staged documents and allows approval
TestingLibraryElementError: Found multiple elements with the text: Doc 1

Here are the matching elements:

Ignored nodes: comments, script, style
[36m<td[39m
  [33mclass[39m=[32m"px-6 py-4 text-sm font-medium text-gray-900"[39m
[36m>[39m
  [0mDoc 1[0m
[36m</td>[39m

Ignored nodes: comments, script, style
[36m<div[39m
  [33mclass[39m=[32m"font-medium text-gray-900"[39m
[36m>[39m
  [0mDoc 1[0m
[36m</div>[39m

(If this is intentional, then use the `*AllBy*` variant of the query (like `queryAllByText`, `getAllByText`, or `findAllByText`)).

Ignored nodes: comments, script, style
[36m<body>[39m
  [36m<div>[39m
    [36m<div[39m
      [33mclass[39m=[32m"flex min-h-screen bg-gray-50"[39m
    [36m>[39m
      [36m<aside[39m
        [33mclass[39m=[32m"w-64 bg-white border-r border-gray-200 min-h-screen flex flex-col"[39m
      [36m>[39m
        [36m<div[39m
          [33mclass[39m=[32m"p-6 border-b border-gray-100"[39m
        [36m>[39m
          [36m<h1[39m
            [33mclass[39m=[32m"text-2xl font-bold text-blue-600 flex items-center gap-2"[39m
          [36m>[39m
            [36m<span>[39m
              [0m🛡️[0m
            [36m</span>[39m
            [0m ISO Doc[0m
          [36m</h1>[39m
        [36m</div>[39m
        [36m<nav[39m
          [33mclass[39m=[32m"flex-1 p-4 space-y-1"[39m
        [36m>[39m
          [36m<a[39m
            [33mclass[39m=[32m"flex items-center gap-3 px-4 py-3 rounded-lg transition-colors bg-blue-50 text-blue-700 font-medium"[39m
            [33mhref[39m=[32m"/app/dashboard"[39m
          [36m>[39m
            [36m<span[39m
              [33mclass[39m=[32m"text-xl"[39m
            [36m>[39m
              [0m📊[0m
            [36m</span>[39m
            [0mDashboard[0m
          [36m</a>[39m
          [36m<a[39m
            [33mclass[39m=[32m"flex items-center gap-3 px-4 py-3 rounded-lg transition-colors text-gray-600 hover:bg-gray-50 hover:text-gray-900"[39m
            [33mhref[39m=[32m"/app/documents"[39m
          [36m>[39m
            [36m<span[39m
              [33mclass[39m=[32m"text-xl"[39m
            [36m>[39m
              [0m📁[0m
            [36m</span>[39m
            [0mDocuments[0m
          [36m</a>[39m
          [36m<a[39m
            [33mclass[39m=[32m"flex items-center gap-3 px-4 py-3 rounded-lg transition-colors text-gray-600 hover:bg-gray-50 hover:text-gray-900"[39m
            [33mhref[39m=[32m"/app/gap-analysis"[39m
          [36m>[39m
            [36m<span[39m
              [33mclass[39m=[32m"text-xl"[39m
            [36m>[39m
              [0m🔍[0m
            [36m</span>[39m
            [0mGap Analysis[0m
          [36m</a>[39m
          [36m<a[39m
            [33mclass[39m=[32m"flex items-center gap-3 px-4 py-3 rounded-lg transition-colors text-gray-600 hover:bg-gray-50 hover:text-gray-900"[39m
            [33mhref[39m=[32m"/app/reports"[39m
          [36m>[39m
            [36m<span[39m
              [33mclass[39m=[32m"text-xl"[39m
            [36m>[39m
              [0m📋[0m
            [36m</span>[39m
            [0mReports[0m
          [36m</a>[39m
          [36m<a[39m
            [33mclass[39m=[32m"flex items-center gap-3 px-4 py-3 rounded-lg transition-colors text-gray-600 hover:bg-gray-50 hover:text-gray-900"[39m
            [33mhref[39m=[32m"/app/settings"[39m
          [36m>[39m
            [36m<span[39m
              [33mclass[39m=[32m"text-xl"[39m
            [36m>[39m
              [0m⚙️[0m
            [36m</span>[39m
            [0mSettings[0m
          [36m</a>[39m
        [36m</nav>[39m
        [36m<div[39m
          [33mclass[39m=[32m"p-4 border-t border-gray-100"[39m
        [36m>[39m
          [36m<div[39m
            [33mclass[39m=[32m"bg-blue-50 rounded-lg p-4"[39m
          [36m>[39m
            [36m<h4[39m
              [33mclass[39m=[32m"text-sm font-semibold text-blue-800 mb-1"[39m
            [36m>[39m
              [0mPro Plan[0m
            [36m</h4>[39m
            [36m<p[39m
              [33mclass[39m=[32m"text-xs text-blue-600 mb-3"[39m
            [36m>[39m
              [0mGet access to advanced AI features.[0m
            [36m</p>[39m
            [36m<button[39m
              [33mclass[39m=[32m"w-full bg-blue-600 text-white text-xs font-medium py-2 rounded hover:bg-blue-700 transition"[39m
            [36m>[39m
              [0mUpgrade Now[0m
            [36m</button>[39m
          [36m</div>[39m
        [36m</div>[39m
      [36m</aside>[39m
      [36m<div[39m
        [33mclass[39m=[32m"flex-1 flex flex-col"[39m
      [36m>[39m
        [36m<header[39m
          [33mclass[39m=[32m"bg-white border-b border-gray-200 px-8 py-4 flex justify-between items-center sticky top-0 z-10"[39m
        [36m>[39m
          [36m<div>[39m
            [36m<h2[39m
              [33mclass[39m=[32m"text-xl font-semibold text-gray-800"[39m
            [36m>[39m
              [0mDashboard[0m
            [36m</h2>[39m
            [36m<p[39m
              [33mclass[39m=[32m"text-sm text-gray-500"[39m
            [36m>[39m
              [0mWelcome back, User[0m
            [36m</p>[39m
          [36m</div>[39m
          [36m<div[39m
            [33mclass[39m=[32m"w-1/3"[39m
          [36m>[39m
            [36m<div[39m
              [33mclass[39m=[32m"relative w-full max-w-xl"[39m
            [36m>[39m
              [36m<form[39m
                [33mclass[39m=[32m"relative"[39m
              [36m>[39m
                [36m<input[39m
                  [33mclass[39m=[32m"w-full border border-gray-300 rounded-lg py-2 px-4 pl-10 focus:outline-none focus:ring-2 focus:ring-blue-500"[39m
                  [33mplaceholder[39m=[32m"Search documents (e.g. 'password policy')..."[39m
                  [33mtype[39m=[32m"text"[39m
                  [33mvalue[39m=[32m""[39m
                [36m/>[39m
                [36m<div[39m
                  [33mclass[39m=[32m"absolute inset-y-0 left-0 pl-3 flex items-center pointer-events-none"[39m
                [36m>[39m
                  [36m<span[39m
                    [33mclass[39m=[32m"text-gray-400"[39m
                  [36m>[39m
                    [0m🔍[0m
                  [36m</span>[39m
                [36m</div>[39m
                [36m<button[39m
                  [33mclass[39m=[32m"absolute inset-y-0 right-0 px-4 text-white bg-blue-600 rounded-r-lg hover:bg-blue-700 disabled:opacity-50"[39m
                  [33mtype[39m=[32m"submit"[39m
                [36m>[39m
                  [0mSearch[0m
                [36m</button>[39m
              [36m</form>[39m
            [36m</div>[39m
          [36m</div>[39m
          [36m<div[39m
            [33mclass[39m=[32m"flex items-center gap-4"[39m
          [36m>[39m
            [36m<button[39m
              [33mclass[39m=[32m"p-2 text-gray-400 hover:text-gray-600"[39m
            [36m>[39m
              [0m🔔[0m
            [36m</button>[39m
            [36m<div[39m
              [33mclass[39m=[32m"w-8 h-8 bg-blue-100 rounded-full flex items-center justify-center text-blue-600 font-bold"[39m
            [36m>[39m
              [0mU[0m
            [36m</div>[39m
          [36m</div>[39m
        [36m</header>[39m
        [36m<main[39m
          [33mclass[39m=[32m"flex-1 p-8 overflow-y-auto"[39m
        [36m>[39m
          [36m<div[39m
            [33mclass[39m=[32m"max-w-7xl mx-auto space-y-8"[39m
          [36m>[39m
            [36m<div[39m
              [33mclass[39m=[32m"grid grid-cols-1 md:grid-cols-3 gap-6 mb-8"[39m
            [36m>[39m
              [36m<div[39m
                [33mclass[39m=[32m"bg-white p-6 rounded-lg shadow-sm border border-gray-100"[39m
              [36m>[39m
                [36m<div[39m
                  [33mclass[39m=[32m"text-sm font-medium text-gray-500 mb-1"[39m
                [36m>[39m
                  [0mTotal Documents[0m
                [36m</div>[39m
                [36m<div[39m
                  [33mclass[39m=[32m"text-3xl font-bold text-gray-900"[39m
                [36m>[39m
                  [0m10[0m
                [36m</div>[39m
              [36m</div>[39m
              [36m<div[39m
                [33mclass[39m=[32m"bg-white p-6 rounded-lg shadow-sm border border-gray-100"[39m
              [36m>[39m
                [36m<div[39m
                  [33mclass[39m=[32m"text-sm font-medium text-gray-500 mb-1"[39m
                [36m>[39m
                  [0mAnalyzed[0m
                [36m</div>[39m
                [36m<div[39m
                  [33mclass[39m=[32m"text-3xl font-bold text-blue-600"[39m
                [36m>[39m
                  [0m5[0m
                [36m</div>[39m
              [36m</div>[39m
              [36m<div[39m
                [33mclass[39m=[32m"bg-white p-6 rounded-lg shadow-sm border border-gray-100"[39m
              [36m>[39m
                [36m<div[39m
                  [33mclass[39m=[32m"text-sm font-medium text-gray-500 mb-1"[39m
                [36m>[39m
                  [0mAvg. Compliance Score[0m
                [36m</div>[39m
                [36m<div[39m
                  [33mclass[39m=[32m"text-3xl font-bold text-green-600"[39m
                [36m>[39m
                  [0m85[0m
                  [0m%[0m
                [36m</div>[39m
              [36m</div>[39m
            [36m</div>[39m
            [36m<div[39m
              [33mclass[39m=[32m"bg-blue-50 rounded-xl border border-blue-100 p-6"[39m
            [36m>[39m
              [36m<div[39m
                [33mclass[39m=[32m"flex justify-between items-center mb-4"[39m
              [36m>[39m
                [36m<div>[39m
                  [36m<h3[39m
                    [33mclass[39m=[32m"text-lg font-semibold text-blue-900"[39m
                  [36m>[39m
                    [0mReview Uploads[0m
                  [36m</h3>[39m
                  [36m<p[39m
                    [33mclass[39m=[32m"text-sm text-blue-700"[39m
                  [36m>[39m
                    [0mThese documents are processed and ready for approval.[0m
                  [36m</p>[39m
                [36m</div>[39m
                [36m<button[39m
                  [33mclass[39m=[32m"bg-blue-600 text-white px-4 py-2 rounded-lg hover:bg-blue-700 transition disabled:opacity-50"[39m
                [36m>[39m
                  [0mApprove All[0m
                [36m</button>[39m
              [36m</div>[39m
              [36m<div[39m
                [33mclass[39m=[32m"bg-white rounded-lg shadow-sm border border-blue-100 overflow-hidden"[39m
              [36m>[39m
                [36m<table[39m
                  [33mclass[39m=[32m"min-w-full divide-y divide-gray-200"[39m
                [36m>[39m
                  [36m<tbody[39m
                    [33mclass[39m=[32m"divide-y divide-gray-200"[39m
                  [36m>[39m
                    [36m<tr>[39m
                      [36m<td[39m
                        [33mclass[39m=[32m"px-6 py-4 text-sm font-medium text-gray-900"[39m
                      [36m>[39m
                        [0mDoc 1[0m
                      [36m</td>[39m
                      [36m<td[39m
                        [33mclass[39m=[32m"px-6 py-4 text-sm text-gray-500"[39m
                      [36m>[39m
                        [36m<span[39m
                          [33mclass[39m=[32m"text-green-600"[39m
                        [36m>[39m
                          [0mReady for Approval[0m
                        [36m</span>[39m
                      [36m</td>[39m
                    [36m</tr>[39m
                  [36m</tbody>[39m
                [36m</table>[39m
              [36m</div>[39m
            [36m</div>[39m
            [36m<div[39m
              [33mclass[39m=[32m"grid grid-cols-1 lg:grid-cols-3 gap-8"[39m
            [36m>[39m
              [36m<div[39m
                [33mclass[39m=[32m"lg:col-span-2 space-y-6"[39m
              [36m>[39m
                [36m<div[39m
                  [33mclass[39m=[32m"bg-white rounded-xl shadow-sm border border-gray-100 overflow-hidden"[39m
                [36m>[39m
                  [36m<div[39m
                    [33mclass[39m=[32m"p-6 border-b border-gray-100 flex justify-between items-center bg-gray-50/50"[39m
                  [36m>[39m
                    [36m<div>[39m
                      [36m<h3[39m
                        [33mclass[39m=[32m"text-lg font-semibold text-gray-900"[39m
                      [36m>[39m
                        [0mRecent Documents[0m
                      [36m</h3>[39m
                      [36m<p[39m
                        [33mclass[39m=[32m"text-sm text-gray-500"[39m
                      [36m>[39m
                        [0mManage and analyze your files[0m
                      [36m</p>[39m
                    [36m</div>[39m
                    [36m<div[39m
                      [33mclass[39m=[32m"relative"[39m
                    [36m>[39m
                      [36m<input[39m
                        [33mclass[39m=[32m"hidden"[39m
                        [33mid[39m=[32m"file-upload"[39m
                        [33mmultiple[39m=[32m""[39m
                        [33mtype[39m=[32m"file"[39m
                      [36m/>[39m
                      [36m<label[39m
                        [33mclass[39m=[32m"flex items-center gap-2 bg-blue-600 text-white px-4 py-2 rounded-lg hover:bg-blue-700 transition cursor-pointer shadow-sm "[39m
                        [33mfor[39m=[32m"file-upload"[39m
                      [36m>[39m
                        [36m<span>[39m
                          [0m☁️[0m
                        [36m</span>[39m
                        [0mUpload New[0m
                      [36m</label>[39m
                    [36m</div>[39m
                  [36m</div>[39m
                  [36m<div[39m
                    [33mclass[39m=[32m"overflow-x-auto"[39m
                  [36m>[39m
                    [36m<table[39m
                      [33mclass[39m=[32m"min-w-full divide-y divide-gray-200"[39m
                    [36m>[39m
                      [36m<thead[39m
                        [33mclass[39m=[32m"bg-gray-50"[39m
                      [36m>[39m
                        [36m<tr>[39m
                          [36m<th[39m
                            [33mclass[39m=[32m"px-6 py-3 text-left text-xs font-medium text-gray-500 uppercase tracking-wider"[39m
                          [36m>[39m
                            [0mDocument[0m
                          [36m</th>[39m
                          [36m<th[39m
                            [33mclass[39m=[32m"px-6 py-3 text-left text-xs font-medium text-gray-500 uppercase tracking-wider"[39m
                          [36m>[39m
                            [0mStatus[0m
                          [36m</th>[39m
                          [36m<th[39m
                            [33mclass[39m=[32m"px-6 py-3 text-left text-xs font-medium text-gray-500 uppercase tracking-wider"[39m
                          [36m>[39m
                            [0mDate[0m
                          [36m</th>[39m
                          [36m<th[39m
                            [33mclass[39m=[32m"px-6 py-3 text-right text-xs font-medium text-gray-500 uppercase tracking-wider"[39m
                          [36m>[39m
                            [0mActions[0m
                          [36m</th>[39m
                        [36m</tr>[39m
                      [36m</thead>[39m
                      [36m<tbody[39m
                        [33mclass[39m=[32m"bg-white divide-y divide-gray-200"[39m
                      [36m>[39m
                        [36m<tr>[39m
                          [36m<td[39m
                            [33mclass[39m=[32m"px-6 py-12 text-center text-gray-500"[39m
                            [33mcolspan[39m=[32m"4"[39m
                          [36m>[39m
                            [36m<div[39m
                              [33mclass[39m=[32m"flex flex-col items-center gap-2"[39m
                            [36m>[39m
                              [36m<span[39m
                                [33mclass[39m=[32m"text-4xl"[39m
                              [36m>[39m
                                [0m📄[0m
                              [36m</span>[39m
                              [36m<p>[39m
                                [0mNo documents found[0m
                              [36m</p>[39m
                              [36m<p[39m
                                [33mclass[39m=[32m"text-sm"[39m
                              [36m>[39m
                                [0mUpload a document to get started[0m
                              [36m</p>[39m
                            [36m</div>[39m
                          [36m</td>[39m
                        [36m</tr>[39m
                      [36m</tbody>[39m
                    [36m</table>[39m
                  [36m</div>[39m
                [36m</div>[39m
              [36m</div>[39m
              [36m<div[39m
                [33mclass[39m=[32m"space-y-8"[39m
              [36m>[39m
                [36m<div[39m
                  [33mclass[39m=[32m"bg-white rounded-lg shadow-sm border border-gray-100 overflow-hidden"[39m
                [36m>[39m
                  [36m<div[39m
                    [33mclass[39m=[32m"px-6 py-4 border-b border-gray-100"[39m
                  [36m>[39m
                    [36m<h3[39m
                      [33mclass[39m=[32m"text-lg font-semibold text-gray-900"[39m
                    [36m>[39m
                      [0mRecent Activity[0m
                    [36m</h3>[39m
                  [36m</div>[39m
                  [36m<div[39m
                    [33mclass[39m=[32m"divide-y divide-gray-100"[39m
                  [36m>[39m
                    [36m<div[39m
                      [33mclass[39m=[32m"p-4 hover:bg-gray-50 transition-colors flex justify-between items-center"[39m
                    [36m>[39m
                      [36m<div>[39m
                        [36m<div[39m
                          [33mclass[39m=[32m"font-medium text-gray-900"[39m
                        [36m>[39m
                          [0mDoc 1[0m
                        [36m</div>[39m
                        [36m<div[39m
                          [33mclass[39m=[32m"text-xs text-gray-500"[39m
                        [36m>[39m
                          [0mUpdated: [0m
                          [0m1/1/2023[0m
                        [36m</div>[39m
                      [36m</div>[39m
                      [36m<span[39m
                        [33mclass[39m=[32m"px-2 py-1 rounded-full text-xs font-medium bg-green-100 text-green-800"[39m
                      [36m>[39m
                        [0mANALYZED[0m
                      [36m</span>[39m
                    [36m</div>[39m
                  [36m</div>[39m
                [36m</div>[39m
                [36m<div[39m
                  [33mclass[39m=[32m"bg-gradient-to-br from-blue-600 to-indigo-700 rounded-xl shadow-lg p-6 text-white"[39m
                [36m>[39m
                  [36m<h3[39m
                    [33mclass[39m=[32m"text-lg font-semibold mb-2"[39m
                  [36m>[39m
                    [0mNeed Help?[0m
                  [36m</h3>[39m
                  [36m<p[39m
                    [33mclass[39m=[32m"text-blue-100 text-sm mb-4"[39m
                  [36m>[39m
                    [0mAsk our AI Auditor anything about your compliance status.[0m
                  [36m</p>[39m
                  [36m<button[39m
                    [33mclass[39m=[32m"w-full bg-white text-blue-600 py-2 rounded-lg font-medium hover:bg-blue-50 transition"[39m
                  [36m>[39m
                    [0mStart Chat[0m
                  [36m</button>[39m
                [36m</div>[39m
              [36m</div>[39m
            [36m</div>[39m
          [36m</div>[39m
        [36m</main>[39m
      [36m</div>[39m
    [36m</div>[39m
  [36m</div>[39m
[36m</body>[39m

Ignored nodes: comments, script, style
[36m<html>[39m
  [36m<head />[39m
  [36m<body>[39m
    [36m<div>[39m
      [36m<div[39m
        [33mclass[39m=[32m"flex min-h-screen bg-gray-50"[39m
      [36m>[39m
        [36m<aside[39m
          [33mclass[39m=[32m"w-64 bg-white border-r border-gray-200 min-h-screen flex flex-col"[39m
        [36m>[39m
          [36m<div[39m
            [33mclass[39m=[32m"p-6 border-b border-gray-100"[39m
          [36m>[39m
            [36m<h1[39m
              [33mclass[39m=[32m"text-2xl font-bold text-blue-600 flex items-center gap-2"[39m
            [36m>[39m
              [36m<span>[39m
                [0m🛡️[0m
              [36m</span>[39m
              [0m ISO Doc[0m
            [36m</h1>[39m
          [36m</div>[39m
          [36m<nav[39m
            [33mclass[39m=[32m"flex-1 p-4 space-y-1"[39m
          [36m>[39m
            [36m<a[39m
              [33mclass[39m=[32m"flex items-center gap-3 px-4 py-3 rounded-lg transition-colors bg-blue-50 text-blue-700 font-medium"[39m
              [33mhref[39m=[32m"/app/dashboard"[39m
            [36m>[39m
              [36m<span[39m
                [33mclass[39m=[32m"text-xl"[39m
              [36m>[39m
                [0m📊[0m
              [36m</span>[39m
              [0mDashboard[0m
            [36m</a>[39m
            [36m<a[39m
              [33mclass[39m=[32m"flex items-center gap-3 px-4 py-3 rounded-lg transition-colors text-gray-600 hover:bg-gray-50 hover:text-gray-900"[39m
              [33mhref[39m=[32m"/app/documents"[39m
            [36m>[39m
              [36m<span[39m
                [33mclass[39m=[32m"text-xl"[39m
              [36m>[39m
                [0m📁[0m
              [36m</span>[39m
              [0mDocuments[0m
            [36m</a>[39m
            [36m<a[39m
              [33mclass[39m=[32m"flex items-center gap-3 px-4 py-3 rounded-lg transition-colors text-gray-600 hover:bg-gray-50 hover:text-gray-900"[39m
              [33mhref[39m=[32m"/app/gap-analysis"[39m
            [36m>[39m
              [36m<span[39m
                [33mclass[39m=[32m"text-xl"[39m
              [36m>[39m
                [0m🔍[0m
              [36m</span>[39m
              [0mGap Analysis[0m
            [36m</a>[39m
            [36m<a[39m
              [33mclass[39m=[32m"flex items-center gap-3 px-4 py-3 rounded-lg transition-colors text-gray-600 hover:bg-gray-50 hover:text-gray-900"[39m
              [33mhref[39m=[32m"/app/reports"[39m
            [36m>[39m
              [36m<span[39m
                [33mclass[39m=[32m"text-xl"[39m
              [36m>[39m
                [0m📋[0m
              [36m</span>[39m
              [0mReports[0m
            [36m</a>[39m
            [36m<a[39m
              [33mclass[39m=[32m"flex items-center gap-3 px-4 py-3 rounded-lg transition-colors text-gray-600 hover:bg-gray-50 hover:text-gray-900"[39m
              [33mhref[39m=[32m"/app/settings"[39m
            [36m>[39m
              [36m<span[39m
                [33mclass[39m=[32m"text-xl"[39m
              [36m>[39m
                [0m⚙️[0m
              [36m</span>[39m
              [0mSettings[0m
            [36m</a>[39m
          [36m</nav>[39m
          [36m<div[39m
            [33mclass[39m=[32m"p-4 border-t border-gray-100"[39m
          [36m>[39m
            [36m<div[39m
              [33mclass[39m=[32m"bg-blue-50 rounded-lg p-4"[39m
            [36m>[39m
              [36m<h4[39m
                [33mclass[39m=[32m"text-sm font-semibold text-blue-800 mb-1"[39m
              [36m>[39m
                [0mPro Plan[0m
              [36m</h4>[39m
              [36m<p[39m
                [33mclass[39m=[32m"text-xs text-blue-600 mb-3"[39m
              [36m>[39m
                [0mGet access to advanced AI features.[0m
              [36m</p>[39m
              [36m<button[39m
                [33mclass[39m=[32m"w-full bg-blue-600 text-white text-xs font-medium py-2 rounded hover:bg-blue-700 transition"[39m
              [36m>[39m
                [0mUpgrade Now[0m
              [36m</button>[39m
            [36m</div>[39m
          [36m</div>[39m
        [36m</aside>[39m
        [36m<div[39m
          [33mclass[39m=[32m"flex-1 flex flex-col"[39m
        [36m>[39m
          [36m<header[39m
            [33mclass[39m=[32m"bg-white border-b border-gray-200 px-8 py-4 flex justify-between items-center sticky top-0 z-10"[39m
          [36m>[39m
            [36m<div>[39m
              [36m<h2[39m
                [33mclass[39m=[32m"text-xl font-semibold text-gray-800"[39m
              [36m>[39m
                [0mDashboard[0m
              [36m</h2>[39m
              [36m<p[39m
                [33mclass[39m=[32m"text-sm text-gray-500"[39m
              [36m>[39m
                [0mWelcome back, User[0m
              [36m</p>[39m
            [36m</div>[39m
            [36m<div[39m
              [33mclass[39m=[32m"w-1/3"[39m
            [36m>[39m
              [36m<div[39m
                [33mclass[39m=[32m"relative w-full max-w-xl"[39m
              [36m>[39m
                [36m<form[39m
                  [33mclass[39m=[32m"relative"[39m
                [36m>[39m
                  [36m<input[39m
                    [33mclass[39m=[32m"w-full border border-gray-300 rounded-lg py-2 px-4 pl-10 focus:outline-none focus:ring-2 focus:ring-blue-500"[39m
                    [33mplaceholder[39m=[32m"Search documents (e.g. 'password policy')..."[39m
                    [33mtype[39m=[32m"text"[39m
                    [33mvalue[39m=[32m""[39m
                  [36m/>[39m
                  [36m<div[39m
                    [33mclass[39m=[32m"absolute inset-y-0 left-0 pl-3 flex items-center pointer-events-none"[39m
                  [36m>[39m
                    [36m<span[39m
                      [33mclass[39m=[32m"text-gray-400"[39m
                    [36m>[39m
                      [0m🔍[0m
                    [36m</span>[39m
                  [36m</div>[39m
                  [36m<button[39m
                    [33mclass[39m=[32m"absolute inset-y-0 right-0 px-4 text-white bg-blue-600 rounded-r-lg hover:bg-blue-700 disabled:opacity-50"[39m
                    [33mtype[39m=[32m"submit"[39m
                  [36m>[39m
                    [0mSearch[0m
                  [36m</button>[39m
                [36m</form>[39m
              [36m</div>[39m
            [36m</div>[39m
            [36m<div[39m
              [33mclass[39m=[32m"flex items-center gap-4"[39m
            [36m>[39m
              [36m<button[39m
                [33mclass[39m=[32m"p-2 text-gray-400 hover:text-gray-600"[39m
              [36m>[39m
                [0m🔔[0m
              [36m</button>[39m
              [36m<div[39m
                [33mclass[39m=[32m"w-8 h-8 bg-blue-100 rounded-full flex items-center justify-center text-blue-600 font-bold"[39m
              [36m>[39m
                [0mU[0m
              [36m</div>[39m
            [36m</div>[39m
          [36m</header>[39m
          [36m<main[39m
            [33mclass[39m=[32m"flex-1 p-8 overflow-y-auto"[39m
          [36m>[39m
            [36m<div[39m
              [33mclass[39m=[32m"max-w-7xl mx-auto space-y-8"[39m
            [36m>[39m
              [36m<div[39m
                [33mclass[39m=[32m"grid grid-cols-1 md:grid-cols-3 gap-6 mb-8"[39m
              [36m>[39m
                [36m<div[39m
                  [33mclass[39m=[32m"bg-white p-6 rounded-lg shadow-sm border border-gray-100"[39m
                [36m>[39m
                  [36m<div[39m
                    [33mclass[39m=[32m"text-sm font-medium text-gray-500 mb-1"[39m
                  [36m>[39m
                    [0mTotal Documents[0m
                  [36m</div>[39m
                  [36m<div[39m
                    [33mclass[39m=[32m"text-3xl font-bold text-gray-900"[39m
                  [36m>[39m
                    [0m10[0m
                  [36m</div>[39m
                [36m</div>[39m
                [36m<div[39m
                  [33mclass[39m=[32m"bg-white p-6 rounded-lg shadow-sm border border-gray-100"[39m
                [36m>[39m
                  [36m<div[39m
                    [33mclass[39m=[32m"text-sm font-medium text-gray-500 mb-1"[39m
                  [36m>[39m
                    [0mAnalyzed[0m
                  [36m</div>[39m
                  [36m<div[39m
                    [33mclass[39m=[32m"text-3xl font-bold text-blue-600"[39m
                  [36m>[39m
                    [0m5[0m
                  [36m</div>[39m
                [36m</div>[39m
                [36m<div[39m
                  [33mclass[39m=[32m"bg-white p-6 rounded-lg shadow-sm border border-gray-100"[39m
                [36m>[39m
                  [36m<div[39m
                    [33mclass[39m=[32m"text-sm font-medium text-gray-500 mb-1"[39m
                  [36m>[39m
                    [0mAvg. Compliance Score[0m
                  [36m</div>[39m
                  [36m<div[39m
                    [33mclass[39m=[32m"text-3xl font-bold text-green-600"[39m
                  [36m>[39m
                    [0m85[0m
                    [0m%[0m
                  [36m</div>[39m
                [36m</div>[39m
              [36m</div>[39m
              [36m<div[39m
                [33mclass[39m=[32m"bg-blue-50 rounded-xl border border-blue-100 p-6"[39m
              [36m>[39m
                [36m<div[39m
                  [33mclass[39m=[32m"flex justify-between items-center mb-4"[39m
                [36m>[39m
                  [36m<div>[39m
                    [36m<h3[39m
                      [33mclass[39m=[32m"text-lg font-semibold text-blue-900"[39m
                    [36m>[39m
                      [0mReview Uploads[0m
                    [36m</h3>[39m
                    [36m<p[39m
                      [33mclass[39m=[32m"text-sm text-blue-700"[39m
                    [36m>[39m
                      [0mThese documents are processed and ready for approval.[0m
                    [36m</p>[39m
                  [36m</div>[39m
                  [36m<button[39m
                    [33mclass[39m=[32m"bg-blue-600 text-white px-4 py-2 rounded-lg hover:bg-blue-700 transition disabled:opacity-50"[39m
                  [36m>[39m
                    [0mApprove All[0m
                  [36m</button>[39m
                [36m</div>[39m
                [36m<div[39m
                  [33mclass[39m=[32m"bg-white rounded-lg shadow-sm border border-blue-100 overflow-hidden"[39m
                [36m>[39m
                  [36m<table[39m
                    [33mclass[39m=[32m"min-w-full divide-y divide-gray-200"[39m
                  [36m>[39m
                    [36m<tbody[39m
                      [33mclass[39m=[32m"divide-y divide-gray-200"[39m
                    [36m>[39m
                      [36m<tr>[39m
                        [36m<td[39m
                          [33mclass[39m=[32m"px-6 py-4 text-sm font-medium text-gray-900"[39m
                        [36m>[39m
                          [0mDoc 1[0m
                        [36m</td>[39m
                        [36m<td[39m
                          [33mclass[39m=[32m"px-6 py-4 text-sm text-gray-500"[39m
                        [36m>[39m
                          [36m<span[39m
                            [33mclass[39m=[32m"text-green-600"[39m
                          [36m>[39m
                            [0mReady for Approval[0m
                          [36m</span>[39m
                        [36m</td>[39m
                      [36m</tr>[39m
                    [36m</tbody>[39m
                  [36m</table>[39m
                [36m</div>[39m
              [36m</div>[39m
              [36m<div[39m
                [33mclass[39m=[32m"grid grid-cols-1 lg:grid-cols-3 gap-8"[39m
              [36m>[39m
                [36m<div[39m
                  [33mclass[39m=[32m"lg:col-span-2 space-y-6"[39m
                [36m>[39m
                  [36m<div[39m
                    [33mclass[39m=[32m"bg-white rounded-xl shadow-sm border border-gray-100 overflow-hidden"[39m
                  [36m>[39m
                    [36m<div[39m
                      [33mclass[39m=[32m"p-6 border-b border-gray-100 flex justify-between items-center bg-gray-50/50"[39m
                    [36m>[39m
                      [36m<div>[39m
                        [36m<h3[39m
                          [33mclass[39m=[32m"text-lg font-semibold text-gray-900"[39m
                        [36m>[39m
                          [0mRecent Documents[0m
                        [36m</h3>[39m
                        [36m<p[39m
                          [33mclass[39m=[32m"text-sm text-gray-500"[39m
                        [36m>[39m
                          [0mManage and analyze your files[0m
                        [36m</p>[39m
                      [36m</div>[39m
                      [36m<div[39m
                        [33mclass[39m=[32m"relative"[39m
                      [36m>[39m
                        [36m<input[39m
                          [33mclass[39m=[32m"hidden"[39m
                          [33mid[39m=[32m"file-upload"[39m
                          [33mmultiple[39m=[32m""[39m
                          [33mtype[39m=[32m"file"[39m
                        [36m/>[39m
                        [36m<label[39m
                          [33mclass[39m=[32m"flex items-center gap-2 bg-blue-600 text-white px-4 py-2 rounded-lg hover:bg-blue-700 transition cursor-pointer shadow-sm "[39m
                          [33mfor[39m=[32m"file-upload"[39m
                        [36m>[39m
                          [36m<span>[39m
                            [0m☁️[0m
                          [36m</span>[39m
                          [0mUpload New[0m
                        [36m</label>[39m
                      [36m</div>[39m
                    [36m</div>[39m
                    [36m<div[39m
                      [33mclass[39m=[32m"overflow-x-auto"[39m
                    [36m>[39m
                      [36m<table[39m
                        [33mclass[39m=[32m"min-w-full divide-y divide-gray-200"[39m
                      [36m>[39m
                        [36m<thead[39m
                          [33mclass[39m=[32m"bg-gray-50"[39m
                        [36m>[39m
                          [36m<tr>[39m
                            [36m<th[39m
                              [33mclass[39m=[32m"px-6 py-3 text-left text-xs font-medium text-gray-500 uppercase tracking-wider"[39m
                            [36m>[39m
                              [0mDocument[0m
                            [36m</th>[39m
                            [36m<th[39m
                              [33mclass[39m=[32m"px-6 py-3 text-left text-xs font-medium text-gray-500 uppercase tracking-wider"[39m
                            [36m>[39m
                              [0mStatus[0m
                            [36m</th>[39m
                            [36m<th[39m
                              [33mclass[39m=[32m"px-6 py-3 text-left text-xs font-medium text-gray-500 uppercase tracking-wider"[39m
                            [36m>[39m
                              [0mDate[0m
                            [36m</th>[39m
                            [36m<th[39m
                              [33mclass[39m=[32m"px-6 py-3 text-right text-xs font-medium text-gray-500 uppercase tracking-wider"[39m
                            [36m>[39m
                              [0mActions[0m
                            [36m</th>[39m
                          [36m</tr>[39m
                        [36m</thead>[39m
                        [36m<tbody[39m
                          [33mclass[39m=[32m"bg-white divide-y divide-gray-200"[39m
                        [36m>[39m
                          [36m<tr>[39m
                            [36m<td[39m
                              [33mclass[39m=[32m"px-6 py-12 text-center text-gray-500"[39m
                              [33mcolspan[39m=[32m"4"[39m
                            [36m>[39m
                              [36m<div[39m
                                [33mclass[39m=[32m"flex flex-col items-center gap-2"[39m
                              [36m>[39m
                                [36m<span[39m
                                  [33mclass[39m=[32m"text-4xl"[39m
                                [36m>[39m
                                  [0m📄[0m
                                [36m</span>[39m
                                [36m<p>[39m
                                  [0mNo documents found[0m
                                [36m</p>[39m
                                [36m<p[39m
                                  [33mclass[39m=[32m"text-sm"[39m
                                [36m>[39m
                                  [0mUpload a document to get started[0m
                                [36m</p>[39m
                              [36m</div>[39m
                            [36m</td>[39m
                          [36m</tr>[39m
                        [36m</tbody>[39m
                      [36m</table>[39m
                    [36m</div>[39m
                  [36m</div>[39m
                [36m</div>[39m
                [36m<div[39m
                  [33mclass[39m=[32m"space-y-8"[39m
                [36m>[39m
                  [36m<div[39m
                    [33mclass[39m=[32m"bg-white rounded-lg shadow-sm border border-gray-100 overflow-hidden"[39m
                  [36m>[39m
                    [36m<div[39m
                      [33mclass[39m=[32m"px-6 py-4 border-b border-gray-100"[39m
                    [36m>[39m
                      [36m<h3[39m
                        [33mclass[39m=[32m"text-lg font-semibold text-gray-900"[39m
                      [36m>[39m
                        [0mRecent Activity[0m
                      [36m</h3>[39m
                    [36m</div>[39m
                    [36m<div[39m
                      [33mclass[39m=[32m"divide-y divide-gray-100"[39m
                    [36m>[39m
                      [36m<div[39m
                        [33mclass[39m=[32m"p-4 hover:bg-gray-50 transition-colors flex justify-between items-center"[39m
                      [36m>[39m
                        [36m<div>[39m
                          [36m<div[39m
                            [33mclass[39m=[32m"font-medium text-gray-900"[39m
                          [36m>[39m
                            [0mDoc 1[0m
                          [36m</div>[39m
                          [36m<div[39m
                            [33mclass[39m=[32m"text-xs text-gray-500"[39m
                          [36m>[39m
                            [0mUpdated: [0m
                            [0m1/1/2023[0m
                          [36m</div>[39m
                        [36m</div>[39m
                        [36m<span[39m
                          [33mclass[39m=[32m"px-2 py-1 rounded-full text-xs font-medium bg-green-100 text-green-800"[39m
                        [36m>[39m
                          [0mANALYZED[0m
                        [36m</span>[39m
                      [36m</div>[39m
                    [36m</div>[39m
                  [36m</div>[39m
                  [36m<div[39m
                    [33mclass[39m=[32m"bg-gradient-to-br from-blue-600 to-indigo-700 rounded-xl shadow-lg p-6 text-white"[39m
                  [36m>[39m
                    [36m<h3[39m
                      [33mclass[39m=[32m"text-lg font-semibold mb-2"[39m
                    [36m>[39m
                      [0mNeed Help?[0m
                    [36m</h3>[39m
                    [36m<p[39m
                      [33mclass[39m=[32m"text-blue-100 text-sm mb-4"[39m
                    [36m>[39m
                      [0mAsk our AI Auditor anything about your compliance status.[0m
                    [36m</p>[39m
                    [36m<button[39m
                      [33mclass[39m=[32m"w-full bg-white text-blue-600 py-2 rounded-lg font-medium hover:bg-blue-50 transition"[39m
                    [36m>[39m
                      [0mStart Chat[0m
                    [36m</button>[39m
                  [36m</div>[39m
                [36m</div>[39m
              [36m</div>[39m
            [36m</div>[39m
          [36m</main>[39m
        [36m</div>[39m
      [36m</div>[39m
    [36m</div>[39m
  [36m</body>[39m
[36m</html>[39m
 ❯ Proxy.waitForWrapper node_modules/@testing-library/dom/dist/wait-for.js:163:27
 ❯ app/app/dashboard/page.test.tsx:116:15

⎯⎯⎯⎯⎯⎯⎯⎯⎯⎯⎯⎯⎯⎯⎯⎯⎯⎯⎯⎯⎯⎯⎯⎯[1/1]⎯


 Test Files  2 failed (2)
      Tests  3 failed | 5 passed (8)
   Start at  00:46:19
   Duration  2.91s

 FAIL  Tests failed. Watching for file changes...
       press h to show help, press q to quit
c[3J RERUN  app/app/dashboard/page.test.tsx x40 

 ❯ lib/api.test.ts (4 tests | 2 failed) 31ms
       ✓ should fetch documents successfully 15ms
       ✓ should throw error on failure 1ms
       × should upload document successfully 10ms
       × should throw error on upload failure 1ms
 ❯ app/app/dashboard/page.test.tsx (4 tests | 1 failed) 274ms
     ✓ renders documents and standards 148ms
     ✓ renders dashboard widgets 35ms
     ✓ opens analysis modal and runs check 80ms
     × shows staged documents and allows approval 11ms

⎯⎯⎯⎯⎯⎯⎯ Failed Tests 1 ⎯⎯⎯⎯⎯⎯⎯

 FAIL  app/app/dashboard/page.test.tsx > Dashboard Page > shows staged documents and allows approval
TestingLibraryElementError: Found multiple elements with the text: Doc 1

Here are the matching elements:

Ignored nodes: comments, script, style
[36m<td[39m
  [33mclass[39m=[32m"px-6 py-4 text-sm font-medium text-gray-900"[39m
[36m>[39m
  [0mDoc 1[0m
[36m</td>[39m

Ignored nodes: comments, script, style
[36m<div[39m
  [33mclass[39m=[32m"font-medium text-gray-900"[39m
[36m>[39m
  [0mDoc 1[0m
[36m</div>[39m

(If this is intentional, then use the `*AllBy*` variant of the query (like `queryAllByText`, `getAllByText`, or `findAllByText`)).

Ignored nodes: comments, script, style
[36m<body>[39m
  [36m<div>[39m
    [36m<div[39m
      [33mclass[39m=[32m"flex min-h-screen bg-gray-50"[39m
    [36m>[39m
      [36m<aside[39m
        [33mclass[39m=[32m"w-64 bg-white border-r border-gray-200 min-h-screen flex flex-col"[39m
      [36m>[39m
        [36m<div[39m
          [33mclass[39m=[32m"p-6 border-b border-gray-100"[39m
        [36m>[39m
          [36m<h1[39m
            [33mclass[39m=[32m"text-2xl font-bold text-blue-600 flex items-center gap-2"[39m
          [36m>[39m
            [36m<span>[39m
              [0m🛡️[0m
            [36m</span>[39m
            [0m ISO Doc[0m
          [36m</h1>[39m
        [36m</div>[39m
        [36m<nav[39m
          [33mclass[39m=[32m"flex-1 p-4 space-y-1"[39m
        [36m>[39m
          [36m<a[39m
            [33mclass[39m=[32m"flex items-center gap-3 px-4 py-3 rounded-lg transition-colors bg-blue-50 text-blue-700 font-medium"[39m
            [33mhref[39m=[32m"/app/dashboard"[39m
          [36m>[39m
            [36m<span[39m
              [33mclass[39m=[32m"text-xl"[39m
            [36m>[39m
              [0m📊[0m
            [36m</span>[39m
            [0mDashboard[0m
          [36m</a>[39m
          [36m<a[39m
            [33mclass[39m=[32m"flex items-center gap-3 px-4 py-3 rounded-lg transition-colors text-gray-600 hover:bg-gray-50 hover:text-gray-900"[39m
            [33mhref[39m=[32m"/app/documents"[39m
          [36m>[39m
            [36m<span[39m
              [33mclass[39m=[32m"text-xl"[39m
            [36m>[39m
              [0m📁[0m
            [36m</span>[39m
            [0mDocuments[0m
          [36m</a>[39m
          [36m<a[39m
            [33mclass[39m=[32m"flex items-center gap-3 px-4 py-3 rounded-lg transition-colors text-gray-600 hover:bg-gray-50 hover:text-gray-900"[39m
            [33mhref[39m=[32m"/app/gap-analysis"[39m
          [36m>[39m
            [36m<span[39m
              [33mclass[39m=[32m"text-xl"[39m
            [36m>[39m
              [0m🔍[0m
            [36m</span>[39m
            [0mGap Analysis[0m
          [36m</a>[39m
          [36m<a[39m
            [33mclass[39m=[32m"flex items-center gap-3 px-4 py-3 rounded-lg transition-colors text-gray-600 hover:bg-gray-50 hover:text-gray-900"[39m
            [33mhref[39m=[32m"/app/reports"[39m
          [36m>[39m
            [36m<span[39m
              [33mclass[39m=[32m"text-xl"[39m
            [36m>[39m
              [0m📋[0m
            [36m</span>[39m
            [0mReports[0m
          [36m</a>[39m
          [36m<a[39m
            [33mclass[39m=[32m"flex items-center gap-3 px-4 py-3 rounded-lg transition-colors text-gray-600 hover:bg-gray-50 hover:text-gray-900"[39m
            [33mhref[39m=[32m"/app/settings"[39m
          [36m>[39m
            [36m<span[39m
              [33mclass[39m=[32m"text-xl"[39m
            [36m>[39m
              [0m⚙️[0m
            [36m</span>[39m
            [0mSettings[0m
          [36m</a>[39m
        [36m</nav>[39m
        [36m<div[39m
          [33mclass[39m=[32m"p-4 border-t border-gray-100"[39m
        [36m>[39m
          [36m<div[39m
            [33mclass[39m=[32m"bg-blue-50 rounded-lg p-4"[39m
          [36m>[39m
            [36m<h4[39m
              [33mclass[39m=[32m"text-sm font-semibold text-blue-800 mb-1"[39m
            [36m>[39m
              [0mPro Plan[0m
            [36m</h4>[39m
            [36m<p[39m
              [33mclass[39m=[32m"text-xs text-blue-600 mb-3"[39m
            [36m>[39m
              [0mGet access to advanced AI features.[0m
            [36m</p>[39m
            [36m<button[39m
              [33mclass[39m=[32m"w-full bg-blue-600 text-white text-xs font-medium py-2 rounded hover:bg-blue-700 transition"[39m
            [36m>[39m
              [0mUpgrade Now[0m
            [36m</button>[39m
          [36m</div>[39m
        [36m</div>[39m
      [36m</aside>[39m
      [36m<div[39m
        [33mclass[39m=[32m"flex-1 flex flex-col"[39m
      [36m>[39m
        [36m<header[39m
          [33mclass[39m=[32m"bg-white border-b border-gray-200 px-8 py-4 flex justify-between items-center sticky top-0 z-10"[39m
        [36m>[39m
          [36m<div>[39m
            [36m<h2[39m
              [33mclass[39m=[32m"text-xl font-semibold text-gray-800"[39m
            [36m>[39m
              [0mDashboard[0m
            [36m</h2>[39m
            [36m<p[39m
              [33mclass[39m=[32m"text-sm text-gray-500"[39m
            [36m>[39m
              [0mWelcome back, User[0m
            [36m</p>[39m
          [36m</div>[39m
          [36m<div[39m
            [33mclass[39m=[32m"w-1/3"[39m
          [36m>[39m
            [36m<div[39m
              [33mclass[39m=[32m"relative w-full max-w-xl"[39m
            [36m>[39m
              [36m<form[39m
                [33mclass[39m=[32m"relative"[39m
              [36m>[39m
                [36m<input[39m
                  [33mclass[39m=[32m"w-full border border-gray-300 rounded-lg py-2 px-4 pl-10 focus:outline-none focus:ring-2 focus:ring-blue-500"[39m
                  [33mplaceholder[39m=[32m"Search documents (e.g. 'password policy')..."[39m
                  [33mtype[39m=[32m"text"[39m
                  [33mvalue[39m=[32m""[39m
                [36m/>[39m
                [36m<div[39m
                  [33mclass[39m=[32m"absolute inset-y-0 left-0 pl-3 flex items-center pointer-events-none"[39m
                [36m>[39m
                  [36m<span[39m
                    [33mclass[39m=[32m"text-gray-400"[39m
                  [36m>[39m
                    [0m🔍[0m
                  [36m</span>[39m
                [36m</div>[39m
                [36m<button[39m
                  [33mclass[39m=[32m"absolute inset-y-0 right-0 px-4 text-white bg-blue-600 rounded-r-lg hover:bg-blue-700 disabled:opacity-50"[39m
                  [33mtype[39m=[32m"submit"[39m
                [36m>[39m
                  [0mSearch[0m
                [36m</button>[39m
              [36m</form>[39m
            [36m</div>[39m
          [36m</div>[39m
          [36m<div[39m
            [33mclass[39m=[32m"flex items-center gap-4"[39m
          [36m>[39m
            [36m<button[39m
              [33mclass[39m=[32m"p-2 text-gray-400 hover:text-gray-600"[39m
            [36m>[39m
              [0m🔔[0m
            [36m</button>[39m
            [36m<div[39m
              [33mclass[39m=[32m"w-8 h-8 bg-blue-100 rounded-full flex items-center justify-center text-blue-600 font-bold"[39m
            [36m>[39m
              [0mU[0m
            [36m</div>[39m
          [36m</div>[39m
        [36m</header>[39m
        [36m<main[39m
          [33mclass[39m=[32m"flex-1 p-8 overflow-y-auto"[39m
        [36m>[39m
          [36m<div[39m
            [33mclass[39m=[32m"max-w-7xl mx-auto space-y-8"[39m
          [36m>[39m
            [36m<div[39m
              [33mclass[39m=[32m"grid grid-cols-1 md:grid-cols-3 gap-6 mb-8"[39m
            [36m>[39m
              [36m<div[39m
                [33mclass[39m=[32m"bg-white p-6 rounded-lg shadow-sm border border-gray-100"[39m
              [36m>[39m
                [36m<div[39m
                  [33mclass[39m=[32m"text-sm font-medium text-gray-500 mb-1"[39m
                [36m>[39m
                  [0mTotal Documents[0m
                [36m</div>[39m
                [36m<div[39m
                  [33mclass[39m=[32m"text-3xl font-bold text-gray-900"[39m
                [36m>[39m
                  [0m10[0m
                [36m</div>[39m
              [36m</div>[39m
              [36m<div[39m
                [33mclass[39m=[32m"bg-white p-6 rounded-lg shadow-sm border border-gray-100"[39m
              [36m>[39m
                [36m<div[39m
                  [33mclass[39m=[32m"text-sm font-medium text-gray-500 mb-1"[39m
                [36m>[39m
                  [0mAnalyzed[0m
                [36m</div>[39m
                [36m<div[39m
                  [33mclass[39m=[32m"text-3xl font-bold text-blue-600"[39m
                [36m>[39m
                  [0m5[0m
                [36m</div>[39m
              [36m</div>[39m
              [36m<div[39m
                [33mclass[39m=[32m"bg-white p-6 rounded-lg shadow-sm border border-gray-100"[39m
              [36m>[39m
                [36m<div[39m
                  [33mclass[39m=[32m"text-sm font-medium text-gray-500 mb-1"[39m
                [36m>[39m
                  [0mAvg. Compliance Score[0m
                [36m</div>[39m
                [36m<div[39m
                  [33mclass[39m=[32m"text-3xl font-bold text-green-600"[39m
                [36m>[39m
                  [0m85[0m
                  [0m%[0m
                [36m</div>[39m
              [36m</div>[39m
            [36m</div>[39m
            [36m<div[39m
              [33mclass[39m=[32m"bg-blue-50 rounded-xl border border-blue-100 p-6"[39m
            [36m>[39m
              [36m<div[39m
                [33mclass[39m=[32m"flex justify-between items-center mb-4"[39m
              [36m>[39m
                [36m<div>[39m
                  [36m<h3[39m
                    [33mclass[39m=[32m"text-lg font-semibold text-blue-900"[39m
                  [36m>[39m
                    [0mReview Uploads[0m
                  [36m</h3>[39m
                  [36m<p[39m
                    [33mclass[39m=[32m"text-sm text-blue-700"[39m
                  [36m>[39m
                    [0mThese documents are processed and ready for approval.[0m
                  [36m</p>[39m
                [36m</div>[39m
                [36m<button[39m
                  [33mclass[39m=[32m"bg-blue-600 text-white px-4 py-2 rounded-lg hover:bg-blue-700 transition disabled:opacity-50"[39m
                [36m>[39m
                  [0mApprove All[0m
                [36m</button>[39m
              [36m</div>[39m
              [36m<div[39m
                [33mclass[39m=[32m"bg-white rounded-lg shadow-sm border border-blue-100 overflow-hidden"[39m
              [36m>[39m
                [36m<table[39m
                  [33mclass[39m=[32m"min-w-full divide-y divide-gray-200"[39m
                [36m>[39m
                  [36m<tbody[39m
                    [33mclass[39m=[32m"divide-y divide-gray-200"[39m
                  [36m>[39m
                    [36m<tr>[39m
                      [36m<td[39m
                        [33mclass[39m=[32m"px-6 py-4 text-sm font-medium text-gray-900"[39m
                      [36m>[39m
                        [0mDoc 1[0m
                      [36m</td>[39m
                      [36m<td[39m
                        [33mclass[39m=[32m"px-6 py-4 text-sm text-gray-500"[39m
                      [36m>[39m
                        [36m<span[39m
                          [33mclass[39m=[32m"text-green-600"[39m
                        [36m>[39m
                          [0mReady for Approval[0m
                        [36m</span>[39m
                      [36m</td>[39m
                    [36m</tr>[39m
                  [36m</tbody>[39m
                [36m</table>[39m
              [36m</div>[39m
            [36m</div>[39m
            [36m<div[39m
              [33mclass[39m=[32m"grid grid-cols-1 lg:grid-cols-3 gap-8"[39m
            [36m>[39m
              [36m<div[39m
                [33mclass[39m=[32m"lg:col-span-2 space-y-6"[39m
              [36m>[39m
                [36m<div[39m
                  [33mclass[39m=[32m"bg-white rounded-xl shadow-sm border border-gray-100 overflow-hidden"[39m
                [36m>[39m
                  [36m<div[39m
                    [33mclass[39m=[32m"p-6 border-b border-gray-100 flex justify-between items-center bg-gray-50/50"[39m
                  [36m>[39m
                    [36m<div>[39m
                      [36m<h3[39m
                        [33mclass[39m=[32m"text-lg font-semibold text-gray-900"[39m
                      [36m>[39m
                        [0mRecent Documents[0m
                      [36m</h3>[39m
                      [36m<p[39m
                        [33mclass[39m=[32m"text-sm text-gray-500"[39m
                      [36m>[39m
                        [0mManage and analyze your files[0m
                      [36m</p>[39m
                    [36m</div>[39m
                    [36m<div[39m
                      [33mclass[39m=[32m"relative"[39m
                    [36m>[39m
                      [36m<input[39m
                        [33mclass[39m=[32m"hidden"[39m
                        [33mid[39m=[32m"file-upload"[39m
                        [33mmultiple[39m=[32m""[39m
                        [33mtype[39m=[32m"file"[39m
                      [36m/>[39m
                      [36m<label[39m
                        [33mclass[39m=[32m"flex items-center gap-2 bg-blue-600 text-white px-4 py-2 rounded-lg hover:bg-blue-700 transition cursor-pointer shadow-sm "[39m
                        [33mfor[39m=[32m"file-upload"[39m
                      [36m>[39m
                        [36m<span>[39m
                          [0m☁️[0m
                        [36m</span>[39m
                        [0mUpload New[0m
                      [36m</label>[39m
                    [36m</div>[39m
                  [36m</div>[39m
                  [36m<div[39m
                    [33mclass[39m=[32m"overflow-x-auto"[39m
                  [36m>[39m
                    [36m<table[39m
                      [33mclass[39m=[32m"min-w-full divide-y divide-gray-200"[39m
                    [36m>[39m
                      [36m<thead[39m
                        [33mclass[39m=[32m"bg-gray-50"[39m
                      [36m>[39m
                        [36m<tr>[39m
                          [36m<th[39m
                            [33mclass[39m=[32m"px-6 py-3 text-left text-xs font-medium text-gray-500 uppercase tracking-wider"[39m
                          [36m>[39m
                            [0mDocument[0m
                          [36m</th>[39m
                          [36m<th[39m
                            [33mclass[39m=[32m"px-6 py-3 text-left text-xs font-medium text-gray-500 uppercase tracking-wider"[39m
                          [36m>[39m
                            [0mStatus[0m
                          [36m</th>[39m
                          [36m<th[39m
                            [33mclass[39m=[32m"px-6 py-3 text-left text-xs font-medium text-gray-500 uppercase tracking-wider"[39m
                          [36m>[39m
                            [0mDate[0m
                          [36m</th>[39m
                          [36m<th[39m
                            [33mclass[39m=[32m"px-6 py-3 text-right text-xs font-medium text-gray-500 uppercase tracking-wider"[39m
                          [36m>[39m
                            [0mActions[0m
                          [36m</th>[39m
                        [36m</tr>[39m
                      [36m</thead>[39m
                      [36m<tbody[39m
                        [33mclass[39m=[32m"bg-white divide-y divide-gray-200"[39m
                      [36m>[39m
                        [36m<tr>[39m
                          [36m<td[39m
                            [33mclass[39m=[32m"px-6 py-12 text-center text-gray-500"[39m
                            [33mcolspan[39m=[32m"4"[39m
                          [36m>[39m
                            [36m<div[39m
                              [33mclass[39m=[32m"flex flex-col items-center gap-2"[39m
                            [36m>[39m
                              [36m<span[39m
                                [33mclass[39m=[32m"text-4xl"[39m
                              [36m>[39m
                                [0m📄[0m
                              [36m</span>[39m
                              [36m<p>[39m
                                [0mNo documents found[0m
                              [36m</p>[39m
                              [36m<p[39m
                                [33mclass[39m=[32m"text-sm"[39m
                              [36m>[39m
                                [0mUpload a document to get started[0m
                              [36m</p>[39m
                            [36m</div>[39m
                          [36m</td>[39m
                        [36m</tr>[39m
                      [36m</tbody>[39m
                    [36m</table>[39m
                  [36m</div>[39m
                [36m</div>[39m
              [36m</div>[39m
              [36m<div[39m
                [33mclass[39m=[32m"space-y-8"[39m
              [36m>[39m
                [36m<div[39m
                  [33mclass[39m=[32m"bg-white rounded-lg shadow-sm border border-gray-100 overflow-hidden"[39m
                [36m>[39m
                  [36m<div[39m
                    [33mclass[39m=[32m"px-6 py-4 border-b border-gray-100"[39m
                  [36m>[39m
                    [36m<h3[39m
                      [33mclass[39m=[32m"text-lg font-semibold text-gray-900"[39m
                    [36m>[39m
                      [0mRecent Activity[0m
                    [36m</h3>[39m
                  [36m</div>[39m
                  [36m<div[39m
                    [33mclass[39m=[32m"divide-y divide-gray-100"[39m
                  [36m>[39m
                    [36m<div[39m
                      [33mclass[39m=[32m"p-4 hover:bg-gray-50 transition-colors flex justify-between items-center"[39m
                    [36m>[39m
                      [36m<div>[39m
                        [36m<div[39m
                          [33mclass[39m=[32m"font-medium text-gray-900"[39m
                        [36m>[39m
                          [0mDoc 1[0m
                        [36m</div>[39m
                        [36m<div[39m
                          [33mclass[39m=[32m"text-xs text-gray-500"[39m
                        [36m>[39m
                          [0mUpdated: [0m
                          [0m1/1/2023[0m
                        [36m</div>[39m
                      [36m</div>[39m
                      [36m<span[39m
                        [33mclass[39m=[32m"px-2 py-1 rounded-full text-xs font-medium bg-green-100 text-green-800"[39m
                      [36m>[39m
                        [0mANALYZED[0m
                      [36m</span>[39m
                    [36m</div>[39m
                  [36m</div>[39m
                [36m</div>[39m
                [36m<div[39m
                  [33mclass[39m=[32m"bg-gradient-to-br from-blue-600 to-indigo-700 rounded-xl shadow-lg p-6 text-white"[39m
                [36m>[39m
                  [36m<h3[39m
                    [33mclass[39m=[32m"text-lg font-semibold mb-2"[39m
                  [36m>[39m
                    [0mNeed Help?[0m
                  [36m</h3>[39m
                  [36m<p[39m
                    [33mclass[39m=[32m"text-blue-100 text-sm mb-4"[39m
                  [36m>[39m
                    [0mAsk our AI Auditor anything about your compliance status.[0m
                  [36m</p>[39m
                  [36m<button[39m
                    [33mclass[39m=[32m"w-full bg-white text-blue-600 py-2 rounded-lg font-medium hover:bg-blue-50 transition"[39m
                  [36m>[39m
                    [0mStart Chat[0m
                  [36m</button>[39m
                [36m</div>[39m
              [36m</div>[39m
            [36m</div>[39m
          [36m</div>[39m
        [36m</main>[39m
      [36m</div>[39m
    [36m</div>[39m
  [36m</div>[39m
[36m</body>[39m
 ❯ Object.getElementError node_modules/@testing-library/dom/dist/config.js:37:19
 ❯ getElementError node_modules/@testing-library/dom/dist/query-helpers.js:20:35
 ❯ getMultipleElementsFoundError node_modules/@testing-library/dom/dist/query-helpers.js:23:10
 ❯ node_modules/@testing-library/dom/dist/query-helpers.js:55:13
 ❯ node_modules/@testing-library/dom/dist/query-helpers.js:95:19
 ❯ app/app/dashboard/page.test.tsx:117:23
    115| 
    116|         expect(await screen.findByText('Review Uploads')).toBeDefined(…
    117|         expect(screen.getByText('Doc 1')).toBeDefined();
       |                       ^
    118|         expect(screen.getByText('Ready for Approval')).toBeDefined();
    119| 

⎯⎯⎯⎯⎯⎯⎯⎯⎯⎯⎯⎯⎯⎯⎯⎯⎯⎯⎯⎯⎯⎯⎯⎯[1/1]⎯


 Test Files  2 failed (2)
      Tests  3 failed | 5 passed (8)
   Start at  00:46:24
   Duration  749ms

 FAIL  Tests failed. Watching for file changes...
       press h to show help, press q to quit
c[3J RERUN  app/app/dashboard/page.test.tsx x41 

 ❯ lib/api.test.ts (4 tests | 2 failed) 31ms
       ✓ should fetch documents successfully 15ms
       ✓ should throw error on failure 1ms
       × should upload document successfully 10ms
       × should throw error on upload failure 1ms
 ✓ app/app/dashboard/page.test.tsx (4 tests) 320ms

 Test Files  1 failed | 1 passed (2)
      Tests  2 failed | 6 passed (8)
   Start at  00:47:06
   Duration  966ms

 PASS  Waiting for file changes...
       press h to show help, press q to quit
c[3J RERUN  lib/api.ts 

 ❯ lib/api.test.ts (4 tests | 2 failed) 490ms
       ✓ should fetch documents successfully 239ms
       ✓ should throw error on failure 54ms
       × should upload document successfully 106ms
       × should throw error on upload failure 90ms
 ✓ app/app/reports/[id]/page.test.tsx (3 tests) 1078ms
     ✓ renders report data successfully  639ms
 ✓ app/app/gap-analysis/page.test.tsx (2 tests) 1941ms
     ✓ renders and loads standards  867ms
     ✓ runs gap analysis and displays results  1051ms
 ✓ app/app/documents/[id]/page.test.tsx (2 tests) 4541ms
     ✓ renders document details and download button  4219ms
     ✓ triggers export on button click  308ms
 ✓ app/app/dashboard/page.test.tsx (4 tests) 3974ms
     ✓ renders documents and standards  2510ms
     ✓ renders dashboard widgets  780ms
     ✓ opens analysis modal and runs check  422ms

⎯⎯⎯⎯⎯⎯⎯ Failed Tests 2 ⎯⎯⎯⎯⎯⎯⎯

 FAIL  lib/api.test.ts > API Client > uploadDocument > should upload document successfully
TypeError: (0 , __vite_ssr_import_0__.uploadDocument) is not a function
 ❯ lib/api.test.ts:42:19
     40| 
     41|             const file = new File(['content'], 'test.txt', { type: 'te…
     42|             await uploadDocument(file);
       |                   ^
     43| 
     44|             expect(global.fetch).toHaveBeenCalledWith(

⎯⎯⎯⎯⎯⎯⎯⎯⎯⎯⎯⎯⎯⎯⎯⎯⎯⎯⎯⎯⎯⎯⎯⎯[1/2]⎯

 FAIL  lib/api.test.ts > API Client > uploadDocument > should throw error on upload failure
TypeError: (0 , __vite_ssr_import_0__.uploadDocument) is not a function
 ❯ lib/api.test.ts:59:26
     57| 
     58|             const file = new File(['content'], 'test.txt', { type: 'te…
     59|             await expect(uploadDocument(file)).rejects.toThrow('Failed…
       |                          ^
     60|         });
     61|     });

⎯⎯⎯⎯⎯⎯⎯⎯⎯⎯⎯⎯⎯⎯⎯⎯⎯⎯⎯⎯⎯⎯⎯⎯[2/2]⎯


 Test Files  1 failed | 4 passed (5)
      Tests  2 failed | 13 passed (15)
   Start at  00:52:33
   Duration  49.57s

 FAIL  Tests failed. Watching for file changes...
       press h to show help, press q to quit
c[3J RERUN  app/app/dashboard/page.tsx x43 

 ❯ lib/api.test.ts (4 tests | 2 failed) 490ms
       ✓ should fetch documents successfully 239ms
       ✓ should throw error on failure 54ms
       × should upload document successfully 106ms
       × should throw error on upload failure 90ms
 ✓ app/app/dashboard/page.test.tsx (4 tests) 901ms
     ✓ renders dashboard widgets  447ms

 Test Files  1 failed | 1 passed (2)
      Tests  2 failed | 6 passed (8)
   Start at  00:53:00
   Duration  3.01s

 PASS  Waiting for file changes...
       press h to show help, press q to quit
c[3J RERUN  app/app/dashboard/page.tsx x44 

 ❯ lib/api.test.ts (4 tests | 2 failed) 490ms
       ✓ should fetch documents successfully 239ms
       ✓ should throw error on failure 54ms
       × should upload document successfully 106ms
       × should throw error on upload failure 90ms
 ✓ app/app/dashboard/page.test.tsx (4 tests) 794ms
     ✓ renders documents and standards  312ms
     ✓ opens analysis modal and runs check  408ms

 Test Files  1 failed | 1 passed (2)
      Tests  2 failed | 6 passed (8)
   Start at  00:53:06
   Duration  1.22s

 PASS  Waiting for file changes...
       press h to show help, press q to quit
c[3J RERUN  app/app/dashboard/page.tsx x45 

 ❯ lib/api.test.ts (4 tests | 2 failed) 490ms
       ✓ should fetch documents successfully 239ms
       ✓ should throw error on failure 54ms
       × should upload document successfully 106ms
       × should throw error on upload failure 90ms
 ✓ app/app/dashboard/page.test.tsx (4 tests) 365ms

 Test Files  1 failed | 1 passed (2)
      Tests  2 failed | 6 passed (8)
   Start at  00:53:08
   Duration  987ms

 PASS  Waiting for file changes...
       press h to show help, press q to quit
c[3J RERUN  app/app/dashboard/page.test.tsx x46 

 ❯ lib/api.test.ts (4 tests | 2 failed) 490ms
       ✓ should fetch documents successfully 239ms
       ✓ should throw error on failure 54ms
       × should upload document successfully 106ms
       × should throw error on upload failure 90ms
 ✓ app/app/dashboard/page.test.tsx (4 tests) 2425ms
     ✓ renders documents and standards  1324ms
     ✓ renders dashboard widgets  387ms
     ✓ opens analysis modal and runs check  334ms

 Test Files  1 failed | 1 passed (2)
      Tests  2 failed | 6 passed (8)
   Start at  00:53:26
   Duration  3.90s

 PASS  Waiting for file changes...
       press h to show help, press q to quit
c[3J RERUN  app/app/dashboard/page.test.tsx x47 

 ❯ lib/api.test.ts (4 tests | 2 failed) 490ms
       ✓ should fetch documents successfully 239ms
       ✓ should throw error on failure 54ms
       × should upload document successfully 106ms
       × should throw error on upload failure 90ms
 ❯ app/app/dashboard/page.test.tsx (4 tests | 1 failed) 1569ms
     ✓ renders documents and standards  719ms
     ✓ renders dashboard widgets 41ms
     ✓ opens analysis modal and runs check  729ms
     × shows staged documents and allows approval 78ms

⎯⎯⎯⎯⎯⎯⎯ Failed Tests 1 ⎯⎯⎯⎯⎯⎯⎯

 FAIL  app/app/dashboard/page.test.tsx > Dashboard Page > shows staged documents and allows approval
Error: Calling the test function inside another test function is not allowed. Please put it inside "describe" or "suite" so it can be properly collected.
 ❯ app/app/dashboard/page.test.tsx:129:9
    127|             expect(commitDocuments).toHaveBeenCalledWith(['1']);
    128|         });
    129|         it('allows rejecting staged documents', async () => {
       |         ^
    130|             const mockDocuments = [
    131|                 { id: '1', title: 'Doc 1', status: 'STAGED', createdAt…

⎯⎯⎯⎯⎯⎯⎯⎯⎯⎯⎯⎯⎯⎯⎯⎯⎯⎯⎯⎯⎯⎯⎯⎯[1/1]⎯


 Test Files  2 failed (2)
      Tests  3 failed | 5 passed (8)
   Start at  00:53:34
   Duration  5.23s

 FAIL  Tests failed. Watching for file changes...
       press h to show help, press q to quit
c[3J RERUN  app/app/dashboard/page.test.tsx x48 

 ❯ lib/api.test.ts (4 tests | 2 failed) 490ms
       ✓ should fetch documents successfully 239ms
       ✓ should throw error on failure 54ms
       × should upload document successfully 106ms
       × should throw error on upload failure 90ms
 ❯ app/app/dashboard/page.test.tsx (4 tests | 1 failed) 1569ms
     ✓ renders documents and standards  897ms
     ✓ renders dashboard widgets  340ms
     ✓ opens analysis modal and runs check 292ms
     × shows staged documents and allows approval 34ms

⎯⎯⎯⎯⎯⎯⎯ Failed Tests 1 ⎯⎯⎯⎯⎯⎯⎯

 FAIL  app/app/dashboard/page.test.tsx > Dashboard Page > shows staged documents and allows approval
Error: Calling the test function inside another test function is not allowed. Please put it inside "describe" or "suite" so it can be properly collected.
 ❯ app/app/dashboard/page.test.tsx:129:9
    127|             expect(commitDocuments).toHaveBeenCalledWith(['1']);
    128|         });
    129|         it('allows rejecting staged documents', async () => {
       |         ^
    130|             const mockDocuments = [
    131|                 { id: '1', title: 'Doc 1', status: 'STAGED', createdAt…

⎯⎯⎯⎯⎯⎯⎯⎯⎯⎯⎯⎯⎯⎯⎯⎯⎯⎯⎯⎯⎯⎯⎯⎯[1/1]⎯


 Test Files  2 failed (2)
      Tests  3 failed | 5 passed (8)
   Start at  00:53:42
   Duration  2.91s

 FAIL  Tests failed. Watching for file changes...
       press h to show help, press q to quit
c[3J RERUN  app/app/dashboard/page.test.tsx x49 

 ❯ lib/api.test.ts (4 tests | 2 failed) 490ms
       ✓ should fetch documents successfully 239ms
       ✓ should throw error on failure 54ms
       × should upload document successfully 106ms
       × should throw error on upload failure 90ms

⎯⎯⎯⎯⎯⎯ Failed Suites 1 ⎯⎯⎯⎯⎯⎯⎯

 FAIL  app/app/dashboard/page.test.tsx [ app/app/dashboard/page.test.tsx ]
Error: Transform failed with 1 error:
/Users/isak/Downloads/iso-doc-platform/frontend/app/app/dashboard/page.test.tsx:155:0: ERROR: Unexpected "}"
  Plugin: vite:esbuild
  File: /Users/isak/Downloads/iso-doc-platform/frontend/app/app/dashboard/page.test.tsx:155:0
  
  Unexpected "}"
  153 |      });
  154 |  });
  155 |  });
      |  ^
  156 |  
  157 |  
  
 ❯ failureErrorWithLog node_modules/esbuild/lib/main.js:1467:15
 ❯ node_modules/esbuild/lib/main.js:736:50
 ❯ responseCallbacks.<computed> node_modules/esbuild/lib/main.js:603:9
 ❯ handleIncomingPacket node_modules/esbuild/lib/main.js:658:12
 ❯ Socket.readFromStdout node_modules/esbuild/lib/main.js:581:7

⎯⎯⎯⎯⎯⎯⎯⎯⎯⎯⎯⎯⎯⎯⎯⎯⎯⎯⎯⎯⎯⎯⎯⎯[1/1]⎯


 Test Files  2 failed (2)
      Tests  2 failed | 2 passed (4)
   Start at  00:54:16
   Duration  904ms

 FAIL  Tests failed. Watching for file changes...
       press h to show help, press q to quit
c[3J RERUN  app/app/dashboard/page.test.tsx x50 

 ❯ lib/api.test.ts (4 tests | 2 failed) 490ms
       ✓ should fetch documents successfully 239ms
       ✓ should throw error on failure 54ms
       × should upload document successfully 106ms
       × should throw error on upload failure 90ms
 ✓ app/app/dashboard/page.test.tsx (5 tests) 771ms
     ✓ opens analysis modal and runs check  319ms

 Test Files  1 failed | 1 passed (2)
      Tests  2 failed | 7 passed (9)
   Start at  00:54:55
   Duration  1.86s

 PASS  Waiting for file changes...
       press h to show help, press q to quit
c[3J RERUN  lib/api.ts 

 ❯ lib/api.test.ts (4 tests | 2 failed) 191ms
       ✓ should fetch documents successfully 4ms
       ✓ should throw error on failure 1ms
       × should upload document successfully 180ms
       × should throw error on upload failure 5ms
 ✓ app/app/reports/[id]/page.test.tsx (3 tests) 1013ms
     ✓ renders report data successfully  843ms
 ✓ app/app/gap-analysis/page.test.tsx (2 tests) 1354ms
     ✓ renders and loads standards  729ms
     ✓ runs gap analysis and displays results  621ms
 ✓ app/app/dashboard/page.test.tsx (5 tests) 3763ms
     ✓ renders documents and standards  1611ms
     ✓ renders dashboard widgets  1000ms
     ✓ opens analysis modal and runs check  694ms
 ✓ app/app/documents/[id]/page.test.tsx (2 tests) 2428ms
     ✓ renders document details and download button  2325ms

⎯⎯⎯⎯⎯⎯⎯ Failed Tests 2 ⎯⎯⎯⎯⎯⎯⎯

 FAIL  lib/api.test.ts > API Client > uploadDocument > should upload document successfully
TypeError: (0 , __vite_ssr_import_0__.uploadDocument) is not a function
 ❯ lib/api.test.ts:42:19
     40| 
     41|             const file = new File(['content'], 'test.txt', { type: 'te…
     42|             await uploadDocument(file);
       |                   ^
     43| 
     44|             expect(global.fetch).toHaveBeenCalledWith(

⎯⎯⎯⎯⎯⎯⎯⎯⎯⎯⎯⎯⎯⎯⎯⎯⎯⎯⎯⎯⎯⎯⎯⎯[1/2]⎯

 FAIL  lib/api.test.ts > API Client > uploadDocument > should throw error on upload failure
TypeError: (0 , __vite_ssr_import_0__.uploadDocument) is not a function
 ❯ lib/api.test.ts:59:26
     57| 
     58|             const file = new File(['content'], 'test.txt', { type: 'te…
     59|             await expect(uploadDocument(file)).rejects.toThrow('Failed…
       |                          ^
     60|         });
     61|     });

⎯⎯⎯⎯⎯⎯⎯⎯⎯⎯⎯⎯⎯⎯⎯⎯⎯⎯⎯⎯⎯⎯⎯⎯[2/2]⎯


 Test Files  1 failed | 4 passed (5)
      Tests  2 failed | 14 passed (16)
   Start at  01:04:04
   Duration  41.28s

 FAIL  Tests failed. Watching for file changes...
       press h to show help, press q to quit
c[3J RERUN  app/app/dashboard/page.tsx x52 

 ❯ lib/api.test.ts (4 tests | 2 failed) 191ms
       ✓ should fetch documents successfully 4ms
       ✓ should throw error on failure 1ms
       × should upload document successfully 180ms
       × should throw error on upload failure 5ms
stderr | app/app/dashboard/page.test.tsx > Dashboard Page > renders documents and standards
Failed to load notifications Error: [vitest] No "fetchNotifications" export is defined on the "@/lib/api" mock. Did you forget to return it from "vi.mock"?
If you need to partially mock a module, you can use "importOriginal" helper inside:

    at VitestMocker.createError [90m(file:///Users/isak/Downloads/iso-doc-platform/frontend/[39mnode_modules/[4mvitest[24m/dist/chunks/startModuleRunner.W28wBIgJ.js:310:17[90m)[39m
    at Object.get [90m(file:///Users/isak/Downloads/iso-doc-platform/frontend/[39mnode_modules/[4mvitest[24m/dist/chunks/startModuleRunner.W28wBIgJ.js:383:16[90m)[39m
    at loadNotifications [90m(/Users/isak/Downloads/iso-doc-platform/frontend/[39mlib/hooks.ts:10:32[90m)[39m
    at [90m/Users/isak/Downloads/iso-doc-platform/frontend/[39mlib/hooks.ts:19:9
    at Object.react_stack_bottom_frame [90m(/Users/isak/Downloads/iso-doc-platform/frontend/[39mnode_modules/[4mreact-dom[24m/cjs/react-dom-client.development.js:25989:20[90m)[39m
    at runWithFiberInDEV [90m(/Users/isak/Downloads/iso-doc-platform/frontend/[39mnode_modules/[4mreact-dom[24m/cjs/react-dom-client.development.js:874:13[90m)[39m
    at commitHookEffectListMount [90m(/Users/isak/Downloads/iso-doc-platform/frontend/[39mnode_modules/[4mreact-dom[24m/cjs/react-dom-client.development.js:13249:29[90m)[39m
    at commitHookPassiveMountEffects [90m(/Users/isak/Downloads/iso-doc-platform/frontend/[39mnode_modules/[4mreact-dom[24m/cjs/react-dom-client.development.js:13336:11[90m)[39m
    at commitPassiveMountOnFiber [90m(/Users/isak/Downloads/iso-doc-platform/frontend/[39mnode_modules/[4mreact-dom[24m/cjs/react-dom-client.development.js:15484:13[90m)[39m
    at recursivelyTraversePassiveMountEffects [90m(/Users/isak/Downloads/iso-doc-platform/frontend/[39mnode_modules/[4mreact-dom[24m/cjs/react-dom-client.development.js:15439:11[90m)[39m {
  codeFrame: [32m'vi.mock(import("@/lib/api"), async (importOriginal) => {\n'[39m +
    [32m'  const actual = await importOriginal()\n'[39m +
    [32m'  return {\n'[39m +
    [32m'    ...actual,\n'[39m +
    [32m'    // your mocked methods\n'[39m +
    [32m'  }\n'[39m +
    [32m'})'[39m
}

stderr | app/app/dashboard/page.test.tsx > Dashboard Page > renders dashboard widgets
Failed to load notifications Error: [vitest] No "fetchNotifications" export is defined on the "@/lib/api" mock. Did you forget to return it from "vi.mock"?
If you need to partially mock a module, you can use "importOriginal" helper inside:

    at VitestMocker.createError [90m(file:///Users/isak/Downloads/iso-doc-platform/frontend/[39mnode_modules/[4mvitest[24m/dist/chunks/startModuleRunner.W28wBIgJ.js:310:17[90m)[39m
    at Object.get [90m(file:///Users/isak/Downloads/iso-doc-platform/frontend/[39mnode_modules/[4mvitest[24m/dist/chunks/startModuleRunner.W28wBIgJ.js:383:16[90m)[39m
    at loadNotifications [90m(/Users/isak/Downloads/iso-doc-platform/frontend/[39mlib/hooks.ts:10:32[90m)[39m
    at [90m/Users/isak/Downloads/iso-doc-platform/frontend/[39mlib/hooks.ts:19:9
    at Object.react_stack_bottom_frame [90m(/Users/isak/Downloads/iso-doc-platform/frontend/[39mnode_modules/[4mreact-dom[24m/cjs/react-dom-client.development.js:25989:20[90m)[39m
    at runWithFiberInDEV [90m(/Users/isak/Downloads/iso-doc-platform/frontend/[39mnode_modules/[4mreact-dom[24m/cjs/react-dom-client.development.js:874:13[90m)[39m
    at commitHookEffectListMount [90m(/Users/isak/Downloads/iso-doc-platform/frontend/[39mnode_modules/[4mreact-dom[24m/cjs/react-dom-client.development.js:13249:29[90m)[39m
    at commitHookPassiveMountEffects [90m(/Users/isak/Downloads/iso-doc-platform/frontend/[39mnode_modules/[4mreact-dom[24m/cjs/react-dom-client.development.js:13336:11[90m)[39m
    at commitPassiveMountOnFiber [90m(/Users/isak/Downloads/iso-doc-platform/frontend/[39mnode_modules/[4mreact-dom[24m/cjs/react-dom-client.development.js:15484:13[90m)[39m
    at recursivelyTraversePassiveMountEffects [90m(/Users/isak/Downloads/iso-doc-platform/frontend/[39mnode_modules/[4mreact-dom[24m/cjs/react-dom-client.development.js:15439:11[90m)[39m {
  codeFrame: [32m'vi.mock(import("@/lib/api"), async (importOriginal) => {\n'[39m +
    [32m'  const actual = await importOriginal()\n'[39m +
    [32m'  return {\n'[39m +
    [32m'    ...actual,\n'[39m +
    [32m'    // your mocked methods\n'[39m +
    [32m'  }\n'[39m +
    [32m'})'[39m
}

stderr | app/app/dashboard/page.test.tsx > Dashboard Page > opens analysis modal and runs check
Failed to load notifications Error: [vitest] No "fetchNotifications" export is defined on the "@/lib/api" mock. Did you forget to return it from "vi.mock"?
If you need to partially mock a module, you can use "importOriginal" helper inside:

    at VitestMocker.createError [90m(file:///Users/isak/Downloads/iso-doc-platform/frontend/[39mnode_modules/[4mvitest[24m/dist/chunks/startModuleRunner.W28wBIgJ.js:310:17[90m)[39m
    at Object.get [90m(file:///Users/isak/Downloads/iso-doc-platform/frontend/[39mnode_modules/[4mvitest[24m/dist/chunks/startModuleRunner.W28wBIgJ.js:383:16[90m)[39m
    at loadNotifications [90m(/Users/isak/Downloads/iso-doc-platform/frontend/[39mlib/hooks.ts:10:32[90m)[39m
    at [90m/Users/isak/Downloads/iso-doc-platform/frontend/[39mlib/hooks.ts:19:9
    at Object.react_stack_bottom_frame [90m(/Users/isak/Downloads/iso-doc-platform/frontend/[39mnode_modules/[4mreact-dom[24m/cjs/react-dom-client.development.js:25989:20[90m)[39m
    at runWithFiberInDEV [90m(/Users/isak/Downloads/iso-doc-platform/frontend/[39mnode_modules/[4mreact-dom[24m/cjs/react-dom-client.development.js:874:13[90m)[39m
    at commitHookEffectListMount [90m(/Users/isak/Downloads/iso-doc-platform/frontend/[39mnode_modules/[4mreact-dom[24m/cjs/react-dom-client.development.js:13249:29[90m)[39m
    at commitHookPassiveMountEffects [90m(/Users/isak/Downloads/iso-doc-platform/frontend/[39mnode_modules/[4mreact-dom[24m/cjs/react-dom-client.development.js:13336:11[90m)[39m
    at commitPassiveMountOnFiber [90m(/Users/isak/Downloads/iso-doc-platform/frontend/[39mnode_modules/[4mreact-dom[24m/cjs/react-dom-client.development.js:15484:13[90m)[39m
    at recursivelyTraversePassiveMountEffects [90m(/Users/isak/Downloads/iso-doc-platform/frontend/[39mnode_modules/[4mreact-dom[24m/cjs/react-dom-client.development.js:15439:11[90m)[39m {
  codeFrame: [32m'vi.mock(import("@/lib/api"), async (importOriginal) => {\n'[39m +
    [32m'  const actual = await importOriginal()\n'[39m +
    [32m'  return {\n'[39m +
    [32m'    ...actual,\n'[39m +
    [32m'    // your mocked methods\n'[39m +
    [32m'  }\n'[39m +
    [32m'})'[39m
}

stderr | app/app/dashboard/page.test.tsx > Dashboard Page > shows staged documents and allows approval
Failed to load notifications Error: [vitest] No "fetchNotifications" export is defined on the "@/lib/api" mock. Did you forget to return it from "vi.mock"?
If you need to partially mock a module, you can use "importOriginal" helper inside:

    at VitestMocker.createError [90m(file:///Users/isak/Downloads/iso-doc-platform/frontend/[39mnode_modules/[4mvitest[24m/dist/chunks/startModuleRunner.W28wBIgJ.js:310:17[90m)[39m
    at Object.get [90m(file:///Users/isak/Downloads/iso-doc-platform/frontend/[39mnode_modules/[4mvitest[24m/dist/chunks/startModuleRunner.W28wBIgJ.js:383:16[90m)[39m
    at loadNotifications [90m(/Users/isak/Downloads/iso-doc-platform/frontend/[39mlib/hooks.ts:10:32[90m)[39m
    at [90m/Users/isak/Downloads/iso-doc-platform/frontend/[39mlib/hooks.ts:19:9
    at Object.react_stack_bottom_frame [90m(/Users/isak/Downloads/iso-doc-platform/frontend/[39mnode_modules/[4mreact-dom[24m/cjs/react-dom-client.development.js:25989:20[90m)[39m
    at runWithFiberInDEV [90m(/Users/isak/Downloads/iso-doc-platform/frontend/[39mnode_modules/[4mreact-dom[24m/cjs/react-dom-client.development.js:874:13[90m)[39m
    at commitHookEffectListMount [90m(/Users/isak/Downloads/iso-doc-platform/frontend/[39mnode_modules/[4mreact-dom[24m/cjs/react-dom-client.development.js:13249:29[90m)[39m
    at commitHookPassiveMountEffects [90m(/Users/isak/Downloads/iso-doc-platform/frontend/[39mnode_modules/[4mreact-dom[24m/cjs/react-dom-client.development.js:13336:11[90m)[39m
    at commitPassiveMountOnFiber [90m(/Users/isak/Downloads/iso-doc-platform/frontend/[39mnode_modules/[4mreact-dom[24m/cjs/react-dom-client.development.js:15484:13[90m)[39m
    at recursivelyTraversePassiveMountEffects [90m(/Users/isak/Downloads/iso-doc-platform/frontend/[39mnode_modules/[4mreact-dom[24m/cjs/react-dom-client.development.js:15439:11[90m)[39m {
  codeFrame: [32m'vi.mock(import("@/lib/api"), async (importOriginal) => {\n'[39m +
    [32m'  const actual = await importOriginal()\n'[39m +
    [32m'  return {\n'[39m +
    [32m'    ...actual,\n'[39m +
    [32m'    // your mocked methods\n'[39m +
    [32m'  }\n'[39m +
    [32m'})'[39m
}

stderr | app/app/dashboard/page.test.tsx > Dashboard Page > allows rejecting staged documents
Failed to load notifications Error: [vitest] No "fetchNotifications" export is defined on the "@/lib/api" mock. Did you forget to return it from "vi.mock"?
If you need to partially mock a module, you can use "importOriginal" helper inside:

    at VitestMocker.createError [90m(file:///Users/isak/Downloads/iso-doc-platform/frontend/[39mnode_modules/[4mvitest[24m/dist/chunks/startModuleRunner.W28wBIgJ.js:310:17[90m)[39m
    at Object.get [90m(file:///Users/isak/Downloads/iso-doc-platform/frontend/[39mnode_modules/[4mvitest[24m/dist/chunks/startModuleRunner.W28wBIgJ.js:383:16[90m)[39m
    at loadNotifications [90m(/Users/isak/Downloads/iso-doc-platform/frontend/[39mlib/hooks.ts:10:32[90m)[39m
    at [90m/Users/isak/Downloads/iso-doc-platform/frontend/[39mlib/hooks.ts:19:9
    at Object.react_stack_bottom_frame [90m(/Users/isak/Downloads/iso-doc-platform/frontend/[39mnode_modules/[4mreact-dom[24m/cjs/react-dom-client.development.js:25989:20[90m)[39m
    at runWithFiberInDEV [90m(/Users/isak/Downloads/iso-doc-platform/frontend/[39mnode_modules/[4mreact-dom[24m/cjs/react-dom-client.development.js:874:13[90m)[39m
    at commitHookEffectListMount [90m(/Users/isak/Downloads/iso-doc-platform/frontend/[39mnode_modules/[4mreact-dom[24m/cjs/react-dom-client.development.js:13249:29[90m)[39m
    at commitHookPassiveMountEffects [90m(/Users/isak/Downloads/iso-doc-platform/frontend/[39mnode_modules/[4mreact-dom[24m/cjs/react-dom-client.development.js:13336:11[90m)[39m
    at commitPassiveMountOnFiber [90m(/Users/isak/Downloads/iso-doc-platform/frontend/[39mnode_modules/[4mreact-dom[24m/cjs/react-dom-client.development.js:15484:13[90m)[39m
    at recursivelyTraversePassiveMountEffects [90m(/Users/isak/Downloads/iso-doc-platform/frontend/[39mnode_modules/[4mreact-dom[24m/cjs/react-dom-client.development.js:15439:11[90m)[39m {
  codeFrame: [32m'vi.mock(import("@/lib/api"), async (importOriginal) => {\n'[39m +
    [32m'  const actual = await importOriginal()\n'[39m +
    [32m'  return {\n'[39m +
    [32m'    ...actual,\n'[39m +
    [32m'    // your mocked methods\n'[39m +
    [32m'  }\n'[39m +
    [32m'})'[39m
}

 ✓ app/app/dashboard/page.test.tsx (5 tests) 685ms

 Test Files  1 failed | 1 passed (2)
      Tests  2 failed | 7 passed (9)
   Start at  01:04:46
   Duration  1.96s

 PASS  Waiting for file changes...
       press h to show help, press q to quit
c[3J RERUN  app/app/dashboard/page.tsx x53 

 ❯ lib/api.test.ts (4 tests | 2 failed) 191ms
       ✓ should fetch documents successfully 4ms
       ✓ should throw error on failure 1ms
       × should upload document successfully 180ms
       × should throw error on upload failure 5ms
stderr | app/app/dashboard/page.test.tsx > Dashboard Page > renders documents and standards
Failed to load notifications Error: [vitest] No "fetchNotifications" export is defined on the "@/lib/api" mock. Did you forget to return it from "vi.mock"?
If you need to partially mock a module, you can use "importOriginal" helper inside:

    at VitestMocker.createError [90m(file:///Users/isak/Downloads/iso-doc-platform/frontend/[39mnode_modules/[4mvitest[24m/dist/chunks/startModuleRunner.W28wBIgJ.js:310:17[90m)[39m
    at Object.get [90m(file:///Users/isak/Downloads/iso-doc-platform/frontend/[39mnode_modules/[4mvitest[24m/dist/chunks/startModuleRunner.W28wBIgJ.js:383:16[90m)[39m
    at loadNotifications [90m(/Users/isak/Downloads/iso-doc-platform/frontend/[39mlib/hooks.ts:10:32[90m)[39m
    at [90m/Users/isak/Downloads/iso-doc-platform/frontend/[39mlib/hooks.ts:19:9
    at Object.react_stack_bottom_frame [90m(/Users/isak/Downloads/iso-doc-platform/frontend/[39mnode_modules/[4mreact-dom[24m/cjs/react-dom-client.development.js:25989:20[90m)[39m
    at runWithFiberInDEV [90m(/Users/isak/Downloads/iso-doc-platform/frontend/[39mnode_modules/[4mreact-dom[24m/cjs/react-dom-client.development.js:874:13[90m)[39m
    at commitHookEffectListMount [90m(/Users/isak/Downloads/iso-doc-platform/frontend/[39mnode_modules/[4mreact-dom[24m/cjs/react-dom-client.development.js:13249:29[90m)[39m
    at commitHookPassiveMountEffects [90m(/Users/isak/Downloads/iso-doc-platform/frontend/[39mnode_modules/[4mreact-dom[24m/cjs/react-dom-client.development.js:13336:11[90m)[39m
    at commitPassiveMountOnFiber [90m(/Users/isak/Downloads/iso-doc-platform/frontend/[39mnode_modules/[4mreact-dom[24m/cjs/react-dom-client.development.js:15484:13[90m)[39m
    at recursivelyTraversePassiveMountEffects [90m(/Users/isak/Downloads/iso-doc-platform/frontend/[39mnode_modules/[4mreact-dom[24m/cjs/react-dom-client.development.js:15439:11[90m)[39m {
  codeFrame: [32m'vi.mock(import("@/lib/api"), async (importOriginal) => {\n'[39m +
    [32m'  const actual = await importOriginal()\n'[39m +
    [32m'  return {\n'[39m +
    [32m'    ...actual,\n'[39m +
    [32m'    // your mocked methods\n'[39m +
    [32m'  }\n'[39m +
    [32m'})'[39m
}

stderr | app/app/dashboard/page.test.tsx > Dashboard Page > renders dashboard widgets
Failed to load notifications Error: [vitest] No "fetchNotifications" export is defined on the "@/lib/api" mock. Did you forget to return it from "vi.mock"?
If you need to partially mock a module, you can use "importOriginal" helper inside:

    at VitestMocker.createError [90m(file:///Users/isak/Downloads/iso-doc-platform/frontend/[39mnode_modules/[4mvitest[24m/dist/chunks/startModuleRunner.W28wBIgJ.js:310:17[90m)[39m
    at Object.get [90m(file:///Users/isak/Downloads/iso-doc-platform/frontend/[39mnode_modules/[4mvitest[24m/dist/chunks/startModuleRunner.W28wBIgJ.js:383:16[90m)[39m
    at loadNotifications [90m(/Users/isak/Downloads/iso-doc-platform/frontend/[39mlib/hooks.ts:10:32[90m)[39m
    at [90m/Users/isak/Downloads/iso-doc-platform/frontend/[39mlib/hooks.ts:19:9
    at Object.react_stack_bottom_frame [90m(/Users/isak/Downloads/iso-doc-platform/frontend/[39mnode_modules/[4mreact-dom[24m/cjs/react-dom-client.development.js:25989:20[90m)[39m
    at runWithFiberInDEV [90m(/Users/isak/Downloads/iso-doc-platform/frontend/[39mnode_modules/[4mreact-dom[24m/cjs/react-dom-client.development.js:874:13[90m)[39m
    at commitHookEffectListMount [90m(/Users/isak/Downloads/iso-doc-platform/frontend/[39mnode_modules/[4mreact-dom[24m/cjs/react-dom-client.development.js:13249:29[90m)[39m
    at commitHookPassiveMountEffects [90m(/Users/isak/Downloads/iso-doc-platform/frontend/[39mnode_modules/[4mreact-dom[24m/cjs/react-dom-client.development.js:13336:11[90m)[39m
    at commitPassiveMountOnFiber [90m(/Users/isak/Downloads/iso-doc-platform/frontend/[39mnode_modules/[4mreact-dom[24m/cjs/react-dom-client.development.js:15484:13[90m)[39m
    at recursivelyTraversePassiveMountEffects [90m(/Users/isak/Downloads/iso-doc-platform/frontend/[39mnode_modules/[4mreact-dom[24m/cjs/react-dom-client.development.js:15439:11[90m)[39m {
  codeFrame: [32m'vi.mock(import("@/lib/api"), async (importOriginal) => {\n'[39m +
    [32m'  const actual = await importOriginal()\n'[39m +
    [32m'  return {\n'[39m +
    [32m'    ...actual,\n'[39m +
    [32m'    // your mocked methods\n'[39m +
    [32m'  }\n'[39m +
    [32m'})'[39m
}

stderr | app/app/dashboard/page.test.tsx > Dashboard Page > opens analysis modal and runs check
Failed to load notifications Error: [vitest] No "fetchNotifications" export is defined on the "@/lib/api" mock. Did you forget to return it from "vi.mock"?
If you need to partially mock a module, you can use "importOriginal" helper inside:

    at VitestMocker.createError [90m(file:///Users/isak/Downloads/iso-doc-platform/frontend/[39mnode_modules/[4mvitest[24m/dist/chunks/startModuleRunner.W28wBIgJ.js:310:17[90m)[39m
    at Object.get [90m(file:///Users/isak/Downloads/iso-doc-platform/frontend/[39mnode_modules/[4mvitest[24m/dist/chunks/startModuleRunner.W28wBIgJ.js:383:16[90m)[39m
    at loadNotifications [90m(/Users/isak/Downloads/iso-doc-platform/frontend/[39mlib/hooks.ts:10:32[90m)[39m
    at [90m/Users/isak/Downloads/iso-doc-platform/frontend/[39mlib/hooks.ts:19:9
    at Object.react_stack_bottom_frame [90m(/Users/isak/Downloads/iso-doc-platform/frontend/[39mnode_modules/[4mreact-dom[24m/cjs/react-dom-client.development.js:25989:20[90m)[39m
    at runWithFiberInDEV [90m(/Users/isak/Downloads/iso-doc-platform/frontend/[39mnode_modules/[4mreact-dom[24m/cjs/react-dom-client.development.js:874:13[90m)[39m
    at commitHookEffectListMount [90m(/Users/isak/Downloads/iso-doc-platform/frontend/[39mnode_modules/[4mreact-dom[24m/cjs/react-dom-client.development.js:13249:29[90m)[39m
    at commitHookPassiveMountEffects [90m(/Users/isak/Downloads/iso-doc-platform/frontend/[39mnode_modules/[4mreact-dom[24m/cjs/react-dom-client.development.js:13336:11[90m)[39m
    at commitPassiveMountOnFiber [90m(/Users/isak/Downloads/iso-doc-platform/frontend/[39mnode_modules/[4mreact-dom[24m/cjs/react-dom-client.development.js:15484:13[90m)[39m
    at recursivelyTraversePassiveMountEffects [90m(/Users/isak/Downloads/iso-doc-platform/frontend/[39mnode_modules/[4mreact-dom[24m/cjs/react-dom-client.development.js:15439:11[90m)[39m {
  codeFrame: [32m'vi.mock(import("@/lib/api"), async (importOriginal) => {\n'[39m +
    [32m'  const actual = await importOriginal()\n'[39m +
    [32m'  return {\n'[39m +
    [32m'    ...actual,\n'[39m +
    [32m'    // your mocked methods\n'[39m +
    [32m'  }\n'[39m +
    [32m'})'[39m
}

stderr | app/app/dashboard/page.test.tsx > Dashboard Page > shows staged documents and allows approval
Failed to load notifications Error: [vitest] No "fetchNotifications" export is defined on the "@/lib/api" mock. Did you forget to return it from "vi.mock"?
If you need to partially mock a module, you can use "importOriginal" helper inside:

    at VitestMocker.createError [90m(file:///Users/isak/Downloads/iso-doc-platform/frontend/[39mnode_modules/[4mvitest[24m/dist/chunks/startModuleRunner.W28wBIgJ.js:310:17[90m)[39m
    at Object.get [90m(file:///Users/isak/Downloads/iso-doc-platform/frontend/[39mnode_modules/[4mvitest[24m/dist/chunks/startModuleRunner.W28wBIgJ.js:383:16[90m)[39m
    at loadNotifications [90m(/Users/isak/Downloads/iso-doc-platform/frontend/[39mlib/hooks.ts:10:32[90m)[39m
    at [90m/Users/isak/Downloads/iso-doc-platform/frontend/[39mlib/hooks.ts:19:9
    at Object.react_stack_bottom_frame [90m(/Users/isak/Downloads/iso-doc-platform/frontend/[39mnode_modules/[4mreact-dom[24m/cjs/react-dom-client.development.js:25989:20[90m)[39m
    at runWithFiberInDEV [90m(/Users/isak/Downloads/iso-doc-platform/frontend/[39mnode_modules/[4mreact-dom[24m/cjs/react-dom-client.development.js:874:13[90m)[39m
    at commitHookEffectListMount [90m(/Users/isak/Downloads/iso-doc-platform/frontend/[39mnode_modules/[4mreact-dom[24m/cjs/react-dom-client.development.js:13249:29[90m)[39m
    at commitHookPassiveMountEffects [90m(/Users/isak/Downloads/iso-doc-platform/frontend/[39mnode_modules/[4mreact-dom[24m/cjs/react-dom-client.development.js:13336:11[90m)[39m
    at commitPassiveMountOnFiber [90m(/Users/isak/Downloads/iso-doc-platform/frontend/[39mnode_modules/[4mreact-dom[24m/cjs/react-dom-client.development.js:15484:13[90m)[39m
    at recursivelyTraversePassiveMountEffects [90m(/Users/isak/Downloads/iso-doc-platform/frontend/[39mnode_modules/[4mreact-dom[24m/cjs/react-dom-client.development.js:15439:11[90m)[39m {
  codeFrame: [32m'vi.mock(import("@/lib/api"), async (importOriginal) => {\n'[39m +
    [32m'  const actual = await importOriginal()\n'[39m +
    [32m'  return {\n'[39m +
    [32m'    ...actual,\n'[39m +
    [32m'    // your mocked methods\n'[39m +
    [32m'  }\n'[39m +
    [32m'})'[39m
}

stderr | app/app/dashboard/page.test.tsx > Dashboard Page > allows rejecting staged documents
Failed to load notifications Error: [vitest] No "fetchNotifications" export is defined on the "@/lib/api" mock. Did you forget to return it from "vi.mock"?
If you need to partially mock a module, you can use "importOriginal" helper inside:

    at VitestMocker.createError [90m(file:///Users/isak/Downloads/iso-doc-platform/frontend/[39mnode_modules/[4mvitest[24m/dist/chunks/startModuleRunner.W28wBIgJ.js:310:17[90m)[39m
    at Object.get [90m(file:///Users/isak/Downloads/iso-doc-platform/frontend/[39mnode_modules/[4mvitest[24m/dist/chunks/startModuleRunner.W28wBIgJ.js:383:16[90m)[39m
    at loadNotifications [90m(/Users/isak/Downloads/iso-doc-platform/frontend/[39mlib/hooks.ts:10:32[90m)[39m
    at [90m/Users/isak/Downloads/iso-doc-platform/frontend/[39mlib/hooks.ts:19:9
    at Object.react_stack_bottom_frame [90m(/Users/isak/Downloads/iso-doc-platform/frontend/[39mnode_modules/[4mreact-dom[24m/cjs/react-dom-client.development.js:25989:20[90m)[39m
    at runWithFiberInDEV [90m(/Users/isak/Downloads/iso-doc-platform/frontend/[39mnode_modules/[4mreact-dom[24m/cjs/react-dom-client.development.js:874:13[90m)[39m
    at commitHookEffectListMount [90m(/Users/isak/Downloads/iso-doc-platform/frontend/[39mnode_modules/[4mreact-dom[24m/cjs/react-dom-client.development.js:13249:29[90m)[39m
    at commitHookPassiveMountEffects [90m(/Users/isak/Downloads/iso-doc-platform/frontend/[39mnode_modules/[4mreact-dom[24m/cjs/react-dom-client.development.js:13336:11[90m)[39m
    at commitPassiveMountOnFiber [90m(/Users/isak/Downloads/iso-doc-platform/frontend/[39mnode_modules/[4mreact-dom[24m/cjs/react-dom-client.development.js:15484:13[90m)[39m
    at recursivelyTraversePassiveMountEffects [90m(/Users/isak/Downloads/iso-doc-platform/frontend/[39mnode_modules/[4mreact-dom[24m/cjs/react-dom-client.development.js:15439:11[90m)[39m {
  codeFrame: [32m'vi.mock(import("@/lib/api"), async (importOriginal) => {\n'[39m +
    [32m'  const actual = await importOriginal()\n'[39m +
    [32m'  return {\n'[39m +
    [32m'    ...actual,\n'[39m +
    [32m'    // your mocked methods\n'[39m +
    [32m'  }\n'[39m +
    [32m'})'[39m
}

 ✓ app/app/dashboard/page.test.tsx (5 tests) 1519ms
     ✓ renders documents and standards  679ms
     ✓ opens analysis modal and runs check  307ms
     ✓ allows rejecting staged documents  366ms

 Test Files  1 failed | 1 passed (2)
      Tests  2 failed | 7 passed (9)
   Start at  01:04:50
   Duration  2.41s

 PASS  Waiting for file changes...
       press h to show help, press q to quit
c[3J RERUN  app/app/dashboard/page.test.tsx x54 

 ❯ lib/api.test.ts (4 tests | 2 failed) 191ms
       ✓ should fetch documents successfully 4ms
       ✓ should throw error on failure 1ms
       × should upload document successfully 180ms
       × should throw error on upload failure 5ms
stderr | app/app/dashboard/page.test.tsx > Dashboard Page > renders documents and standards
Failed to load notifications TypeError: Cannot read properties of undefined (reading 'filter')
    at loadNotifications [90m(/Users/isak/Downloads/iso-doc-platform/frontend/[39mlib/hooks.ts:12:33[90m)[39m
[90m    at processTicksAndRejections (node:internal/process/task_queues:95:5)[39m

stderr | app/app/dashboard/page.test.tsx > Dashboard Page > renders dashboard widgets
Failed to load notifications TypeError: Cannot read properties of undefined (reading 'filter')
    at loadNotifications [90m(/Users/isak/Downloads/iso-doc-platform/frontend/[39mlib/hooks.ts:12:33[90m)[39m
[90m    at runNextTicks (node:internal/process/task_queues:60:5)[39m
[90m    at listOnTimeout (node:internal/timers:545:9)[39m
[90m    at processTimers (node:internal/timers:519:7)[39m

stderr | app/app/dashboard/page.test.tsx > Dashboard Page > opens analysis modal and runs check
Failed to load notifications TypeError: Cannot read properties of undefined (reading 'filter')
    at loadNotifications [90m(/Users/isak/Downloads/iso-doc-platform/frontend/[39mlib/hooks.ts:12:33[90m)[39m
[90m    at runNextTicks (node:internal/process/task_queues:60:5)[39m
[90m    at listOnTimeout (node:internal/timers:545:9)[39m
[90m    at processTimers (node:internal/timers:519:7)[39m

stderr | app/app/dashboard/page.test.tsx > Dashboard Page > shows staged documents and allows approval
Failed to load notifications TypeError: Cannot read properties of undefined (reading 'filter')
    at loadNotifications [90m(/Users/isak/Downloads/iso-doc-platform/frontend/[39mlib/hooks.ts:12:33[90m)[39m

stderr | app/app/dashboard/page.test.tsx > Dashboard Page > allows rejecting staged documents
Failed to load notifications TypeError: Cannot read properties of undefined (reading 'filter')
    at loadNotifications [90m(/Users/isak/Downloads/iso-doc-platform/frontend/[39mlib/hooks.ts:12:33[90m)[39m

 ✓ app/app/dashboard/page.test.tsx (5 tests) 2881ms
     ✓ renders documents and standards  1729ms
     ✓ opens analysis modal and runs check  612ms

 Test Files  1 failed | 1 passed (2)
      Tests  2 failed | 7 passed (9)
   Start at  01:05:01
   Duration  6.31s

 PASS  Waiting for file changes...
       press h to show help, press q to quit
c[3J RERUN  app/app/dashboard/page.test.tsx x55 

 ❯ lib/api.test.ts (4 tests | 2 failed) 191ms
       ✓ should fetch documents successfully 4ms
       ✓ should throw error on failure 1ms
       × should upload document successfully 180ms
       × should throw error on upload failure 5ms
stderr | app/app/dashboard/page.test.tsx > Dashboard Page > renders documents and standards
Failed to load notifications TypeError: Cannot read properties of undefined (reading 'filter')
    at loadNotifications [90m(/Users/isak/Downloads/iso-doc-platform/frontend/[39mlib/hooks.ts:12:33[90m)[39m
[90m    at processTicksAndRejections (node:internal/process/task_queues:95:5)[39m

stderr | app/app/dashboard/page.test.tsx > Dashboard Page > renders dashboard widgets
Failed to load notifications TypeError: Cannot read properties of undefined (reading 'filter')
    at loadNotifications [90m(/Users/isak/Downloads/iso-doc-platform/frontend/[39mlib/hooks.ts:12:33[90m)[39m
[90m    at runNextTicks (node:internal/process/task_queues:60:5)[39m
[90m    at listOnTimeout (node:internal/timers:545:9)[39m
[90m    at processTimers (node:internal/timers:519:7)[39m

stderr | app/app/dashboard/page.test.tsx > Dashboard Page > opens analysis modal and runs check
Failed to load notifications TypeError: Cannot read properties of undefined (reading 'filter')
    at loadNotifications [90m(/Users/isak/Downloads/iso-doc-platform/frontend/[39mlib/hooks.ts:12:33[90m)[39m
[90m    at runNextTicks (node:internal/process/task_queues:60:5)[39m
[90m    at listOnTimeout (node:internal/timers:545:9)[39m
[90m    at processTimers (node:internal/timers:519:7)[39m

stderr | app/app/dashboard/page.test.tsx > Dashboard Page > shows staged documents and allows approval
Failed to load notifications TypeError: Cannot read properties of undefined (reading 'filter')
    at loadNotifications [90m(/Users/isak/Downloads/iso-doc-platform/frontend/[39mlib/hooks.ts:12:33[90m)[39m

stderr | app/app/dashboard/page.test.tsx > Dashboard Page > allows rejecting staged documents
Failed to load notifications TypeError: Cannot read properties of undefined (reading 'filter')
    at loadNotifications [90m(/Users/isak/Downloads/iso-doc-platform/frontend/[39mlib/hooks.ts:12:33[90m)[39m

stderr | app/app/dashboard/page.test.tsx > Dashboard Page > shows notifications
An error occurred in the <ActivityWidget> component.

Consider adding an error boundary to your tree to customize error handling behavior.
Visit https://react.dev/link/error-boundaries to learn more about error boundaries.


 ❯ app/app/dashboard/page.test.tsx (6 tests | 1 failed) 2900ms
     ✓ renders documents and standards  699ms
     ✓ renders dashboard widgets 83ms
     ✓ opens analysis modal and runs check  427ms
     ✓ shows staged documents and allows approval 90ms
     ✓ allows rejecting staged documents  323ms
     × shows notifications 1271ms

⎯⎯⎯⎯⎯⎯⎯ Failed Tests 1 ⎯⎯⎯⎯⎯⎯⎯

 FAIL  app/app/dashboard/page.test.tsx > Dashboard Page > shows notifications
TestingLibraryElementError: Unable to find an element with the text: 1. This could be because the text is broken up by multiple elements. In this case, you can provide a function for your text matcher to make your matcher more flexible.

Ignored nodes: comments, script, style
[36m<body>[39m
  [36m<div />[39m
[36m</body>[39m

Ignored nodes: comments, script, style
[36m<html>[39m
  [36m<head />[39m
  [36m<body>[39m
    [36m<div />[39m
  [36m</body>[39m
[36m</html>[39m
 ❯ Proxy.waitForWrapper node_modules/@testing-library/dom/dist/wait-for.js:163:27
 ❯ app/app/dashboard/page.test.tsx:168:15
    166|         render(<Dashboard />);
    167| 
    168|         await waitFor(() => {
       |               ^
    169|             expect(screen.getByText('1')).toBeDefined(); // Unread cou…
    170|         });

⎯⎯⎯⎯⎯⎯⎯⎯⎯⎯⎯⎯⎯⎯⎯⎯⎯⎯⎯⎯⎯⎯⎯⎯[1/1]⎯

⎯⎯⎯⎯⎯⎯ Unhandled Errors ⎯⎯⎯⎯⎯⎯

Vitest caught 1 unhandled error during the test run.
This might cause false positive tests. Resolve unhandled errors to make sure your tests are not affected.

⎯⎯⎯⎯⎯ Uncaught Exception ⎯⎯⎯⎯⎯
TypeError: Cannot read properties of undefined (reading 'length')
 ❯ ActivityWidget app/components/ActivityWidget.tsx:14:27
     12|             </div>
     13|             <div className="divide-y divide-gray-100">
     14|                 {activity.length === 0 ? (
       |                           ^
     15|                     <div className="p-6 text-center text-gray-500">No …
     16|                 ) : (
 ❯ Object.react_stack_bottom_frame node_modules/react-dom/cjs/react-dom-client.development.js:25904:20
 ❯ renderWithHooks node_modules/react-dom/cjs/react-dom-client.development.js:7662:22
 ❯ updateFunctionComponent node_modules/react-dom/cjs/react-dom-client.development.js:10166:19
 ❯ beginWork node_modules/react-dom/cjs/react-dom-client.development.js:11778:18
 ❯ runWithFiberInDEV node_modules/react-dom/cjs/react-dom-client.development.js:874:13
 ❯ performUnitOfWork node_modules/react-dom/cjs/react-dom-client.development.js:17641:22
 ❯ workLoopSync node_modules/react-dom/cjs/react-dom-client.development.js:17469:41
 ❯ renderRootSync node_modules/react-dom/cjs/react-dom-client.development.js:17450:11
 ❯ performWorkOnRoot node_modules/react-dom/cjs/react-dom-client.development.js:16583:35

This error originated in "app/app/dashboard/page.test.tsx" test file. It doesn't mean the error was thrown inside the file itself, but while it was running.
The latest test that might've caused the error is "shows notifications". It might mean one of the following:
- The error was thrown, while Vitest was running this test.
- If the error occurred after the test had been completed, this was the last documented test before it was thrown.
⎯⎯⎯⎯⎯⎯⎯⎯⎯⎯⎯⎯⎯⎯⎯⎯⎯⎯⎯⎯⎯⎯⎯⎯⎯⎯⎯⎯⎯⎯


 Test Files  2 failed (2)
      Tests  3 failed | 7 passed (10)
     Errors  1 error
   Start at  01:05:10
   Duration  4.55s

 FAIL  Tests failed. Watching for file changes...
       press h to show help, press q to quit
c[3J RERUN  app/app/dashboard/page.test.tsx x56 

 ❯ lib/api.test.ts (4 tests | 2 failed) 191ms
       ✓ should fetch documents successfully 4ms
       ✓ should throw error on failure 1ms
       × should upload document successfully 180ms
       × should throw error on upload failure 5ms
stderr | app/app/dashboard/page.test.tsx > Dashboard Page > renders documents and standards
Failed to load notifications TypeError: Cannot read properties of undefined (reading 'filter')
    at loadNotifications [90m(/Users/isak/Downloads/iso-doc-platform/frontend/[39mlib/hooks.ts:12:33[90m)[39m
[90m    at processTicksAndRejections (node:internal/process/task_queues:95:5)[39m

stderr | app/app/dashboard/page.test.tsx > Dashboard Page > renders dashboard widgets
Failed to load notifications TypeError: Cannot read properties of undefined (reading 'filter')
    at loadNotifications [90m(/Users/isak/Downloads/iso-doc-platform/frontend/[39mlib/hooks.ts:12:33[90m)[39m
[90m    at runNextTicks (node:internal/process/task_queues:60:5)[39m
[90m    at listOnTimeout (node:internal/timers:545:9)[39m
[90m    at processTimers (node:internal/timers:519:7)[39m

stderr | app/app/dashboard/page.test.tsx > Dashboard Page > opens analysis modal and runs check
Failed to load notifications TypeError: Cannot read properties of undefined (reading 'filter')
    at loadNotifications [90m(/Users/isak/Downloads/iso-doc-platform/frontend/[39mlib/hooks.ts:12:33[90m)[39m
[90m    at runNextTicks (node:internal/process/task_queues:60:5)[39m
[90m    at listOnTimeout (node:internal/timers:545:9)[39m
[90m    at processTimers (node:internal/timers:519:7)[39m

stderr | app/app/dashboard/page.test.tsx > Dashboard Page > shows staged documents and allows approval
Failed to load notifications TypeError: Cannot read properties of undefined (reading 'filter')
    at loadNotifications [90m(/Users/isak/Downloads/iso-doc-platform/frontend/[39mlib/hooks.ts:12:33[90m)[39m

stderr | app/app/dashboard/page.test.tsx > Dashboard Page > allows rejecting staged documents
Failed to load notifications TypeError: Cannot read properties of undefined (reading 'filter')
    at loadNotifications [90m(/Users/isak/Downloads/iso-doc-platform/frontend/[39mlib/hooks.ts:12:33[90m)[39m

stderr | app/app/dashboard/page.test.tsx > Dashboard Page > shows notifications
An error occurred in the <ActivityWidget> component.

Consider adding an error boundary to your tree to customize error handling behavior.
Visit https://react.dev/link/error-boundaries to learn more about error boundaries.


 ❯ app/app/dashboard/page.test.tsx (6 tests | 1 failed) 1712ms
     ✓ renders documents and standards  422ms
     ✓ renders dashboard widgets 19ms
     ✓ opens analysis modal and runs check 82ms
     ✓ shows staged documents and allows approval 132ms
     ✓ allows rejecting staged documents 44ms
     × shows notifications 1010ms

⎯⎯⎯⎯⎯⎯⎯ Failed Tests 1 ⎯⎯⎯⎯⎯⎯⎯

 FAIL  app/app/dashboard/page.test.tsx > Dashboard Page > shows notifications
TestingLibraryElementError: Unable to find an element with the text: 1. This could be because the text is broken up by multiple elements. In this case, you can provide a function for your text matcher to make your matcher more flexible.

Ignored nodes: comments, script, style
[36m<body>[39m
  [36m<div />[39m
[36m</body>[39m

Ignored nodes: comments, script, style
[36m<html>[39m
  [36m<head />[39m
  [36m<body>[39m
    [36m<div />[39m
  [36m</body>[39m
[36m</html>[39m
 ❯ Proxy.waitForWrapper node_modules/@testing-library/dom/dist/wait-for.js:163:27
 ❯ app/app/dashboard/page.test.tsx:168:15
    166|         render(<Dashboard />);
    167| 
    168|         await waitFor(() => {
       |               ^
    169|             expect(screen.getByText('1')).toBeDefined(); // Unread cou…
    170|         });

⎯⎯⎯⎯⎯⎯⎯⎯⎯⎯⎯⎯⎯⎯⎯⎯⎯⎯⎯⎯⎯⎯⎯⎯[1/1]⎯

⎯⎯⎯⎯⎯⎯ Unhandled Errors ⎯⎯⎯⎯⎯⎯

Vitest caught 1 unhandled error during the test run.
This might cause false positive tests. Resolve unhandled errors to make sure your tests are not affected.

⎯⎯⎯⎯⎯ Uncaught Exception ⎯⎯⎯⎯⎯
TypeError: Cannot read properties of undefined (reading 'length')
 ❯ ActivityWidget app/components/ActivityWidget.tsx:14:27
     12|             </div>
     13|             <div className="divide-y divide-gray-100">
     14|                 {activity.length === 0 ? (
       |                           ^
     15|                     <div className="p-6 text-center text-gray-500">No …
     16|                 ) : (
 ❯ Object.react_stack_bottom_frame node_modules/react-dom/cjs/react-dom-client.development.js:25904:20
 ❯ renderWithHooks node_modules/react-dom/cjs/react-dom-client.development.js:7662:22
 ❯ updateFunctionComponent node_modules/react-dom/cjs/react-dom-client.development.js:10166:19
 ❯ beginWork node_modules/react-dom/cjs/react-dom-client.development.js:11778:18
 ❯ runWithFiberInDEV node_modules/react-dom/cjs/react-dom-client.development.js:874:13
 ❯ performUnitOfWork node_modules/react-dom/cjs/react-dom-client.development.js:17641:22
 ❯ workLoopSync node_modules/react-dom/cjs/react-dom-client.development.js:17469:41
 ❯ renderRootSync node_modules/react-dom/cjs/react-dom-client.development.js:17450:11
 ❯ performWorkOnRoot node_modules/react-dom/cjs/react-dom-client.development.js:16583:35

This error originated in "app/app/dashboard/page.test.tsx" test file. It doesn't mean the error was thrown inside the file itself, but while it was running.
The latest test that might've caused the error is "shows notifications". It might mean one of the following:
- The error was thrown, while Vitest was running this test.
- If the error occurred after the test had been completed, this was the last documented test before it was thrown.
⎯⎯⎯⎯⎯⎯⎯⎯⎯⎯⎯⎯⎯⎯⎯⎯⎯⎯⎯⎯⎯⎯⎯⎯⎯⎯⎯⎯⎯⎯


 Test Files  2 failed (2)
      Tests  3 failed | 7 passed (10)
     Errors  1 error
   Start at  01:05:16
   Duration  3.95s

 FAIL  Tests failed. Watching for file changes...
       press h to show help, press q to quit
c[3J RERUN  app/app/dashboard/page.tsx x57 

 ❯ lib/api.test.ts (4 tests | 2 failed) 191ms
       ✓ should fetch documents successfully 4ms
       ✓ should throw error on failure 1ms
       × should upload document successfully 180ms
       × should throw error on upload failure 5ms
stderr | app/app/dashboard/page.test.tsx > Dashboard Page > renders documents and standards
Failed to load notifications TypeError: Cannot read properties of undefined (reading 'filter')
    at loadNotifications [90m(/Users/isak/Downloads/iso-doc-platform/frontend/[39mlib/hooks.ts:12:33[90m)[39m
[90m    at processTicksAndRejections (node:internal/process/task_queues:95:5)[39m

stderr | app/app/dashboard/page.test.tsx > Dashboard Page > renders dashboard widgets
Failed to load notifications TypeError: Cannot read properties of undefined (reading 'filter')
    at loadNotifications [90m(/Users/isak/Downloads/iso-doc-platform/frontend/[39mlib/hooks.ts:12:33[90m)[39m
[90m    at runNextTicks (node:internal/process/task_queues:60:5)[39m
[90m    at listOnTimeout (node:internal/timers:545:9)[39m
[90m    at processTimers (node:internal/timers:519:7)[39m

stderr | app/app/dashboard/page.test.tsx > Dashboard Page > opens analysis modal and runs check
Failed to load notifications TypeError: Cannot read properties of undefined (reading 'filter')
    at loadNotifications [90m(/Users/isak/Downloads/iso-doc-platform/frontend/[39mlib/hooks.ts:12:33[90m)[39m
[90m    at runNextTicks (node:internal/process/task_queues:60:5)[39m
[90m    at listOnTimeout (node:internal/timers:545:9)[39m
[90m    at processTimers (node:internal/timers:519:7)[39m

stderr | app/app/dashboard/page.test.tsx > Dashboard Page > shows staged documents and allows approval
Failed to load notifications TypeError: Cannot read properties of undefined (reading 'filter')
    at loadNotifications [90m(/Users/isak/Downloads/iso-doc-platform/frontend/[39mlib/hooks.ts:12:33[90m)[39m

stderr | app/app/dashboard/page.test.tsx > Dashboard Page > allows rejecting staged documents
Failed to load notifications TypeError: Cannot read properties of undefined (reading 'filter')
    at loadNotifications [90m(/Users/isak/Downloads/iso-doc-platform/frontend/[39mlib/hooks.ts:12:33[90m)[39m

stderr | app/app/dashboard/page.test.tsx > Dashboard Page > shows notifications
An error occurred in the <ActivityWidget> component.

Consider adding an error boundary to your tree to customize error handling behavior.
Visit https://react.dev/link/error-boundaries to learn more about error boundaries.


 ❯ app/app/dashboard/page.test.tsx (6 tests | 1 failed) 1889ms
     ✓ renders documents and standards  447ms
     ✓ renders dashboard widgets 178ms
     ✓ opens analysis modal and runs check 191ms
     ✓ shows staged documents and allows approval 22ms
     ✓ allows rejecting staged documents 45ms
     × shows notifications 1005ms

⎯⎯⎯⎯⎯⎯⎯ Failed Tests 1 ⎯⎯⎯⎯⎯⎯⎯

 FAIL  app/app/dashboard/page.test.tsx > Dashboard Page > shows notifications
TestingLibraryElementError: Unable to find an element with the text: 1. This could be because the text is broken up by multiple elements. In this case, you can provide a function for your text matcher to make your matcher more flexible.

Ignored nodes: comments, script, style
[36m<body>[39m
  [36m<div />[39m
[36m</body>[39m

Ignored nodes: comments, script, style
[36m<html>[39m
  [36m<head />[39m
  [36m<body>[39m
    [36m<div />[39m
  [36m</body>[39m
[36m</html>[39m
 ❯ Proxy.waitForWrapper node_modules/@testing-library/dom/dist/wait-for.js:163:27
 ❯ app/app/dashboard/page.test.tsx:168:15
    166|         render(<Dashboard />);
    167| 
    168|         await waitFor(() => {
       |               ^
    169|             expect(screen.getByText('1')).toBeDefined(); // Unread cou…
    170|         });

⎯⎯⎯⎯⎯⎯⎯⎯⎯⎯⎯⎯⎯⎯⎯⎯⎯⎯⎯⎯⎯⎯⎯⎯[1/1]⎯

⎯⎯⎯⎯⎯⎯ Unhandled Errors ⎯⎯⎯⎯⎯⎯

Vitest caught 1 unhandled error during the test run.
This might cause false positive tests. Resolve unhandled errors to make sure your tests are not affected.

⎯⎯⎯⎯⎯ Uncaught Exception ⎯⎯⎯⎯⎯
TypeError: Cannot read properties of undefined (reading 'length')
 ❯ ActivityWidget app/components/ActivityWidget.tsx:14:27
     12|             </div>
     13|             <div className="divide-y divide-gray-100">
     14|                 {activity.length === 0 ? (
       |                           ^
     15|                     <div className="p-6 text-center text-gray-500">No …
     16|                 ) : (
 ❯ Object.react_stack_bottom_frame node_modules/react-dom/cjs/react-dom-client.development.js:25904:20
 ❯ renderWithHooks node_modules/react-dom/cjs/react-dom-client.development.js:7662:22
 ❯ updateFunctionComponent node_modules/react-dom/cjs/react-dom-client.development.js:10166:19
 ❯ beginWork node_modules/react-dom/cjs/react-dom-client.development.js:11778:18
 ❯ runWithFiberInDEV node_modules/react-dom/cjs/react-dom-client.development.js:874:13
 ❯ performUnitOfWork node_modules/react-dom/cjs/react-dom-client.development.js:17641:22
 ❯ workLoopSync node_modules/react-dom/cjs/react-dom-client.development.js:17469:41
 ❯ renderRootSync node_modules/react-dom/cjs/react-dom-client.development.js:17450:11
 ❯ performWorkOnRoot node_modules/react-dom/cjs/react-dom-client.development.js:16583:35

This error originated in "app/app/dashboard/page.test.tsx" test file. It doesn't mean the error was thrown inside the file itself, but while it was running.
The latest test that might've caused the error is "shows notifications". It might mean one of the following:
- The error was thrown, while Vitest was running this test.
- If the error occurred after the test had been completed, this was the last documented test before it was thrown.
⎯⎯⎯⎯⎯⎯⎯⎯⎯⎯⎯⎯⎯⎯⎯⎯⎯⎯⎯⎯⎯⎯⎯⎯⎯⎯⎯⎯⎯⎯


 Test Files  2 failed (2)
      Tests  3 failed | 7 passed (10)
     Errors  1 error
   Start at  01:05:31
   Duration  2.81s

 FAIL  Tests failed. Watching for file changes...
       press h to show help, press q to quit
c[3J RERUN  lib/api.ts 

 ❯ lib/api.test.ts (4 tests | 2 failed) 337ms
       ✓ should fetch documents successfully 192ms
       ✓ should throw error on failure 57ms
       × should upload document successfully 58ms
       × should throw error on upload failure 5ms
 ✓ app/app/gap-analysis/page.test.tsx (2 tests) 3387ms
     ✓ renders and loads standards  1128ms
     ✓ runs gap analysis and displays results  2232ms
stderr | app/app/dashboard/page.test.tsx > Dashboard Page > renders documents and standards
Failed to load notifications TypeError: Cannot read properties of undefined (reading 'filter')
    at loadNotifications [90m(/Users/isak/Downloads/iso-doc-platform/frontend/[39mlib/hooks.ts:12:33[90m)[39m
[90m    at processTicksAndRejections (node:internal/process/task_queues:95:5)[39m

 ✓ app/app/reports/[id]/page.test.tsx (3 tests) 3861ms
     ✓ renders loading state initially  981ms
     ✓ renders report data successfully  2084ms
     ✓ renders error state on failure  789ms
stderr | app/app/dashboard/page.test.tsx > Dashboard Page > renders dashboard widgets
Failed to load notifications TypeError: Cannot read properties of undefined (reading 'filter')
    at loadNotifications [90m(/Users/isak/Downloads/iso-doc-platform/frontend/[39mlib/hooks.ts:12:33[90m)[39m
[90m    at runNextTicks (node:internal/process/task_queues:60:5)[39m
[90m    at listOnTimeout (node:internal/timers:545:9)[39m
[90m    at processTimers (node:internal/timers:519:7)[39m

stderr | app/app/dashboard/page.test.tsx > Dashboard Page > opens analysis modal and runs check
Failed to load notifications TypeError: Cannot read properties of undefined (reading 'filter')
    at loadNotifications [90m(/Users/isak/Downloads/iso-doc-platform/frontend/[39mlib/hooks.ts:12:33[90m)[39m

stderr | app/app/dashboard/page.test.tsx > Dashboard Page > shows staged documents and allows approval
Failed to load notifications TypeError: Cannot read properties of undefined (reading 'filter')
    at loadNotifications [90m(/Users/isak/Downloads/iso-doc-platform/frontend/[39mlib/hooks.ts:12:33[90m)[39m

stderr | app/app/documents/[id]/page.test.tsx > DocumentView Page > triggers export on button click
An update to DocumentView inside a test was not wrapped in act(...).

When testing, code that causes React state updates should be wrapped into act(...):

act(() => {
  /* fire events that update state */
});
/* assert on the output */

This ensures that you're testing the behavior the user would see in the browser. Learn more at https://react.dev/link/wrap-tests-with-act
An update to DocumentView inside a test was not wrapped in act(...).

When testing, code that causes React state updates should be wrapped into act(...):

act(() => {
  /* fire events that update state */
});
/* assert on the output */

This ensures that you're testing the behavior the user would see in the browser. Learn more at https://react.dev/link/wrap-tests-with-act
An update to DocumentView inside a test was not wrapped in act(...).

When testing, code that causes React state updates should be wrapped into act(...):

act(() => {
  /* fire events that update state */
});
/* assert on the output */

This ensures that you're testing the behavior the user would see in the browser. Learn more at https://react.dev/link/wrap-tests-with-act

 ❯ app/app/documents/[id]/page.test.tsx (2 tests | 1 failed) 6255ms
     × renders document details and download button 5678ms
     ✓ triggers export on button click  551ms
stderr | app/app/dashboard/page.test.tsx > Dashboard Page > allows rejecting staged documents
Failed to load notifications TypeError: Cannot read properties of undefined (reading 'filter')
    at loadNotifications [90m(/Users/isak/Downloads/iso-doc-platform/frontend/[39mlib/hooks.ts:12:33[90m)[39m

stderr | app/app/dashboard/page.test.tsx > Dashboard Page > shows notifications
An error occurred in the <ActivityWidget> component.

Consider adding an error boundary to your tree to customize error handling behavior.
Visit https://react.dev/link/error-boundaries to learn more about error boundaries.


 ❯ app/app/dashboard/page.test.tsx (6 tests | 1 failed) 7510ms
     ✓ renders documents and standards  2927ms
     ✓ renders dashboard widgets  1211ms
     ✓ opens analysis modal and runs check  1408ms
     ✓ shows staged documents and allows approval  722ms
     ✓ allows rejecting staged documents 53ms
     × shows notifications 1118ms

⎯⎯⎯⎯⎯⎯⎯ Failed Tests 4 ⎯⎯⎯⎯⎯⎯⎯

 FAIL  lib/api.test.ts > API Client > uploadDocument > should upload document successfully
TypeError: (0 , __vite_ssr_import_0__.uploadDocument) is not a function
 ❯ lib/api.test.ts:42:19
     40| 
     41|             const file = new File(['content'], 'test.txt', { type: 'te…
     42|             await uploadDocument(file);
       |                   ^
     43| 
     44|             expect(global.fetch).toHaveBeenCalledWith(

⎯⎯⎯⎯⎯⎯⎯⎯⎯⎯⎯⎯⎯⎯⎯⎯⎯⎯⎯⎯⎯⎯⎯⎯[1/4]⎯

 FAIL  lib/api.test.ts > API Client > uploadDocument > should throw error on upload failure
TypeError: (0 , __vite_ssr_import_0__.uploadDocument) is not a function
 ❯ lib/api.test.ts:59:26
     57| 
     58|             const file = new File(['content'], 'test.txt', { type: 'te…
     59|             await expect(uploadDocument(file)).rejects.toThrow('Failed…
       |                          ^
     60|         });
     61|     });

⎯⎯⎯⎯⎯⎯⎯⎯⎯⎯⎯⎯⎯⎯⎯⎯⎯⎯⎯⎯⎯⎯⎯⎯[2/4]⎯

 FAIL  app/app/dashboard/page.test.tsx > Dashboard Page > shows notifications
TestingLibraryElementError: Unable to find an element with the text: 1. This could be because the text is broken up by multiple elements. In this case, you can provide a function for your text matcher to make your matcher more flexible.

Ignored nodes: comments, script, style
[36m<body>[39m
  [36m<div />[39m
[36m</body>[39m

Ignored nodes: comments, script, style
[36m<html>[39m
  [36m<head />[39m
  [36m<body>[39m
    [36m<div />[39m
  [36m</body>[39m
[36m</html>[39m
 ❯ Proxy.waitForWrapper node_modules/@testing-library/dom/dist/wait-for.js:163:27
 ❯ app/app/dashboard/page.test.tsx:168:15
    166|         render(<Dashboard />);
    167| 
    168|         await waitFor(() => {
       |               ^
    169|             expect(screen.getByText('1')).toBeDefined(); // Unread cou…
    170|         });

⎯⎯⎯⎯⎯⎯⎯⎯⎯⎯⎯⎯⎯⎯⎯⎯⎯⎯⎯⎯⎯⎯⎯⎯[3/4]⎯

 FAIL  app/app/documents/[id]/page.test.tsx > DocumentView Page > renders document details and download button
Error: Test timed out in 5000ms.
If this is a long-running test, pass a timeout value as the last argument or configure it globally with "testTimeout".
 ❯ app/app/documents/[id]/page.test.tsx:24:5
     22|     });
     23| 
     24|     it('renders document details and download button', async () => {
       |     ^
     25|         const mockDocument = {
     26|             id: 'doc-1',

⎯⎯⎯⎯⎯⎯⎯⎯⎯⎯⎯⎯⎯⎯⎯⎯⎯⎯⎯⎯⎯⎯⎯⎯[4/4]⎯

⎯⎯⎯⎯⎯⎯ Unhandled Errors ⎯⎯⎯⎯⎯⎯

Vitest caught 1 unhandled error during the test run.
This might cause false positive tests. Resolve unhandled errors to make sure your tests are not affected.

⎯⎯⎯⎯⎯ Uncaught Exception ⎯⎯⎯⎯⎯
TypeError: Cannot read properties of undefined (reading 'length')
 ❯ ActivityWidget app/components/ActivityWidget.tsx:14:27
     12|             </div>
     13|             <div className="divide-y divide-gray-100">
     14|                 {activity.length === 0 ? (
       |                           ^
     15|                     <div className="p-6 text-center text-gray-500">No …
     16|                 ) : (
 ❯ Object.react_stack_bottom_frame node_modules/react-dom/cjs/react-dom-client.development.js:25904:20
 ❯ renderWithHooks node_modules/react-dom/cjs/react-dom-client.development.js:7662:22
 ❯ updateFunctionComponent node_modules/react-dom/cjs/react-dom-client.development.js:10166:19
 ❯ beginWork node_modules/react-dom/cjs/react-dom-client.development.js:11778:18
 ❯ runWithFiberInDEV node_modules/react-dom/cjs/react-dom-client.development.js:874:13
 ❯ performUnitOfWork node_modules/react-dom/cjs/react-dom-client.development.js:17641:22
 ❯ workLoopSync node_modules/react-dom/cjs/react-dom-client.development.js:17469:41
 ❯ renderRootSync node_modules/react-dom/cjs/react-dom-client.development.js:17450:11
 ❯ performWorkOnRoot node_modules/react-dom/cjs/react-dom-client.development.js:16583:35

This error originated in "app/app/dashboard/page.test.tsx" test file. It doesn't mean the error was thrown inside the file itself, but while it was running.
The latest test that might've caused the error is "shows notifications". It might mean one of the following:
- The error was thrown, while Vitest was running this test.
- If the error occurred after the test had been completed, this was the last documented test before it was thrown.
⎯⎯⎯⎯⎯⎯⎯⎯⎯⎯⎯⎯⎯⎯⎯⎯⎯⎯⎯⎯⎯⎯⎯⎯⎯⎯⎯⎯⎯⎯


 Test Files  3 failed | 2 passed (5)
      Tests  4 failed | 13 passed (17)
     Errors  1 error
   Start at  01:10:06
   Duration  79.09s

 FAIL  Tests failed. Watching for file changes...
       press h to show help, press q to quit
c[3J RERUN  lib/hooks.ts x59 

 ❯ lib/api.test.ts (4 tests | 2 failed) 337ms
       ✓ should fetch documents successfully 192ms
       ✓ should throw error on failure 57ms
       × should upload document successfully 58ms
       × should throw error on upload failure 5ms
 ❯ app/app/documents/[id]/page.test.tsx (2 tests | 1 failed) 6255ms
     × renders document details and download button 5678ms
     ✓ triggers export on button click  551ms
stderr | app/app/dashboard/page.test.tsx > Dashboard Page > renders documents and standards
Failed to load notifications TypeError: Cannot read properties of undefined (reading 'filter')
    at loadNotifications [90m(/Users/isak/Downloads/iso-doc-platform/frontend/[39mlib/hooks.ts:12:33[90m)[39m
[90m    at processTicksAndRejections (node:internal/process/task_queues:95:5)[39m

stderr | app/app/dashboard/page.test.tsx > Dashboard Page > renders dashboard widgets
Failed to load notifications TypeError: Cannot read properties of undefined (reading 'filter')
    at loadNotifications [90m(/Users/isak/Downloads/iso-doc-platform/frontend/[39mlib/hooks.ts:12:33[90m)[39m
[90m    at runNextTicks (node:internal/process/task_queues:60:5)[39m
[90m    at listOnTimeout (node:internal/timers:545:9)[39m
[90m    at processTimers (node:internal/timers:519:7)[39m

stderr | app/app/dashboard/page.test.tsx > Dashboard Page > opens analysis modal and runs check
Failed to load notifications TypeError: Cannot read properties of undefined (reading 'filter')
    at loadNotifications [90m(/Users/isak/Downloads/iso-doc-platform/frontend/[39mlib/hooks.ts:12:33[90m)[39m
[90m    at runNextTicks (node:internal/process/task_queues:60:5)[39m
[90m    at listOnTimeout (node:internal/timers:545:9)[39m
[90m    at processTimers (node:internal/timers:519:7)[39m

stderr | app/app/dashboard/page.test.tsx > Dashboard Page > shows staged documents and allows approval
Failed to load notifications TypeError: Cannot read properties of undefined (reading 'filter')
    at loadNotifications [90m(/Users/isak/Downloads/iso-doc-platform/frontend/[39mlib/hooks.ts:12:33[90m)[39m

stderr | app/app/dashboard/page.test.tsx > Dashboard Page > allows rejecting staged documents
Failed to load notifications TypeError: Cannot read properties of undefined (reading 'filter')
    at loadNotifications [90m(/Users/isak/Downloads/iso-doc-platform/frontend/[39mlib/hooks.ts:12:33[90m)[39m

stderr | app/app/dashboard/page.test.tsx > Dashboard Page > shows notifications
An error occurred in the <ActivityWidget> component.

Consider adding an error boundary to your tree to customize error handling behavior.
Visit https://react.dev/link/error-boundaries to learn more about error boundaries.


 ❯ app/app/dashboard/page.test.tsx (6 tests | 1 failed) 2815ms
     ✓ renders documents and standards  456ms
     ✓ renders dashboard widgets 261ms
     ✓ opens analysis modal and runs check 297ms
     ✓ shows staged documents and allows approval  521ms
     ✓ allows rejecting staged documents 176ms
     × shows notifications 1105ms

⎯⎯⎯⎯⎯⎯⎯ Failed Tests 1 ⎯⎯⎯⎯⎯⎯⎯

 FAIL  app/app/dashboard/page.test.tsx > Dashboard Page > shows notifications
TestingLibraryElementError: Unable to find an element with the text: 1. This could be because the text is broken up by multiple elements. In this case, you can provide a function for your text matcher to make your matcher more flexible.

Ignored nodes: comments, script, style
[36m<body>[39m
  [36m<div />[39m
[36m</body>[39m

Ignored nodes: comments, script, style
[36m<html>[39m
  [36m<head />[39m
  [36m<body>[39m
    [36m<div />[39m
  [36m</body>[39m
[36m</html>[39m
 ❯ Proxy.waitForWrapper node_modules/@testing-library/dom/dist/wait-for.js:163:27
 ❯ app/app/dashboard/page.test.tsx:168:15
    166|         render(<Dashboard />);
    167| 
    168|         await waitFor(() => {
       |               ^
    169|             expect(screen.getByText('1')).toBeDefined(); // Unread cou…
    170|         });

⎯⎯⎯⎯⎯⎯⎯⎯⎯⎯⎯⎯⎯⎯⎯⎯⎯⎯⎯⎯⎯⎯⎯⎯[1/1]⎯

⎯⎯⎯⎯⎯⎯ Unhandled Errors ⎯⎯⎯⎯⎯⎯

Vitest caught 1 unhandled error during the test run.
This might cause false positive tests. Resolve unhandled errors to make sure your tests are not affected.

⎯⎯⎯⎯⎯ Uncaught Exception ⎯⎯⎯⎯⎯
TypeError: Cannot read properties of undefined (reading 'length')
 ❯ ActivityWidget app/components/ActivityWidget.tsx:14:27
     12|             </div>
     13|             <div className="divide-y divide-gray-100">
     14|                 {activity.length === 0 ? (
       |                           ^
     15|                     <div className="p-6 text-center text-gray-500">No …
     16|                 ) : (
 ❯ Object.react_stack_bottom_frame node_modules/react-dom/cjs/react-dom-client.development.js:25904:20
 ❯ renderWithHooks node_modules/react-dom/cjs/react-dom-client.development.js:7662:22
 ❯ updateFunctionComponent node_modules/react-dom/cjs/react-dom-client.development.js:10166:19
 ❯ beginWork node_modules/react-dom/cjs/react-dom-client.development.js:11778:18
 ❯ runWithFiberInDEV node_modules/react-dom/cjs/react-dom-client.development.js:874:13
 ❯ performUnitOfWork node_modules/react-dom/cjs/react-dom-client.development.js:17641:22
 ❯ workLoopSync node_modules/react-dom/cjs/react-dom-client.development.js:17469:41
 ❯ renderRootSync node_modules/react-dom/cjs/react-dom-client.development.js:17450:11
 ❯ performWorkOnRoot node_modules/react-dom/cjs/react-dom-client.development.js:16583:35

This error originated in "app/app/dashboard/page.test.tsx" test file. It doesn't mean the error was thrown inside the file itself, but while it was running.
The latest test that might've caused the error is "shows notifications". It might mean one of the following:
- The error was thrown, while Vitest was running this test.
- If the error occurred after the test had been completed, this was the last documented test before it was thrown.
⎯⎯⎯⎯⎯⎯⎯⎯⎯⎯⎯⎯⎯⎯⎯⎯⎯⎯⎯⎯⎯⎯⎯⎯⎯⎯⎯⎯⎯⎯


 Test Files  3 failed (3)
      Tests  4 failed | 8 passed (12)
     Errors  1 error
   Start at  01:11:04
   Duration  5.84s

 FAIL  Tests failed. Watching for file changes...
       press h to show help, press q to quit
c[3J RERUN  lib/api.ts 

 ❯ lib/api.test.ts (4 tests | 2 failed) 325ms
       ✓ should fetch documents successfully 276ms
       ✓ should throw error on failure 3ms
       × should upload document successfully 5ms
       × should throw error on upload failure 9ms
stderr | app/app/dashboard/page.test.tsx > Dashboard Page > renders documents and standards
Failed to load notifications TypeError: Cannot read properties of undefined (reading 'filter')
    at loadNotifications [90m(/Users/isak/Downloads/iso-doc-platform/frontend/[39mlib/hooks.ts:12:33[90m)[39m
[90m    at processTicksAndRejections (node:internal/process/task_queues:95:5)[39m

 ✓ app/app/gap-analysis/page.test.tsx (2 tests) 3054ms
     ✓ renders and loads standards  2168ms
     ✓ runs gap analysis and displays results  871ms
stderr | app/app/dashboard/page.test.tsx > Dashboard Page > renders dashboard widgets
Failed to load notifications TypeError: Cannot read properties of undefined (reading 'filter')
    at loadNotifications [90m(/Users/isak/Downloads/iso-doc-platform/frontend/[39mlib/hooks.ts:12:33[90m)[39m
[90m    at runNextTicks (node:internal/process/task_queues:60:5)[39m
[90m    at listOnTimeout (node:internal/timers:545:9)[39m
[90m    at processTimers (node:internal/timers:519:7)[39m

stderr | app/app/dashboard/page.test.tsx > Dashboard Page > opens analysis modal and runs check
Failed to load notifications TypeError: Cannot read properties of undefined (reading 'filter')
    at loadNotifications [90m(/Users/isak/Downloads/iso-doc-platform/frontend/[39mlib/hooks.ts:12:33[90m)[39m
[90m    at runNextTicks (node:internal/process/task_queues:60:5)[39m
[90m    at listOnTimeout (node:internal/timers:545:9)[39m
[90m    at processTimers (node:internal/timers:519:7)[39m

 ✓ app/app/documents/[id]/page.test.tsx (2 tests) 4066ms
     ✓ renders document details and download button  3697ms
     ✓ triggers export on button click  365ms
stderr | app/app/dashboard/page.test.tsx > Dashboard Page > shows staged documents and allows approval
Failed to load notifications TypeError: Cannot read properties of undefined (reading 'filter')
    at loadNotifications [90m(/Users/isak/Downloads/iso-doc-platform/frontend/[39mlib/hooks.ts:12:33[90m)[39m

 ✓ app/app/reports/[id]/page.test.tsx (3 tests) 1303ms
     ✓ renders loading state initially  632ms
     ✓ renders report data successfully  658ms
stderr | app/app/dashboard/page.test.tsx > Dashboard Page > allows rejecting staged documents
Failed to load notifications TypeError: Cannot read properties of undefined (reading 'filter')
    at loadNotifications [90m(/Users/isak/Downloads/iso-doc-platform/frontend/[39mlib/hooks.ts:12:33[90m)[39m

stderr | app/app/dashboard/page.test.tsx > Dashboard Page > shows notifications
An error occurred in the <ActivityWidget> component.

Consider adding an error boundary to your tree to customize error handling behavior.
Visit https://react.dev/link/error-boundaries to learn more about error boundaries.


 ❯ app/app/dashboard/page.test.tsx (6 tests | 1 failed) 3284ms
     ✓ renders documents and standards  822ms
     ✓ renders dashboard widgets  597ms
     ✓ opens analysis modal and runs check  471ms
     ✓ shows staged documents and allows approval 286ms
     ✓ allows rejecting staged documents 32ms
     × shows notifications 1072ms

⎯⎯⎯⎯⎯⎯⎯ Failed Tests 3 ⎯⎯⎯⎯⎯⎯⎯

 FAIL  lib/api.test.ts > API Client > uploadDocument > should upload document successfully
TypeError: (0 , __vite_ssr_import_0__.uploadDocument) is not a function
 ❯ lib/api.test.ts:42:19
     40| 
     41|             const file = new File(['content'], 'test.txt', { type: 'te…
     42|             await uploadDocument(file);
       |                   ^
     43| 
     44|             expect(global.fetch).toHaveBeenCalledWith(

⎯⎯⎯⎯⎯⎯⎯⎯⎯⎯⎯⎯⎯⎯⎯⎯⎯⎯⎯⎯⎯⎯⎯⎯[1/3]⎯

 FAIL  lib/api.test.ts > API Client > uploadDocument > should throw error on upload failure
TypeError: (0 , __vite_ssr_import_0__.uploadDocument) is not a function
 ❯ lib/api.test.ts:59:26
     57| 
     58|             const file = new File(['content'], 'test.txt', { type: 'te…
     59|             await expect(uploadDocument(file)).rejects.toThrow('Failed…
       |                          ^
     60|         });
     61|     });

⎯⎯⎯⎯⎯⎯⎯⎯⎯⎯⎯⎯⎯⎯⎯⎯⎯⎯⎯⎯⎯⎯⎯⎯[2/3]⎯

 FAIL  app/app/dashboard/page.test.tsx > Dashboard Page > shows notifications
TestingLibraryElementError: Unable to find an element with the text: 1. This could be because the text is broken up by multiple elements. In this case, you can provide a function for your text matcher to make your matcher more flexible.

Ignored nodes: comments, script, style
[36m<body>[39m
  [36m<div />[39m
[36m</body>[39m

Ignored nodes: comments, script, style
[36m<html>[39m
  [36m<head />[39m
  [36m<body>[39m
    [36m<div />[39m
  [36m</body>[39m
[36m</html>[39m
 ❯ Proxy.waitForWrapper node_modules/@testing-library/dom/dist/wait-for.js:163:27
 ❯ app/app/dashboard/page.test.tsx:168:15
    166|         render(<Dashboard />);
    167| 
    168|         await waitFor(() => {
       |               ^
    169|             expect(screen.getByText('1')).toBeDefined(); // Unread cou…
    170|         });

⎯⎯⎯⎯⎯⎯⎯⎯⎯⎯⎯⎯⎯⎯⎯⎯⎯⎯⎯⎯⎯⎯⎯⎯[3/3]⎯

⎯⎯⎯⎯⎯⎯ Unhandled Errors ⎯⎯⎯⎯⎯⎯

Vitest caught 1 unhandled error during the test run.
This might cause false positive tests. Resolve unhandled errors to make sure your tests are not affected.

⎯⎯⎯⎯⎯ Uncaught Exception ⎯⎯⎯⎯⎯
TypeError: Cannot read properties of undefined (reading 'length')
 ❯ ActivityWidget app/components/ActivityWidget.tsx:14:27
     12|             </div>
     13|             <div className="divide-y divide-gray-100">
     14|                 {activity.length === 0 ? (
       |                           ^
     15|                     <div className="p-6 text-center text-gray-500">No …
     16|                 ) : (
 ❯ Object.react_stack_bottom_frame node_modules/react-dom/cjs/react-dom-client.development.js:25904:20
 ❯ renderWithHooks node_modules/react-dom/cjs/react-dom-client.development.js:7662:22
 ❯ updateFunctionComponent node_modules/react-dom/cjs/react-dom-client.development.js:10166:19
 ❯ beginWork node_modules/react-dom/cjs/react-dom-client.development.js:11778:18
 ❯ runWithFiberInDEV node_modules/react-dom/cjs/react-dom-client.development.js:874:13
 ❯ performUnitOfWork node_modules/react-dom/cjs/react-dom-client.development.js:17641:22
 ❯ workLoopSync node_modules/react-dom/cjs/react-dom-client.development.js:17469:41
 ❯ renderRootSync node_modules/react-dom/cjs/react-dom-client.development.js:17450:11
 ❯ performWorkOnRoot node_modules/react-dom/cjs/react-dom-client.development.js:16583:35

This error originated in "app/app/dashboard/page.test.tsx" test file. It doesn't mean the error was thrown inside the file itself, but while it was running.
The latest test that might've caused the error is "shows notifications". It might mean one of the following:
- The error was thrown, while Vitest was running this test.
- If the error occurred after the test had been completed, this was the last documented test before it was thrown.
⎯⎯⎯⎯⎯⎯⎯⎯⎯⎯⎯⎯⎯⎯⎯⎯⎯⎯⎯⎯⎯⎯⎯⎯⎯⎯⎯⎯⎯⎯


 Test Files  2 failed | 3 passed (5)
      Tests  3 failed | 14 passed (17)
     Errors  1 error
   Start at  01:11:27
   Duration  34.40s

 FAIL  Tests failed. Watching for file changes...
       press h to show help, press q to quit
c[3J RERUN  app/components/Header.tsx x61 

 ❯ lib/api.test.ts (4 tests | 2 failed) 325ms
       ✓ should fetch documents successfully 276ms
       ✓ should throw error on failure 3ms
       × should upload document successfully 5ms
       × should throw error on upload failure 9ms
stderr | app/app/dashboard/page.test.tsx > Dashboard Page > renders documents and standards
Failed to load notifications TypeError: Cannot read properties of undefined (reading 'filter')
    at loadNotifications [90m(/Users/isak/Downloads/iso-doc-platform/frontend/[39mlib/hooks.ts:12:33[90m)[39m
[90m    at processTicksAndRejections (node:internal/process/task_queues:95:5)[39m

stderr | app/app/dashboard/page.test.tsx > Dashboard Page > renders dashboard widgets
Failed to load notifications TypeError: Cannot read properties of undefined (reading 'filter')
    at loadNotifications [90m(/Users/isak/Downloads/iso-doc-platform/frontend/[39mlib/hooks.ts:12:33[90m)[39m
[90m    at runNextTicks (node:internal/process/task_queues:60:5)[39m
[90m    at listOnTimeout (node:internal/timers:545:9)[39m
[90m    at processTimers (node:internal/timers:519:7)[39m

stderr | app/app/dashboard/page.test.tsx > Dashboard Page > opens analysis modal and runs check
Failed to load notifications TypeError: Cannot read properties of undefined (reading 'filter')
    at loadNotifications [90m(/Users/isak/Downloads/iso-doc-platform/frontend/[39mlib/hooks.ts:12:33[90m)[39m
[90m    at runNextTicks (node:internal/process/task_queues:60:5)[39m
[90m    at listOnTimeout (node:internal/timers:545:9)[39m
[90m    at processTimers (node:internal/timers:519:7)[39m

stderr | app/app/dashboard/page.test.tsx > Dashboard Page > shows staged documents and allows approval
Failed to load notifications TypeError: Cannot read properties of undefined (reading 'filter')
    at loadNotifications [90m(/Users/isak/Downloads/iso-doc-platform/frontend/[39mlib/hooks.ts:12:33[90m)[39m

stderr | app/app/dashboard/page.test.tsx > Dashboard Page > allows rejecting staged documents
Failed to load notifications TypeError: Cannot read properties of undefined (reading 'filter')
    at loadNotifications [90m(/Users/isak/Downloads/iso-doc-platform/frontend/[39mlib/hooks.ts:12:33[90m)[39m

stderr | app/app/dashboard/page.test.tsx > Dashboard Page > shows notifications
An error occurred in the <ActivityWidget> component.

Consider adding an error boundary to your tree to customize error handling behavior.
Visit https://react.dev/link/error-boundaries to learn more about error boundaries.


 ❯ app/app/dashboard/page.test.tsx (6 tests | 1 failed) 5264ms
     ✓ renders documents and standards  1380ms
     ✓ renders dashboard widgets  599ms
     ✓ opens analysis modal and runs check  1077ms
     ✓ shows staged documents and allows approval 272ms
     ✓ allows rejecting staged documents  376ms
     × shows notifications 1538ms

⎯⎯⎯⎯⎯⎯⎯ Failed Tests 1 ⎯⎯⎯⎯⎯⎯⎯

 FAIL  app/app/dashboard/page.test.tsx > Dashboard Page > shows notifications
TestingLibraryElementError: Unable to find an element with the text: 1. This could be because the text is broken up by multiple elements. In this case, you can provide a function for your text matcher to make your matcher more flexible.

Ignored nodes: comments, script, style
[36m<body>[39m
  [36m<div />[39m
[36m</body>[39m

Ignored nodes: comments, script, style
[36m<html>[39m
  [36m<head />[39m
  [36m<body>[39m
    [36m<div />[39m
  [36m</body>[39m
[36m</html>[39m
 ❯ Proxy.waitForWrapper node_modules/@testing-library/dom/dist/wait-for.js:163:27
 ❯ app/app/dashboard/page.test.tsx:168:15
    166|         render(<Dashboard />);
    167| 
    168|         await waitFor(() => {
       |               ^
    169|             expect(screen.getByText('1')).toBeDefined(); // Unread cou…
    170|         });

⎯⎯⎯⎯⎯⎯⎯⎯⎯⎯⎯⎯⎯⎯⎯⎯⎯⎯⎯⎯⎯⎯⎯⎯[1/1]⎯

⎯⎯⎯⎯⎯⎯ Unhandled Errors ⎯⎯⎯⎯⎯⎯

Vitest caught 1 unhandled error during the test run.
This might cause false positive tests. Resolve unhandled errors to make sure your tests are not affected.

⎯⎯⎯⎯⎯ Uncaught Exception ⎯⎯⎯⎯⎯
TypeError: Cannot read properties of undefined (reading 'length')
 ❯ ActivityWidget app/components/ActivityWidget.tsx:14:27
     12|             </div>
     13|             <div className="divide-y divide-gray-100">
     14|                 {activity.length === 0 ? (
       |                           ^
     15|                     <div className="p-6 text-center text-gray-500">No …
     16|                 ) : (
 ❯ Object.react_stack_bottom_frame node_modules/react-dom/cjs/react-dom-client.development.js:25904:20
 ❯ renderWithHooks node_modules/react-dom/cjs/react-dom-client.development.js:7662:22
 ❯ updateFunctionComponent node_modules/react-dom/cjs/react-dom-client.development.js:10166:19
 ❯ beginWork node_modules/react-dom/cjs/react-dom-client.development.js:11778:18
 ❯ runWithFiberInDEV node_modules/react-dom/cjs/react-dom-client.development.js:874:13
 ❯ performUnitOfWork node_modules/react-dom/cjs/react-dom-client.development.js:17641:22
 ❯ workLoopSync node_modules/react-dom/cjs/react-dom-client.development.js:17469:41
 ❯ renderRootSync node_modules/react-dom/cjs/react-dom-client.development.js:17450:11
 ❯ performWorkOnRoot node_modules/react-dom/cjs/react-dom-client.development.js:16583:35

This error originated in "app/app/dashboard/page.test.tsx" test file. It doesn't mean the error was thrown inside the file itself, but while it was running.
The latest test that might've caused the error is "shows notifications". It might mean one of the following:
- The error was thrown, while Vitest was running this test.
- If the error occurred after the test had been completed, this was the last documented test before it was thrown.
⎯⎯⎯⎯⎯⎯⎯⎯⎯⎯⎯⎯⎯⎯⎯⎯⎯⎯⎯⎯⎯⎯⎯⎯⎯⎯⎯⎯⎯⎯


 Test Files  2 failed (2)
      Tests  3 failed | 7 passed (10)
     Errors  1 error
   Start at  01:12:00
   Duration  9.26s

 FAIL  Tests failed. Watching for file changes...
       press h to show help, press q to quit
c[3J RERUN  app/components/Header.tsx x62 

 ❯ lib/api.test.ts (4 tests | 2 failed) 325ms
       ✓ should fetch documents successfully 276ms
       ✓ should throw error on failure 3ms
       × should upload document successfully 5ms
       × should throw error on upload failure 9ms
stderr | app/app/dashboard/page.test.tsx > Dashboard Page > renders documents and standards
Failed to load notifications TypeError: Cannot read properties of undefined (reading 'filter')
    at loadNotifications [90m(/Users/isak/Downloads/iso-doc-platform/frontend/[39mlib/hooks.ts:12:33[90m)[39m
[90m    at processTicksAndRejections (node:internal/process/task_queues:95:5)[39m

stderr | app/app/dashboard/page.test.tsx > Dashboard Page > renders dashboard widgets
Failed to load notifications TypeError: Cannot read properties of undefined (reading 'filter')
    at loadNotifications [90m(/Users/isak/Downloads/iso-doc-platform/frontend/[39mlib/hooks.ts:12:33[90m)[39m
[90m    at runNextTicks (node:internal/process/task_queues:60:5)[39m
[90m    at listOnTimeout (node:internal/timers:545:9)[39m
[90m    at processTimers (node:internal/timers:519:7)[39m

stderr | app/app/dashboard/page.test.tsx > Dashboard Page > opens analysis modal and runs check
Failed to load notifications TypeError: Cannot read properties of undefined (reading 'filter')
    at loadNotifications [90m(/Users/isak/Downloads/iso-doc-platform/frontend/[39mlib/hooks.ts:12:33[90m)[39m
[90m    at runNextTicks (node:internal/process/task_queues:60:5)[39m
[90m    at listOnTimeout (node:internal/timers:545:9)[39m
[90m    at processTimers (node:internal/timers:519:7)[39m

stderr | app/app/dashboard/page.test.tsx > Dashboard Page > shows staged documents and allows approval
Failed to load notifications TypeError: Cannot read properties of undefined (reading 'filter')
    at loadNotifications [90m(/Users/isak/Downloads/iso-doc-platform/frontend/[39mlib/hooks.ts:12:33[90m)[39m

stderr | app/app/dashboard/page.test.tsx > Dashboard Page > allows rejecting staged documents
Failed to load notifications TypeError: Cannot read properties of undefined (reading 'filter')
    at loadNotifications [90m(/Users/isak/Downloads/iso-doc-platform/frontend/[39mlib/hooks.ts:12:33[90m)[39m

stderr | app/app/dashboard/page.test.tsx > Dashboard Page > shows notifications
An error occurred in the <ActivityWidget> component.

Consider adding an error boundary to your tree to customize error handling behavior.
Visit https://react.dev/link/error-boundaries to learn more about error boundaries.


 ❯ app/app/dashboard/page.test.tsx (6 tests | 1 failed) 3305ms
     ✓ renders documents and standards  638ms
     ✓ renders dashboard widgets 65ms
     ✓ opens analysis modal and runs check  616ms
     ✓ shows staged documents and allows approval  366ms
     ✓ allows rejecting staged documents  474ms
     × shows notifications 1144ms

⎯⎯⎯⎯⎯⎯⎯ Failed Tests 1 ⎯⎯⎯⎯⎯⎯⎯

 FAIL  app/app/dashboard/page.test.tsx > Dashboard Page > shows notifications
TestingLibraryElementError: Unable to find an element with the text: 1. This could be because the text is broken up by multiple elements. In this case, you can provide a function for your text matcher to make your matcher more flexible.

Ignored nodes: comments, script, style
[36m<body>[39m
  [36m<div />[39m
[36m</body>[39m

Ignored nodes: comments, script, style
[36m<html>[39m
  [36m<head />[39m
  [36m<body>[39m
    [36m<div />[39m
  [36m</body>[39m
[36m</html>[39m
 ❯ Proxy.waitForWrapper node_modules/@testing-library/dom/dist/wait-for.js:163:27
 ❯ app/app/dashboard/page.test.tsx:168:15
    166|         render(<Dashboard />);
    167| 
    168|         await waitFor(() => {
       |               ^
    169|             expect(screen.getByText('1')).toBeDefined(); // Unread cou…
    170|         });

⎯⎯⎯⎯⎯⎯⎯⎯⎯⎯⎯⎯⎯⎯⎯⎯⎯⎯⎯⎯⎯⎯⎯⎯[1/1]⎯

⎯⎯⎯⎯⎯⎯ Unhandled Errors ⎯⎯⎯⎯⎯⎯

Vitest caught 1 unhandled error during the test run.
This might cause false positive tests. Resolve unhandled errors to make sure your tests are not affected.

⎯⎯⎯⎯⎯ Uncaught Exception ⎯⎯⎯⎯⎯
TypeError: Cannot read properties of undefined (reading 'length')
 ❯ ActivityWidget app/components/ActivityWidget.tsx:14:27
     12|             </div>
     13|             <div className="divide-y divide-gray-100">
     14|                 {activity.length === 0 ? (
       |                           ^
     15|                     <div className="p-6 text-center text-gray-500">No …
     16|                 ) : (
 ❯ Object.react_stack_bottom_frame node_modules/react-dom/cjs/react-dom-client.development.js:25904:20
 ❯ renderWithHooks node_modules/react-dom/cjs/react-dom-client.development.js:7662:22
 ❯ updateFunctionComponent node_modules/react-dom/cjs/react-dom-client.development.js:10166:19
 ❯ beginWork node_modules/react-dom/cjs/react-dom-client.development.js:11778:18
 ❯ runWithFiberInDEV node_modules/react-dom/cjs/react-dom-client.development.js:874:13
 ❯ performUnitOfWork node_modules/react-dom/cjs/react-dom-client.development.js:17641:22
 ❯ workLoopSync node_modules/react-dom/cjs/react-dom-client.development.js:17469:41
 ❯ renderRootSync node_modules/react-dom/cjs/react-dom-client.development.js:17450:11
 ❯ performWorkOnRoot node_modules/react-dom/cjs/react-dom-client.development.js:16583:35

This error originated in "app/app/dashboard/page.test.tsx" test file. It doesn't mean the error was thrown inside the file itself, but while it was running.
The latest test that might've caused the error is "shows notifications". It might mean one of the following:
- The error was thrown, while Vitest was running this test.
- If the error occurred after the test had been completed, this was the last documented test before it was thrown.
⎯⎯⎯⎯⎯⎯⎯⎯⎯⎯⎯⎯⎯⎯⎯⎯⎯⎯⎯⎯⎯⎯⎯⎯⎯⎯⎯⎯⎯⎯


 Test Files  2 failed (2)
      Tests  3 failed | 7 passed (10)
     Errors  1 error
   Start at  01:12:15
   Duration  6.52s

 FAIL  Tests failed. Watching for file changes...
       press h to show help, press q to quit
c[3J RERUN  app/app/dashboard/page.tsx x63 

 ❯ lib/api.test.ts (4 tests | 2 failed) 325ms
       ✓ should fetch documents successfully 276ms
       ✓ should throw error on failure 3ms
       × should upload document successfully 5ms
       × should throw error on upload failure 9ms
stderr | app/app/dashboard/page.test.tsx > Dashboard Page > renders documents and standards
Failed to load notifications TypeError: Cannot read properties of undefined (reading 'filter')
    at loadNotifications [90m(/Users/isak/Downloads/iso-doc-platform/frontend/[39mlib/hooks.ts:12:33[90m)[39m
[90m    at processTicksAndRejections (node:internal/process/task_queues:95:5)[39m

stderr | app/app/dashboard/page.test.tsx > Dashboard Page > renders dashboard widgets
Failed to load notifications TypeError: Cannot read properties of undefined (reading 'filter')
    at loadNotifications [90m(/Users/isak/Downloads/iso-doc-platform/frontend/[39mlib/hooks.ts:12:33[90m)[39m
[90m    at runNextTicks (node:internal/process/task_queues:60:5)[39m
[90m    at listOnTimeout (node:internal/timers:545:9)[39m
[90m    at processTimers (node:internal/timers:519:7)[39m

stderr | app/app/dashboard/page.test.tsx > Dashboard Page > opens analysis modal and runs check
Failed to load notifications TypeError: Cannot read properties of undefined (reading 'filter')
    at loadNotifications [90m(/Users/isak/Downloads/iso-doc-platform/frontend/[39mlib/hooks.ts:12:33[90m)[39m
[90m    at runNextTicks (node:internal/process/task_queues:60:5)[39m
[90m    at listOnTimeout (node:internal/timers:545:9)[39m
[90m    at processTimers (node:internal/timers:519:7)[39m

stderr | app/app/dashboard/page.test.tsx > Dashboard Page > shows staged documents and allows approval
Failed to load notifications TypeError: Cannot read properties of undefined (reading 'filter')
    at loadNotifications [90m(/Users/isak/Downloads/iso-doc-platform/frontend/[39mlib/hooks.ts:12:33[90m)[39m

stderr | app/app/dashboard/page.test.tsx > Dashboard Page > allows rejecting staged documents
Failed to load notifications TypeError: Cannot read properties of undefined (reading 'filter')
    at loadNotifications [90m(/Users/isak/Downloads/iso-doc-platform/frontend/[39mlib/hooks.ts:12:33[90m)[39m

stderr | app/app/dashboard/page.test.tsx > Dashboard Page > shows notifications
An error occurred in the <ActivityWidget> component.

Consider adding an error boundary to your tree to customize error handling behavior.
Visit https://react.dev/link/error-boundaries to learn more about error boundaries.


 ❯ app/app/dashboard/page.test.tsx (6 tests | 1 failed) 2634ms
     ✓ renders documents and standards  573ms
     ✓ renders dashboard widgets  487ms
     ✓ opens analysis modal and runs check 136ms
     ✓ shows staged documents and allows approval 226ms
     ✓ allows rejecting staged documents 155ms
     × shows notifications 1056ms

⎯⎯⎯⎯⎯⎯⎯ Failed Tests 1 ⎯⎯⎯⎯⎯⎯⎯

 FAIL  app/app/dashboard/page.test.tsx > Dashboard Page > shows notifications
TestingLibraryElementError: Unable to find an element with the text: 1. This could be because the text is broken up by multiple elements. In this case, you can provide a function for your text matcher to make your matcher more flexible.

Ignored nodes: comments, script, style
[36m<body>[39m
  [36m<div />[39m
[36m</body>[39m

Ignored nodes: comments, script, style
[36m<html>[39m
  [36m<head />[39m
  [36m<body>[39m
    [36m<div />[39m
  [36m</body>[39m
[36m</html>[39m
 ❯ Proxy.waitForWrapper node_modules/@testing-library/dom/dist/wait-for.js:163:27
 ❯ app/app/dashboard/page.test.tsx:168:15
    166|         render(<Dashboard />);
    167| 
    168|         await waitFor(() => {
       |               ^
    169|             expect(screen.getByText('1')).toBeDefined(); // Unread cou…
    170|         });

⎯⎯⎯⎯⎯⎯⎯⎯⎯⎯⎯⎯⎯⎯⎯⎯⎯⎯⎯⎯⎯⎯⎯⎯[1/1]⎯

⎯⎯⎯⎯⎯⎯ Unhandled Errors ⎯⎯⎯⎯⎯⎯

Vitest caught 1 unhandled error during the test run.
This might cause false positive tests. Resolve unhandled errors to make sure your tests are not affected.

⎯⎯⎯⎯⎯ Uncaught Exception ⎯⎯⎯⎯⎯
TypeError: Cannot read properties of undefined (reading 'length')
 ❯ ActivityWidget app/components/ActivityWidget.tsx:14:27
     12|             </div>
     13|             <div className="divide-y divide-gray-100">
     14|                 {activity.length === 0 ? (
       |                           ^
     15|                     <div className="p-6 text-center text-gray-500">No …
     16|                 ) : (
 ❯ Object.react_stack_bottom_frame node_modules/react-dom/cjs/react-dom-client.development.js:25904:20
 ❯ renderWithHooks node_modules/react-dom/cjs/react-dom-client.development.js:7662:22
 ❯ updateFunctionComponent node_modules/react-dom/cjs/react-dom-client.development.js:10166:19
 ❯ beginWork node_modules/react-dom/cjs/react-dom-client.development.js:11778:18
 ❯ runWithFiberInDEV node_modules/react-dom/cjs/react-dom-client.development.js:874:13
 ❯ performUnitOfWork node_modules/react-dom/cjs/react-dom-client.development.js:17641:22
 ❯ workLoopSync node_modules/react-dom/cjs/react-dom-client.development.js:17469:41
 ❯ renderRootSync node_modules/react-dom/cjs/react-dom-client.development.js:17450:11
 ❯ performWorkOnRoot node_modules/react-dom/cjs/react-dom-client.development.js:16583:35

This error originated in "app/app/dashboard/page.test.tsx" test file. It doesn't mean the error was thrown inside the file itself, but while it was running.
The latest test that might've caused the error is "shows notifications". It might mean one of the following:
- The error was thrown, while Vitest was running this test.
- If the error occurred after the test had been completed, this was the last documented test before it was thrown.
⎯⎯⎯⎯⎯⎯⎯⎯⎯⎯⎯⎯⎯⎯⎯⎯⎯⎯⎯⎯⎯⎯⎯⎯⎯⎯⎯⎯⎯⎯


 Test Files  2 failed (2)
      Tests  3 failed | 7 passed (10)
     Errors  1 error
   Start at  01:12:38
   Duration  7.63s

 FAIL  Tests failed. Watching for file changes...
       press h to show help, press q to quit
c[3J RERUN  app/app/dashboard/page.test.tsx x64 

 ❯ lib/api.test.ts (4 tests | 2 failed) 325ms
       ✓ should fetch documents successfully 276ms
       ✓ should throw error on failure 3ms
       × should upload document successfully 5ms
       × should throw error on upload failure 9ms
stderr | app/app/dashboard/page.test.tsx > Dashboard Page > renders documents and standards
Failed to load notifications TypeError: Cannot read properties of undefined (reading 'filter')
    at loadNotifications [90m(/Users/isak/Downloads/iso-doc-platform/frontend/[39mlib/hooks.ts:12:33[90m)[39m
[90m    at processTicksAndRejections (node:internal/process/task_queues:95:5)[39m

stderr | app/app/dashboard/page.test.tsx > Dashboard Page > renders dashboard widgets
Failed to load notifications TypeError: Cannot read properties of undefined (reading 'filter')
    at loadNotifications [90m(/Users/isak/Downloads/iso-doc-platform/frontend/[39mlib/hooks.ts:12:33[90m)[39m
[90m    at runNextTicks (node:internal/process/task_queues:60:5)[39m
[90m    at listOnTimeout (node:internal/timers:545:9)[39m
[90m    at processTimers (node:internal/timers:519:7)[39m

stderr | app/app/dashboard/page.test.tsx > Dashboard Page > opens analysis modal and runs check
Failed to load notifications TypeError: Cannot read properties of undefined (reading 'filter')
    at loadNotifications [90m(/Users/isak/Downloads/iso-doc-platform/frontend/[39mlib/hooks.ts:12:33[90m)[39m

stderr | app/app/dashboard/page.test.tsx > Dashboard Page > shows staged documents and allows approval
Failed to load notifications TypeError: Cannot read properties of undefined (reading 'filter')
    at loadNotifications [90m(/Users/isak/Downloads/iso-doc-platform/frontend/[39mlib/hooks.ts:12:33[90m)[39m

stderr | app/app/dashboard/page.test.tsx > Dashboard Page > allows rejecting staged documents
Failed to load notifications TypeError: Cannot read properties of undefined (reading 'filter')
    at loadNotifications [90m(/Users/isak/Downloads/iso-doc-platform/frontend/[39mlib/hooks.ts:12:33[90m)[39m

stderr | app/app/dashboard/page.test.tsx > Dashboard Page > shows notifications
An error occurred in the <ActivityWidget> component.

Consider adding an error boundary to your tree to customize error handling behavior.
Visit https://react.dev/link/error-boundaries to learn more about error boundaries.


stderr | app/app/dashboard/page.test.tsx > Dashboard Page > shows upload progress
An update to Header inside a test was not wrapped in act(...).

When testing, code that causes React state updates should be wrapped into act(...):

act(() => {
  /* fire events that update state */
});
/* assert on the output */

This ensures that you're testing the behavior the user would see in the browser. Learn more at https://react.dev/link/wrap-tests-with-act
An update to Header inside a test was not wrapped in act(...).

When testing, code that causes React state updates should be wrapped into act(...):

act(() => {
  /* fire events that update state */
});
/* assert on the output */

This ensures that you're testing the behavior the user would see in the browser. Learn more at https://react.dev/link/wrap-tests-with-act
An update to Dashboard inside a test was not wrapped in act(...).

When testing, code that causes React state updates should be wrapped into act(...):

act(() => {
  /* fire events that update state */
});
/* assert on the output */

This ensures that you're testing the behavior the user would see in the browser. Learn more at https://react.dev/link/wrap-tests-with-act
An update to Dashboard inside a test was not wrapped in act(...).

When testing, code that causes React state updates should be wrapped into act(...):

act(() => {
  /* fire events that update state */
});
/* assert on the output */

This ensures that you're testing the behavior the user would see in the browser. Learn more at https://react.dev/link/wrap-tests-with-act
An update to Dashboard inside a test was not wrapped in act(...).

When testing, code that causes React state updates should be wrapped into act(...):

act(() => {
  /* fire events that update state */
});
/* assert on the output */

This ensures that you're testing the behavior the user would see in the browser. Learn more at https://react.dev/link/wrap-tests-with-act
An update to Dashboard inside a test was not wrapped in act(...).

When testing, code that causes React state updates should be wrapped into act(...):

act(() => {
  /* fire events that update state */
});
/* assert on the output */

This ensures that you're testing the behavior the user would see in the browser. Learn more at https://react.dev/link/wrap-tests-with-act

 ❯ app/app/dashboard/page.test.tsx (7 tests | 2 failed) 1892ms
     ✓ renders documents and standards  307ms
     ✓ renders dashboard widgets 176ms
     ✓ opens analysis modal and runs check 289ms
     ✓ shows staged documents and allows approval 30ms
     ✓ allows rejecting staged documents 20ms
     × shows notifications 1063ms
     × shows upload progress 6ms

⎯⎯⎯⎯⎯⎯⎯ Failed Tests 2 ⎯⎯⎯⎯⎯⎯⎯

 FAIL  app/app/dashboard/page.test.tsx > Dashboard Page > shows notifications
TestingLibraryElementError: Unable to find an element with the text: 1. This could be because the text is broken up by multiple elements. In this case, you can provide a function for your text matcher to make your matcher more flexible.

Ignored nodes: comments, script, style
[36m<body>[39m
  [36m<div />[39m
[36m</body>[39m

Ignored nodes: comments, script, style
[36m<html>[39m
  [36m<head />[39m
  [36m<body>[39m
    [36m<div />[39m
  [36m</body>[39m
[36m</html>[39m
 ❯ Proxy.waitForWrapper node_modules/@testing-library/dom/dist/wait-for.js:163:27
 ❯ app/app/dashboard/page.test.tsx:168:15
    166|         render(<Dashboard />);
    167| 
    168|         await waitFor(() => {
       |               ^
    169|             expect(screen.getByText('1')).toBeDefined(); // Unread cou…
    170|         });

⎯⎯⎯⎯⎯⎯⎯⎯⎯⎯⎯⎯⎯⎯⎯⎯⎯⎯⎯⎯⎯⎯⎯⎯[1/2]⎯

 FAIL  app/app/dashboard/page.test.tsx > Dashboard Page > shows upload progress
TestingLibraryElementError: Unable to find a label with the text of: Upload New

Ignored nodes: comments, script, style
[36m<body>[39m
  [36m<div>[39m
    [36m<div[39m
      [33mclass[39m=[32m"flex min-h-screen bg-gray-50"[39m
    [36m>[39m
      [36m<aside[39m
        [33mclass[39m=[32m"w-64 bg-white border-r border-gray-200 min-h-screen flex flex-col"[39m
      [36m>[39m
        [36m<div[39m
          [33mclass[39m=[32m"p-6 border-b border-gray-100"[39m
        [36m>[39m
          [36m<h1[39m
            [33mclass[39m=[32m"text-2xl font-bold text-blue-600 flex items-center gap-2"[39m
          [36m>[39m
            [36m<span>[39m
              [0m🛡️[0m
            [36m</span>[39m
            [0m ISO Doc[0m
          [36m</h1>[39m
        [36m</div>[39m
        [36m<nav[39m
          [33mclass[39m=[32m"flex-1 p-4 space-y-1"[39m
        [36m>[39m
          [36m<a[39m
            [33mclass[39m=[32m"flex items-center gap-3 px-4 py-3 rounded-lg transition-colors bg-blue-50 text-blue-700 font-medium"[39m
            [33mhref[39m=[32m"/app/dashboard"[39m
          [36m>[39m
            [36m<span[39m
              [33mclass[39m=[32m"text-xl"[39m
            [36m>[39m
              [0m📊[0m
            [36m</span>[39m
            [0mDashboard[0m
          [36m</a>[39m
          [36m<a[39m
            [33mclass[39m=[32m"flex items-center gap-3 px-4 py-3 rounded-lg transition-colors text-gray-600 hover:bg-gray-50 hover:text-gray-900"[39m
            [33mhref[39m=[32m"/app/documents"[39m
          [36m>[39m
            [36m<span[39m
              [33mclass[39m=[32m"text-xl"[39m
            [36m>[39m
              [0m📁[0m
            [36m</span>[39m
            [0mDocuments[0m
          [36m</a>[39m
          [36m<a[39m
            [33mclass[39m=[32m"flex items-center gap-3 px-4 py-3 rounded-lg transition-colors text-gray-600 hover:bg-gray-50 hover:text-gray-900"[39m
            [33mhref[39m=[32m"/app/gap-analysis"[39m
          [36m>[39m
            [36m<span[39m
              [33mclass[39m=[32m"text-xl"[39m
            [36m>[39m
              [0m🔍[0m
            [36m</span>[39m
            [0mGap Analysis[0m
          [36m</a>[39m
          [36m<a[39m
            [33mclass[39m=[32m"flex items-center gap-3 px-4 py-3 rounded-lg transition-colors text-gray-600 hover:bg-gray-50 hover:text-gray-900"[39m
            [33mhref[39m=[32m"/app/reports"[39m
          [36m>[39m
            [36m<span[39m
              [33mclass[39m=[32m"text-xl"[39m
            [36m>[39m
              [0m📋[0m
            [36m</span>[39m
            [0mReports[0m
          [36m</a>[39m
          [36m<a[39m
            [33mclass[39m=[32m"flex items-center gap-3 px-4 py-3 rounded-lg transition-colors text-gray-600 hover:bg-gray-50 hover:text-gray-900"[39m
            [33mhref[39m=[32m"/app/settings"[39m
          [36m>[39m
            [36m<span[39m
              [33mclass[39m=[32m"text-xl"[39m
            [36m>[39m
              [0m⚙️[0m
            [36m</span>[39m
            [0mSettings[0m
          [36m</a>[39m
        [36m</nav>[39m
        [36m<div[39m
          [33mclass[39m=[32m"p-4 border-t border-gray-100"[39m
        [36m>[39m
          [36m<div[39m
            [33mclass[39m=[32m"bg-blue-50 rounded-lg p-4"[39m
          [36m>[39m
            [36m<h4[39m
              [33mclass[39m=[32m"text-sm font-semibold text-blue-800 mb-1"[39m
            [36m>[39m
              [0mPro Plan[0m
            [36m</h4>[39m
            [36m<p[39m
              [33mclass[39m=[32m"text-xs text-blue-600 mb-3"[39m
            [36m>[39m
              [0mGet access to advanced AI features.[0m
            [36m</p>[39m
            [36m<button[39m
              [33mclass[39m=[32m"w-full bg-blue-600 text-white text-xs font-medium py-2 rounded hover:bg-blue-700 transition"[39m
            [36m>[39m
              [0mUpgrade Now[0m
            [36m</button>[39m
          [36m</div>[39m
        [36m</div>[39m
      [36m</aside>[39m
      [36m<div[39m
        [33mclass[39m=[32m"flex-1 flex flex-col"[39m
      [36m>[39m
        [36m<header[39m
          [33mclass[39m=[32m"bg-white border-b border-gray-200 px-8 py-4 flex justify-between items-center sticky top-0 z-10"[39m
        [36m>[39m
          [36m<div>[39m
            [36m<h2[39m
              [33mclass[39m=[32m"text-xl font-semibold text-gray-800"[39m
            [36m>[39m
              [0mDashboard[0m
            [36m</h2>[39m
            [36m<p[39m
              [33mclass[39m=[32m"text-sm text-gray-500"[39m
            [36m>[39m
              [0mWelcome back, User[0m
            [36m</p>[39m
          [36m</div>[39m
          [36m<div[39m
            [33mclass[39m=[32m"w-1/3"[39m
          [36m>[39m
            [36m<div[39m
              [33mclass[39m=[32m"relative w-full max-w-xl"[39m
            [36m>[39m
              [36m<form[39m
                [33mclass[39m=[32m"relative"[39m
              [36m>[39m
                [36m<input[39m
                  [33mclass[39m=[32m"w-full border border-gray-300 rounded-lg py-2 px-4 pl-10 focus:outline-none focus:ring-2 focus:ring-blue-500"[39m
                  [33mplaceholder[39m=[32m"Search documents (e.g. 'password policy')..."[39m
                  [33mtype[39m=[32m"text"[39m
                  [33mvalue[39m=[32m""[39m
                [36m/>[39m
                [36m<div[39m
                  [33mclass[39m=[32m"absolute inset-y-0 left-0 pl-3 flex items-center pointer-events-none"[39m
                [36m>[39m
                  [36m<span[39m
                    [33mclass[39m=[32m"text-gray-400"[39m
                  [36m>[39m
                    [0m🔍[0m
                  [36m</span>[39m
                [36m</div>[39m
                [36m<button[39m
                  [33mclass[39m=[32m"absolute inset-y-0 right-0 px-4 text-white bg-blue-600 rounded-r-lg hover:bg-blue-700 disabled:opacity-50"[39m
                  [33mtype[39m=[32m"submit"[39m
                [36m>[39m
                  [0mSearch[0m
                [36m</button>[39m
              [36m</form>[39m
            [36m</div>[39m
          [36m</div>[39m
          [36m<div[39m
            [33mclass[39m=[32m"flex items-center gap-4"[39m
          [36m>[39m
            [36m<div[39m
              [33mclass[39m=[32m"relative"[39m
            [36m>[39m
              [36m<button[39m
                [33mclass[39m=[32m"p-2 text-gray-400 hover:text-gray-600 relative"[39m
              [36m>[39m
                [0m🔔[0m
              [36m</button>[39m
            [36m</div>[39m
            [36m<div[39m
              [33mclass[39m=[32m"w-8 h-8 bg-blue-100 rounded-full flex items-center justify-center text-blue-600 font-bold"[39m
            [36m>[39m
              [0mU[0m
            [36m</div>[39m
          [36m</div>[39m
        [36m</header>[39m
        [36m<main[39m
          [33mclass[39m=[32m"flex-1 p-8 overflow-y-auto"[39m
        [36m>[39m
          [36m<div[39m
            [33mclass[39m=[32m"max-w-7xl mx-auto space-y-8"[39m
          [36m>[39m
            [36m<div[39m
              [33mclass[39m=[32m"grid grid-cols-1 lg:grid-cols-3 gap-8"[39m
            [36m>[39m
              [36m<div[39m
                [33mclass[39m=[32m"lg:col-span-2 space-y-6"[39m
              [36m>[39m
                [36m<div[39m
                  [33mclass[39m=[32m"bg-white rounded-xl shadow-sm border border-gray-100 overflow-hidden"[39m
                [36m>[39m
                  [36m<div[39m
                    [33mclass[39m=[32m"p-6 border-b border-gray-100 flex justify-between items-center bg-gray-50/50"[39m
                  [36m>[39m
                    [36m<div>[39m
                      [36m<h3[39m
                        [33mclass[39m=[32m"text-lg font-semibold text-gray-900"[39m
                      [36m>[39m
                        [0mRecent Documents[0m
                      [36m</h3>[39m
                      [36m<p[39m
                        [33mclass[39m=[32m"text-sm text-gray-500"[39m
                      [36m>[39m
                        [0mManage and analyze your files[0m
                      [36m</p>[39m
                    [36m</div>[39m
                    [36m<div[39m
                      [33mclass[39m=[32m"relative"[39m
                    [36m>[39m
                      [36m<input[39m
                        [33mclass[39m=[32m"hidden"[39m
                        [33mid[39m=[32m"file-upload"[39m
                        [33mmultiple[39m=[32m""[39m
                        [33mtype[39m=[32m"file"[39m
                      [36m/>[39m
                      [36m<label[39m
                        [33mclass[39m=[32m"flex items-center gap-2 bg-blue-600 text-white px-4 py-2 rounded-lg hover:bg-blue-700 transition cursor-pointer shadow-sm "[39m
                        [33mfor[39m=[32m"file-upload"[39m
                      [36m>[39m
                        [36m<span>[39m
                          [0m☁️[0m
                        [36m</span>[39m
                        [0mUpload New[0m
                      [36m</label>[39m
                    [36m</div>[39m
                  [36m</div>[39m
                  [36m<div[39m
                    [33mclass[39m=[32m"overflow-x-auto"[39m
                  [36m>[39m
                    [36m<table[39m
                      [33mclass[39m=[32m"min-w-full divide-y divide-gray-200"[39m
                    [36m>[39m
                      [36m<thead[39m
                        [33mclass[39m=[32m"bg-gray-50"[39m
                      [36m>[39m
                        [36m<tr>[39m
                          [36m<th[39m
                            [33mclass[39m=[32m"px-6 py-3 text-left text-xs font-medium text-gray-500 uppercase tracking-wider"[39m
                          [36m>[39m
                            [0mDocument[0m
                          [36m</th>[39m
                          [36m<th[39m
                            [33mclass[39m=[32m"px-6 py-3 text-left text-xs font-medium text-gray-500 uppercase tracking-wider"[39m
                          [36m>[39m
                            [0mStatus[0m
                          [36m</th>[39m
                          [36m<th[39m
                            [33mclass[39m=[32m"px-6 py-3 text-left text-xs font-medium text-gray-500 uppercase tracking-wider"[39m
                          [36m>[39m
                            [0mDate[0m
                          [36m</th>[39m
                          [36m<th[39m
                            [33mclass[39m=[32m"px-6 py-3 text-right text-xs font-medium text-gray-500 uppercase tracking-wider"[39m
                          [36m>[39m
                            [0mActions[0m
                          [36m</th>[39m
                        [36m</tr>[39m
                      [36m</thead>[39m
                      [36m<tbody[39m
                        [33mclass[39m=[32m"bg-white divide-y divide-gray-200"[39m
                      [36m>[39m
                        [36m<tr>[39m
                          [36m<td[39m
                            [33mclass[39m=[32m"px-6 py-12 text-center text-gray-500"[39m
                            [33mcolspan[39m=[32m"4"[39m
                          [36m>[39m
                            [36m<div[39m
                              [33mclass[39m=[32m"flex flex-col items-center gap-2"[39m
                            [36m>[39m
                              [36m<span[39m
                                [33mclass[39m=[32m"text-4xl"[39m
                              [36m>[39m
                                [0m📄[0m
                              [36m</span>[39m
                              [36m<p>[39m
                                [0mNo documents found[0m
                              [36m</p>[39m
                              [36m<p[39m
                                [33mclass[39m=[32m"text-sm"[39m
                              [36m>[39m
                                [0mUpload a document to get started[0m
                              [36m</p>[39m
                            [36m</div>[39m
                          [36m</td>[39m
                        [36m</tr>[39m
                      [36m</tbody>[39m
                    [36m</table>[39m
                  [36m</div>[39m
                [36m</div>[39m
              [36m</div>[39m
              [36m<div[39m
                [33mclass[39m=[32m"space-y-8"[39m
              [36m>[39m
                [36m<div[39m
                  [33mclass[39m=[32m"bg-gradient-to-br from-blue-600 to-indigo-700 rounded-xl shadow-lg p-6 text-white"[39m
                [36m>[39m
                  [36m<h3[39m
                    [33mclass[39m=[32m"text-lg font-semibold mb-2"[39m
                  [36m>[39m
                    [0mNeed Help?[0m
                  [36m</h3>[39m
                  [36m<p[39m
                    [33mclass[39m=[32m"text-blue-100 text-sm mb-4"[39m
                  [36m>[39m
                    [0mAsk our AI Auditor anything about your compliance status.[0m
                  [36m</p>[39m
                  [36m<button[39m
                    [33mclass[39m=[32m"w-full bg-white text-blue-600 py-2 rounded-lg font-medium hover:bg-blue-50 transition"[39m
                  [36m>[39m
                    [0mStart Chat[0m
                  [36m</button>[39m
                [36m</div>[39m
              [36m</div>[39m
            [36m</div>[39m
          [36m</div>[39m
        [36m</main>[39m
      [36m</div>[39m
    [36m</div>[39m
  [36m</div>[39m
[36m</body>[39m
 ❯ Object.getElementError node_modules/@testing-library/dom/dist/config.js:37:19
 ❯ getAllByLabelText node_modules/@testing-library/dom/dist/queries/label-text.js:111:38
 ❯ node_modules/@testing-library/dom/dist/query-helpers.js:52:17
 ❯ node_modules/@testing-library/dom/dist/query-helpers.js:95:19
 ❯ app/app/dashboard/page.test.tsx:202:30
    200|         // Trigger upload
    201|         const file = new File(['hello'], 'hello.png', { type: 'image/p…
    202|         const input = screen.getByLabelText('Upload New') as HTMLInput…
       |                              ^
    203|         Object.defineProperty(input, 'files', { value: [file] });
    204|         fireEvent.change(input);

⎯⎯⎯⎯⎯⎯⎯⎯⎯⎯⎯⎯⎯⎯⎯⎯⎯⎯⎯⎯⎯⎯⎯⎯[2/2]⎯

⎯⎯⎯⎯⎯⎯ Unhandled Errors ⎯⎯⎯⎯⎯⎯

Vitest caught 1 unhandled error during the test run.
This might cause false positive tests. Resolve unhandled errors to make sure your tests are not affected.

⎯⎯⎯⎯⎯ Uncaught Exception ⎯⎯⎯⎯⎯
TypeError: Cannot read properties of undefined (reading 'length')
 ❯ ActivityWidget app/components/ActivityWidget.tsx:14:27
     12|             </div>
     13|             <div className="divide-y divide-gray-100">
     14|                 {activity.length === 0 ? (
       |                           ^
     15|                     <div className="p-6 text-center text-gray-500">No …
     16|                 ) : (
 ❯ Object.react_stack_bottom_frame node_modules/react-dom/cjs/react-dom-client.development.js:25904:20
 ❯ renderWithHooks node_modules/react-dom/cjs/react-dom-client.development.js:7662:22
 ❯ updateFunctionComponent node_modules/react-dom/cjs/react-dom-client.development.js:10166:19
 ❯ beginWork node_modules/react-dom/cjs/react-dom-client.development.js:11778:18
 ❯ runWithFiberInDEV node_modules/react-dom/cjs/react-dom-client.development.js:874:13
 ❯ performUnitOfWork node_modules/react-dom/cjs/react-dom-client.development.js:17641:22
 ❯ workLoopSync node_modules/react-dom/cjs/react-dom-client.development.js:17469:41
 ❯ renderRootSync node_modules/react-dom/cjs/react-dom-client.development.js:17450:11
 ❯ performWorkOnRoot node_modules/react-dom/cjs/react-dom-client.development.js:16583:35

This error originated in "app/app/dashboard/page.test.tsx" test file. It doesn't mean the error was thrown inside the file itself, but while it was running.
The latest test that might've caused the error is "shows notifications". It might mean one of the following:
- The error was thrown, while Vitest was running this test.
- If the error occurred after the test had been completed, this was the last documented test before it was thrown.
⎯⎯⎯⎯⎯⎯⎯⎯⎯⎯⎯⎯⎯⎯⎯⎯⎯⎯⎯⎯⎯⎯⎯⎯⎯⎯⎯⎯⎯⎯


 Test Files  2 failed (2)
      Tests  4 failed | 7 passed (11)
     Errors  1 error
   Start at  01:13:10
   Duration  2.82s

 FAIL  Tests failed. Watching for file changes...
       press h to show help, press q to quit
c[3J RERUN  lib/api.ts 

 ❯ lib/api.test.ts (4 tests | 2 failed) 9ms
       ✓ should fetch documents successfully 5ms
       ✓ should throw error on failure 1ms
       × should upload document successfully 2ms
       × should throw error on upload failure 0ms
stderr | app/app/dashboard/page.test.tsx > Dashboard Page > renders documents and standards
Failed to load notifications TypeError: Cannot read properties of undefined (reading 'filter')
    at loadNotifications [90m(/Users/isak/Downloads/iso-doc-platform/frontend/[39mlib/hooks.ts:12:33[90m)[39m
[90m    at processTicksAndRejections (node:internal/process/task_queues:95:5)[39m

stderr | app/app/dashboard/page.test.tsx > Dashboard Page > renders dashboard widgets
Failed to load notifications TypeError: Cannot read properties of undefined (reading 'filter')
    at loadNotifications [90m(/Users/isak/Downloads/iso-doc-platform/frontend/[39mlib/hooks.ts:12:33[90m)[39m
[90m    at runNextTicks (node:internal/process/task_queues:60:5)[39m
[90m    at listOnTimeout (node:internal/timers:545:9)[39m
[90m    at processTimers (node:internal/timers:519:7)[39m

 ✓ app/app/reports/[id]/page.test.tsx (3 tests) 1166ms
     ✓ renders loading state initially  850ms
     ✓ renders report data successfully  309ms
stderr | app/app/dashboard/page.test.tsx > Dashboard Page > opens analysis modal and runs check
Failed to load notifications TypeError: Cannot read properties of undefined (reading 'filter')
    at loadNotifications [90m(/Users/isak/Downloads/iso-doc-platform/frontend/[39mlib/hooks.ts:12:33[90m)[39m
[90m    at runNextTicks (node:internal/process/task_queues:60:5)[39m
[90m    at listOnTimeout (node:internal/timers:545:9)[39m
[90m    at processTimers (node:internal/timers:519:7)[39m

 ✓ app/app/gap-analysis/page.test.tsx (2 tests) 1060ms
     ✓ renders and loads standards  833ms
stderr | app/app/dashboard/page.test.tsx > Dashboard Page > shows staged documents and allows approval
Failed to load notifications TypeError: Cannot read properties of undefined (reading 'filter')
    at loadNotifications [90m(/Users/isak/Downloads/iso-doc-platform/frontend/[39mlib/hooks.ts:12:33[90m)[39m

stderr | app/app/dashboard/page.test.tsx > Dashboard Page > allows rejecting staged documents
Failed to load notifications TypeError: Cannot read properties of undefined (reading 'filter')
    at loadNotifications [90m(/Users/isak/Downloads/iso-doc-platform/frontend/[39mlib/hooks.ts:12:33[90m)[39m

 ✓ app/app/documents/[id]/page.test.tsx (2 tests) 2375ms
     ✓ renders document details and download button  2215ms
stderr | app/app/dashboard/page.test.tsx > Dashboard Page > shows notifications
An error occurred in the <ActivityWidget> component.

Consider adding an error boundary to your tree to customize error handling behavior.
Visit https://react.dev/link/error-boundaries to learn more about error boundaries.


stderr | app/app/dashboard/page.test.tsx > Dashboard Page > shows upload progress
An update to Header inside a test was not wrapped in act(...).

When testing, code that causes React state updates should be wrapped into act(...):

act(() => {
  /* fire events that update state */
});
/* assert on the output */

This ensures that you're testing the behavior the user would see in the browser. Learn more at https://react.dev/link/wrap-tests-with-act
An update to Header inside a test was not wrapped in act(...).

When testing, code that causes React state updates should be wrapped into act(...):

act(() => {
  /* fire events that update state */
});
/* assert on the output */

This ensures that you're testing the behavior the user would see in the browser. Learn more at https://react.dev/link/wrap-tests-with-act
An update to Dashboard inside a test was not wrapped in act(...).

When testing, code that causes React state updates should be wrapped into act(...):

act(() => {
  /* fire events that update state */
});
/* assert on the output */

This ensures that you're testing the behavior the user would see in the browser. Learn more at https://react.dev/link/wrap-tests-with-act
An update to Dashboard inside a test was not wrapped in act(...).

When testing, code that causes React state updates should be wrapped into act(...):

act(() => {
  /* fire events that update state */
});
/* assert on the output */

This ensures that you're testing the behavior the user would see in the browser. Learn more at https://react.dev/link/wrap-tests-with-act
An update to Dashboard inside a test was not wrapped in act(...).

When testing, code that causes React state updates should be wrapped into act(...):

act(() => {
  /* fire events that update state */
});
/* assert on the output */

This ensures that you're testing the behavior the user would see in the browser. Learn more at https://react.dev/link/wrap-tests-with-act
An update to Dashboard inside a test was not wrapped in act(...).

When testing, code that causes React state updates should be wrapped into act(...):

act(() => {
  /* fire events that update state */
});
/* assert on the output */

This ensures that you're testing the behavior the user would see in the browser. Learn more at https://react.dev/link/wrap-tests-with-act

 ❯ app/app/dashboard/page.test.tsx (7 tests | 2 failed) 3475ms
     ✓ renders documents and standards  994ms
     ✓ renders dashboard widgets  711ms
     ✓ opens analysis modal and runs check  457ms
     ✓ shows staged documents and allows approval 48ms
     ✓ allows rejecting staged documents 247ms
     × shows notifications 1009ms
     × shows upload progress 8ms

⎯⎯⎯⎯⎯⎯⎯ Failed Tests 4 ⎯⎯⎯⎯⎯⎯⎯

 FAIL  lib/api.test.ts > API Client > uploadDocument > should upload document successfully
TypeError: (0 , __vite_ssr_import_0__.uploadDocument) is not a function
 ❯ lib/api.test.ts:42:19
     40| 
     41|             const file = new File(['content'], 'test.txt', { type: 'te…
     42|             await uploadDocument(file);
       |                   ^
     43| 
     44|             expect(global.fetch).toHaveBeenCalledWith(

⎯⎯⎯⎯⎯⎯⎯⎯⎯⎯⎯⎯⎯⎯⎯⎯⎯⎯⎯⎯⎯⎯⎯⎯[1/4]⎯

 FAIL  lib/api.test.ts > API Client > uploadDocument > should throw error on upload failure
TypeError: (0 , __vite_ssr_import_0__.uploadDocument) is not a function
 ❯ lib/api.test.ts:59:26
     57| 
     58|             const file = new File(['content'], 'test.txt', { type: 'te…
     59|             await expect(uploadDocument(file)).rejects.toThrow('Failed…
       |                          ^
     60|         });
     61|     });

⎯⎯⎯⎯⎯⎯⎯⎯⎯⎯⎯⎯⎯⎯⎯⎯⎯⎯⎯⎯⎯⎯⎯⎯[2/4]⎯

 FAIL  app/app/dashboard/page.test.tsx > Dashboard Page > shows notifications
TestingLibraryElementError: Unable to find an element with the text: 1. This could be because the text is broken up by multiple elements. In this case, you can provide a function for your text matcher to make your matcher more flexible.

Ignored nodes: comments, script, style
[36m<body>[39m
  [36m<div />[39m
[36m</body>[39m

Ignored nodes: comments, script, style
[36m<html>[39m
  [36m<head />[39m
  [36m<body>[39m
    [36m<div />[39m
  [36m</body>[39m
[36m</html>[39m
 ❯ Proxy.waitForWrapper node_modules/@testing-library/dom/dist/wait-for.js:163:27
 ❯ app/app/dashboard/page.test.tsx:168:15
    166|         render(<Dashboard />);
    167| 
    168|         await waitFor(() => {
       |               ^
    169|             expect(screen.getByText('1')).toBeDefined(); // Unread cou…
    170|         });

⎯⎯⎯⎯⎯⎯⎯⎯⎯⎯⎯⎯⎯⎯⎯⎯⎯⎯⎯⎯⎯⎯⎯⎯[3/4]⎯

 FAIL  app/app/dashboard/page.test.tsx > Dashboard Page > shows upload progress
TestingLibraryElementError: Unable to find a label with the text of: Upload New

Ignored nodes: comments, script, style
[36m<body>[39m
  [36m<div>[39m
    [36m<div[39m
      [33mclass[39m=[32m"flex min-h-screen bg-gray-50"[39m
    [36m>[39m
      [36m<aside[39m
        [33mclass[39m=[32m"w-64 bg-white border-r border-gray-200 min-h-screen flex flex-col"[39m
      [36m>[39m
        [36m<div[39m
          [33mclass[39m=[32m"p-6 border-b border-gray-100"[39m
        [36m>[39m
          [36m<h1[39m
            [33mclass[39m=[32m"text-2xl font-bold text-blue-600 flex items-center gap-2"[39m
          [36m>[39m
            [36m<span>[39m
              [0m🛡️[0m
            [36m</span>[39m
            [0m ISO Doc[0m
          [36m</h1>[39m
        [36m</div>[39m
        [36m<nav[39m
          [33mclass[39m=[32m"flex-1 p-4 space-y-1"[39m
        [36m>[39m
          [36m<a[39m
            [33mclass[39m=[32m"flex items-center gap-3 px-4 py-3 rounded-lg transition-colors bg-blue-50 text-blue-700 font-medium"[39m
            [33mhref[39m=[32m"/app/dashboard"[39m
          [36m>[39m
            [36m<span[39m
              [33mclass[39m=[32m"text-xl"[39m
            [36m>[39m
              [0m📊[0m
            [36m</span>[39m
            [0mDashboard[0m
          [36m</a>[39m
          [36m<a[39m
            [33mclass[39m=[32m"flex items-center gap-3 px-4 py-3 rounded-lg transition-colors text-gray-600 hover:bg-gray-50 hover:text-gray-900"[39m
            [33mhref[39m=[32m"/app/documents"[39m
          [36m>[39m
            [36m<span[39m
              [33mclass[39m=[32m"text-xl"[39m
            [36m>[39m
              [0m📁[0m
            [36m</span>[39m
            [0mDocuments[0m
          [36m</a>[39m
          [36m<a[39m
            [33mclass[39m=[32m"flex items-center gap-3 px-4 py-3 rounded-lg transition-colors text-gray-600 hover:bg-gray-50 hover:text-gray-900"[39m
            [33mhref[39m=[32m"/app/gap-analysis"[39m
          [36m>[39m
            [36m<span[39m
              [33mclass[39m=[32m"text-xl"[39m
            [36m>[39m
              [0m🔍[0m
            [36m</span>[39m
            [0mGap Analysis[0m
          [36m</a>[39m
          [36m<a[39m
            [33mclass[39m=[32m"flex items-center gap-3 px-4 py-3 rounded-lg transition-colors text-gray-600 hover:bg-gray-50 hover:text-gray-900"[39m
            [33mhref[39m=[32m"/app/reports"[39m
          [36m>[39m
            [36m<span[39m
              [33mclass[39m=[32m"text-xl"[39m
            [36m>[39m
              [0m📋[0m
            [36m</span>[39m
            [0mReports[0m
          [36m</a>[39m
          [36m<a[39m
            [33mclass[39m=[32m"flex items-center gap-3 px-4 py-3 rounded-lg transition-colors text-gray-600 hover:bg-gray-50 hover:text-gray-900"[39m
            [33mhref[39m=[32m"/app/settings"[39m
          [36m>[39m
            [36m<span[39m
              [33mclass[39m=[32m"text-xl"[39m
            [36m>[39m
              [0m⚙️[0m
            [36m</span>[39m
            [0mSettings[0m
          [36m</a>[39m
        [36m</nav>[39m
        [36m<div[39m
          [33mclass[39m=[32m"p-4 border-t border-gray-100"[39m
        [36m>[39m
          [36m<div[39m
            [33mclass[39m=[32m"bg-blue-50 rounded-lg p-4"[39m
          [36m>[39m
            [36m<h4[39m
              [33mclass[39m=[32m"text-sm font-semibold text-blue-800 mb-1"[39m
            [36m>[39m
              [0mPro Plan[0m
            [36m</h4>[39m
            [36m<p[39m
              [33mclass[39m=[32m"text-xs text-blue-600 mb-3"[39m
            [36m>[39m
              [0mGet access to advanced AI features.[0m
            [36m</p>[39m
            [36m<button[39m
              [33mclass[39m=[32m"w-full bg-blue-600 text-white text-xs font-medium py-2 rounded hover:bg-blue-700 transition"[39m
            [36m>[39m
              [0mUpgrade Now[0m
            [36m</button>[39m
          [36m</div>[39m
        [36m</div>[39m
      [36m</aside>[39m
      [36m<div[39m
        [33mclass[39m=[32m"flex-1 flex flex-col"[39m
      [36m>[39m
        [36m<header[39m
          [33mclass[39m=[32m"bg-white border-b border-gray-200 px-8 py-4 flex justify-between items-center sticky top-0 z-10"[39m
        [36m>[39m
          [36m<div>[39m
            [36m<h2[39m
              [33mclass[39m=[32m"text-xl font-semibold text-gray-800"[39m
            [36m>[39m
              [0mDashboard[0m
            [36m</h2>[39m
            [36m<p[39m
              [33mclass[39m=[32m"text-sm text-gray-500"[39m
            [36m>[39m
              [0mWelcome back, User[0m
            [36m</p>[39m
          [36m</div>[39m
          [36m<div[39m
            [33mclass[39m=[32m"w-1/3"[39m
          [36m>[39m
            [36m<div[39m
              [33mclass[39m=[32m"relative w-full max-w-xl"[39m
            [36m>[39m
              [36m<form[39m
                [33mclass[39m=[32m"relative"[39m
              [36m>[39m
                [36m<input[39m
                  [33mclass[39m=[32m"w-full border border-gray-300 rounded-lg py-2 px-4 pl-10 focus:outline-none focus:ring-2 focus:ring-blue-500"[39m
                  [33mplaceholder[39m=[32m"Search documents (e.g. 'password policy')..."[39m
                  [33mtype[39m=[32m"text"[39m
                  [33mvalue[39m=[32m""[39m
                [36m/>[39m
                [36m<div[39m
                  [33mclass[39m=[32m"absolute inset-y-0 left-0 pl-3 flex items-center pointer-events-none"[39m
                [36m>[39m
                  [36m<span[39m
                    [33mclass[39m=[32m"text-gray-400"[39m
                  [36m>[39m
                    [0m🔍[0m
                  [36m</span>[39m
                [36m</div>[39m
                [36m<button[39m
                  [33mclass[39m=[32m"absolute inset-y-0 right-0 px-4 text-white bg-blue-600 rounded-r-lg hover:bg-blue-700 disabled:opacity-50"[39m
                  [33mtype[39m=[32m"submit"[39m
                [36m>[39m
                  [0mSearch[0m
                [36m</button>[39m
              [36m</form>[39m
            [36m</div>[39m
          [36m</div>[39m
          [36m<div[39m
            [33mclass[39m=[32m"flex items-center gap-4"[39m
          [36m>[39m
            [36m<div[39m
              [33mclass[39m=[32m"relative"[39m
            [36m>[39m
              [36m<button[39m
                [33mclass[39m=[32m"p-2 text-gray-400 hover:text-gray-600 relative"[39m
              [36m>[39m
                [0m🔔[0m
              [36m</button>[39m
            [36m</div>[39m
            [36m<div[39m
              [33mclass[39m=[32m"w-8 h-8 bg-blue-100 rounded-full flex items-center justify-center text-blue-600 font-bold"[39m
            [36m>[39m
              [0mU[0m
            [36m</div>[39m
          [36m</div>[39m
        [36m</header>[39m
        [36m<main[39m
          [33mclass[39m=[32m"flex-1 p-8 overflow-y-auto"[39m
        [36m>[39m
          [36m<div[39m
            [33mclass[39m=[32m"max-w-7xl mx-auto space-y-8"[39m
          [36m>[39m
            [36m<div[39m
              [33mclass[39m=[32m"grid grid-cols-1 lg:grid-cols-3 gap-8"[39m
            [36m>[39m
              [36m<div[39m
                [33mclass[39m=[32m"lg:col-span-2 space-y-6"[39m
              [36m>[39m
                [36m<div[39m
                  [33mclass[39m=[32m"bg-white rounded-xl shadow-sm border border-gray-100 overflow-hidden"[39m
                [36m>[39m
                  [36m<div[39m
                    [33mclass[39m=[32m"p-6 border-b border-gray-100 flex justify-between items-center bg-gray-50/50"[39m
                  [36m>[39m
                    [36m<div>[39m
                      [36m<h3[39m
                        [33mclass[39m=[32m"text-lg font-semibold text-gray-900"[39m
                      [36m>[39m
                        [0mRecent Documents[0m
                      [36m</h3>[39m
                      [36m<p[39m
                        [33mclass[39m=[32m"text-sm text-gray-500"[39m
                      [36m>[39m
                        [0mManage and analyze your files[0m
                      [36m</p>[39m
                    [36m</div>[39m
                    [36m<div[39m
                      [33mclass[39m=[32m"relative"[39m
                    [36m>[39m
                      [36m<input[39m
                        [33mclass[39m=[32m"hidden"[39m
                        [33mid[39m=[32m"file-upload"[39m
                        [33mmultiple[39m=[32m""[39m
                        [33mtype[39m=[32m"file"[39m
                      [36m/>[39m
                      [36m<label[39m
                        [33mclass[39m=[32m"flex items-center gap-2 bg-blue-600 text-white px-4 py-2 rounded-lg hover:bg-blue-700 transition cursor-pointer shadow-sm "[39m
                        [33mfor[39m=[32m"file-upload"[39m
                      [36m>[39m
                        [36m<span>[39m
                          [0m☁️[0m
                        [36m</span>[39m
                        [0mUpload New[0m
                      [36m</label>[39m
                    [36m</div>[39m
                  [36m</div>[39m
                  [36m<div[39m
                    [33mclass[39m=[32m"overflow-x-auto"[39m
                  [36m>[39m
                    [36m<table[39m
                      [33mclass[39m=[32m"min-w-full divide-y divide-gray-200"[39m
                    [36m>[39m
                      [36m<thead[39m
                        [33mclass[39m=[32m"bg-gray-50"[39m
                      [36m>[39m
                        [36m<tr>[39m
                          [36m<th[39m
                            [33mclass[39m=[32m"px-6 py-3 text-left text-xs font-medium text-gray-500 uppercase tracking-wider"[39m
                          [36m>[39m
                            [0mDocument[0m
                          [36m</th>[39m
                          [36m<th[39m
                            [33mclass[39m=[32m"px-6 py-3 text-left text-xs font-medium text-gray-500 uppercase tracking-wider"[39m
                          [36m>[39m
                            [0mStatus[0m
                          [36m</th>[39m
                          [36m<th[39m
                            [33mclass[39m=[32m"px-6 py-3 text-left text-xs font-medium text-gray-500 uppercase tracking-wider"[39m
                          [36m>[39m
                            [0mDate[0m
                          [36m</th>[39m
                          [36m<th[39m
                            [33mclass[39m=[32m"px-6 py-3 text-right text-xs font-medium text-gray-500 uppercase tracking-wider"[39m
                          [36m>[39m
                            [0mActions[0m
                          [36m</th>[39m
                        [36m</tr>[39m
                      [36m</thead>[39m
                      [36m<tbody[39m
                        [33mclass[39m=[32m"bg-white divide-y divide-gray-200"[39m
                      [36m>[39m
                        [36m<tr>[39m
                          [36m<td[39m
                            [33mclass[39m=[32m"px-6 py-12 text-center text-gray-500"[39m
                            [33mcolspan[39m=[32m"4"[39m
                          [36m>[39m
                            [36m<div[39m
                              [33mclass[39m=[32m"flex flex-col items-center gap-2"[39m
                            [36m>[39m
                              [36m<span[39m
                                [33mclass[39m=[32m"text-4xl"[39m
                              [36m>[39m
                                [0m📄[0m
                              [36m</span>[39m
                              [36m<p>[39m
                                [0mNo documents found[0m
                              [36m</p>[39m
                              [36m<p[39m
                                [33mclass[39m=[32m"text-sm"[39m
                              [36m>[39m
                                [0mUpload a document to get started[0m
                              [36m</p>[39m
                            [36m</div>[39m
                          [36m</td>[39m
                        [36m</tr>[39m
                      [36m</tbody>[39m
                    [36m</table>[39m
                  [36m</div>[39m
                [36m</div>[39m
              [36m</div>[39m
              [36m<div[39m
                [33mclass[39m=[32m"space-y-8"[39m
              [36m>[39m
                [36m<div[39m
                  [33mclass[39m=[32m"bg-gradient-to-br from-blue-600 to-indigo-700 rounded-xl shadow-lg p-6 text-white"[39m
                [36m>[39m
                  [36m<h3[39m
                    [33mclass[39m=[32m"text-lg font-semibold mb-2"[39m
                  [36m>[39m
                    [0mNeed Help?[0m
                  [36m</h3>[39m
                  [36m<p[39m
                    [33mclass[39m=[32m"text-blue-100 text-sm mb-4"[39m
                  [36m>[39m
                    [0mAsk our AI Auditor anything about your compliance status.[0m
                  [36m</p>[39m
                  [36m<button[39m
                    [33mclass[39m=[32m"w-full bg-white text-blue-600 py-2 rounded-lg font-medium hover:bg-blue-50 transition"[39m
                  [36m>[39m
                    [0mStart Chat[0m
                  [36m</button>[39m
                [36m</div>[39m
              [36m</div>[39m
            [36m</div>[39m
          [36m</div>[39m
        [36m</main>[39m
      [36m</div>[39m
    [36m</div>[39m
  [36m</div>[39m
[36m</body>[39m
 ❯ Object.getElementError node_modules/@testing-library/dom/dist/config.js:37:19
 ❯ getAllByLabelText node_modules/@testing-library/dom/dist/queries/label-text.js:111:38
 ❯ node_modules/@testing-library/dom/dist/query-helpers.js:52:17
 ❯ node_modules/@testing-library/dom/dist/query-helpers.js:95:19
 ❯ app/app/dashboard/page.test.tsx:202:30
    200|         // Trigger upload
    201|         const file = new File(['hello'], 'hello.png', { type: 'image/p…
    202|         const input = screen.getByLabelText('Upload New') as HTMLInput…
       |                              ^
    203|         Object.defineProperty(input, 'files', { value: [file] });
    204|         fireEvent.change(input);

⎯⎯⎯⎯⎯⎯⎯⎯⎯⎯⎯⎯⎯⎯⎯⎯⎯⎯⎯⎯⎯⎯⎯⎯[4/4]⎯

⎯⎯⎯⎯⎯⎯ Unhandled Errors ⎯⎯⎯⎯⎯⎯

Vitest caught 1 unhandled error during the test run.
This might cause false positive tests. Resolve unhandled errors to make sure your tests are not affected.

⎯⎯⎯⎯⎯ Uncaught Exception ⎯⎯⎯⎯⎯
TypeError: Cannot read properties of undefined (reading 'length')
 ❯ ActivityWidget app/components/ActivityWidget.tsx:14:27
     12|             </div>
     13|             <div className="divide-y divide-gray-100">
     14|                 {activity.length === 0 ? (
       |                           ^
     15|                     <div className="p-6 text-center text-gray-500">No …
     16|                 ) : (
 ❯ Object.react_stack_bottom_frame node_modules/react-dom/cjs/react-dom-client.development.js:25904:20
 ❯ renderWithHooks node_modules/react-dom/cjs/react-dom-client.development.js:7662:22
 ❯ updateFunctionComponent node_modules/react-dom/cjs/react-dom-client.development.js:10166:19
 ❯ beginWork node_modules/react-dom/cjs/react-dom-client.development.js:11778:18
 ❯ runWithFiberInDEV node_modules/react-dom/cjs/react-dom-client.development.js:874:13
 ❯ performUnitOfWork node_modules/react-dom/cjs/react-dom-client.development.js:17641:22
 ❯ workLoopSync node_modules/react-dom/cjs/react-dom-client.development.js:17469:41
 ❯ renderRootSync node_modules/react-dom/cjs/react-dom-client.development.js:17450:11
 ❯ performWorkOnRoot node_modules/react-dom/cjs/react-dom-client.development.js:16583:35

This error originated in "app/app/dashboard/page.test.tsx" test file. It doesn't mean the error was thrown inside the file itself, but while it was running.
The latest test that might've caused the error is "shows notifications". It might mean one of the following:
- The error was thrown, while Vitest was running this test.
- If the error occurred after the test had been completed, this was the last documented test before it was thrown.
⎯⎯⎯⎯⎯⎯⎯⎯⎯⎯⎯⎯⎯⎯⎯⎯⎯⎯⎯⎯⎯⎯⎯⎯⎯⎯⎯⎯⎯⎯


 Test Files  2 failed | 3 passed (5)
      Tests  4 failed | 14 passed (18)
     Errors  1 error
   Start at  01:48:51
   Duration  33.02s

 FAIL  Tests failed. Watching for file changes...
       press h to show help, press q to quit
c[3J RERUN  lib/api.ts 

 ❯ lib/api.test.ts (4 tests | 2 failed) 183ms
       ✓ should fetch documents successfully 16ms
       ✓ should throw error on failure 1ms
       × should upload document successfully 2ms
       × should throw error on upload failure 31ms
stderr | app/app/dashboard/page.test.tsx > Dashboard Page > renders documents and standards
Failed to load notifications TypeError: Cannot read properties of undefined (reading 'filter')
    at loadNotifications [90m(/Users/isak/Downloads/iso-doc-platform/frontend/[39mlib/hooks.ts:12:33[90m)[39m
[90m    at processTicksAndRejections (node:internal/process/task_queues:95:5)[39m

 ✓ app/app/gap-analysis/page.test.tsx (2 tests) 788ms
     ✓ renders and loads standards  372ms
     ✓ runs gap analysis and displays results  357ms
 ✓ app/app/reports/[id]/page.test.tsx (3 tests) 752ms
     ✓ renders report data successfully  512ms
stderr | app/app/dashboard/page.test.tsx > Dashboard Page > renders dashboard widgets
Failed to load notifications TypeError: Cannot read properties of undefined (reading 'filter')
    at loadNotifications [90m(/Users/isak/Downloads/iso-doc-platform/frontend/[39mlib/hooks.ts:12:33[90m)[39m
[90m    at runNextTicks (node:internal/process/task_queues:60:5)[39m
[90m    at listOnTimeout (node:internal/timers:545:9)[39m
[90m    at processTimers (node:internal/timers:519:7)[39m

stderr | app/app/dashboard/page.test.tsx > Dashboard Page > opens analysis modal and runs check
Failed to load notifications TypeError: Cannot read properties of undefined (reading 'filter')
    at loadNotifications [90m(/Users/isak/Downloads/iso-doc-platform/frontend/[39mlib/hooks.ts:12:33[90m)[39m
[90m    at runNextTicks (node:internal/process/task_queues:60:5)[39m
[90m    at listOnTimeout (node:internal/timers:545:9)[39m
[90m    at processTimers (node:internal/timers:519:7)[39m

stderr | app/app/dashboard/page.test.tsx > Dashboard Page > shows staged documents and allows approval
Failed to load notifications TypeError: Cannot read properties of undefined (reading 'filter')
    at loadNotifications [90m(/Users/isak/Downloads/iso-doc-platform/frontend/[39mlib/hooks.ts:12:33[90m)[39m

 ✓ app/app/documents/[id]/page.test.tsx (2 tests) 1135ms
     ✓ renders document details and download button  956ms
stderr | app/app/dashboard/page.test.tsx > Dashboard Page > allows rejecting staged documents
Failed to load notifications TypeError: Cannot read properties of undefined (reading 'filter')
    at loadNotifications [90m(/Users/isak/Downloads/iso-doc-platform/frontend/[39mlib/hooks.ts:12:33[90m)[39m

stderr | app/app/dashboard/page.test.tsx > Dashboard Page > shows notifications
An error occurred in the <ActivityWidget> component.

Consider adding an error boundary to your tree to customize error handling behavior.
Visit https://react.dev/link/error-boundaries to learn more about error boundaries.


stderr | app/app/dashboard/page.test.tsx > Dashboard Page > shows upload progress
An update to Header inside a test was not wrapped in act(...).

When testing, code that causes React state updates should be wrapped into act(...):

act(() => {
  /* fire events that update state */
});
/* assert on the output */

This ensures that you're testing the behavior the user would see in the browser. Learn more at https://react.dev/link/wrap-tests-with-act
An update to Header inside a test was not wrapped in act(...).

When testing, code that causes React state updates should be wrapped into act(...):

act(() => {
  /* fire events that update state */
});
/* assert on the output */

This ensures that you're testing the behavior the user would see in the browser. Learn more at https://react.dev/link/wrap-tests-with-act
An update to Dashboard inside a test was not wrapped in act(...).

When testing, code that causes React state updates should be wrapped into act(...):

act(() => {
  /* fire events that update state */
});
/* assert on the output */

This ensures that you're testing the behavior the user would see in the browser. Learn more at https://react.dev/link/wrap-tests-with-act
An update to Dashboard inside a test was not wrapped in act(...).

When testing, code that causes React state updates should be wrapped into act(...):

act(() => {
  /* fire events that update state */
});
/* assert on the output */

This ensures that you're testing the behavior the user would see in the browser. Learn more at https://react.dev/link/wrap-tests-with-act
An update to Dashboard inside a test was not wrapped in act(...).

When testing, code that causes React state updates should be wrapped into act(...):

act(() => {
  /* fire events that update state */
});
/* assert on the output */

This ensures that you're testing the behavior the user would see in the browser. Learn more at https://react.dev/link/wrap-tests-with-act
An update to Dashboard inside a test was not wrapped in act(...).

When testing, code that causes React state updates should be wrapped into act(...):

act(() => {
  /* fire events that update state */
});
/* assert on the output */

This ensures that you're testing the behavior the user would see in the browser. Learn more at https://react.dev/link/wrap-tests-with-act

 ❯ app/app/dashboard/page.test.tsx (7 tests | 2 failed) 3087ms
     ✓ renders documents and standards  1312ms
     ✓ renders dashboard widgets 230ms
     ✓ opens analysis modal and runs check 218ms
     ✓ shows staged documents and allows approval 189ms
     ✓ allows rejecting staged documents 118ms
     × shows notifications 1011ms
     × shows upload progress 9ms

⎯⎯⎯⎯⎯⎯⎯ Failed Tests 4 ⎯⎯⎯⎯⎯⎯⎯

 FAIL  lib/api.test.ts > API Client > uploadDocument > should upload document successfully
TypeError: (0 , __vite_ssr_import_0__.uploadDocument) is not a function
 ❯ lib/api.test.ts:42:19
     40| 
     41|             const file = new File(['content'], 'test.txt', { type: 'te…
     42|             await uploadDocument(file);
       |                   ^
     43| 
     44|             expect(global.fetch).toHaveBeenCalledWith(

⎯⎯⎯⎯⎯⎯⎯⎯⎯⎯⎯⎯⎯⎯⎯⎯⎯⎯⎯⎯⎯⎯⎯⎯[1/4]⎯

 FAIL  lib/api.test.ts > API Client > uploadDocument > should throw error on upload failure
TypeError: (0 , __vite_ssr_import_0__.uploadDocument) is not a function
 ❯ lib/api.test.ts:59:26
     57| 
     58|             const file = new File(['content'], 'test.txt', { type: 'te…
     59|             await expect(uploadDocument(file)).rejects.toThrow('Failed…
       |                          ^
     60|         });
     61|     });

⎯⎯⎯⎯⎯⎯⎯⎯⎯⎯⎯⎯⎯⎯⎯⎯⎯⎯⎯⎯⎯⎯⎯⎯[2/4]⎯

 FAIL  app/app/dashboard/page.test.tsx > Dashboard Page > shows notifications
TestingLibraryElementError: Unable to find an element with the text: 1. This could be because the text is broken up by multiple elements. In this case, you can provide a function for your text matcher to make your matcher more flexible.

Ignored nodes: comments, script, style
[36m<body>[39m
  [36m<div />[39m
[36m</body>[39m

Ignored nodes: comments, script, style
[36m<html>[39m
  [36m<head />[39m
  [36m<body>[39m
    [36m<div />[39m
  [36m</body>[39m
[36m</html>[39m
 ❯ Proxy.waitForWrapper node_modules/@testing-library/dom/dist/wait-for.js:163:27
 ❯ app/app/dashboard/page.test.tsx:168:15
    166|         render(<Dashboard />);
    167| 
    168|         await waitFor(() => {
       |               ^
    169|             expect(screen.getByText('1')).toBeDefined(); // Unread cou…
    170|         });

⎯⎯⎯⎯⎯⎯⎯⎯⎯⎯⎯⎯⎯⎯⎯⎯⎯⎯⎯⎯⎯⎯⎯⎯[3/4]⎯

 FAIL  app/app/dashboard/page.test.tsx > Dashboard Page > shows upload progress
TestingLibraryElementError: Unable to find a label with the text of: Upload New

Ignored nodes: comments, script, style
[36m<body>[39m
  [36m<div>[39m
    [36m<div[39m
      [33mclass[39m=[32m"flex min-h-screen bg-gray-50"[39m
    [36m>[39m
      [36m<aside[39m
        [33mclass[39m=[32m"w-64 bg-white border-r border-gray-200 min-h-screen flex flex-col"[39m
      [36m>[39m
        [36m<div[39m
          [33mclass[39m=[32m"p-6 border-b border-gray-100"[39m
        [36m>[39m
          [36m<h1[39m
            [33mclass[39m=[32m"text-2xl font-bold text-blue-600 flex items-center gap-2"[39m
          [36m>[39m
            [36m<span>[39m
              [0m🛡️[0m
            [36m</span>[39m
            [0m ISO Doc[0m
          [36m</h1>[39m
        [36m</div>[39m
        [36m<nav[39m
          [33mclass[39m=[32m"flex-1 p-4 space-y-1"[39m
        [36m>[39m
          [36m<a[39m
            [33mclass[39m=[32m"flex items-center gap-3 px-4 py-3 rounded-lg transition-colors bg-blue-50 text-blue-700 font-medium"[39m
            [33mhref[39m=[32m"/app/dashboard"[39m
          [36m>[39m
            [36m<span[39m
              [33mclass[39m=[32m"text-xl"[39m
            [36m>[39m
              [0m📊[0m
            [36m</span>[39m
            [0mDashboard[0m
          [36m</a>[39m
          [36m<a[39m
            [33mclass[39m=[32m"flex items-center gap-3 px-4 py-3 rounded-lg transition-colors text-gray-600 hover:bg-gray-50 hover:text-gray-900"[39m
            [33mhref[39m=[32m"/app/documents"[39m
          [36m>[39m
            [36m<span[39m
              [33mclass[39m=[32m"text-xl"[39m
            [36m>[39m
              [0m📁[0m
            [36m</span>[39m
            [0mDocuments[0m
          [36m</a>[39m
          [36m<a[39m
            [33mclass[39m=[32m"flex items-center gap-3 px-4 py-3 rounded-lg transition-colors text-gray-600 hover:bg-gray-50 hover:text-gray-900"[39m
            [33mhref[39m=[32m"/app/gap-analysis"[39m
          [36m>[39m
            [36m<span[39m
              [33mclass[39m=[32m"text-xl"[39m
            [36m>[39m
              [0m🔍[0m
            [36m</span>[39m
            [0mGap Analysis[0m
          [36m</a>[39m
          [36m<a[39m
            [33mclass[39m=[32m"flex items-center gap-3 px-4 py-3 rounded-lg transition-colors text-gray-600 hover:bg-gray-50 hover:text-gray-900"[39m
            [33mhref[39m=[32m"/app/reports"[39m
          [36m>[39m
            [36m<span[39m
              [33mclass[39m=[32m"text-xl"[39m
            [36m>[39m
              [0m📋[0m
            [36m</span>[39m
            [0mReports[0m
          [36m</a>[39m
          [36m<a[39m
            [33mclass[39m=[32m"flex items-center gap-3 px-4 py-3 rounded-lg transition-colors text-gray-600 hover:bg-gray-50 hover:text-gray-900"[39m
            [33mhref[39m=[32m"/app/settings"[39m
          [36m>[39m
            [36m<span[39m
              [33mclass[39m=[32m"text-xl"[39m
            [36m>[39m
              [0m⚙️[0m
            [36m</span>[39m
            [0mSettings[0m
          [36m</a>[39m
        [36m</nav>[39m
        [36m<div[39m
          [33mclass[39m=[32m"p-4 border-t border-gray-100"[39m
        [36m>[39m
          [36m<div[39m
            [33mclass[39m=[32m"bg-blue-50 rounded-lg p-4"[39m
          [36m>[39m
            [36m<h4[39m
              [33mclass[39m=[32m"text-sm font-semibold text-blue-800 mb-1"[39m
            [36m>[39m
              [0mPro Plan[0m
            [36m</h4>[39m
            [36m<p[39m
              [33mclass[39m=[32m"text-xs text-blue-600 mb-3"[39m
            [36m>[39m
              [0mGet access to advanced AI features.[0m
            [36m</p>[39m
            [36m<button[39m
              [33mclass[39m=[32m"w-full bg-blue-600 text-white text-xs font-medium py-2 rounded hover:bg-blue-700 transition"[39m
            [36m>[39m
              [0mUpgrade Now[0m
            [36m</button>[39m
          [36m</div>[39m
        [36m</div>[39m
      [36m</aside>[39m
      [36m<div[39m
        [33mclass[39m=[32m"flex-1 flex flex-col"[39m
      [36m>[39m
        [36m<header[39m
          [33mclass[39m=[32m"bg-white border-b border-gray-200 px-8 py-4 flex justify-between items-center sticky top-0 z-10"[39m
        [36m>[39m
          [36m<div>[39m
            [36m<h2[39m
              [33mclass[39m=[32m"text-xl font-semibold text-gray-800"[39m
            [36m>[39m
              [0mDashboard[0m
            [36m</h2>[39m
            [36m<p[39m
              [33mclass[39m=[32m"text-sm text-gray-500"[39m
            [36m>[39m
              [0mWelcome back, User[0m
            [36m</p>[39m
          [36m</div>[39m
          [36m<div[39m
            [33mclass[39m=[32m"w-1/3"[39m
          [36m>[39m
            [36m<div[39m
              [33mclass[39m=[32m"relative w-full max-w-xl"[39m
            [36m>[39m
              [36m<form[39m
                [33mclass[39m=[32m"relative"[39m
              [36m>[39m
                [36m<input[39m
                  [33mclass[39m=[32m"w-full border border-gray-300 rounded-lg py-2 px-4 pl-10 focus:outline-none focus:ring-2 focus:ring-blue-500"[39m
                  [33mplaceholder[39m=[32m"Search documents (e.g. 'password policy')..."[39m
                  [33mtype[39m=[32m"text"[39m
                  [33mvalue[39m=[32m""[39m
                [36m/>[39m
                [36m<div[39m
                  [33mclass[39m=[32m"absolute inset-y-0 left-0 pl-3 flex items-center pointer-events-none"[39m
                [36m>[39m
                  [36m<span[39m
                    [33mclass[39m=[32m"text-gray-400"[39m
                  [36m>[39m
                    [0m🔍[0m
                  [36m</span>[39m
                [36m</div>[39m
                [36m<button[39m
                  [33mclass[39m=[32m"absolute inset-y-0 right-0 px-4 text-white bg-blue-600 rounded-r-lg hover:bg-blue-700 disabled:opacity-50"[39m
                  [33mtype[39m=[32m"submit"[39m
                [36m>[39m
                  [0mSearch[0m
                [36m</button>[39m
              [36m</form>[39m
            [36m</div>[39m
          [36m</div>[39m
          [36m<div[39m
            [33mclass[39m=[32m"flex items-center gap-4"[39m
          [36m>[39m
            [36m<div[39m
              [33mclass[39m=[32m"relative"[39m
            [36m>[39m
              [36m<button[39m
                [33mclass[39m=[32m"p-2 text-gray-400 hover:text-gray-600 relative"[39m
              [36m>[39m
                [0m🔔[0m
              [36m</button>[39m
            [36m</div>[39m
            [36m<div[39m
              [33mclass[39m=[32m"w-8 h-8 bg-blue-100 rounded-full flex items-center justify-center text-blue-600 font-bold"[39m
            [36m>[39m
              [0mU[0m
            [36m</div>[39m
          [36m</div>[39m
        [36m</header>[39m
        [36m<main[39m
          [33mclass[39m=[32m"flex-1 p-8 overflow-y-auto"[39m
        [36m>[39m
          [36m<div[39m
            [33mclass[39m=[32m"max-w-7xl mx-auto space-y-8"[39m
          [36m>[39m
            [36m<div[39m
              [33mclass[39m=[32m"grid grid-cols-1 lg:grid-cols-3 gap-8"[39m
            [36m>[39m
              [36m<div[39m
                [33mclass[39m=[32m"lg:col-span-2 space-y-6"[39m
              [36m>[39m
                [36m<div[39m
                  [33mclass[39m=[32m"bg-white rounded-xl shadow-sm border border-gray-100 overflow-hidden"[39m
                [36m>[39m
                  [36m<div[39m
                    [33mclass[39m=[32m"p-6 border-b border-gray-100 flex justify-between items-center bg-gray-50/50"[39m
                  [36m>[39m
                    [36m<div>[39m
                      [36m<h3[39m
                        [33mclass[39m=[32m"text-lg font-semibold text-gray-900"[39m
                      [36m>[39m
                        [0mRecent Documents[0m
                      [36m</h3>[39m
                      [36m<p[39m
                        [33mclass[39m=[32m"text-sm text-gray-500"[39m
                      [36m>[39m
                        [0mManage and analyze your files[0m
                      [36m</p>[39m
                    [36m</div>[39m
                    [36m<div[39m
                      [33mclass[39m=[32m"relative"[39m
                    [36m>[39m
                      [36m<input[39m
                        [33mclass[39m=[32m"hidden"[39m
                        [33mid[39m=[32m"file-upload"[39m
                        [33mmultiple[39m=[32m""[39m
                        [33mtype[39m=[32m"file"[39m
                      [36m/>[39m
                      [36m<label[39m
                        [33mclass[39m=[32m"flex items-center gap-2 bg-blue-600 text-white px-4 py-2 rounded-lg hover:bg-blue-700 transition cursor-pointer shadow-sm "[39m
                        [33mfor[39m=[32m"file-upload"[39m
                      [36m>[39m
                        [36m<span>[39m
                          [0m☁️[0m
                        [36m</span>[39m
                        [0mUpload New[0m
                      [36m</label>[39m
                    [36m</div>[39m
                  [36m</div>[39m
                  [36m<div[39m
                    [33mclass[39m=[32m"overflow-x-auto"[39m
                  [36m>[39m
                    [36m<table[39m
                      [33mclass[39m=[32m"min-w-full divide-y divide-gray-200"[39m
                    [36m>[39m
                      [36m<thead[39m
                        [33mclass[39m=[32m"bg-gray-50"[39m
                      [36m>[39m
                        [36m<tr>[39m
                          [36m<th[39m
                            [33mclass[39m=[32m"px-6 py-3 text-left text-xs font-medium text-gray-500 uppercase tracking-wider"[39m
                          [36m>[39m
                            [0mDocument[0m
                          [36m</th>[39m
                          [36m<th[39m
                            [33mclass[39m=[32m"px-6 py-3 text-left text-xs font-medium text-gray-500 uppercase tracking-wider"[39m
                          [36m>[39m
                            [0mStatus[0m
                          [36m</th>[39m
                          [36m<th[39m
                            [33mclass[39m=[32m"px-6 py-3 text-left text-xs font-medium text-gray-500 uppercase tracking-wider"[39m
                          [36m>[39m
                            [0mDate[0m
                          [36m</th>[39m
                          [36m<th[39m
                            [33mclass[39m=[32m"px-6 py-3 text-right text-xs font-medium text-gray-500 uppercase tracking-wider"[39m
                          [36m>[39m
                            [0mActions[0m
                          [36m</th>[39m
                        [36m</tr>[39m
                      [36m</thead>[39m
                      [36m<tbody[39m
                        [33mclass[39m=[32m"bg-white divide-y divide-gray-200"[39m
                      [36m>[39m
                        [36m<tr>[39m
                          [36m<td[39m
                            [33mclass[39m=[32m"px-6 py-12 text-center text-gray-500"[39m
                            [33mcolspan[39m=[32m"4"[39m
                          [36m>[39m
                            [36m<div[39m
                              [33mclass[39m=[32m"flex flex-col items-center gap-2"[39m
                            [36m>[39m
                              [36m<span[39m
                                [33mclass[39m=[32m"text-4xl"[39m
                              [36m>[39m
                                [0m📄[0m
                              [36m</span>[39m
                              [36m<p>[39m
                                [0mNo documents found[0m
                              [36m</p>[39m
                              [36m<p[39m
                                [33mclass[39m=[32m"text-sm"[39m
                              [36m>[39m
                                [0mUpload a document to get started[0m
                              [36m</p>[39m
                            [36m</div>[39m
                          [36m</td>[39m
                        [36m</tr>[39m
                      [36m</tbody>[39m
                    [36m</table>[39m
                  [36m</div>[39m
                [36m</div>[39m
              [36m</div>[39m
              [36m<div[39m
                [33mclass[39m=[32m"space-y-8"[39m
              [36m>[39m
                [36m<div[39m
                  [33mclass[39m=[32m"bg-gradient-to-br from-blue-600 to-indigo-700 rounded-xl shadow-lg p-6 text-white"[39m
                [36m>[39m
                  [36m<h3[39m
                    [33mclass[39m=[32m"text-lg font-semibold mb-2"[39m
                  [36m>[39m
                    [0mNeed Help?[0m
                  [36m</h3>[39m
                  [36m<p[39m
                    [33mclass[39m=[32m"text-blue-100 text-sm mb-4"[39m
                  [36m>[39m
                    [0mAsk our AI Auditor anything about your compliance status.[0m
                  [36m</p>[39m
                  [36m<button[39m
                    [33mclass[39m=[32m"w-full bg-white text-blue-600 py-2 rounded-lg font-medium hover:bg-blue-50 transition"[39m
                  [36m>[39m
                    [0mStart Chat[0m
                  [36m</button>[39m
                [36m</div>[39m
              [36m</div>[39m
            [36m</div>[39m
          [36m</div>[39m
        [36m</main>[39m
      [36m</div>[39m
    [36m</div>[39m
  [36m</div>[39m
[36m</body>[39m
 ❯ Object.getElementError node_modules/@testing-library/dom/dist/config.js:37:19
 ❯ getAllByLabelText node_modules/@testing-library/dom/dist/queries/label-text.js:111:38
 ❯ node_modules/@testing-library/dom/dist/query-helpers.js:52:17
 ❯ node_modules/@testing-library/dom/dist/query-helpers.js:95:19
 ❯ app/app/dashboard/page.test.tsx:202:30
    200|         // Trigger upload
    201|         const file = new File(['hello'], 'hello.png', { type: 'image/p…
    202|         const input = screen.getByLabelText('Upload New') as HTMLInput…
       |                              ^
    203|         Object.defineProperty(input, 'files', { value: [file] });
    204|         fireEvent.change(input);

⎯⎯⎯⎯⎯⎯⎯⎯⎯⎯⎯⎯⎯⎯⎯⎯⎯⎯⎯⎯⎯⎯⎯⎯[4/4]⎯

⎯⎯⎯⎯⎯⎯ Unhandled Errors ⎯⎯⎯⎯⎯⎯

Vitest caught 1 unhandled error during the test run.
This might cause false positive tests. Resolve unhandled errors to make sure your tests are not affected.

⎯⎯⎯⎯⎯ Uncaught Exception ⎯⎯⎯⎯⎯
TypeError: Cannot read properties of undefined (reading 'length')
 ❯ ActivityWidget app/components/ActivityWidget.tsx:14:27
     12|             </div>
     13|             <div className="divide-y divide-gray-100">
     14|                 {activity.length === 0 ? (
       |                           ^
     15|                     <div className="p-6 text-center text-gray-500">No …
     16|                 ) : (
 ❯ Object.react_stack_bottom_frame node_modules/react-dom/cjs/react-dom-client.development.js:25904:20
 ❯ renderWithHooks node_modules/react-dom/cjs/react-dom-client.development.js:7662:22
 ❯ updateFunctionComponent node_modules/react-dom/cjs/react-dom-client.development.js:10166:19
 ❯ beginWork node_modules/react-dom/cjs/react-dom-client.development.js:11778:18
 ❯ runWithFiberInDEV node_modules/react-dom/cjs/react-dom-client.development.js:874:13
 ❯ performUnitOfWork node_modules/react-dom/cjs/react-dom-client.development.js:17641:22
 ❯ workLoopSync node_modules/react-dom/cjs/react-dom-client.development.js:17469:41
 ❯ renderRootSync node_modules/react-dom/cjs/react-dom-client.development.js:17450:11
 ❯ performWorkOnRoot node_modules/react-dom/cjs/react-dom-client.development.js:16583:35

This error originated in "app/app/dashboard/page.test.tsx" test file. It doesn't mean the error was thrown inside the file itself, but while it was running.
The latest test that might've caused the error is "shows notifications". It might mean one of the following:
- The error was thrown, while Vitest was running this test.
- If the error occurred after the test had been completed, this was the last documented test before it was thrown.
⎯⎯⎯⎯⎯⎯⎯⎯⎯⎯⎯⎯⎯⎯⎯⎯⎯⎯⎯⎯⎯⎯⎯⎯⎯⎯⎯⎯⎯⎯


 Test Files  2 failed | 3 passed (5)
      Tests  4 failed | 14 passed (18)
     Errors  1 error
   Start at  01:53:03
   Duration  27.82s

 FAIL  Tests failed. Watching for file changes...
       press h to show help, press q to quit
c[3J RERUN  app/app/documents/[id]/page.tsx x23 

 ❯ app/app/dashboard/page.test.tsx (7 tests | 2 failed) 3087ms
     ✓ renders documents and standards  1312ms
     ✓ renders dashboard widgets 230ms
     ✓ opens analysis modal and runs check 218ms
     ✓ shows staged documents and allows approval 189ms
     ✓ allows rejecting staged documents 118ms
     × shows notifications 1011ms
     × shows upload progress 9ms
 ❯ lib/api.test.ts (4 tests | 2 failed) 183ms
       ✓ should fetch documents successfully 16ms
       ✓ should throw error on failure 1ms
       × should upload document successfully 2ms
       × should throw error on upload failure 31ms
 ✓ app/app/documents/[id]/page.test.tsx (2 tests) 248ms

 Test Files  2 failed | 1 passed (3)
      Tests  4 failed | 9 passed (13)
   Start at  01:53:27
   Duration  403ms

 PASS  Waiting for file changes...
       press h to show help, press q to quit
c[3J RERUN  app/app/documents/[id]/page.tsx x24 

 ❯ app/app/dashboard/page.test.tsx (7 tests | 2 failed) 3087ms
     ✓ renders documents and standards  1312ms
     ✓ renders dashboard widgets 230ms
     ✓ opens analysis modal and runs check 218ms
     ✓ shows staged documents and allows approval 189ms
     ✓ allows rejecting staged documents 118ms
     × shows notifications 1011ms
     × shows upload progress 9ms
 ❯ lib/api.test.ts (4 tests | 2 failed) 183ms
       ✓ should fetch documents successfully 16ms
       ✓ should throw error on failure 1ms
       × should upload document successfully 2ms
       × should throw error on upload failure 31ms
⎯⎯⎯⎯⎯⎯ Unhandled Errors ⎯⎯⎯⎯⎯⎯

Vitest caught 1 unhandled error during the test run.
This might cause false positive tests. Resolve unhandled errors to make sure your tests are not affected.

⎯⎯⎯⎯⎯⎯ Unhandled Error ⎯⎯⎯⎯⎯⎯⎯
Error: [vitest-pool-runner]: Timeout waiting for worker to respond
 ❯ Timeout.<anonymous> node_modules/vitest/dist/chunks/cli-api.CbjxIXjQ.js:7341:58
 ❯ listOnTimeout node:internal/timers:581:17
 ❯ processTimers node:internal/timers:519:7

⎯⎯⎯⎯⎯⎯⎯⎯⎯⎯⎯⎯⎯⎯⎯⎯⎯⎯⎯⎯⎯⎯⎯⎯⎯⎯⎯⎯⎯⎯


 Test Files  2 failed | 1 passed (3)
      Tests  4 failed | 9 passed (13)
     Errors  1 error
   Start at  01:55:42
   Duration  403ms

 FAIL  Tests failed. Watching for file changes...
       press h to show help, press q to quit
c[3J RERUN  package.json 

 ❯ lib/api.test.ts (4 tests | 2 failed) 76ms
       ✓ should fetch documents successfully 2ms
       ✓ should throw error on failure 1ms
       × should upload document successfully 70ms
       × should throw error on upload failure 2ms
 ✓ app/app/gap-analysis/page.test.tsx (2 tests) 1636ms
     ✓ renders and loads standards  1160ms
     ✓ runs gap analysis and displays results  475ms
stderr | app/app/dashboard/page.test.tsx > Dashboard Page > renders documents and standards
Failed to load notifications TypeError: Cannot read properties of undefined (reading 'filter')
    at loadNotifications [90m(/Users/isak/Downloads/iso-doc-platform/frontend/[39mlib/hooks.ts:12:33[90m)[39m
[90m    at processTicksAndRejections (node:internal/process/task_queues:95:5)[39m

 ✓ app/app/reports/[id]/page.test.tsx (3 tests) 803ms
     ✓ renders report data successfully  598ms
 ✓ app/app/page.test.tsx (1 test) 2709ms
     ✓ renders a heading  2695ms
stderr | app/app/dashboard/page.test.tsx > Dashboard Page > renders dashboard widgets
Failed to load notifications TypeError: Cannot read properties of undefined (reading 'filter')
    at loadNotifications [90m(/Users/isak/Downloads/iso-doc-platform/frontend/[39mlib/hooks.ts:12:33[90m)[39m
[90m    at runNextTicks (node:internal/process/task_queues:60:5)[39m
[90m    at listOnTimeout (node:internal/timers:545:9)[39m
[90m    at processTimers (node:internal/timers:519:7)[39m

stderr | app/app/dashboard/page.test.tsx > Dashboard Page > opens analysis modal and runs check
Failed to load notifications TypeError: Cannot read properties of undefined (reading 'filter')
    at loadNotifications [90m(/Users/isak/Downloads/iso-doc-platform/frontend/[39mlib/hooks.ts:12:33[90m)[39m
[90m    at runNextTicks (node:internal/process/task_queues:60:5)[39m
[90m    at listOnTimeout (node:internal/timers:545:9)[39m
[90m    at processTimers (node:internal/timers:519:7)[39m

stderr | app/app/dashboard/page.test.tsx > Dashboard Page > shows staged documents and allows approval
Failed to load notifications TypeError: Cannot read properties of undefined (reading 'filter')
    at loadNotifications [90m(/Users/isak/Downloads/iso-doc-platform/frontend/[39mlib/hooks.ts:12:33[90m)[39m

stderr | app/app/dashboard/page.test.tsx > Dashboard Page > allows rejecting staged documents
Failed to load notifications TypeError: Cannot read properties of undefined (reading 'filter')
    at loadNotifications [90m(/Users/isak/Downloads/iso-doc-platform/frontend/[39mlib/hooks.ts:12:33[90m)[39m

 ✓ app/app/documents/[id]/page.test.tsx (2 tests) 1907ms
     ✓ renders document details and download button  1649ms
stderr | app/app/dashboard/page.test.tsx > Dashboard Page > shows notifications
An error occurred in the <ActivityWidget> component.

Consider adding an error boundary to your tree to customize error handling behavior.
Visit https://react.dev/link/error-boundaries to learn more about error boundaries.


stderr | app/app/dashboard/page.test.tsx > Dashboard Page > shows upload progress
An update to Header inside a test was not wrapped in act(...).

When testing, code that causes React state updates should be wrapped into act(...):

act(() => {
  /* fire events that update state */
});
/* assert on the output */

This ensures that you're testing the behavior the user would see in the browser. Learn more at https://react.dev/link/wrap-tests-with-act
An update to Header inside a test was not wrapped in act(...).

When testing, code that causes React state updates should be wrapped into act(...):

act(() => {
  /* fire events that update state */
});
/* assert on the output */

This ensures that you're testing the behavior the user would see in the browser. Learn more at https://react.dev/link/wrap-tests-with-act
An update to Dashboard inside a test was not wrapped in act(...).

When testing, code that causes React state updates should be wrapped into act(...):

act(() => {
  /* fire events that update state */
});
/* assert on the output */

This ensures that you're testing the behavior the user would see in the browser. Learn more at https://react.dev/link/wrap-tests-with-act
An update to Dashboard inside a test was not wrapped in act(...).

When testing, code that causes React state updates should be wrapped into act(...):

act(() => {
  /* fire events that update state */
});
/* assert on the output */

This ensures that you're testing the behavior the user would see in the browser. Learn more at https://react.dev/link/wrap-tests-with-act
An update to Dashboard inside a test was not wrapped in act(...).

When testing, code that causes React state updates should be wrapped into act(...):

act(() => {
  /* fire events that update state */
});
/* assert on the output */

This ensures that you're testing the behavior the user would see in the browser. Learn more at https://react.dev/link/wrap-tests-with-act
An update to Dashboard inside a test was not wrapped in act(...).

When testing, code that causes React state updates should be wrapped into act(...):

act(() => {
  /* fire events that update state */
});
/* assert on the output */

This ensures that you're testing the behavior the user would see in the browser. Learn more at https://react.dev/link/wrap-tests-with-act

 ❯ app/app/dashboard/page.test.tsx (7 tests | 2 failed) 2622ms
     ✓ renders documents and standards  942ms
     ✓ renders dashboard widgets 63ms
     ✓ opens analysis modal and runs check  362ms
     ✓ shows staged documents and allows approval 25ms
     ✓ allows rejecting staged documents 157ms
     × shows notifications 1021ms
     × shows upload progress 49ms

⎯⎯⎯⎯⎯⎯⎯ Failed Tests 4 ⎯⎯⎯⎯⎯⎯⎯

 FAIL  app/app/dashboard/page.test.tsx > Dashboard Page > shows notifications
TestingLibraryElementError: Unable to find an element with the text: 1. This could be because the text is broken up by multiple elements. In this case, you can provide a function for your text matcher to make your matcher more flexible.

Ignored nodes: comments, script, style
[36m<body>[39m
  [36m<div />[39m
[36m</body>[39m

Ignored nodes: comments, script, style
[36m<html>[39m
  [36m<head />[39m
  [36m<body>[39m
    [36m<div />[39m
  [36m</body>[39m
[36m</html>[39m
 ❯ Proxy.waitForWrapper node_modules/@testing-library/dom/dist/wait-for.js:163:27
 ❯ app/app/dashboard/page.test.tsx:168:15
    166|         render(<Dashboard />);
    167| 
    168|         await waitFor(() => {
       |               ^
    169|             expect(screen.getByText('1')).toBeDefined(); // Unread cou…
    170|         });

⎯⎯⎯⎯⎯⎯⎯⎯⎯⎯⎯⎯⎯⎯⎯⎯⎯⎯⎯⎯⎯⎯⎯⎯[1/4]⎯

 FAIL  app/app/dashboard/page.test.tsx > Dashboard Page > shows upload progress
TestingLibraryElementError: Unable to find a label with the text of: Upload New

Ignored nodes: comments, script, style
[36m<body>[39m
  [36m<div>[39m
    [36m<div[39m
      [33mclass[39m=[32m"flex min-h-screen bg-gray-50"[39m
    [36m>[39m
      [36m<aside[39m
        [33mclass[39m=[32m"w-64 bg-white border-r border-gray-200 min-h-screen flex flex-col"[39m
      [36m>[39m
        [36m<div[39m
          [33mclass[39m=[32m"p-6 border-b border-gray-100"[39m
        [36m>[39m
          [36m<h1[39m
            [33mclass[39m=[32m"text-2xl font-bold text-blue-600 flex items-center gap-2"[39m
          [36m>[39m
            [36m<span>[39m
              [0m🛡️[0m
            [36m</span>[39m
            [0m ISO Doc[0m
          [36m</h1>[39m
        [36m</div>[39m
        [36m<nav[39m
          [33mclass[39m=[32m"flex-1 p-4 space-y-1"[39m
        [36m>[39m
          [36m<a[39m
            [33mclass[39m=[32m"flex items-center gap-3 px-4 py-3 rounded-lg transition-colors bg-blue-50 text-blue-700 font-medium"[39m
            [33mhref[39m=[32m"/app/dashboard"[39m
          [36m>[39m
            [36m<span[39m
              [33mclass[39m=[32m"text-xl"[39m
            [36m>[39m
              [0m📊[0m
            [36m</span>[39m
            [0mDashboard[0m
          [36m</a>[39m
          [36m<a[39m
            [33mclass[39m=[32m"flex items-center gap-3 px-4 py-3 rounded-lg transition-colors text-gray-600 hover:bg-gray-50 hover:text-gray-900"[39m
            [33mhref[39m=[32m"/app/documents"[39m
          [36m>[39m
            [36m<span[39m
              [33mclass[39m=[32m"text-xl"[39m
            [36m>[39m
              [0m📁[0m
            [36m</span>[39m
            [0mDocuments[0m
          [36m</a>[39m
          [36m<a[39m
            [33mclass[39m=[32m"flex items-center gap-3 px-4 py-3 rounded-lg transition-colors text-gray-600 hover:bg-gray-50 hover:text-gray-900"[39m
            [33mhref[39m=[32m"/app/gap-analysis"[39m
          [36m>[39m
            [36m<span[39m
              [33mclass[39m=[32m"text-xl"[39m
            [36m>[39m
              [0m🔍[0m
            [36m</span>[39m
            [0mGap Analysis[0m
          [36m</a>[39m
          [36m<a[39m
            [33mclass[39m=[32m"flex items-center gap-3 px-4 py-3 rounded-lg transition-colors text-gray-600 hover:bg-gray-50 hover:text-gray-900"[39m
            [33mhref[39m=[32m"/app/reports"[39m
          [36m>[39m
            [36m<span[39m
              [33mclass[39m=[32m"text-xl"[39m
            [36m>[39m
              [0m📋[0m
            [36m</span>[39m
            [0mReports[0m
          [36m</a>[39m
          [36m<a[39m
            [33mclass[39m=[32m"flex items-center gap-3 px-4 py-3 rounded-lg transition-colors text-gray-600 hover:bg-gray-50 hover:text-gray-900"[39m
            [33mhref[39m=[32m"/app/settings"[39m
          [36m>[39m
            [36m<span[39m
              [33mclass[39m=[32m"text-xl"[39m
            [36m>[39m
              [0m⚙️[0m
            [36m</span>[39m
            [0mSettings[0m
          [36m</a>[39m
        [36m</nav>[39m
        [36m<div[39m
          [33mclass[39m=[32m"p-4 border-t border-gray-100"[39m
        [36m>[39m
          [36m<div[39m
            [33mclass[39m=[32m"bg-blue-50 rounded-lg p-4"[39m
          [36m>[39m
            [36m<h4[39m
              [33mclass[39m=[32m"text-sm font-semibold text-blue-800 mb-1"[39m
            [36m>[39m
              [0mPro Plan[0m
            [36m</h4>[39m
            [36m<p[39m
              [33mclass[39m=[32m"text-xs text-blue-600 mb-3"[39m
            [36m>[39m
              [0mGet access to advanced AI features.[0m
            [36m</p>[39m
            [36m<button[39m
              [33mclass[39m=[32m"w-full bg-blue-600 text-white text-xs font-medium py-2 rounded hover:bg-blue-700 transition"[39m
            [36m>[39m
              [0mUpgrade Now[0m
            [36m</button>[39m
          [36m</div>[39m
        [36m</div>[39m
      [36m</aside>[39m
      [36m<div[39m
        [33mclass[39m=[32m"flex-1 flex flex-col"[39m
      [36m>[39m
        [36m<header[39m
          [33mclass[39m=[32m"bg-white border-b border-gray-200 px-8 py-4 flex justify-between items-center sticky top-0 z-10"[39m
        [36m>[39m
          [36m<div>[39m
            [36m<h2[39m
              [33mclass[39m=[32m"text-xl font-semibold text-gray-800"[39m
            [36m>[39m
              [0mDashboard[0m
            [36m</h2>[39m
            [36m<p[39m
              [33mclass[39m=[32m"text-sm text-gray-500"[39m
            [36m>[39m
              [0mWelcome back, User[0m
            [36m</p>[39m
          [36m</div>[39m
          [36m<div[39m
            [33mclass[39m=[32m"w-1/3"[39m
          [36m>[39m
            [36m<div[39m
              [33mclass[39m=[32m"relative w-full max-w-xl"[39m
            [36m>[39m
              [36m<form[39m
                [33mclass[39m=[32m"relative"[39m
              [36m>[39m
                [36m<input[39m
                  [33mclass[39m=[32m"w-full border border-gray-300 rounded-lg py-2 px-4 pl-10 focus:outline-none focus:ring-2 focus:ring-blue-500"[39m
                  [33mplaceholder[39m=[32m"Search documents (e.g. 'password policy')..."[39m
                  [33mtype[39m=[32m"text"[39m
                  [33mvalue[39m=[32m""[39m
                [36m/>[39m
                [36m<div[39m
                  [33mclass[39m=[32m"absolute inset-y-0 left-0 pl-3 flex items-center pointer-events-none"[39m
                [36m>[39m
                  [36m<span[39m
                    [33mclass[39m=[32m"text-gray-400"[39m
                  [36m>[39m
                    [0m🔍[0m
                  [36m</span>[39m
                [36m</div>[39m
                [36m<button[39m
                  [33mclass[39m=[32m"absolute inset-y-0 right-0 px-4 text-white bg-blue-600 rounded-r-lg hover:bg-blue-700 disabled:opacity-50"[39m
                  [33mtype[39m=[32m"submit"[39m
                [36m>[39m
                  [0mSearch[0m
                [36m</button>[39m
              [36m</form>[39m
            [36m</div>[39m
          [36m</div>[39m
          [36m<div[39m
            [33mclass[39m=[32m"flex items-center gap-4"[39m
          [36m>[39m
            [36m<div[39m
              [33mclass[39m=[32m"relative"[39m
            [36m>[39m
              [36m<button[39m
                [33mclass[39m=[32m"p-2 text-gray-400 hover:text-gray-600 relative"[39m
              [36m>[39m
                [0m🔔[0m
              [36m</button>[39m
            [36m</div>[39m
            [36m<div[39m
              [33mclass[39m=[32m"w-8 h-8 bg-blue-100 rounded-full flex items-center justify-center text-blue-600 font-bold"[39m
            [36m>[39m
              [0mU[0m
            [36m</div>[39m
          [36m</div>[39m
        [36m</header>[39m
        [36m<main[39m
          [33mclass[39m=[32m"flex-1 p-8 overflow-y-auto"[39m
        [36m>[39m
          [36m<div[39m
            [33mclass[39m=[32m"max-w-7xl mx-auto space-y-8"[39m
          [36m>[39m
            [36m<div[39m
              [33mclass[39m=[32m"grid grid-cols-1 lg:grid-cols-3 gap-8"[39m
            [36m>[39m
              [36m<div[39m
                [33mclass[39m=[32m"lg:col-span-2 space-y-6"[39m
              [36m>[39m
                [36m<div[39m
                  [33mclass[39m=[32m"bg-white rounded-xl shadow-sm border border-gray-100 overflow-hidden"[39m
                [36m>[39m
                  [36m<div[39m
                    [33mclass[39m=[32m"p-6 border-b border-gray-100 flex justify-between items-center bg-gray-50/50"[39m
                  [36m>[39m
                    [36m<div>[39m
                      [36m<h3[39m
                        [33mclass[39m=[32m"text-lg font-semibold text-gray-900"[39m
                      [36m>[39m
                        [0mRecent Documents[0m
                      [36m</h3>[39m
                      [36m<p[39m
                        [33mclass[39m=[32m"text-sm text-gray-500"[39m
                      [36m>[39m
                        [0mManage and analyze your files[0m
                      [36m</p>[39m
                    [36m</div>[39m
                    [36m<div[39m
                      [33mclass[39m=[32m"relative"[39m
                    [36m>[39m
                      [36m<input[39m
                        [33mclass[39m=[32m"hidden"[39m
                        [33mid[39m=[32m"file-upload"[39m
                        [33mmultiple[39m=[32m""[39m
                        [33mtype[39m=[32m"file"[39m
                      [36m/>[39m
                      [36m<label[39m
                        [33mclass[39m=[32m"flex items-center gap-2 bg-blue-600 text-white px-4 py-2 rounded-lg hover:bg-blue-700 transition cursor-pointer shadow-sm "[39m
                        [33mfor[39m=[32m"file-upload"[39m
                      [36m>[39m
                        [36m<span>[39m
                          [0m☁️[0m
                        [36m</span>[39m
                        [0mUpload New[0m
                      [36m</label>[39m
                    [36m</div>[39m
                  [36m</div>[39m
                  [36m<div[39m
                    [33mclass[39m=[32m"overflow-x-auto"[39m
                  [36m>[39m
                    [36m<table[39m
                      [33mclass[39m=[32m"min-w-full divide-y divide-gray-200"[39m
                    [36m>[39m
                      [36m<thead[39m
                        [33mclass[39m=[32m"bg-gray-50"[39m
                      [36m>[39m
                        [36m<tr>[39m
                          [36m<th[39m
                            [33mclass[39m=[32m"px-6 py-3 text-left text-xs font-medium text-gray-500 uppercase tracking-wider"[39m
                          [36m>[39m
                            [0mDocument[0m
                          [36m</th>[39m
                          [36m<th[39m
                            [33mclass[39m=[32m"px-6 py-3 text-left text-xs font-medium text-gray-500 uppercase tracking-wider"[39m
                          [36m>[39m
                            [0mStatus[0m
                          [36m</th>[39m
                          [36m<th[39m
                            [33mclass[39m=[32m"px-6 py-3 text-left text-xs font-medium text-gray-500 uppercase tracking-wider"[39m
                          [36m>[39m
                            [0mDate[0m
                          [36m</th>[39m
                          [36m<th[39m
                            [33mclass[39m=[32m"px-6 py-3 text-right text-xs font-medium text-gray-500 uppercase tracking-wider"[39m
                          [36m>[39m
                            [0mActions[0m
                          [36m</th>[39m
                        [36m</tr>[39m
                      [36m</thead>[39m
                      [36m<tbody[39m
                        [33mclass[39m=[32m"bg-white divide-y divide-gray-200"[39m
                      [36m>[39m
                        [36m<tr>[39m
                          [36m<td[39m
                            [33mclass[39m=[32m"px-6 py-12 text-center text-gray-500"[39m
                            [33mcolspan[39m=[32m"4"[39m
                          [36m>[39m
                            [36m<div[39m
                              [33mclass[39m=[32m"flex flex-col items-center gap-2"[39m
                            [36m>[39m
                              [36m<span[39m
                                [33mclass[39m=[32m"text-4xl"[39m
                              [36m>[39m
                                [0m📄[0m
                              [36m</span>[39m
                              [36m<p>[39m
                                [0mNo documents found[0m
                              [36m</p>[39m
                              [36m<p[39m
                                [33mclass[39m=[32m"text-sm"[39m
                              [36m>[39m
                                [0mUpload a document to get started[0m
                              [36m</p>[39m
                            [36m</div>[39m
                          [36m</td>[39m
                        [36m</tr>[39m
                      [36m</tbody>[39m
                    [36m</table>[39m
                  [36m</div>[39m
                [36m</div>[39m
              [36m</div>[39m
              [36m<div[39m
                [33mclass[39m=[32m"space-y-8"[39m
              [36m>[39m
                [36m<div[39m
                  [33mclass[39m=[32m"bg-gradient-to-br from-blue-600 to-indigo-700 rounded-xl shadow-lg p-6 text-white"[39m
                [36m>[39m
                  [36m<h3[39m
                    [33mclass[39m=[32m"text-lg font-semibold mb-2"[39m
                  [36m>[39m
                    [0mNeed Help?[0m
                  [36m</h3>[39m
                  [36m<p[39m
                    [33mclass[39m=[32m"text-blue-100 text-sm mb-4"[39m
                  [36m>[39m
                    [0mAsk our AI Auditor anything about your compliance status.[0m
                  [36m</p>[39m
                  [36m<button[39m
                    [33mclass[39m=[32m"w-full bg-white text-blue-600 py-2 rounded-lg font-medium hover:bg-blue-50 transition"[39m
                  [36m>[39m
                    [0mStart Chat[0m
                  [36m</button>[39m
                [36m</div>[39m
              [36m</div>[39m
            [36m</div>[39m
          [36m</div>[39m
        [36m</main>[39m
      [36m</div>[39m
    [36m</div>[39m
  [36m</div>[39m
[36m</body>[39m
 ❯ Object.getElementError node_modules/@testing-library/dom/dist/config.js:37:19
 ❯ getAllByLabelText node_modules/@testing-library/dom/dist/queries/label-text.js:111:38
 ❯ node_modules/@testing-library/dom/dist/query-helpers.js:52:17
 ❯ node_modules/@testing-library/dom/dist/query-helpers.js:95:19
 ❯ app/app/dashboard/page.test.tsx:202:30
    200|         // Trigger upload
    201|         const file = new File(['hello'], 'hello.png', { type: 'image/p…
    202|         const input = screen.getByLabelText('Upload New') as HTMLInput…
       |                              ^
    203|         Object.defineProperty(input, 'files', { value: [file] });
    204|         fireEvent.change(input);

⎯⎯⎯⎯⎯⎯⎯⎯⎯⎯⎯⎯⎯⎯⎯⎯⎯⎯⎯⎯⎯⎯⎯⎯[2/4]⎯

 FAIL  lib/api.test.ts > API Client > uploadDocument > should upload document successfully
TypeError: (0 , __vite_ssr_import_0__.uploadDocument) is not a function
 ❯ lib/api.test.ts:42:19
     40| 
     41|             const file = new File(['content'], 'test.txt', { type: 'te…
     42|             await uploadDocument(file);
       |                   ^
     43| 
     44|             expect(global.fetch).toHaveBeenCalledWith(

⎯⎯⎯⎯⎯⎯⎯⎯⎯⎯⎯⎯⎯⎯⎯⎯⎯⎯⎯⎯⎯⎯⎯⎯[3/4]⎯

 FAIL  lib/api.test.ts > API Client > uploadDocument > should throw error on upload failure
TypeError: (0 , __vite_ssr_import_0__.uploadDocument) is not a function
 ❯ lib/api.test.ts:59:26
     57| 
     58|             const file = new File(['content'], 'test.txt', { type: 'te…
     59|             await expect(uploadDocument(file)).rejects.toThrow('Failed…
       |                          ^
     60|         });
     61|     });

⎯⎯⎯⎯⎯⎯⎯⎯⎯⎯⎯⎯⎯⎯⎯⎯⎯⎯⎯⎯⎯⎯⎯⎯[4/4]⎯

⎯⎯⎯⎯⎯⎯ Unhandled Errors ⎯⎯⎯⎯⎯⎯

Vitest caught 1 unhandled error during the test run.
This might cause false positive tests. Resolve unhandled errors to make sure your tests are not affected.

⎯⎯⎯⎯⎯ Uncaught Exception ⎯⎯⎯⎯⎯
TypeError: Cannot read properties of undefined (reading 'length')
 ❯ ActivityWidget app/components/ActivityWidget.tsx:14:27
     12|             </div>
     13|             <div className="divide-y divide-gray-100">
     14|                 {activity.length === 0 ? (
       |                           ^
     15|                     <div className="p-6 text-center text-gray-500">No …
     16|                 ) : (
 ❯ Object.react_stack_bottom_frame node_modules/react-dom/cjs/react-dom-client.development.js:25904:20
 ❯ renderWithHooks node_modules/react-dom/cjs/react-dom-client.development.js:7662:22
 ❯ updateFunctionComponent node_modules/react-dom/cjs/react-dom-client.development.js:10166:19
 ❯ beginWork node_modules/react-dom/cjs/react-dom-client.development.js:11778:18
 ❯ runWithFiberInDEV node_modules/react-dom/cjs/react-dom-client.development.js:874:13
 ❯ performUnitOfWork node_modules/react-dom/cjs/react-dom-client.development.js:17641:22
 ❯ workLoopSync node_modules/react-dom/cjs/react-dom-client.development.js:17469:41
 ❯ renderRootSync node_modules/react-dom/cjs/react-dom-client.development.js:17450:11
 ❯ performWorkOnRoot node_modules/react-dom/cjs/react-dom-client.development.js:16583:35

This error originated in "app/app/dashboard/page.test.tsx" test file. It doesn't mean the error was thrown inside the file itself, but while it was running.
The latest test that might've caused the error is "shows notifications". It might mean one of the following:
- The error was thrown, while Vitest was running this test.
- If the error occurred after the test had been completed, this was the last documented test before it was thrown.
⎯⎯⎯⎯⎯⎯⎯⎯⎯⎯⎯⎯⎯⎯⎯⎯⎯⎯⎯⎯⎯⎯⎯⎯⎯⎯⎯⎯⎯⎯


 Test Files  2 failed | 4 passed (6)
      Tests  4 failed | 15 passed (19)
     Errors  1 error
   Start at  02:16:16
   Duration  42.04s

 FAIL  Tests failed. Watching for file changes...
       press h to show help, press q to quit
c[3J RERUN  lib/api.ts 

stderr | lib/api.test.ts > API Client > fetchDocuments > should throw error on failure
[next-auth][error][CLIENT_FETCH_ERROR] 
https://next-auth.js.org/errors#client_fetch_error res.json is not a function {
  error: {
    message: [32m'res.json is not a function'[39m,
    stack: [32m'TypeError: res.json is not a function\n'[39m +
      [32m'    at _callee$ (/Users/isak/Downloads/iso-doc-platform/frontend/node_modules/next-auth/client/_utils.js:53:22)\n'[39m +
      [32m'    at /Users/isak/Downloads/iso-doc-platform/frontend/node_modules/@babel/runtime/helpers/regeneratorRuntime.js:52:18\n'[39m +
      [32m'    at Generator.<anonymous> (/Users/isak/Downloads/iso-doc-platform/frontend/node_modules/@babel/runtime/helpers/regenerator.js:52:51)\n'[39m +
      [32m'    at Generator.next (/Users/isak/Downloads/iso-doc-platform/frontend/node_modules/@babel/runtime/helpers/regeneratorDefine.js:11:21)\n'[39m +
      [32m'    at asyncGeneratorStep (/Users/isak/Downloads/iso-doc-platform/frontend/node_modules/@babel/runtime/helpers/asyncToGenerator.js:3:17)\n'[39m +
      [32m'    at _next (/Users/isak/Downloads/iso-doc-platform/frontend/node_modules/@babel/runtime/helpers/asyncToGenerator.js:17:9)\n'[39m +
      [32m'    at processTicksAndRejections (node:internal/process/task_queues:95:5)'[39m,
    name: [32m'TypeError'[39m
  },
  url: [32m'/api/auth/session'[39m,
  message: [32m'res.json is not a function'[39m
}

 ❯ lib/api.test.ts (4 tests | 3 failed) 622ms
       × should fetch documents successfully 485ms
       ✓ should throw error on failure 127ms
       × should upload document successfully 8ms
       × should throw error on upload failure 0ms
stderr | app/app/dashboard/page.test.tsx > Dashboard Page > renders documents and standards
Failed to load notifications TypeError: Cannot read properties of undefined (reading 'filter')
    at loadNotifications [90m(/Users/isak/Downloads/iso-doc-platform/frontend/[39mlib/hooks.ts:12:33[90m)[39m
[90m    at processTicksAndRejections (node:internal/process/task_queues:95:5)[39m

 ✓ app/app/reports/[id]/page.test.tsx (3 tests) 1712ms
     ✓ renders report data successfully  1263ms
stderr | app/app/dashboard/page.test.tsx > Dashboard Page > renders dashboard widgets
Failed to load notifications TypeError: Cannot read properties of undefined (reading 'filter')
    at loadNotifications [90m(/Users/isak/Downloads/iso-doc-platform/frontend/[39mlib/hooks.ts:12:33[90m)[39m
[90m    at runNextTicks (node:internal/process/task_queues:60:5)[39m
[90m    at listOnTimeout (node:internal/timers:545:9)[39m
[90m    at processTimers (node:internal/timers:519:7)[39m

 ✓ app/app/gap-analysis/page.test.tsx (2 tests) 489ms
     ✓ renders and loads standards  462ms
 ✓ app/app/documents/[id]/page.test.tsx (2 tests) 3136ms
     ✓ renders document details and download button  3117ms
stderr | app/app/dashboard/page.test.tsx > Dashboard Page > opens analysis modal and runs check
Failed to load notifications TypeError: Cannot read properties of undefined (reading 'filter')
    at loadNotifications [90m(/Users/isak/Downloads/iso-doc-platform/frontend/[39mlib/hooks.ts:12:33[90m)[39m
[90m    at runNextTicks (node:internal/process/task_queues:60:5)[39m
[90m    at listOnTimeout (node:internal/timers:545:9)[39m
[90m    at processTimers (node:internal/timers:519:7)[39m

stderr | app/app/dashboard/page.test.tsx > Dashboard Page > shows staged documents and allows approval
Failed to load notifications TypeError: Cannot read properties of undefined (reading 'filter')
    at loadNotifications [90m(/Users/isak/Downloads/iso-doc-platform/frontend/[39mlib/hooks.ts:12:33[90m)[39m

stderr | app/app/dashboard/page.test.tsx > Dashboard Page > allows rejecting staged documents
Failed to load notifications TypeError: Cannot read properties of undefined (reading 'filter')
    at loadNotifications [90m(/Users/isak/Downloads/iso-doc-platform/frontend/[39mlib/hooks.ts:12:33[90m)[39m

stderr | app/app/dashboard/page.test.tsx > Dashboard Page > shows notifications
An error occurred in the <ActivityWidget> component.

Consider adding an error boundary to your tree to customize error handling behavior.
Visit https://react.dev/link/error-boundaries to learn more about error boundaries.


stderr | app/app/dashboard/page.test.tsx > Dashboard Page > shows upload progress
An update to Header inside a test was not wrapped in act(...).

When testing, code that causes React state updates should be wrapped into act(...):

act(() => {
  /* fire events that update state */
});
/* assert on the output */

This ensures that you're testing the behavior the user would see in the browser. Learn more at https://react.dev/link/wrap-tests-with-act
An update to Header inside a test was not wrapped in act(...).

When testing, code that causes React state updates should be wrapped into act(...):

act(() => {
  /* fire events that update state */
});
/* assert on the output */

This ensures that you're testing the behavior the user would see in the browser. Learn more at https://react.dev/link/wrap-tests-with-act
An update to Dashboard inside a test was not wrapped in act(...).

When testing, code that causes React state updates should be wrapped into act(...):

act(() => {
  /* fire events that update state */
});
/* assert on the output */

This ensures that you're testing the behavior the user would see in the browser. Learn more at https://react.dev/link/wrap-tests-with-act
An update to Dashboard inside a test was not wrapped in act(...).

When testing, code that causes React state updates should be wrapped into act(...):

act(() => {
  /* fire events that update state */
});
/* assert on the output */

This ensures that you're testing the behavior the user would see in the browser. Learn more at https://react.dev/link/wrap-tests-with-act
An update to Dashboard inside a test was not wrapped in act(...).

When testing, code that causes React state updates should be wrapped into act(...):

act(() => {
  /* fire events that update state */
});
/* assert on the output */

This ensures that you're testing the behavior the user would see in the browser. Learn more at https://react.dev/link/wrap-tests-with-act
An update to Dashboard inside a test was not wrapped in act(...).

When testing, code that causes React state updates should be wrapped into act(...):

act(() => {
  /* fire events that update state */
});
/* assert on the output */

This ensures that you're testing the behavior the user would see in the browser. Learn more at https://react.dev/link/wrap-tests-with-act

 ❯ app/app/dashboard/page.test.tsx (7 tests | 2 failed) 3556ms
     ✓ renders documents and standards  1668ms
     ✓ renders dashboard widgets  303ms
     ✓ opens analysis modal and runs check 224ms
     ✓ shows staged documents and allows approval 173ms
     ✓ allows rejecting staged documents 155ms
     × shows notifications 1011ms
     × shows upload progress 19ms

⎯⎯⎯⎯⎯⎯⎯ Failed Tests 5 ⎯⎯⎯⎯⎯⎯⎯

 FAIL  lib/api.test.ts > API Client > fetchDocuments > should fetch documents successfully
AssertionError: expected "vi.fn()" to be called with arguments: [ StringContaining "/documents" ][90m

Received: 

[1m  1st vi.fn() call:

[22m[2m  [[22m
[32m-   StringContaining "/documents",[90m
[31m+   "/api/auth/session",[90m
[31m+   {[90m
[31m+     "headers": {[90m
[31m+       "Content-Type": "application/json",[90m
[31m+     },[90m
[31m+   },[90m
[2m  ][22m

[1m  2nd vi.fn() call:

[22m[2m  [[22m
[32m-   StringContaining "/documents",[90m
[31m+   "http://localhost:4000/documents",[90m
[31m+   {[90m
[31m+     "headers": {},[90m
[31m+   },[90m
[2m  ][22m
[39m[90m

Number of calls: [1m2[22m
[39m
 ❯ lib/api.test.ts:23:34
     21|             const docs = await fetchDocuments();
     22|             expect(docs).toEqual(mockDocs);
     23|             expect(global.fetch).toHaveBeenCalledWith(expect.stringCon…
       |                                  ^
     24|         });
     25| 

⎯⎯⎯⎯⎯⎯⎯⎯⎯⎯⎯⎯⎯⎯⎯⎯⎯⎯⎯⎯⎯⎯⎯⎯[1/5]⎯

 FAIL  lib/api.test.ts > API Client > uploadDocument > should upload document successfully
TypeError: (0 , __vite_ssr_import_0__.uploadDocument) is not a function
 ❯ lib/api.test.ts:42:19
     40| 
     41|             const file = new File(['content'], 'test.txt', { type: 'te…
     42|             await uploadDocument(file);
       |                   ^
     43| 
     44|             expect(global.fetch).toHaveBeenCalledWith(

⎯⎯⎯⎯⎯⎯⎯⎯⎯⎯⎯⎯⎯⎯⎯⎯⎯⎯⎯⎯⎯⎯⎯⎯[2/5]⎯

 FAIL  lib/api.test.ts > API Client > uploadDocument > should throw error on upload failure
TypeError: (0 , __vite_ssr_import_0__.uploadDocument) is not a function
 ❯ lib/api.test.ts:59:26
     57| 
     58|             const file = new File(['content'], 'test.txt', { type: 'te…
     59|             await expect(uploadDocument(file)).rejects.toThrow('Failed…
       |                          ^
     60|         });
     61|     });

⎯⎯⎯⎯⎯⎯⎯⎯⎯⎯⎯⎯⎯⎯⎯⎯⎯⎯⎯⎯⎯⎯⎯⎯[3/5]⎯

 FAIL  app/app/dashboard/page.test.tsx > Dashboard Page > shows notifications
TestingLibraryElementError: Unable to find an element with the text: 1. This could be because the text is broken up by multiple elements. In this case, you can provide a function for your text matcher to make your matcher more flexible.

Ignored nodes: comments, script, style
[36m<body>[39m
  [36m<div />[39m
[36m</body>[39m

Ignored nodes: comments, script, style
[36m<html>[39m
  [36m<head />[39m
  [36m<body>[39m
    [36m<div />[39m
  [36m</body>[39m
[36m</html>[39m
 ❯ Proxy.waitForWrapper node_modules/@testing-library/dom/dist/wait-for.js:163:27
 ❯ app/app/dashboard/page.test.tsx:168:15
    166|         render(<Dashboard />);
    167| 
    168|         await waitFor(() => {
       |               ^
    169|             expect(screen.getByText('1')).toBeDefined(); // Unread cou…
    170|         });

⎯⎯⎯⎯⎯⎯⎯⎯⎯⎯⎯⎯⎯⎯⎯⎯⎯⎯⎯⎯⎯⎯⎯⎯[4/5]⎯

 FAIL  app/app/dashboard/page.test.tsx > Dashboard Page > shows upload progress
TestingLibraryElementError: Unable to find a label with the text of: Upload New

Ignored nodes: comments, script, style
[36m<body>[39m
  [36m<div>[39m
    [36m<div[39m
      [33mclass[39m=[32m"flex min-h-screen bg-gray-50"[39m
    [36m>[39m
      [36m<aside[39m
        [33mclass[39m=[32m"w-64 bg-white border-r border-gray-200 min-h-screen flex flex-col"[39m
      [36m>[39m
        [36m<div[39m
          [33mclass[39m=[32m"p-6 border-b border-gray-100"[39m
        [36m>[39m
          [36m<h1[39m
            [33mclass[39m=[32m"text-2xl font-bold text-blue-600 flex items-center gap-2"[39m
          [36m>[39m
            [36m<span>[39m
              [0m🛡️[0m
            [36m</span>[39m
            [0m ISO Doc[0m
          [36m</h1>[39m
        [36m</div>[39m
        [36m<nav[39m
          [33mclass[39m=[32m"flex-1 p-4 space-y-1"[39m
        [36m>[39m
          [36m<a[39m
            [33mclass[39m=[32m"flex items-center gap-3 px-4 py-3 rounded-lg transition-colors bg-blue-50 text-blue-700 font-medium"[39m
            [33mhref[39m=[32m"/app/dashboard"[39m
          [36m>[39m
            [36m<span[39m
              [33mclass[39m=[32m"text-xl"[39m
            [36m>[39m
              [0m📊[0m
            [36m</span>[39m
            [0mDashboard[0m
          [36m</a>[39m
          [36m<a[39m
            [33mclass[39m=[32m"flex items-center gap-3 px-4 py-3 rounded-lg transition-colors text-gray-600 hover:bg-gray-50 hover:text-gray-900"[39m
            [33mhref[39m=[32m"/app/documents"[39m
          [36m>[39m
            [36m<span[39m
              [33mclass[39m=[32m"text-xl"[39m
            [36m>[39m
              [0m📁[0m
            [36m</span>[39m
            [0mDocuments[0m
          [36m</a>[39m
          [36m<a[39m
            [33mclass[39m=[32m"flex items-center gap-3 px-4 py-3 rounded-lg transition-colors text-gray-600 hover:bg-gray-50 hover:text-gray-900"[39m
            [33mhref[39m=[32m"/app/gap-analysis"[39m
          [36m>[39m
            [36m<span[39m
              [33mclass[39m=[32m"text-xl"[39m
            [36m>[39m
              [0m🔍[0m
            [36m</span>[39m
            [0mGap Analysis[0m
          [36m</a>[39m
          [36m<a[39m
            [33mclass[39m=[32m"flex items-center gap-3 px-4 py-3 rounded-lg transition-colors text-gray-600 hover:bg-gray-50 hover:text-gray-900"[39m
            [33mhref[39m=[32m"/app/reports"[39m
          [36m>[39m
            [36m<span[39m
              [33mclass[39m=[32m"text-xl"[39m
            [36m>[39m
              [0m📋[0m
            [36m</span>[39m
            [0mReports[0m
          [36m</a>[39m
          [36m<a[39m
            [33mclass[39m=[32m"flex items-center gap-3 px-4 py-3 rounded-lg transition-colors text-gray-600 hover:bg-gray-50 hover:text-gray-900"[39m
            [33mhref[39m=[32m"/app/settings"[39m
          [36m>[39m
            [36m<span[39m
              [33mclass[39m=[32m"text-xl"[39m
            [36m>[39m
              [0m⚙️[0m
            [36m</span>[39m
            [0mSettings[0m
          [36m</a>[39m
        [36m</nav>[39m
        [36m<div[39m
          [33mclass[39m=[32m"p-4 border-t border-gray-100"[39m
        [36m>[39m
          [36m<div[39m
            [33mclass[39m=[32m"bg-blue-50 rounded-lg p-4"[39m
          [36m>[39m
            [36m<h4[39m
              [33mclass[39m=[32m"text-sm font-semibold text-blue-800 mb-1"[39m
            [36m>[39m
              [0mPro Plan[0m
            [36m</h4>[39m
            [36m<p[39m
              [33mclass[39m=[32m"text-xs text-blue-600 mb-3"[39m
            [36m>[39m
              [0mGet access to advanced AI features.[0m
            [36m</p>[39m
            [36m<button[39m
              [33mclass[39m=[32m"w-full bg-blue-600 text-white text-xs font-medium py-2 rounded hover:bg-blue-700 transition"[39m
            [36m>[39m
              [0mUpgrade Now[0m
            [36m</button>[39m
          [36m</div>[39m
        [36m</div>[39m
      [36m</aside>[39m
      [36m<div[39m
        [33mclass[39m=[32m"flex-1 flex flex-col"[39m
      [36m>[39m
        [36m<header[39m
          [33mclass[39m=[32m"bg-white border-b border-gray-200 px-8 py-4 flex justify-between items-center sticky top-0 z-10"[39m
        [36m>[39m
          [36m<div>[39m
            [36m<h2[39m
              [33mclass[39m=[32m"text-xl font-semibold text-gray-800"[39m
            [36m>[39m
              [0mDashboard[0m
            [36m</h2>[39m
            [36m<p[39m
              [33mclass[39m=[32m"text-sm text-gray-500"[39m
            [36m>[39m
              [0mWelcome back, User[0m
            [36m</p>[39m
          [36m</div>[39m
          [36m<div[39m
            [33mclass[39m=[32m"w-1/3"[39m
          [36m>[39m
            [36m<div[39m
              [33mclass[39m=[32m"relative w-full max-w-xl"[39m
            [36m>[39m
              [36m<form[39m
                [33mclass[39m=[32m"relative"[39m
              [36m>[39m
                [36m<input[39m
                  [33mclass[39m=[32m"w-full border border-gray-300 rounded-lg py-2 px-4 pl-10 focus:outline-none focus:ring-2 focus:ring-blue-500"[39m
                  [33mplaceholder[39m=[32m"Search documents (e.g. 'password policy')..."[39m
                  [33mtype[39m=[32m"text"[39m
                  [33mvalue[39m=[32m""[39m
                [36m/>[39m
                [36m<div[39m
                  [33mclass[39m=[32m"absolute inset-y-0 left-0 pl-3 flex items-center pointer-events-none"[39m
                [36m>[39m
                  [36m<span[39m
                    [33mclass[39m=[32m"text-gray-400"[39m
                  [36m>[39m
                    [0m🔍[0m
                  [36m</span>[39m
                [36m</div>[39m
                [36m<button[39m
                  [33mclass[39m=[32m"absolute inset-y-0 right-0 px-4 text-white bg-blue-600 rounded-r-lg hover:bg-blue-700 disabled:opacity-50"[39m
                  [33mtype[39m=[32m"submit"[39m
                [36m>[39m
                  [0mSearch[0m
                [36m</button>[39m
              [36m</form>[39m
            [36m</div>[39m
          [36m</div>[39m
          [36m<div[39m
            [33mclass[39m=[32m"flex items-center gap-4"[39m
          [36m>[39m
            [36m<div[39m
              [33mclass[39m=[32m"relative"[39m
            [36m>[39m
              [36m<button[39m
                [33mclass[39m=[32m"p-2 text-gray-400 hover:text-gray-600 relative"[39m
              [36m>[39m
                [0m🔔[0m
              [36m</button>[39m
            [36m</div>[39m
            [36m<div[39m
              [33mclass[39m=[32m"w-8 h-8 bg-blue-100 rounded-full flex items-center justify-center text-blue-600 font-bold"[39m
            [36m>[39m
              [0mU[0m
            [36m</div>[39m
          [36m</div>[39m
        [36m</header>[39m
        [36m<main[39m
          [33mclass[39m=[32m"flex-1 p-8 overflow-y-auto"[39m
        [36m>[39m
          [36m<div[39m
            [33mclass[39m=[32m"max-w-7xl mx-auto space-y-8"[39m
          [36m>[39m
            [36m<div[39m
              [33mclass[39m=[32m"grid grid-cols-1 lg:grid-cols-3 gap-8"[39m
            [36m>[39m
              [36m<div[39m
                [33mclass[39m=[32m"lg:col-span-2 space-y-6"[39m
              [36m>[39m
                [36m<div[39m
                  [33mclass[39m=[32m"bg-white rounded-xl shadow-sm border border-gray-100 overflow-hidden"[39m
                [36m>[39m
                  [36m<div[39m
                    [33mclass[39m=[32m"p-6 border-b border-gray-100 flex justify-between items-center bg-gray-50/50"[39m
                  [36m>[39m
                    [36m<div>[39m
                      [36m<h3[39m
                        [33mclass[39m=[32m"text-lg font-semibold text-gray-900"[39m
                      [36m>[39m
                        [0mRecent Documents[0m
                      [36m</h3>[39m
                      [36m<p[39m
                        [33mclass[39m=[32m"text-sm text-gray-500"[39m
                      [36m>[39m
                        [0mManage and analyze your files[0m
                      [36m</p>[39m
                    [36m</div>[39m
                    [36m<div[39m
                      [33mclass[39m=[32m"relative"[39m
                    [36m>[39m
                      [36m<input[39m
                        [33mclass[39m=[32m"hidden"[39m
                        [33mid[39m=[32m"file-upload"[39m
                        [33mmultiple[39m=[32m""[39m
                        [33mtype[39m=[32m"file"[39m
                      [36m/>[39m
                      [36m<label[39m
                        [33mclass[39m=[32m"flex items-center gap-2 bg-blue-600 text-white px-4 py-2 rounded-lg hover:bg-blue-700 transition cursor-pointer shadow-sm "[39m
                        [33mfor[39m=[32m"file-upload"[39m
                      [36m>[39m
                        [36m<span>[39m
                          [0m☁️[0m
                        [36m</span>[39m
                        [0mUpload New[0m
                      [36m</label>[39m
                    [36m</div>[39m
                  [36m</div>[39m
                  [36m<div[39m
                    [33mclass[39m=[32m"overflow-x-auto"[39m
                  [36m>[39m
                    [36m<table[39m
                      [33mclass[39m=[32m"min-w-full divide-y divide-gray-200"[39m
                    [36m>[39m
                      [36m<thead[39m
                        [33mclass[39m=[32m"bg-gray-50"[39m
                      [36m>[39m
                        [36m<tr>[39m
                          [36m<th[39m
                            [33mclass[39m=[32m"px-6 py-3 text-left text-xs font-medium text-gray-500 uppercase tracking-wider"[39m
                          [36m>[39m
                            [0mDocument[0m
                          [36m</th>[39m
                          [36m<th[39m
                            [33mclass[39m=[32m"px-6 py-3 text-left text-xs font-medium text-gray-500 uppercase tracking-wider"[39m
                          [36m>[39m
                            [0mStatus[0m
                          [36m</th>[39m
                          [36m<th[39m
                            [33mclass[39m=[32m"px-6 py-3 text-left text-xs font-medium text-gray-500 uppercase tracking-wider"[39m
                          [36m>[39m
                            [0mDate[0m
                          [36m</th>[39m
                          [36m<th[39m
                            [33mclass[39m=[32m"px-6 py-3 text-right text-xs font-medium text-gray-500 uppercase tracking-wider"[39m
                          [36m>[39m
                            [0mActions[0m
                          [36m</th>[39m
                        [36m</tr>[39m
                      [36m</thead>[39m
                      [36m<tbody[39m
                        [33mclass[39m=[32m"bg-white divide-y divide-gray-200"[39m
                      [36m>[39m
                        [36m<tr>[39m
                          [36m<td[39m
                            [33mclass[39m=[32m"px-6 py-12 text-center text-gray-500"[39m
                            [33mcolspan[39m=[32m"4"[39m
                          [36m>[39m
                            [36m<div[39m
                              [33mclass[39m=[32m"flex flex-col items-center gap-2"[39m
                            [36m>[39m
                              [36m<span[39m
                                [33mclass[39m=[32m"text-4xl"[39m
                              [36m>[39m
                                [0m📄[0m
                              [36m</span>[39m
                              [36m<p>[39m
                                [0mNo documents found[0m
                              [36m</p>[39m
                              [36m<p[39m
                                [33mclass[39m=[32m"text-sm"[39m
                              [36m>[39m
                                [0mUpload a document to get started[0m
                              [36m</p>[39m
                            [36m</div>[39m
                          [36m</td>[39m
                        [36m</tr>[39m
                      [36m</tbody>[39m
                    [36m</table>[39m
                  [36m</div>[39m
                [36m</div>[39m
              [36m</div>[39m
              [36m<div[39m
                [33mclass[39m=[32m"space-y-8"[39m
              [36m>[39m
                [36m<div[39m
                  [33mclass[39m=[32m"bg-gradient-to-br from-blue-600 to-indigo-700 rounded-xl shadow-lg p-6 text-white"[39m
                [36m>[39m
                  [36m<h3[39m
                    [33mclass[39m=[32m"text-lg font-semibold mb-2"[39m
                  [36m>[39m
                    [0mNeed Help?[0m
                  [36m</h3>[39m
                  [36m<p[39m
                    [33mclass[39m=[32m"text-blue-100 text-sm mb-4"[39m
                  [36m>[39m
                    [0mAsk our AI Auditor anything about your compliance status.[0m
                  [36m</p>[39m
                  [36m<button[39m
                    [33mclass[39m=[32m"w-full bg-white text-blue-600 py-2 rounded-lg font-medium hover:bg-blue-50 transition"[39m
                  [36m>[39m
                    [0mStart Chat[0m
                  [36m</button>[39m
                [36m</div>[39m
              [36m</div>[39m
            [36m</div>[39m
          [36m</div>[39m
        [36m</main>[39m
      [36m</div>[39m
    [36m</div>[39m
  [36m</div>[39m
[36m</body>[39m
 ❯ Object.getElementError node_modules/@testing-library/dom/dist/config.js:37:19
 ❯ getAllByLabelText node_modules/@testing-library/dom/dist/queries/label-text.js:111:38
 ❯ node_modules/@testing-library/dom/dist/query-helpers.js:52:17
 ❯ node_modules/@testing-library/dom/dist/query-helpers.js:95:19
 ❯ app/app/dashboard/page.test.tsx:202:30
    200|         // Trigger upload
    201|         const file = new File(['hello'], 'hello.png', { type: 'image/p…
    202|         const input = screen.getByLabelText('Upload New') as HTMLInput…
       |                              ^
    203|         Object.defineProperty(input, 'files', { value: [file] });
    204|         fireEvent.change(input);

⎯⎯⎯⎯⎯⎯⎯⎯⎯⎯⎯⎯⎯⎯⎯⎯⎯⎯⎯⎯⎯⎯⎯⎯[5/5]⎯

⎯⎯⎯⎯⎯⎯ Unhandled Errors ⎯⎯⎯⎯⎯⎯

Vitest caught 1 unhandled error during the test run.
This might cause false positive tests. Resolve unhandled errors to make sure your tests are not affected.

⎯⎯⎯⎯⎯ Uncaught Exception ⎯⎯⎯⎯⎯
TypeError: Cannot read properties of undefined (reading 'length')
 ❯ ActivityWidget app/components/ActivityWidget.tsx:14:27
     12|             </div>
     13|             <div className="divide-y divide-gray-100">
     14|                 {activity.length === 0 ? (
       |                           ^
     15|                     <div className="p-6 text-center text-gray-500">No …
     16|                 ) : (
 ❯ Object.react_stack_bottom_frame node_modules/react-dom/cjs/react-dom-client.development.js:25904:20
 ❯ renderWithHooks node_modules/react-dom/cjs/react-dom-client.development.js:7662:22
 ❯ updateFunctionComponent node_modules/react-dom/cjs/react-dom-client.development.js:10166:19
 ❯ beginWork node_modules/react-dom/cjs/react-dom-client.development.js:11778:18
 ❯ runWithFiberInDEV node_modules/react-dom/cjs/react-dom-client.development.js:874:13
 ❯ performUnitOfWork node_modules/react-dom/cjs/react-dom-client.development.js:17641:22
 ❯ workLoopSync node_modules/react-dom/cjs/react-dom-client.development.js:17469:41
 ❯ renderRootSync node_modules/react-dom/cjs/react-dom-client.development.js:17450:11
 ❯ performWorkOnRoot node_modules/react-dom/cjs/react-dom-client.development.js:16583:35

This error originated in "app/app/dashboard/page.test.tsx" test file. It doesn't mean the error was thrown inside the file itself, but while it was running.
The latest test that might've caused the error is "shows notifications". It might mean one of the following:
- The error was thrown, while Vitest was running this test.
- If the error occurred after the test had been completed, this was the last documented test before it was thrown.
⎯⎯⎯⎯⎯⎯⎯⎯⎯⎯⎯⎯⎯⎯⎯⎯⎯⎯⎯⎯⎯⎯⎯⎯⎯⎯⎯⎯⎯⎯


 Test Files  2 failed | 3 passed (5)
      Tests  5 failed | 13 passed (18)
     Errors  1 error
   Start at  02:19:01
   Duration  26.39s

 FAIL  Tests failed. Watching for file changes...
       press h to show help, press q to quit
c[3J RERUN  lib/api.ts 

stderr | lib/api.test.ts > API Client > fetchDocuments > should throw error on failure
[next-auth][error][CLIENT_FETCH_ERROR] 
https://next-auth.js.org/errors#client_fetch_error res.json is not a function {
  error: {
    message: [32m'res.json is not a function'[39m,
    stack: [32m'TypeError: res.json is not a function\n'[39m +
      [32m'    at _callee$ (/Users/isak/Downloads/iso-doc-platform/frontend/node_modules/next-auth/client/_utils.js:53:22)\n'[39m +
      [32m'    at /Users/isak/Downloads/iso-doc-platform/frontend/node_modules/@babel/runtime/helpers/regeneratorRuntime.js:52:18\n'[39m +
      [32m'    at Generator.<anonymous> (/Users/isak/Downloads/iso-doc-platform/frontend/node_modules/@babel/runtime/helpers/regenerator.js:52:51)\n'[39m +
      [32m'    at Generator.next (/Users/isak/Downloads/iso-doc-platform/frontend/node_modules/@babel/runtime/helpers/regeneratorDefine.js:11:21)\n'[39m +
      [32m'    at asyncGeneratorStep (/Users/isak/Downloads/iso-doc-platform/frontend/node_modules/@babel/runtime/helpers/asyncToGenerator.js:3:17)\n'[39m +
      [32m'    at _next (/Users/isak/Downloads/iso-doc-platform/frontend/node_modules/@babel/runtime/helpers/asyncToGenerator.js:17:9)\n'[39m +
      [32m'    at processTicksAndRejections (node:internal/process/task_queues:95:5)'[39m,
    name: [32m'TypeError'[39m
  },
  url: [32m'/api/auth/session'[39m,
  message: [32m'res.json is not a function'[39m
}

 ❯ lib/api.test.ts (4 tests | 3 failed) 322ms
       × should fetch documents successfully 27ms
       ✓ should throw error on failure 9ms
       × should upload document successfully 284ms
       × should throw error on upload failure 0ms
 ✓ app/app/reports/[id]/page.test.tsx (3 tests) 622ms
     ✓ renders loading state initially  365ms
stderr | app/app/dashboard/page.test.tsx > Dashboard Page > renders documents and standards
Failed to load notifications TypeError: Cannot read properties of undefined (reading 'filter')
    at loadNotifications [90m(/Users/isak/Downloads/iso-doc-platform/frontend/[39mlib/hooks.ts:12:33[90m)[39m
[90m    at processTicksAndRejections (node:internal/process/task_queues:95:5)[39m

 ✓ app/app/gap-analysis/page.test.tsx (2 tests) 1639ms
     ✓ renders and loads standards  1235ms
     ✓ runs gap analysis and displays results  362ms
stderr | app/app/dashboard/page.test.tsx > Dashboard Page > renders dashboard widgets
Failed to load notifications TypeError: Cannot read properties of undefined (reading 'filter')
    at loadNotifications [90m(/Users/isak/Downloads/iso-doc-platform/frontend/[39mlib/hooks.ts:12:33[90m)[39m
[90m    at runNextTicks (node:internal/process/task_queues:60:5)[39m
[90m    at listOnTimeout (node:internal/timers:545:9)[39m
[90m    at processTimers (node:internal/timers:519:7)[39m

stderr | app/app/dashboard/page.test.tsx > Dashboard Page > opens analysis modal and runs check
Failed to load notifications TypeError: Cannot read properties of undefined (reading 'filter')
    at loadNotifications [90m(/Users/isak/Downloads/iso-doc-platform/frontend/[39mlib/hooks.ts:12:33[90m)[39m
[90m    at runNextTicks (node:internal/process/task_queues:60:5)[39m
[90m    at listOnTimeout (node:internal/timers:545:9)[39m
[90m    at processTimers (node:internal/timers:519:7)[39m

 ✓ app/app/documents/[id]/page.test.tsx (2 tests) 3429ms
     ✓ renders document details and download button  3388ms
stderr | app/app/dashboard/page.test.tsx > Dashboard Page > shows staged documents and allows approval
Failed to load notifications TypeError: Cannot read properties of undefined (reading 'filter')
    at loadNotifications [90m(/Users/isak/Downloads/iso-doc-platform/frontend/[39mlib/hooks.ts:12:33[90m)[39m

stderr | app/app/dashboard/page.test.tsx > Dashboard Page > allows rejecting staged documents
Failed to load notifications TypeError: Cannot read properties of undefined (reading 'filter')
    at loadNotifications [90m(/Users/isak/Downloads/iso-doc-platform/frontend/[39mlib/hooks.ts:12:33[90m)[39m

stderr | app/app/dashboard/page.test.tsx > Dashboard Page > shows notifications
An error occurred in the <ActivityWidget> component.

Consider adding an error boundary to your tree to customize error handling behavior.
Visit https://react.dev/link/error-boundaries to learn more about error boundaries.


stderr | app/app/dashboard/page.test.tsx > Dashboard Page > shows upload progress
An update to Header inside a test was not wrapped in act(...).

When testing, code that causes React state updates should be wrapped into act(...):

act(() => {
  /* fire events that update state */
});
/* assert on the output */

This ensures that you're testing the behavior the user would see in the browser. Learn more at https://react.dev/link/wrap-tests-with-act
An update to Header inside a test was not wrapped in act(...).

When testing, code that causes React state updates should be wrapped into act(...):

act(() => {
  /* fire events that update state */
});
/* assert on the output */

This ensures that you're testing the behavior the user would see in the browser. Learn more at https://react.dev/link/wrap-tests-with-act
An update to Dashboard inside a test was not wrapped in act(...).

When testing, code that causes React state updates should be wrapped into act(...):

act(() => {
  /* fire events that update state */
});
/* assert on the output */

This ensures that you're testing the behavior the user would see in the browser. Learn more at https://react.dev/link/wrap-tests-with-act
An update to Dashboard inside a test was not wrapped in act(...).

When testing, code that causes React state updates should be wrapped into act(...):

act(() => {
  /* fire events that update state */
});
/* assert on the output */

This ensures that you're testing the behavior the user would see in the browser. Learn more at https://react.dev/link/wrap-tests-with-act
An update to Dashboard inside a test was not wrapped in act(...).

When testing, code that causes React state updates should be wrapped into act(...):

act(() => {
  /* fire events that update state */
});
/* assert on the output */

This ensures that you're testing the behavior the user would see in the browser. Learn more at https://react.dev/link/wrap-tests-with-act
An update to Dashboard inside a test was not wrapped in act(...).

When testing, code that causes React state updates should be wrapped into act(...):

act(() => {
  /* fire events that update state */
});
/* assert on the output */

This ensures that you're testing the behavior the user would see in the browser. Learn more at https://react.dev/link/wrap-tests-with-act

 ❯ app/app/dashboard/page.test.tsx (7 tests | 2 failed) 2676ms
     ✓ renders documents and standards  912ms
     ✓ renders dashboard widgets 103ms
     ✓ opens analysis modal and runs check  370ms
     ✓ shows staged documents and allows approval 84ms
     ✓ allows rejecting staged documents 188ms
     × shows notifications 1008ms
     × shows upload progress 9ms

⎯⎯⎯⎯⎯⎯⎯ Failed Tests 5 ⎯⎯⎯⎯⎯⎯⎯

 FAIL  lib/api.test.ts > API Client > fetchDocuments > should fetch documents successfully
AssertionError: expected "vi.fn()" to be called with arguments: [ StringContaining "/documents" ][90m

Received: 

[1m  1st vi.fn() call:

[22m[2m  [[22m
[32m-   StringContaining "/documents",[90m
[31m+   "/api/auth/session",[90m
[31m+   {[90m
[31m+     "headers": {[90m
[31m+       "Content-Type": "application/json",[90m
[31m+     },[90m
[31m+   },[90m
[2m  ][22m

[1m  2nd vi.fn() call:

[22m[2m  [[22m
[32m-   StringContaining "/documents",[90m
[31m+   "http://localhost:4000/documents",[90m
[31m+   {[90m
[31m+     "headers": {},[90m
[31m+   },[90m
[2m  ][22m
[39m[90m

Number of calls: [1m2[22m
[39m
 ❯ lib/api.test.ts:23:34
     21|             const docs = await fetchDocuments();
     22|             expect(docs).toEqual(mockDocs);
     23|             expect(global.fetch).toHaveBeenCalledWith(expect.stringCon…
       |                                  ^
     24|         });
     25| 

⎯⎯⎯⎯⎯⎯⎯⎯⎯⎯⎯⎯⎯⎯⎯⎯⎯⎯⎯⎯⎯⎯⎯⎯[1/5]⎯

 FAIL  lib/api.test.ts > API Client > uploadDocument > should upload document successfully
TypeError: (0 , __vite_ssr_import_0__.uploadDocument) is not a function
 ❯ lib/api.test.ts:42:19
     40| 
     41|             const file = new File(['content'], 'test.txt', { type: 'te…
     42|             await uploadDocument(file);
       |                   ^
     43| 
     44|             expect(global.fetch).toHaveBeenCalledWith(

⎯⎯⎯⎯⎯⎯⎯⎯⎯⎯⎯⎯⎯⎯⎯⎯⎯⎯⎯⎯⎯⎯⎯⎯[2/5]⎯

 FAIL  lib/api.test.ts > API Client > uploadDocument > should throw error on upload failure
TypeError: (0 , __vite_ssr_import_0__.uploadDocument) is not a function
 ❯ lib/api.test.ts:59:26
     57| 
     58|             const file = new File(['content'], 'test.txt', { type: 'te…
     59|             await expect(uploadDocument(file)).rejects.toThrow('Failed…
       |                          ^
     60|         });
     61|     });

⎯⎯⎯⎯⎯⎯⎯⎯⎯⎯⎯⎯⎯⎯⎯⎯⎯⎯⎯⎯⎯⎯⎯⎯[3/5]⎯

 FAIL  app/app/dashboard/page.test.tsx > Dashboard Page > shows notifications
TestingLibraryElementError: Unable to find an element with the text: 1. This could be because the text is broken up by multiple elements. In this case, you can provide a function for your text matcher to make your matcher more flexible.

Ignored nodes: comments, script, style
[36m<body>[39m
  [36m<div />[39m
[36m</body>[39m

Ignored nodes: comments, script, style
[36m<html>[39m
  [36m<head />[39m
  [36m<body>[39m
    [36m<div />[39m
  [36m</body>[39m
[36m</html>[39m
 ❯ Proxy.waitForWrapper node_modules/@testing-library/dom/dist/wait-for.js:163:27
 ❯ app/app/dashboard/page.test.tsx:168:15
    166|         render(<Dashboard />);
    167| 
    168|         await waitFor(() => {
       |               ^
    169|             expect(screen.getByText('1')).toBeDefined(); // Unread cou…
    170|         });

⎯⎯⎯⎯⎯⎯⎯⎯⎯⎯⎯⎯⎯⎯⎯⎯⎯⎯⎯⎯⎯⎯⎯⎯[4/5]⎯

 FAIL  app/app/dashboard/page.test.tsx > Dashboard Page > shows upload progress
TestingLibraryElementError: Unable to find a label with the text of: Upload New

Ignored nodes: comments, script, style
[36m<body>[39m
  [36m<div>[39m
    [36m<div[39m
      [33mclass[39m=[32m"flex min-h-screen bg-gray-50"[39m
    [36m>[39m
      [36m<aside[39m
        [33mclass[39m=[32m"w-64 bg-white border-r border-gray-200 min-h-screen flex flex-col"[39m
      [36m>[39m
        [36m<div[39m
          [33mclass[39m=[32m"p-6 border-b border-gray-100"[39m
        [36m>[39m
          [36m<h1[39m
            [33mclass[39m=[32m"text-2xl font-bold text-blue-600 flex items-center gap-2"[39m
          [36m>[39m
            [36m<span>[39m
              [0m🛡️[0m
            [36m</span>[39m
            [0m ISO Doc[0m
          [36m</h1>[39m
        [36m</div>[39m
        [36m<nav[39m
          [33mclass[39m=[32m"flex-1 p-4 space-y-1"[39m
        [36m>[39m
          [36m<a[39m
            [33mclass[39m=[32m"flex items-center gap-3 px-4 py-3 rounded-lg transition-colors bg-blue-50 text-blue-700 font-medium"[39m
            [33mhref[39m=[32m"/app/dashboard"[39m
          [36m>[39m
            [36m<span[39m
              [33mclass[39m=[32m"text-xl"[39m
            [36m>[39m
              [0m📊[0m
            [36m</span>[39m
            [0mDashboard[0m
          [36m</a>[39m
          [36m<a[39m
            [33mclass[39m=[32m"flex items-center gap-3 px-4 py-3 rounded-lg transition-colors text-gray-600 hover:bg-gray-50 hover:text-gray-900"[39m
            [33mhref[39m=[32m"/app/documents"[39m
          [36m>[39m
            [36m<span[39m
              [33mclass[39m=[32m"text-xl"[39m
            [36m>[39m
              [0m📁[0m
            [36m</span>[39m
            [0mDocuments[0m
          [36m</a>[39m
          [36m<a[39m
            [33mclass[39m=[32m"flex items-center gap-3 px-4 py-3 rounded-lg transition-colors text-gray-600 hover:bg-gray-50 hover:text-gray-900"[39m
            [33mhref[39m=[32m"/app/gap-analysis"[39m
          [36m>[39m
            [36m<span[39m
              [33mclass[39m=[32m"text-xl"[39m
            [36m>[39m
              [0m🔍[0m
            [36m</span>[39m
            [0mGap Analysis[0m
          [36m</a>[39m
          [36m<a[39m
            [33mclass[39m=[32m"flex items-center gap-3 px-4 py-3 rounded-lg transition-colors text-gray-600 hover:bg-gray-50 hover:text-gray-900"[39m
            [33mhref[39m=[32m"/app/reports"[39m
          [36m>[39m
            [36m<span[39m
              [33mclass[39m=[32m"text-xl"[39m
            [36m>[39m
              [0m📋[0m
            [36m</span>[39m
            [0mReports[0m
          [36m</a>[39m
          [36m<a[39m
            [33mclass[39m=[32m"flex items-center gap-3 px-4 py-3 rounded-lg transition-colors text-gray-600 hover:bg-gray-50 hover:text-gray-900"[39m
            [33mhref[39m=[32m"/app/settings"[39m
          [36m>[39m
            [36m<span[39m
              [33mclass[39m=[32m"text-xl"[39m
            [36m>[39m
              [0m⚙️[0m
            [36m</span>[39m
            [0mSettings[0m
          [36m</a>[39m
        [36m</nav>[39m
        [36m<div[39m
          [33mclass[39m=[32m"p-4 border-t border-gray-100"[39m
        [36m>[39m
          [36m<div[39m
            [33mclass[39m=[32m"bg-blue-50 rounded-lg p-4"[39m
          [36m>[39m
            [36m<h4[39m
              [33mclass[39m=[32m"text-sm font-semibold text-blue-800 mb-1"[39m
            [36m>[39m
              [0mPro Plan[0m
            [36m</h4>[39m
            [36m<p[39m
              [33mclass[39m=[32m"text-xs text-blue-600 mb-3"[39m
            [36m>[39m
              [0mGet access to advanced AI features.[0m
            [36m</p>[39m
            [36m<button[39m
              [33mclass[39m=[32m"w-full bg-blue-600 text-white text-xs font-medium py-2 rounded hover:bg-blue-700 transition"[39m
            [36m>[39m
              [0mUpgrade Now[0m
            [36m</button>[39m
          [36m</div>[39m
        [36m</div>[39m
      [36m</aside>[39m
      [36m<div[39m
        [33mclass[39m=[32m"flex-1 flex flex-col"[39m
      [36m>[39m
        [36m<header[39m
          [33mclass[39m=[32m"bg-white border-b border-gray-200 px-8 py-4 flex justify-between items-center sticky top-0 z-10"[39m
        [36m>[39m
          [36m<div>[39m
            [36m<h2[39m
              [33mclass[39m=[32m"text-xl font-semibold text-gray-800"[39m
            [36m>[39m
              [0mDashboard[0m
            [36m</h2>[39m
            [36m<p[39m
              [33mclass[39m=[32m"text-sm text-gray-500"[39m
            [36m>[39m
              [0mWelcome back, User[0m
            [36m</p>[39m
          [36m</div>[39m
          [36m<div[39m
            [33mclass[39m=[32m"w-1/3"[39m
          [36m>[39m
            [36m<div[39m
              [33mclass[39m=[32m"relative w-full max-w-xl"[39m
            [36m>[39m
              [36m<form[39m
                [33mclass[39m=[32m"relative"[39m
              [36m>[39m
                [36m<input[39m
                  [33mclass[39m=[32m"w-full border border-gray-300 rounded-lg py-2 px-4 pl-10 focus:outline-none focus:ring-2 focus:ring-blue-500"[39m
                  [33mplaceholder[39m=[32m"Search documents (e.g. 'password policy')..."[39m
                  [33mtype[39m=[32m"text"[39m
                  [33mvalue[39m=[32m""[39m
                [36m/>[39m
                [36m<div[39m
                  [33mclass[39m=[32m"absolute inset-y-0 left-0 pl-3 flex items-center pointer-events-none"[39m
                [36m>[39m
                  [36m<span[39m
                    [33mclass[39m=[32m"text-gray-400"[39m
                  [36m>[39m
                    [0m🔍[0m
                  [36m</span>[39m
                [36m</div>[39m
                [36m<button[39m
                  [33mclass[39m=[32m"absolute inset-y-0 right-0 px-4 text-white bg-blue-600 rounded-r-lg hover:bg-blue-700 disabled:opacity-50"[39m
                  [33mtype[39m=[32m"submit"[39m
                [36m>[39m
                  [0mSearch[0m
                [36m</button>[39m
              [36m</form>[39m
            [36m</div>[39m
          [36m</div>[39m
          [36m<div[39m
            [33mclass[39m=[32m"flex items-center gap-4"[39m
          [36m>[39m
            [36m<div[39m
              [33mclass[39m=[32m"relative"[39m
            [36m>[39m
              [36m<button[39m
                [33mclass[39m=[32m"p-2 text-gray-400 hover:text-gray-600 relative"[39m
              [36m>[39m
                [0m🔔[0m
              [36m</button>[39m
            [36m</div>[39m
            [36m<div[39m
              [33mclass[39m=[32m"w-8 h-8 bg-blue-100 rounded-full flex items-center justify-center text-blue-600 font-bold"[39m
            [36m>[39m
              [0mU[0m
            [36m</div>[39m
          [36m</div>[39m
        [36m</header>[39m
        [36m<main[39m
          [33mclass[39m=[32m"flex-1 p-8 overflow-y-auto"[39m
        [36m>[39m
          [36m<div[39m
            [33mclass[39m=[32m"max-w-7xl mx-auto space-y-8"[39m
          [36m>[39m
            [36m<div[39m
              [33mclass[39m=[32m"grid grid-cols-1 lg:grid-cols-3 gap-8"[39m
            [36m>[39m
              [36m<div[39m
                [33mclass[39m=[32m"lg:col-span-2 space-y-6"[39m
              [36m>[39m
                [36m<div[39m
                  [33mclass[39m=[32m"bg-white rounded-xl shadow-sm border border-gray-100 overflow-hidden"[39m
                [36m>[39m
                  [36m<div[39m
                    [33mclass[39m=[32m"p-6 border-b border-gray-100 flex justify-between items-center bg-gray-50/50"[39m
                  [36m>[39m
                    [36m<div>[39m
                      [36m<h3[39m
                        [33mclass[39m=[32m"text-lg font-semibold text-gray-900"[39m
                      [36m>[39m
                        [0mRecent Documents[0m
                      [36m</h3>[39m
                      [36m<p[39m
                        [33mclass[39m=[32m"text-sm text-gray-500"[39m
                      [36m>[39m
                        [0mManage and analyze your files[0m
                      [36m</p>[39m
                    [36m</div>[39m
                    [36m<div[39m
                      [33mclass[39m=[32m"relative"[39m
                    [36m>[39m
                      [36m<input[39m
                        [33mclass[39m=[32m"hidden"[39m
                        [33mid[39m=[32m"file-upload"[39m
                        [33mmultiple[39m=[32m""[39m
                        [33mtype[39m=[32m"file"[39m
                      [36m/>[39m
                      [36m<label[39m
                        [33mclass[39m=[32m"flex items-center gap-2 bg-blue-600 text-white px-4 py-2 rounded-lg hover:bg-blue-700 transition cursor-pointer shadow-sm "[39m
                        [33mfor[39m=[32m"file-upload"[39m
                      [36m>[39m
                        [36m<span>[39m
                          [0m☁️[0m
                        [36m</span>[39m
                        [0mUpload New[0m
                      [36m</label>[39m
                    [36m</div>[39m
                  [36m</div>[39m
                  [36m<div[39m
                    [33mclass[39m=[32m"overflow-x-auto"[39m
                  [36m>[39m
                    [36m<table[39m
                      [33mclass[39m=[32m"min-w-full divide-y divide-gray-200"[39m
                    [36m>[39m
                      [36m<thead[39m
                        [33mclass[39m=[32m"bg-gray-50"[39m
                      [36m>[39m
                        [36m<tr>[39m
                          [36m<th[39m
                            [33mclass[39m=[32m"px-6 py-3 text-left text-xs font-medium text-gray-500 uppercase tracking-wider"[39m
                          [36m>[39m
                            [0mDocument[0m
                          [36m</th>[39m
                          [36m<th[39m
                            [33mclass[39m=[32m"px-6 py-3 text-left text-xs font-medium text-gray-500 uppercase tracking-wider"[39m
                          [36m>[39m
                            [0mStatus[0m
                          [36m</th>[39m
                          [36m<th[39m
                            [33mclass[39m=[32m"px-6 py-3 text-left text-xs font-medium text-gray-500 uppercase tracking-wider"[39m
                          [36m>[39m
                            [0mDate[0m
                          [36m</th>[39m
                          [36m<th[39m
                            [33mclass[39m=[32m"px-6 py-3 text-right text-xs font-medium text-gray-500 uppercase tracking-wider"[39m
                          [36m>[39m
                            [0mActions[0m
                          [36m</th>[39m
                        [36m</tr>[39m
                      [36m</thead>[39m
                      [36m<tbody[39m
                        [33mclass[39m=[32m"bg-white divide-y divide-gray-200"[39m
                      [36m>[39m
                        [36m<tr>[39m
                          [36m<td[39m
                            [33mclass[39m=[32m"px-6 py-12 text-center text-gray-500"[39m
                            [33mcolspan[39m=[32m"4"[39m
                          [36m>[39m
                            [36m<div[39m
                              [33mclass[39m=[32m"flex flex-col items-center gap-2"[39m
                            [36m>[39m
                              [36m<span[39m
                                [33mclass[39m=[32m"text-4xl"[39m
                              [36m>[39m
                                [0m📄[0m
                              [36m</span>[39m
                              [36m<p>[39m
                                [0mNo documents found[0m
                              [36m</p>[39m
                              [36m<p[39m
                                [33mclass[39m=[32m"text-sm"[39m
                              [36m>[39m
                                [0mUpload a document to get started[0m
                              [36m</p>[39m
                            [36m</div>[39m
                          [36m</td>[39m
                        [36m</tr>[39m
                      [36m</tbody>[39m
                    [36m</table>[39m
                  [36m</div>[39m
                [36m</div>[39m
              [36m</div>[39m
              [36m<div[39m
                [33mclass[39m=[32m"space-y-8"[39m
              [36m>[39m
                [36m<div[39m
                  [33mclass[39m=[32m"bg-gradient-to-br from-blue-600 to-indigo-700 rounded-xl shadow-lg p-6 text-white"[39m
                [36m>[39m
                  [36m<h3[39m
                    [33mclass[39m=[32m"text-lg font-semibold mb-2"[39m
                  [36m>[39m
                    [0mNeed Help?[0m
                  [36m</h3>[39m
                  [36m<p[39m
                    [33mclass[39m=[32m"text-blue-100 text-sm mb-4"[39m
                  [36m>[39m
                    [0mAsk our AI Auditor anything about your compliance status.[0m
                  [36m</p>[39m
                  [36m<button[39m
                    [33mclass[39m=[32m"w-full bg-white text-blue-600 py-2 rounded-lg font-medium hover:bg-blue-50 transition"[39m
                  [36m>[39m
                    [0mStart Chat[0m
                  [36m</button>[39m
                [36m</div>[39m
              [36m</div>[39m
            [36m</div>[39m
          [36m</div>[39m
        [36m</main>[39m
      [36m</div>[39m
    [36m</div>[39m
  [36m</div>[39m
[36m</body>[39m
 ❯ Object.getElementError node_modules/@testing-library/dom/dist/config.js:37:19
 ❯ getAllByLabelText node_modules/@testing-library/dom/dist/queries/label-text.js:111:38
 ❯ node_modules/@testing-library/dom/dist/query-helpers.js:52:17
 ❯ node_modules/@testing-library/dom/dist/query-helpers.js:95:19
 ❯ app/app/dashboard/page.test.tsx:202:30
    200|         // Trigger upload
    201|         const file = new File(['hello'], 'hello.png', { type: 'image/p…
    202|         const input = screen.getByLabelText('Upload New') as HTMLInput…
       |                              ^
    203|         Object.defineProperty(input, 'files', { value: [file] });
    204|         fireEvent.change(input);

⎯⎯⎯⎯⎯⎯⎯⎯⎯⎯⎯⎯⎯⎯⎯⎯⎯⎯⎯⎯⎯⎯⎯⎯[5/5]⎯

⎯⎯⎯⎯⎯⎯ Unhandled Errors ⎯⎯⎯⎯⎯⎯

Vitest caught 1 unhandled error during the test run.
This might cause false positive tests. Resolve unhandled errors to make sure your tests are not affected.

⎯⎯⎯⎯⎯ Uncaught Exception ⎯⎯⎯⎯⎯
TypeError: Cannot read properties of undefined (reading 'length')
 ❯ ActivityWidget app/components/ActivityWidget.tsx:14:27
     12|             </div>
     13|             <div className="divide-y divide-gray-100">
     14|                 {activity.length === 0 ? (
       |                           ^
     15|                     <div className="p-6 text-center text-gray-500">No …
     16|                 ) : (
 ❯ Object.react_stack_bottom_frame node_modules/react-dom/cjs/react-dom-client.development.js:25904:20
 ❯ renderWithHooks node_modules/react-dom/cjs/react-dom-client.development.js:7662:22
 ❯ updateFunctionComponent node_modules/react-dom/cjs/react-dom-client.development.js:10166:19
 ❯ beginWork node_modules/react-dom/cjs/react-dom-client.development.js:11778:18
 ❯ runWithFiberInDEV node_modules/react-dom/cjs/react-dom-client.development.js:874:13
 ❯ performUnitOfWork node_modules/react-dom/cjs/react-dom-client.development.js:17641:22
 ❯ workLoopSync node_modules/react-dom/cjs/react-dom-client.development.js:17469:41
 ❯ renderRootSync node_modules/react-dom/cjs/react-dom-client.development.js:17450:11
 ❯ performWorkOnRoot node_modules/react-dom/cjs/react-dom-client.development.js:16583:35

This error originated in "app/app/dashboard/page.test.tsx" test file. It doesn't mean the error was thrown inside the file itself, but while it was running.
The latest test that might've caused the error is "shows notifications". It might mean one of the following:
- The error was thrown, while Vitest was running this test.
- If the error occurred after the test had been completed, this was the last documented test before it was thrown.
⎯⎯⎯⎯⎯⎯⎯⎯⎯⎯⎯⎯⎯⎯⎯⎯⎯⎯⎯⎯⎯⎯⎯⎯⎯⎯⎯⎯⎯⎯


 Test Files  2 failed | 3 passed (5)
      Tests  5 failed | 13 passed (18)
     Errors  1 error
   Start at  02:19:55
   Duration  41.38s

 FAIL  Tests failed. Watching for file changes...
       press h to show help, press q to quit
c[3J RERUN  tests/auth.spec.ts x1 

 ❯ app/app/dashboard/page.test.tsx (7 tests | 2 failed) 2676ms
     ✓ renders documents and standards  912ms
     ✓ renders dashboard widgets 103ms
     ✓ opens analysis modal and runs check  370ms
     ✓ shows staged documents and allows approval 84ms
     ✓ allows rejecting staged documents 188ms
     × shows notifications 1008ms
     × shows upload progress 9ms
 ❯ lib/api.test.ts (4 tests | 3 failed) 322ms
       × should fetch documents successfully 27ms
       ✓ should throw error on failure 9ms
       × should upload document successfully 284ms
       × should throw error on upload failure 0ms

⎯⎯⎯⎯⎯⎯ Failed Suites 1 ⎯⎯⎯⎯⎯⎯⎯

 FAIL  tests/auth.spec.ts [ tests/auth.spec.ts ]
Error: No test suite found in file /Users/isak/Downloads/iso-doc-platform/frontend/tests/auth.spec.ts
⎯⎯⎯⎯⎯⎯⎯⎯⎯⎯⎯⎯⎯⎯⎯⎯⎯⎯⎯⎯⎯⎯⎯⎯[1/1]⎯


 Test Files  3 failed (3)
      Tests  5 failed | 6 passed (11)
   Start at  02:20:35
   Duration  278ms

 FAIL  Tests failed. Watching for file changes...
       press h to show help, press q to quit
c[3J RERUN  tests/auth.spec.ts x2 

 ❯ app/app/dashboard/page.test.tsx (7 tests | 2 failed) 2676ms
     ✓ renders documents and standards  912ms
     ✓ renders dashboard widgets 103ms
     ✓ opens analysis modal and runs check  370ms
     ✓ shows staged documents and allows approval 84ms
     ✓ allows rejecting staged documents 188ms
     × shows notifications 1008ms
     × shows upload progress 9ms
 ❯ lib/api.test.ts (4 tests | 3 failed) 322ms
       × should fetch documents successfully 27ms
       ✓ should throw error on failure 9ms
       × should upload document successfully 284ms
       × should throw error on upload failure 0ms

⎯⎯⎯⎯⎯⎯ Failed Suites 1 ⎯⎯⎯⎯⎯⎯⎯

 FAIL  tests/auth.spec.ts [ tests/auth.spec.ts ]
Error: Playwright Test did not expect test() to be called here.
Most common reasons include:
- You are calling test() in a configuration file.
- You are calling test() in a file that is imported by the configuration file.
- You have two different versions of @playwright/test. This usually happens
  when one of the dependencies in your package.json depends on @playwright/test.
 ❯ TestTypeImpl._currentSuite node_modules/playwright/lib/common/testType.js:75:13
 ❯ TestTypeImpl._createTest node_modules/playwright/lib/common/testType.js:88:24
 ❯ node_modules/playwright/lib/transform/transform.js:275:12
 ❯ tests/auth.spec.ts:3:1
      1| import { test, expect } from '@playwright/test';
      2| 
      3| test('authentication flow', async ({ page }) => {
       | ^
      4|     // 1. Go to dashboard (should redirect to login)
      5|     await page.goto('http://localhost:3000/dashboard');

⎯⎯⎯⎯⎯⎯⎯⎯⎯⎯⎯⎯⎯⎯⎯⎯⎯⎯⎯⎯⎯⎯⎯⎯[1/1]⎯


 Test Files  3 failed (3)
      Tests  5 failed | 6 passed (11)
   Start at  02:20:38
   Duration  226ms

 FAIL  Tests failed. Watching for file changes...
       press h to show help, press q to quit
c[3J RERUN  tests/auth.spec.ts x3 

 ❯ app/app/dashboard/page.test.tsx (7 tests | 2 failed) 2676ms
     ✓ renders documents and standards  912ms
     ✓ renders dashboard widgets 103ms
     ✓ opens analysis modal and runs check  370ms
     ✓ shows staged documents and allows approval 84ms
     ✓ allows rejecting staged documents 188ms
     × shows notifications 1008ms
     × shows upload progress 9ms
 ❯ lib/api.test.ts (4 tests | 3 failed) 322ms
       × should fetch documents successfully 27ms
       ✓ should throw error on failure 9ms
       × should upload document successfully 284ms
       × should throw error on upload failure 0ms

⎯⎯⎯⎯⎯⎯ Failed Suites 1 ⎯⎯⎯⎯⎯⎯⎯

 FAIL  tests/auth.spec.ts [ tests/auth.spec.ts ]
Error: Playwright Test did not expect test() to be called here.
Most common reasons include:
- You are calling test() in a configuration file.
- You are calling test() in a file that is imported by the configuration file.
- You have two different versions of @playwright/test. This usually happens
  when one of the dependencies in your package.json depends on @playwright/test.
 ❯ TestTypeImpl._currentSuite node_modules/playwright/lib/common/testType.js:75:13
 ❯ TestTypeImpl._createTest node_modules/playwright/lib/common/testType.js:88:24
 ❯ node_modules/playwright/lib/transform/transform.js:275:12
 ❯ tests/auth.spec.ts:3:1
      1| import { test, expect } from '@playwright/test';
      2| 
      3| test('authentication flow', async ({ page }) => {
       | ^
      4|     // 1. Go to dashboard (should redirect to login)
      5|     await page.goto('http://localhost:3000/dashboard');

⎯⎯⎯⎯⎯⎯⎯⎯⎯⎯⎯⎯⎯⎯⎯⎯⎯⎯⎯⎯⎯⎯⎯⎯[1/1]⎯


 Test Files  3 failed (3)
      Tests  5 failed | 6 passed (11)
   Start at  02:20:53
   Duration  314ms

 FAIL  Tests failed. Watching for file changes...
       press h to show help, press q to quit
c[3J RERUN  package.json 

 ✓ app/app/page.test.tsx (1 test) 1696ms
     ✓ renders a heading  1670ms
stderr | lib/api.test.ts > API Client > fetchDocuments > should throw error on failure
[next-auth][error][CLIENT_FETCH_ERROR] 
https://next-auth.js.org/errors#client_fetch_error res.json is not a function {
  error: {
    message: [32m'res.json is not a function'[39m,
    stack: [32m'TypeError: res.json is not a function\n'[39m +
      [32m'    at _callee$ (/Users/isak/Downloads/iso-doc-platform/frontend/node_modules/next-auth/client/_utils.js:53:22)\n'[39m +
      [32m'    at /Users/isak/Downloads/iso-doc-platform/frontend/node_modules/@babel/runtime/helpers/regeneratorRuntime.js:52:18\n'[39m +
      [32m'    at Generator.<anonymous> (/Users/isak/Downloads/iso-doc-platform/frontend/node_modules/@babel/runtime/helpers/regenerator.js:52:51)\n'[39m +
      [32m'    at Generator.next (/Users/isak/Downloads/iso-doc-platform/frontend/node_modules/@babel/runtime/helpers/regeneratorDefine.js:11:21)\n'[39m +
      [32m'    at asyncGeneratorStep (/Users/isak/Downloads/iso-doc-platform/frontend/node_modules/@babel/runtime/helpers/asyncToGenerator.js:3:17)\n'[39m +
      [32m'    at _next (/Users/isak/Downloads/iso-doc-platform/frontend/node_modules/@babel/runtime/helpers/asyncToGenerator.js:17:9)\n'[39m +
      [32m'    at processTicksAndRejections (node:internal/process/task_queues:95:5)'[39m,
    name: [32m'TypeError'[39m
  },
  url: [32m'/api/auth/session'[39m,
  message: [32m'res.json is not a function'[39m
}

 ❯ lib/api.test.ts (4 tests | 3 failed) 254ms
       × should fetch documents successfully 220ms
       ✓ should throw error on failure 25ms
       × should upload document successfully 7ms
       × should throw error on upload failure 1ms
 ✓ app/app/gap-analysis/page.test.tsx (2 tests) 2350ms
     ✓ renders and loads standards  1449ms
     ✓ runs gap analysis and displays results  817ms
stderr | app/app/dashboard/page.test.tsx > Dashboard Page > renders documents and standards
Failed to load notifications TypeError: Cannot read properties of undefined (reading 'filter')
    at loadNotifications [90m(/Users/isak/Downloads/iso-doc-platform/frontend/[39mlib/hooks.ts:12:33[90m)[39m
[90m    at processTicksAndRejections (node:internal/process/task_queues:95:5)[39m

stderr | app/app/dashboard/page.test.tsx > Dashboard Page > renders dashboard widgets
Failed to load notifications TypeError: Cannot read properties of undefined (reading 'filter')
    at loadNotifications [90m(/Users/isak/Downloads/iso-doc-platform/frontend/[39mlib/hooks.ts:12:33[90m)[39m
[90m    at runNextTicks (node:internal/process/task_queues:60:5)[39m
[90m    at listOnTimeout (node:internal/timers:545:9)[39m
[90m    at processTimers (node:internal/timers:519:7)[39m

stderr | app/app/dashboard/page.test.tsx > Dashboard Page > opens analysis modal and runs check
Failed to load notifications TypeError: Cannot read properties of undefined (reading 'filter')
    at loadNotifications [90m(/Users/isak/Downloads/iso-doc-platform/frontend/[39mlib/hooks.ts:12:33[90m)[39m

stderr | app/app/documents/[id]/page.test.tsx > DocumentView Page > triggers export on button click
An update to DocumentView inside a test was not wrapped in act(...).

When testing, code that causes React state updates should be wrapped into act(...):

act(() => {
  /* fire events that update state */
});
/* assert on the output */

This ensures that you're testing the behavior the user would see in the browser. Learn more at https://react.dev/link/wrap-tests-with-act
An update to DocumentView inside a test was not wrapped in act(...).

When testing, code that causes React state updates should be wrapped into act(...):

act(() => {
  /* fire events that update state */
});
/* assert on the output */

This ensures that you're testing the behavior the user would see in the browser. Learn more at https://react.dev/link/wrap-tests-with-act
An update to DocumentView inside a test was not wrapped in act(...).

When testing, code that causes React state updates should be wrapped into act(...):

act(() => {
  /* fire events that update state */
});
/* assert on the output */

This ensures that you're testing the behavior the user would see in the browser. Learn more at https://react.dev/link/wrap-tests-with-act

stderr | app/app/dashboard/page.test.tsx > Dashboard Page > shows staged documents and allows approval
Failed to load notifications TypeError: Cannot read properties of undefined (reading 'filter')
    at loadNotifications [90m(/Users/isak/Downloads/iso-doc-platform/frontend/[39mlib/hooks.ts:12:33[90m)[39m

 ❯ app/app/documents/[id]/page.test.tsx (2 tests | 1 failed) 6837ms
     × renders document details and download button 6214ms
     ✓ triggers export on button click  619ms
stderr | app/app/dashboard/page.test.tsx > Dashboard Page > allows rejecting staged documents
Failed to load notifications TypeError: Cannot read properties of undefined (reading 'filter')
    at loadNotifications [90m(/Users/isak/Downloads/iso-doc-platform/frontend/[39mlib/hooks.ts:12:33[90m)[39m
[90m    at runNextTicks (node:internal/process/task_queues:60:5)[39m
[90m    at processTimers (node:internal/timers:516:9)[39m

stderr | app/app/dashboard/page.test.tsx > Dashboard Page > shows notifications
An error occurred in the <ActivityWidget> component.

Consider adding an error boundary to your tree to customize error handling behavior.
Visit https://react.dev/link/error-boundaries to learn more about error boundaries.


 ✓ app/app/reports/[id]/page.test.tsx (3 tests) 738ms
     ✓ renders loading state initially  483ms
stderr | app/app/dashboard/page.test.tsx > Dashboard Page > shows upload progress
An update to Header inside a test was not wrapped in act(...).

When testing, code that causes React state updates should be wrapped into act(...):

act(() => {
  /* fire events that update state */
});
/* assert on the output */

This ensures that you're testing the behavior the user would see in the browser. Learn more at https://react.dev/link/wrap-tests-with-act
An update to Header inside a test was not wrapped in act(...).

When testing, code that causes React state updates should be wrapped into act(...):

act(() => {
  /* fire events that update state */
});
/* assert on the output */

This ensures that you're testing the behavior the user would see in the browser. Learn more at https://react.dev/link/wrap-tests-with-act
An update to Dashboard inside a test was not wrapped in act(...).

When testing, code that causes React state updates should be wrapped into act(...):

act(() => {
  /* fire events that update state */
});
/* assert on the output */

This ensures that you're testing the behavior the user would see in the browser. Learn more at https://react.dev/link/wrap-tests-with-act
An update to Dashboard inside a test was not wrapped in act(...).

When testing, code that causes React state updates should be wrapped into act(...):

act(() => {
  /* fire events that update state */
});
/* assert on the output */

This ensures that you're testing the behavior the user would see in the browser. Learn more at https://react.dev/link/wrap-tests-with-act
An update to Dashboard inside a test was not wrapped in act(...).

When testing, code that causes React state updates should be wrapped into act(...):

act(() => {
  /* fire events that update state */
});
/* assert on the output */

This ensures that you're testing the behavior the user would see in the browser. Learn more at https://react.dev/link/wrap-tests-with-act
An update to Dashboard inside a test was not wrapped in act(...).

When testing, code that causes React state updates should be wrapped into act(...):

act(() => {
  /* fire events that update state */
});
/* assert on the output */

This ensures that you're testing the behavior the user would see in the browser. Learn more at https://react.dev/link/wrap-tests-with-act

 ❯ app/app/dashboard/page.test.tsx (7 tests | 2 failed) 6597ms
     ✓ renders documents and standards  3024ms
     ✓ renders dashboard widgets  916ms
     ✓ opens analysis modal and runs check  695ms
     ✓ shows staged documents and allows approval  449ms
     ✓ allows rejecting staged documents  316ms
     × shows notifications 1150ms
     × shows upload progress 32ms

⎯⎯⎯⎯⎯⎯ Failed Suites 1 ⎯⎯⎯⎯⎯⎯⎯

 FAIL  tests/auth.spec.ts [ tests/auth.spec.ts ]
Error: Playwright Test did not expect test() to be called here.
Most common reasons include:
- You are calling test() in a configuration file.
- You are calling test() in a file that is imported by the configuration file.
- You have two different versions of @playwright/test. This usually happens
  when one of the dependencies in your package.json depends on @playwright/test.
 ❯ TestTypeImpl._currentSuite node_modules/playwright/lib/common/testType.js:75:13
 ❯ TestTypeImpl._createTest node_modules/playwright/lib/common/testType.js:88:24
 ❯ node_modules/playwright/lib/transform/transform.js:275:12
 ❯ tests/auth.spec.ts:3:1
      1| import { test, expect } from '@playwright/test';
      2| 
      3| test('authentication flow', async ({ page }) => {
       | ^
      4|     // 1. Go to dashboard (should redirect to login)
      5|     await page.goto('http://localhost:3000/dashboard');

⎯⎯⎯⎯⎯⎯⎯⎯⎯⎯⎯⎯⎯⎯⎯⎯⎯⎯⎯⎯⎯⎯⎯⎯[1/7]⎯


⎯⎯⎯⎯⎯⎯⎯ Failed Tests 6 ⎯⎯⎯⎯⎯⎯⎯

 FAIL  app/app/dashboard/page.test.tsx > Dashboard Page > shows notifications
TestingLibraryElementError: Unable to find an element with the text: 1. This could be because the text is broken up by multiple elements. In this case, you can provide a function for your text matcher to make your matcher more flexible.

Ignored nodes: comments, script, style
[36m<body>[39m
  [36m<div />[39m
[36m</body>[39m

Ignored nodes: comments, script, style
[36m<html>[39m
  [36m<head />[39m
  [36m<body>[39m
    [36m<div />[39m
  [36m</body>[39m
[36m</html>[39m
 ❯ Proxy.waitForWrapper node_modules/@testing-library/dom/dist/wait-for.js:163:27
 ❯ app/app/dashboard/page.test.tsx:168:15
    166|         render(<Dashboard />);
    167| 
    168|         await waitFor(() => {
       |               ^
    169|             expect(screen.getByText('1')).toBeDefined(); // Unread cou…
    170|         });

⎯⎯⎯⎯⎯⎯⎯⎯⎯⎯⎯⎯⎯⎯⎯⎯⎯⎯⎯⎯⎯⎯⎯⎯[2/7]⎯

 FAIL  app/app/dashboard/page.test.tsx > Dashboard Page > shows upload progress
TestingLibraryElementError: Unable to find a label with the text of: Upload New

Ignored nodes: comments, script, style
[36m<body>[39m
  [36m<div>[39m
    [36m<div[39m
      [33mclass[39m=[32m"flex min-h-screen bg-gray-50"[39m
    [36m>[39m
      [36m<aside[39m
        [33mclass[39m=[32m"w-64 bg-white border-r border-gray-200 min-h-screen flex flex-col"[39m
      [36m>[39m
        [36m<div[39m
          [33mclass[39m=[32m"p-6 border-b border-gray-100"[39m
        [36m>[39m
          [36m<h1[39m
            [33mclass[39m=[32m"text-2xl font-bold text-blue-600 flex items-center gap-2"[39m
          [36m>[39m
            [36m<span>[39m
              [0m🛡️[0m
            [36m</span>[39m
            [0m ISO Doc[0m
          [36m</h1>[39m
        [36m</div>[39m
        [36m<nav[39m
          [33mclass[39m=[32m"flex-1 p-4 space-y-1"[39m
        [36m>[39m
          [36m<a[39m
            [33mclass[39m=[32m"flex items-center gap-3 px-4 py-3 rounded-lg transition-colors bg-blue-50 text-blue-700 font-medium"[39m
            [33mhref[39m=[32m"/app/dashboard"[39m
          [36m>[39m
            [36m<span[39m
              [33mclass[39m=[32m"text-xl"[39m
            [36m>[39m
              [0m📊[0m
            [36m</span>[39m
            [0mDashboard[0m
          [36m</a>[39m
          [36m<a[39m
            [33mclass[39m=[32m"flex items-center gap-3 px-4 py-3 rounded-lg transition-colors text-gray-600 hover:bg-gray-50 hover:text-gray-900"[39m
            [33mhref[39m=[32m"/app/documents"[39m
          [36m>[39m
            [36m<span[39m
              [33mclass[39m=[32m"text-xl"[39m
            [36m>[39m
              [0m📁[0m
            [36m</span>[39m
            [0mDocuments[0m
          [36m</a>[39m
          [36m<a[39m
            [33mclass[39m=[32m"flex items-center gap-3 px-4 py-3 rounded-lg transition-colors text-gray-600 hover:bg-gray-50 hover:text-gray-900"[39m
            [33mhref[39m=[32m"/app/gap-analysis"[39m
          [36m>[39m
            [36m<span[39m
              [33mclass[39m=[32m"text-xl"[39m
            [36m>[39m
              [0m🔍[0m
            [36m</span>[39m
            [0mGap Analysis[0m
          [36m</a>[39m
          [36m<a[39m
            [33mclass[39m=[32m"flex items-center gap-3 px-4 py-3 rounded-lg transition-colors text-gray-600 hover:bg-gray-50 hover:text-gray-900"[39m
            [33mhref[39m=[32m"/app/reports"[39m
          [36m>[39m
            [36m<span[39m
              [33mclass[39m=[32m"text-xl"[39m
            [36m>[39m
              [0m📋[0m
            [36m</span>[39m
            [0mReports[0m
          [36m</a>[39m
          [36m<a[39m
            [33mclass[39m=[32m"flex items-center gap-3 px-4 py-3 rounded-lg transition-colors text-gray-600 hover:bg-gray-50 hover:text-gray-900"[39m
            [33mhref[39m=[32m"/app/settings"[39m
          [36m>[39m
            [36m<span[39m
              [33mclass[39m=[32m"text-xl"[39m
            [36m>[39m
              [0m⚙️[0m
            [36m</span>[39m
            [0mSettings[0m
          [36m</a>[39m
        [36m</nav>[39m
        [36m<div[39m
          [33mclass[39m=[32m"p-4 border-t border-gray-100"[39m
        [36m>[39m
          [36m<div[39m
            [33mclass[39m=[32m"bg-blue-50 rounded-lg p-4"[39m
          [36m>[39m
            [36m<h4[39m
              [33mclass[39m=[32m"text-sm font-semibold text-blue-800 mb-1"[39m
            [36m>[39m
              [0mPro Plan[0m
            [36m</h4>[39m
            [36m<p[39m
              [33mclass[39m=[32m"text-xs text-blue-600 mb-3"[39m
            [36m>[39m
              [0mGet access to advanced AI features.[0m
            [36m</p>[39m
            [36m<button[39m
              [33mclass[39m=[32m"w-full bg-blue-600 text-white text-xs font-medium py-2 rounded hover:bg-blue-700 transition"[39m
            [36m>[39m
              [0mUpgrade Now[0m
            [36m</button>[39m
          [36m</div>[39m
        [36m</div>[39m
      [36m</aside>[39m
      [36m<div[39m
        [33mclass[39m=[32m"flex-1 flex flex-col"[39m
      [36m>[39m
        [36m<header[39m
          [33mclass[39m=[32m"bg-white border-b border-gray-200 px-8 py-4 flex justify-between items-center sticky top-0 z-10"[39m
        [36m>[39m
          [36m<div>[39m
            [36m<h2[39m
              [33mclass[39m=[32m"text-xl font-semibold text-gray-800"[39m
            [36m>[39m
              [0mDashboard[0m
            [36m</h2>[39m
            [36m<p[39m
              [33mclass[39m=[32m"text-sm text-gray-500"[39m
            [36m>[39m
              [0mWelcome back, User[0m
            [36m</p>[39m
          [36m</div>[39m
          [36m<div[39m
            [33mclass[39m=[32m"w-1/3"[39m
          [36m>[39m
            [36m<div[39m
              [33mclass[39m=[32m"relative w-full max-w-xl"[39m
            [36m>[39m
              [36m<form[39m
                [33mclass[39m=[32m"relative"[39m
              [36m>[39m
                [36m<input[39m
                  [33mclass[39m=[32m"w-full border border-gray-300 rounded-lg py-2 px-4 pl-10 focus:outline-none focus:ring-2 focus:ring-blue-500"[39m
                  [33mplaceholder[39m=[32m"Search documents (e.g. 'password policy')..."[39m
                  [33mtype[39m=[32m"text"[39m
                  [33mvalue[39m=[32m""[39m
                [36m/>[39m
                [36m<div[39m
                  [33mclass[39m=[32m"absolute inset-y-0 left-0 pl-3 flex items-center pointer-events-none"[39m
                [36m>[39m
                  [36m<span[39m
                    [33mclass[39m=[32m"text-gray-400"[39m
                  [36m>[39m
                    [0m🔍[0m
                  [36m</span>[39m
                [36m</div>[39m
                [36m<button[39m
                  [33mclass[39m=[32m"absolute inset-y-0 right-0 px-4 text-white bg-blue-600 rounded-r-lg hover:bg-blue-700 disabled:opacity-50"[39m
                  [33mtype[39m=[32m"submit"[39m
                [36m>[39m
                  [0mSearch[0m
                [36m</button>[39m
              [36m</form>[39m
            [36m</div>[39m
          [36m</div>[39m
          [36m<div[39m
            [33mclass[39m=[32m"flex items-center gap-4"[39m
          [36m>[39m
            [36m<div[39m
              [33mclass[39m=[32m"relative"[39m
            [36m>[39m
              [36m<button[39m
                [33mclass[39m=[32m"p-2 text-gray-400 hover:text-gray-600 relative"[39m
              [36m>[39m
                [0m🔔[0m
              [36m</button>[39m
            [36m</div>[39m
            [36m<div[39m
              [33mclass[39m=[32m"w-8 h-8 bg-blue-100 rounded-full flex items-center justify-center text-blue-600 font-bold"[39m
            [36m>[39m
              [0mU[0m
            [36m</div>[39m
          [36m</div>[39m
        [36m</header>[39m
        [36m<main[39m
          [33mclass[39m=[32m"flex-1 p-8 overflow-y-auto"[39m
        [36m>[39m
          [36m<div[39m
            [33mclass[39m=[32m"max-w-7xl mx-auto space-y-8"[39m
          [36m>[39m
            [36m<div[39m
              [33mclass[39m=[32m"grid grid-cols-1 lg:grid-cols-3 gap-8"[39m
            [36m>[39m
              [36m<div[39m
                [33mclass[39m=[32m"lg:col-span-2 space-y-6"[39m
              [36m>[39m
                [36m<div[39m
                  [33mclass[39m=[32m"bg-white rounded-xl shadow-sm border border-gray-100 overflow-hidden"[39m
                [36m>[39m
                  [36m<div[39m
                    [33mclass[39m=[32m"p-6 border-b border-gray-100 flex justify-between items-center bg-gray-50/50"[39m
                  [36m>[39m
                    [36m<div>[39m
                      [36m<h3[39m
                        [33mclass[39m=[32m"text-lg font-semibold text-gray-900"[39m
                      [36m>[39m
                        [0mRecent Documents[0m
                      [36m</h3>[39m
                      [36m<p[39m
                        [33mclass[39m=[32m"text-sm text-gray-500"[39m
                      [36m>[39m
                        [0mManage and analyze your files[0m
                      [36m</p>[39m
                    [36m</div>[39m
                    [36m<div[39m
                      [33mclass[39m=[32m"relative"[39m
                    [36m>[39m
                      [36m<input[39m
                        [33mclass[39m=[32m"hidden"[39m
                        [33mid[39m=[32m"file-upload"[39m
                        [33mmultiple[39m=[32m""[39m
                        [33mtype[39m=[32m"file"[39m
                      [36m/>[39m
                      [36m<label[39m
                        [33mclass[39m=[32m"flex items-center gap-2 bg-blue-600 text-white px-4 py-2 rounded-lg hover:bg-blue-700 transition cursor-pointer shadow-sm "[39m
                        [33mfor[39m=[32m"file-upload"[39m
                      [36m>[39m
                        [36m<span>[39m
                          [0m☁️[0m
                        [36m</span>[39m
                        [0mUpload New[0m
                      [36m</label>[39m
                    [36m</div>[39m
                  [36m</div>[39m
                  [36m<div[39m
                    [33mclass[39m=[32m"overflow-x-auto"[39m
                  [36m>[39m
                    [36m<table[39m
                      [33mclass[39m=[32m"min-w-full divide-y divide-gray-200"[39m
                    [36m>[39m
                      [36m<thead[39m
                        [33mclass[39m=[32m"bg-gray-50"[39m
                      [36m>[39m
                        [36m<tr>[39m
                          [36m<th[39m
                            [33mclass[39m=[32m"px-6 py-3 text-left text-xs font-medium text-gray-500 uppercase tracking-wider"[39m
                          [36m>[39m
                            [0mDocument[0m
                          [36m</th>[39m
                          [36m<th[39m
                            [33mclass[39m=[32m"px-6 py-3 text-left text-xs font-medium text-gray-500 uppercase tracking-wider"[39m
                          [36m>[39m
                            [0mStatus[0m
                          [36m</th>[39m
                          [36m<th[39m
                            [33mclass[39m=[32m"px-6 py-3 text-left text-xs font-medium text-gray-500 uppercase tracking-wider"[39m
                          [36m>[39m
                            [0mDate[0m
                          [36m</th>[39m
                          [36m<th[39m
                            [33mclass[39m=[32m"px-6 py-3 text-right text-xs font-medium text-gray-500 uppercase tracking-wider"[39m
                          [36m>[39m
                            [0mActions[0m
                          [36m</th>[39m
                        [36m</tr>[39m
                      [36m</thead>[39m
                      [36m<tbody[39m
                        [33mclass[39m=[32m"bg-white divide-y divide-gray-200"[39m
                      [36m>[39m
                        [36m<tr>[39m
                          [36m<td[39m
                            [33mclass[39m=[32m"px-6 py-12 text-center text-gray-500"[39m
                            [33mcolspan[39m=[32m"4"[39m
                          [36m>[39m
                            [36m<div[39m
                              [33mclass[39m=[32m"flex flex-col items-center gap-2"[39m
                            [36m>[39m
                              [36m<span[39m
                                [33mclass[39m=[32m"text-4xl"[39m
                              [36m>[39m
                                [0m📄[0m
                              [36m</span>[39m
                              [36m<p>[39m
                                [0mNo documents found[0m
                              [36m</p>[39m
                              [36m<p[39m
                                [33mclass[39m=[32m"text-sm"[39m
                              [36m>[39m
                                [0mUpload a document to get started[0m
                              [36m</p>[39m
                            [36m</div>[39m
                          [36m</td>[39m
                        [36m</tr>[39m
                      [36m</tbody>[39m
                    [36m</table>[39m
                  [36m</div>[39m
                [36m</div>[39m
              [36m</div>[39m
              [36m<div[39m
                [33mclass[39m=[32m"space-y-8"[39m
              [36m>[39m
                [36m<div[39m
                  [33mclass[39m=[32m"bg-gradient-to-br from-blue-600 to-indigo-700 rounded-xl shadow-lg p-6 text-white"[39m
                [36m>[39m
                  [36m<h3[39m
                    [33mclass[39m=[32m"text-lg font-semibold mb-2"[39m
                  [36m>[39m
                    [0mNeed Help?[0m
                  [36m</h3>[39m
                  [36m<p[39m
                    [33mclass[39m=[32m"text-blue-100 text-sm mb-4"[39m
                  [36m>[39m
                    [0mAsk our AI Auditor anything about your compliance status.[0m
                  [36m</p>[39m
                  [36m<button[39m
                    [33mclass[39m=[32m"w-full bg-white text-blue-600 py-2 rounded-lg font-medium hover:bg-blue-50 transition"[39m
                  [36m>[39m
                    [0mStart Chat[0m
                  [36m</button>[39m
                [36m</div>[39m
              [36m</div>[39m
            [36m</div>[39m
          [36m</div>[39m
        [36m</main>[39m
      [36m</div>[39m
    [36m</div>[39m
  [36m</div>[39m
[36m</body>[39m
 ❯ Object.getElementError node_modules/@testing-library/dom/dist/config.js:37:19
 ❯ getAllByLabelText node_modules/@testing-library/dom/dist/queries/label-text.js:111:38
 ❯ node_modules/@testing-library/dom/dist/query-helpers.js:52:17
 ❯ node_modules/@testing-library/dom/dist/query-helpers.js:95:19
 ❯ app/app/dashboard/page.test.tsx:202:30
    200|         // Trigger upload
    201|         const file = new File(['hello'], 'hello.png', { type: 'image/p…
    202|         const input = screen.getByLabelText('Upload New') as HTMLInput…
       |                              ^
    203|         Object.defineProperty(input, 'files', { value: [file] });
    204|         fireEvent.change(input);

⎯⎯⎯⎯⎯⎯⎯⎯⎯⎯⎯⎯⎯⎯⎯⎯⎯⎯⎯⎯⎯⎯⎯⎯[3/7]⎯

 FAIL  lib/api.test.ts > API Client > fetchDocuments > should fetch documents successfully
AssertionError: expected "vi.fn()" to be called with arguments: [ StringContaining "/documents" ][90m

Received: 

[1m  1st vi.fn() call:

[22m[2m  [[22m
[32m-   StringContaining "/documents",[90m
[31m+   "/api/auth/session",[90m
[31m+   {[90m
[31m+     "headers": {[90m
[31m+       "Content-Type": "application/json",[90m
[31m+     },[90m
[31m+   },[90m
[2m  ][22m

[1m  2nd vi.fn() call:

[22m[2m  [[22m
[32m-   StringContaining "/documents",[90m
[31m+   "http://localhost:4000/documents",[90m
[31m+   {[90m
[31m+     "headers": {},[90m
[31m+   },[90m
[2m  ][22m
[39m[90m

Number of calls: [1m2[22m
[39m
 ❯ lib/api.test.ts:23:34
     21|             const docs = await fetchDocuments();
     22|             expect(docs).toEqual(mockDocs);
     23|             expect(global.fetch).toHaveBeenCalledWith(expect.stringCon…
       |                                  ^
     24|         });
     25| 

⎯⎯⎯⎯⎯⎯⎯⎯⎯⎯⎯⎯⎯⎯⎯⎯⎯⎯⎯⎯⎯⎯⎯⎯[4/7]⎯

 FAIL  lib/api.test.ts > API Client > uploadDocument > should upload document successfully
TypeError: (0 , __vite_ssr_import_0__.uploadDocument) is not a function
 ❯ lib/api.test.ts:42:19
     40| 
     41|             const file = new File(['content'], 'test.txt', { type: 'te…
     42|             await uploadDocument(file);
       |                   ^
     43| 
     44|             expect(global.fetch).toHaveBeenCalledWith(

⎯⎯⎯⎯⎯⎯⎯⎯⎯⎯⎯⎯⎯⎯⎯⎯⎯⎯⎯⎯⎯⎯⎯⎯[5/7]⎯

 FAIL  lib/api.test.ts > API Client > uploadDocument > should throw error on upload failure
TypeError: (0 , __vite_ssr_import_0__.uploadDocument) is not a function
 ❯ lib/api.test.ts:59:26
     57| 
     58|             const file = new File(['content'], 'test.txt', { type: 'te…
     59|             await expect(uploadDocument(file)).rejects.toThrow('Failed…
       |                          ^
     60|         });
     61|     });

⎯⎯⎯⎯⎯⎯⎯⎯⎯⎯⎯⎯⎯⎯⎯⎯⎯⎯⎯⎯⎯⎯⎯⎯[6/7]⎯

 FAIL  app/app/documents/[id]/page.test.tsx > DocumentView Page > renders document details and download button
Error: Test timed out in 5000ms.
If this is a long-running test, pass a timeout value as the last argument or configure it globally with "testTimeout".
 ❯ app/app/documents/[id]/page.test.tsx:24:5
     22|     });
     23| 
     24|     it('renders document details and download button', async () => {
       |     ^
     25|         const mockDocument = {
     26|             id: 'doc-1',

⎯⎯⎯⎯⎯⎯⎯⎯⎯⎯⎯⎯⎯⎯⎯⎯⎯⎯⎯⎯⎯⎯⎯⎯[7/7]⎯

⎯⎯⎯⎯⎯⎯ Unhandled Errors ⎯⎯⎯⎯⎯⎯

Vitest caught 1 unhandled error during the test run.
This might cause false positive tests. Resolve unhandled errors to make sure your tests are not affected.

⎯⎯⎯⎯⎯ Uncaught Exception ⎯⎯⎯⎯⎯
TypeError: Cannot read properties of undefined (reading 'length')
 ❯ ActivityWidget app/components/ActivityWidget.tsx:14:27
     12|             </div>
     13|             <div className="divide-y divide-gray-100">
     14|                 {activity.length === 0 ? (
       |                           ^
     15|                     <div className="p-6 text-center text-gray-500">No …
     16|                 ) : (
 ❯ Object.react_stack_bottom_frame node_modules/react-dom/cjs/react-dom-client.development.js:25904:20
 ❯ renderWithHooks node_modules/react-dom/cjs/react-dom-client.development.js:7662:22
 ❯ updateFunctionComponent node_modules/react-dom/cjs/react-dom-client.development.js:10166:19
 ❯ beginWork node_modules/react-dom/cjs/react-dom-client.development.js:11778:18
 ❯ runWithFiberInDEV node_modules/react-dom/cjs/react-dom-client.development.js:874:13
 ❯ performUnitOfWork node_modules/react-dom/cjs/react-dom-client.development.js:17641:22
 ❯ workLoopSync node_modules/react-dom/cjs/react-dom-client.development.js:17469:41
 ❯ renderRootSync node_modules/react-dom/cjs/react-dom-client.development.js:17450:11
 ❯ performWorkOnRoot node_modules/react-dom/cjs/react-dom-client.development.js:16583:35

This error originated in "app/app/dashboard/page.test.tsx" test file. It doesn't mean the error was thrown inside the file itself, but while it was running.
The latest test that might've caused the error is "shows notifications". It might mean one of the following:
- The error was thrown, while Vitest was running this test.
- If the error occurred after the test had been completed, this was the last documented test before it was thrown.
⎯⎯⎯⎯⎯⎯⎯⎯⎯⎯⎯⎯⎯⎯⎯⎯⎯⎯⎯⎯⎯⎯⎯⎯⎯⎯⎯⎯⎯⎯


 Test Files  4 failed | 3 passed (7)
      Tests  6 failed | 13 passed (19)
     Errors  1 error
   Start at  02:21:06
   Duration  68.45s

 FAIL  Tests failed. Watching for file changes...
       press h to show help, press q to quit
Test removed... [ tests/auth.spec.ts ]

c[3J RERUN  app/app/dashboard/page.tsx x71 

 ❯ lib/api.test.ts (4 tests | 3 failed) 254ms
       × should fetch documents successfully 220ms
       ✓ should throw error on failure 25ms
       × should upload document successfully 7ms
       × should throw error on upload failure 1ms
 ❯ app/app/documents/[id]/page.test.tsx (2 tests | 1 failed) 6837ms
     × renders document details and download button 6214ms
     ✓ triggers export on button click  619ms
 ❯ app/app/dashboard/page.test.tsx (7 tests | 7 failed) 77ms
     × renders documents and standards 25ms
     × renders dashboard widgets 9ms
     × opens analysis modal and runs check 9ms
     × shows staged documents and allows approval 5ms
     × allows rejecting staged documents 6ms
     × shows notifications 7ms
     × shows upload progress 15ms

⎯⎯⎯⎯⎯⎯⎯ Failed Tests 7 ⎯⎯⎯⎯⎯⎯⎯

 FAIL  app/app/dashboard/page.test.tsx > Dashboard Page > renders documents and standards
 FAIL  app/app/dashboard/page.test.tsx > Dashboard Page > renders dashboard widgets
 FAIL  app/app/dashboard/page.test.tsx > Dashboard Page > opens analysis modal and runs check
 FAIL  app/app/dashboard/page.test.tsx > Dashboard Page > shows staged documents and allows approval
 FAIL  app/app/dashboard/page.test.tsx > Dashboard Page > allows rejecting staged documents
 FAIL  app/app/dashboard/page.test.tsx > Dashboard Page > shows notifications
 FAIL  app/app/dashboard/page.test.tsx > Dashboard Page > shows upload progress
Error: Remember to wrap your app in a `<CopilotKit> {...} </CopilotKit>` !!!
 ❯ useCopilotContext node_modules/@copilotkit/react-core/dist/chunk-EUX2P2E7.mjs:96:11
 ❯ useCopilotReadable node_modules/@copilotkit/react-core/dist/chunk-HDOG2RTM.mjs:18:41
 ❯ Dashboard app/app/dashboard/page.tsx:38:5
     36|     const [stats, setStats] = useState<any>(null);
     37| 
     38|     useCopilotReadable({
       |     ^
     39|         description: 'Dashboard document lists visible to the user',
     40|         value: {
 ❯ Object.react_stack_bottom_frame node_modules/react-dom/cjs/react-dom-client.development.js:25904:20
 ❯ renderWithHooks node_modules/react-dom/cjs/react-dom-client.development.js:7662:22
 ❯ updateFunctionComponent node_modules/react-dom/cjs/react-dom-client.development.js:10166:19
 ❯ beginWork node_modules/react-dom/cjs/react-dom-client.development.js:11778:18
 ❯ runWithFiberInDEV node_modules/react-dom/cjs/react-dom-client.development.js:874:13
 ❯ performUnitOfWork node_modules/react-dom/cjs/react-dom-client.development.js:17641:22
 ❯ workLoopSync node_modules/react-dom/cjs/react-dom-client.development.js:17469:41

⎯⎯⎯⎯⎯⎯⎯⎯⎯⎯⎯⎯⎯⎯⎯⎯⎯⎯⎯⎯⎯⎯⎯⎯[1/7]⎯


 Test Files  3 failed (3)
      Tests  11 failed | 2 passed (13)
   Start at  02:26:09
   Duration  8.36s

 FAIL  Tests failed. Watching for file changes...
       press h to show help, press q to quit
c[3J RERUN  app/app/dashboard/page.tsx x72 

 ❯ lib/api.test.ts (4 tests | 3 failed) 254ms
       × should fetch documents successfully 220ms
       ✓ should throw error on failure 25ms
       × should upload document successfully 7ms
       × should throw error on upload failure 1ms
 ❯ app/app/documents/[id]/page.test.tsx (2 tests | 1 failed) 6837ms
     × renders document details and download button 6214ms
     ✓ triggers export on button click  619ms
 ❯ app/app/dashboard/page.test.tsx (7 tests | 7 failed) 105ms
     × renders documents and standards 73ms
     × renders dashboard widgets 10ms
     × opens analysis modal and runs check 5ms
     × shows staged documents and allows approval 4ms
     × allows rejecting staged documents 5ms
     × shows notifications 4ms
     × shows upload progress 1ms

⎯⎯⎯⎯⎯⎯⎯ Failed Tests 7 ⎯⎯⎯⎯⎯⎯⎯

 FAIL  app/app/dashboard/page.test.tsx > Dashboard Page > renders documents and standards
 FAIL  app/app/dashboard/page.test.tsx > Dashboard Page > renders dashboard widgets
 FAIL  app/app/dashboard/page.test.tsx > Dashboard Page > opens analysis modal and runs check
 FAIL  app/app/dashboard/page.test.tsx > Dashboard Page > shows staged documents and allows approval
 FAIL  app/app/dashboard/page.test.tsx > Dashboard Page > allows rejecting staged documents
 FAIL  app/app/dashboard/page.test.tsx > Dashboard Page > shows notifications
 FAIL  app/app/dashboard/page.test.tsx > Dashboard Page > shows upload progress
Error: Remember to wrap your app in a `<CopilotKit> {...} </CopilotKit>` !!!
 ❯ useCopilotContext node_modules/@copilotkit/react-core/dist/chunk-EUX2P2E7.mjs:96:11
 ❯ useCopilotReadable node_modules/@copilotkit/react-core/dist/chunk-HDOG2RTM.mjs:18:41
 ❯ Dashboard app/app/dashboard/page.tsx:38:5
     36|     const [stats, setStats] = useState<any>(null);
     37| 
     38|     useCopilotReadable({
       |     ^
     39|         description: 'Dashboard document lists visible to the user',
     40|         value: {
 ❯ Object.react_stack_bottom_frame node_modules/react-dom/cjs/react-dom-client.development.js:25904:20
 ❯ renderWithHooks node_modules/react-dom/cjs/react-dom-client.development.js:7662:22
 ❯ updateFunctionComponent node_modules/react-dom/cjs/react-dom-client.development.js:10166:19
 ❯ beginWork node_modules/react-dom/cjs/react-dom-client.development.js:11778:18
 ❯ runWithFiberInDEV node_modules/react-dom/cjs/react-dom-client.development.js:874:13
 ❯ performUnitOfWork node_modules/react-dom/cjs/react-dom-client.development.js:17641:22
 ❯ workLoopSync node_modules/react-dom/cjs/react-dom-client.development.js:17469:41

⎯⎯⎯⎯⎯⎯⎯⎯⎯⎯⎯⎯⎯⎯⎯⎯⎯⎯⎯⎯⎯⎯⎯⎯[1/7]⎯


 Test Files  3 failed (3)
      Tests  11 failed | 2 passed (13)
   Start at  02:27:05
   Duration  8.75s

 FAIL  Tests failed. Watching for file changes...
       press h to show help, press q to quit
c[3J RERUN  app/app/documents/[id]/page.tsx x29 

 ❯ app/app/dashboard/page.test.tsx (7 tests | 7 failed) 105ms
     × renders documents and standards 73ms
     × renders dashboard widgets 10ms
     × opens analysis modal and runs check 5ms
     × shows staged documents and allows approval 4ms
     × allows rejecting staged documents 5ms
     × shows notifications 4ms
     × shows upload progress 1ms
 ❯ lib/api.test.ts (4 tests | 3 failed) 254ms
       × should fetch documents successfully 220ms
       ✓ should throw error on failure 25ms
       × should upload document successfully 7ms
       × should throw error on upload failure 1ms
 ✓ app/app/documents/[id]/page.test.tsx (2 tests) 1600ms
     ✓ renders document details and download button  1475ms

 Test Files  2 failed | 1 passed (3)
      Tests  10 failed | 3 passed (13)
   Start at  02:27:39
   Duration  4.40s

 PASS  Waiting for file changes...
       press h to show help, press q to quit
c[3J RERUN  app/app/documents/[id]/page.tsx x30 

 ❯ app/app/dashboard/page.test.tsx (7 tests | 7 failed) 105ms
     × renders documents and standards 73ms
     × renders dashboard widgets 10ms
     × opens analysis modal and runs check 5ms
     × shows staged documents and allows approval 4ms
     × allows rejecting staged documents 5ms
     × shows notifications 4ms
     × shows upload progress 1ms
 ❯ lib/api.test.ts (4 tests | 3 failed) 254ms
       × should fetch documents successfully 220ms
       ✓ should throw error on failure 25ms
       × should upload document successfully 7ms
       × should throw error on upload failure 1ms
 ❯ app/app/documents/[id]/page.test.tsx (2 tests | 2 failed) 19ms
     × renders document details and download button 16ms
     × triggers export on button click 3ms

⎯⎯⎯⎯⎯⎯⎯ Failed Tests 2 ⎯⎯⎯⎯⎯⎯⎯

 FAIL  app/app/documents/[id]/page.test.tsx > DocumentView Page > renders document details and download button
 FAIL  app/app/documents/[id]/page.test.tsx > DocumentView Page > triggers export on button click
Error: Remember to wrap your app in a `<CopilotKit> {...} </CopilotKit>` !!!
 ❯ useCopilotContext node_modules/@copilotkit/react-core/dist/chunk-EUX2P2E7.mjs:96:11
 ❯ useCopilotReadable node_modules/@copilotkit/react-core/dist/chunk-HDOG2RTM.mjs:18:41
 ❯ DocumentView app/app/documents/[id]/page.tsx:33:5
     31|     const [suggestedOwner, setSuggestedOwner] = useState<string | null…
     32| 
     33|     useCopilotReadable({
       |     ^
     34|         description: 'Document metadata',
     35|         value: document,
 ❯ Object.react_stack_bottom_frame node_modules/react-dom/cjs/react-dom-client.development.js:25904:20
 ❯ renderWithHooks node_modules/react-dom/cjs/react-dom-client.development.js:7662:22
 ❯ updateFunctionComponent node_modules/react-dom/cjs/react-dom-client.development.js:10166:19
 ❯ beginWork node_modules/react-dom/cjs/react-dom-client.development.js:11778:18
 ❯ runWithFiberInDEV node_modules/react-dom/cjs/react-dom-client.development.js:874:13
 ❯ performUnitOfWork node_modules/react-dom/cjs/react-dom-client.development.js:17641:22
 ❯ workLoopSync node_modules/react-dom/cjs/react-dom-client.development.js:17469:41

⎯⎯⎯⎯⎯⎯⎯⎯⎯⎯⎯⎯⎯⎯⎯⎯⎯⎯⎯⎯⎯⎯⎯⎯[1/2]⎯


 Test Files  3 failed (3)
      Tests  12 failed | 1 passed (13)
   Start at  02:27:49
   Duration  4.47s

 FAIL  Tests failed. Watching for file changes...
       press h to show help, press q to quit
c[3J RERUN  app/app/documents/[id]/page.tsx x31 

 ❯ app/app/dashboard/page.test.tsx (7 tests | 7 failed) 105ms
     × renders documents and standards 73ms
     × renders dashboard widgets 10ms
     × opens analysis modal and runs check 5ms
     × shows staged documents and allows approval 4ms
     × allows rejecting staged documents 5ms
     × shows notifications 4ms
     × shows upload progress 1ms
 ❯ lib/api.test.ts (4 tests | 3 failed) 254ms
       × should fetch documents successfully 220ms
       ✓ should throw error on failure 25ms
       × should upload document successfully 7ms
       × should throw error on upload failure 1ms
 ❯ app/app/documents/[id]/page.test.tsx (2 tests | 2 failed) 277ms
     × renders document details and download button 259ms
     × triggers export on button click 1ms

⎯⎯⎯⎯⎯⎯⎯ Failed Tests 2 ⎯⎯⎯⎯⎯⎯⎯

 FAIL  app/app/documents/[id]/page.test.tsx > DocumentView Page > renders document details and download button
 FAIL  app/app/documents/[id]/page.test.tsx > DocumentView Page > triggers export on button click
Error: Remember to wrap your app in a `<CopilotKit> {...} </CopilotKit>` !!!
 ❯ useCopilotContext node_modules/@copilotkit/react-core/dist/chunk-EUX2P2E7.mjs:96:11
 ❯ useCopilotReadable node_modules/@copilotkit/react-core/dist/chunk-HDOG2RTM.mjs:18:41
 ❯ DocumentView app/app/documents/[id]/page.tsx:33:5
     31|     const [suggestedOwner, setSuggestedOwner] = useState<string | null…
     32| 
     33|     useCopilotReadable({
       |     ^
     34|         description: 'Document metadata',
     35|         value: document,
 ❯ Object.react_stack_bottom_frame node_modules/react-dom/cjs/react-dom-client.development.js:25904:20
 ❯ renderWithHooks node_modules/react-dom/cjs/react-dom-client.development.js:7662:22
 ❯ updateFunctionComponent node_modules/react-dom/cjs/react-dom-client.development.js:10166:19
 ❯ beginWork node_modules/react-dom/cjs/react-dom-client.development.js:11778:18
 ❯ runWithFiberInDEV node_modules/react-dom/cjs/react-dom-client.development.js:874:13
 ❯ performUnitOfWork node_modules/react-dom/cjs/react-dom-client.development.js:17641:22
 ❯ workLoopSync node_modules/react-dom/cjs/react-dom-client.development.js:17469:41

⎯⎯⎯⎯⎯⎯⎯⎯⎯⎯⎯⎯⎯⎯⎯⎯⎯⎯⎯⎯⎯⎯⎯⎯[1/2]⎯


 Test Files  3 failed (3)
      Tests  12 failed | 1 passed (13)
   Start at  02:28:22
   Duration  3.41s

 FAIL  Tests failed. Watching for file changes...
       press h to show help, press q to quit
c[3J RERUN  app/app/documents/[id]/page.tsx x32 

 ❯ app/app/dashboard/page.test.tsx (7 tests | 7 failed) 105ms
     × renders documents and standards 73ms
     × renders dashboard widgets 10ms
     × opens analysis modal and runs check 5ms
     × shows staged documents and allows approval 4ms
     × allows rejecting staged documents 5ms
     × shows notifications 4ms
     × shows upload progress 1ms
 ❯ lib/api.test.ts (4 tests | 3 failed) 254ms
       × should fetch documents successfully 220ms
       ✓ should throw error on failure 25ms
       × should upload document successfully 7ms
       × should throw error on upload failure 1ms
 ❯ app/app/documents/[id]/page.test.tsx (2 tests | 2 failed) 77ms
     × renders document details and download button 71ms
     × triggers export on button click 3ms

⎯⎯⎯⎯⎯⎯⎯ Failed Tests 2 ⎯⎯⎯⎯⎯⎯⎯

 FAIL  app/app/documents/[id]/page.test.tsx > DocumentView Page > renders document details and download button
 FAIL  app/app/documents/[id]/page.test.tsx > DocumentView Page > triggers export on button click
Error: Remember to wrap your app in a `<CopilotKit> {...} </CopilotKit>` !!!
 ❯ useCopilotContext node_modules/@copilotkit/react-core/dist/chunk-EUX2P2E7.mjs:96:11
 ❯ useCopilotReadable node_modules/@copilotkit/react-core/dist/chunk-HDOG2RTM.mjs:18:41
 ❯ DocumentView app/app/documents/[id]/page.tsx:33:5
     31|     const [suggestedOwner, setSuggestedOwner] = useState<string | null…
     32| 
     33|     useCopilotReadable({
       |     ^
     34|         description: 'Document metadata',
     35|         value: document,
 ❯ Object.react_stack_bottom_frame node_modules/react-dom/cjs/react-dom-client.development.js:25904:20
 ❯ renderWithHooks node_modules/react-dom/cjs/react-dom-client.development.js:7662:22
 ❯ updateFunctionComponent node_modules/react-dom/cjs/react-dom-client.development.js:10166:19
 ❯ beginWork node_modules/react-dom/cjs/react-dom-client.development.js:11778:18
 ❯ runWithFiberInDEV node_modules/react-dom/cjs/react-dom-client.development.js:874:13
 ❯ performUnitOfWork node_modules/react-dom/cjs/react-dom-client.development.js:17641:22
 ❯ workLoopSync node_modules/react-dom/cjs/react-dom-client.development.js:17469:41

⎯⎯⎯⎯⎯⎯⎯⎯⎯⎯⎯⎯⎯⎯⎯⎯⎯⎯⎯⎯⎯⎯⎯⎯[1/2]⎯


 Test Files  3 failed (3)
      Tests  12 failed | 1 passed (13)
   Start at  02:28:50
   Duration  3.23s

 FAIL  Tests failed. Watching for file changes...
       press h to show help, press q to quit
c[3J RERUN  package.json 

stderr | lib/api.test.ts > API Client > fetchDocuments > should throw error on failure
[next-auth][error][CLIENT_FETCH_ERROR] 
https://next-auth.js.org/errors#client_fetch_error res.json is not a function {
  error: {
    message: [32m'res.json is not a function'[39m,
    stack: [32m'TypeError: res.json is not a function\n'[39m +
      [32m'    at _callee$ (/Users/isak/Downloads/iso-doc-platform/frontend/node_modules/next-auth/client/_utils.js:53:22)\n'[39m +
      [32m'    at /Users/isak/Downloads/iso-doc-platform/frontend/node_modules/@babel/runtime/helpers/regeneratorRuntime.js:52:18\n'[39m +
      [32m'    at Generator.<anonymous> (/Users/isak/Downloads/iso-doc-platform/frontend/node_modules/@babel/runtime/helpers/regenerator.js:52:51)\n'[39m +
      [32m'    at Generator.next (/Users/isak/Downloads/iso-doc-platform/frontend/node_modules/@babel/runtime/helpers/regeneratorDefine.js:11:21)\n'[39m +
      [32m'    at asyncGeneratorStep (/Users/isak/Downloads/iso-doc-platform/frontend/node_modules/@babel/runtime/helpers/asyncToGenerator.js:3:17)\n'[39m +
      [32m'    at _next (/Users/isak/Downloads/iso-doc-platform/frontend/node_modules/@babel/runtime/helpers/asyncToGenerator.js:17:9)\n'[39m +
      [32m'    at processTicksAndRejections (node:internal/process/task_queues:95:5)'[39m,
    name: [32m'TypeError'[39m
  },
  url: [32m'/api/auth/session'[39m,
  message: [32m'res.json is not a function'[39m
}

 ❯ lib/api.test.ts (4 tests | 3 failed) 787ms
       × should fetch documents successfully 354ms
       ✓ should throw error on failure 129ms
       × should upload document successfully 261ms
       × should throw error on upload failure 0ms
 ✓ app/app/gap-analysis/page.test.tsx (2 tests) 2564ms
     ✓ renders and loads standards  1587ms
     ✓ runs gap analysis and displays results  459ms
 ✓ app/app/page.test.tsx (1 test) 1238ms
     ✓ renders a heading  1162ms
 ✓ app/app/reports/[id]/page.test.tsx (3 tests) 703ms
     ✓ renders loading state initially  323ms
     ✓ renders report data successfully  347ms
 ❯ app/app/documents/[id]/page.test.tsx (2 tests | 2 failed) 15ms
     × renders document details and download button 12ms
     × triggers export on button click 1ms
 ❯ app/app/dashboard/page.test.tsx (7 tests | 7 failed) 72ms
     × renders documents and standards 59ms
     × renders dashboard widgets 1ms
     × opens analysis modal and runs check 1ms
     × shows staged documents and allows approval 1ms
     × allows rejecting staged documents 6ms
     × shows notifications 2ms
     × shows upload progress 1ms

⎯⎯⎯⎯⎯⎯ Failed Tests 12 ⎯⎯⎯⎯⎯⎯⎯

 FAIL  app/app/dashboard/page.test.tsx > Dashboard Page > renders documents and standards
 FAIL  app/app/dashboard/page.test.tsx > Dashboard Page > renders dashboard widgets
 FAIL  app/app/dashboard/page.test.tsx > Dashboard Page > opens analysis modal and runs check
 FAIL  app/app/dashboard/page.test.tsx > Dashboard Page > shows staged documents and allows approval
 FAIL  app/app/dashboard/page.test.tsx > Dashboard Page > allows rejecting staged documents
 FAIL  app/app/dashboard/page.test.tsx > Dashboard Page > shows notifications
 FAIL  app/app/dashboard/page.test.tsx > Dashboard Page > shows upload progress
Error: Remember to wrap your app in a `<CopilotKit> {...} </CopilotKit>` !!!
 ❯ useCopilotContext node_modules/@copilotkit/react-core/dist/chunk-EUX2P2E7.mjs:96:11
 ❯ useCopilotReadable node_modules/@copilotkit/react-core/dist/chunk-HDOG2RTM.mjs:18:41
 ❯ Dashboard app/app/dashboard/page.tsx:38:5
     36|     const [stats, setStats] = useState<any>(null);
     37| 
     38|     useCopilotReadable({
       |     ^
     39|         description: 'Dashboard document lists visible to the user',
     40|         value: {
 ❯ Object.react_stack_bottom_frame node_modules/react-dom/cjs/react-dom-client.development.js:25904:20
 ❯ renderWithHooks node_modules/react-dom/cjs/react-dom-client.development.js:7662:22
 ❯ updateFunctionComponent node_modules/react-dom/cjs/react-dom-client.development.js:10166:19
 ❯ beginWork node_modules/react-dom/cjs/react-dom-client.development.js:11778:18
 ❯ runWithFiberInDEV node_modules/react-dom/cjs/react-dom-client.development.js:874:13
 ❯ performUnitOfWork node_modules/react-dom/cjs/react-dom-client.development.js:17641:22
 ❯ workLoopSync node_modules/react-dom/cjs/react-dom-client.development.js:17469:41

⎯⎯⎯⎯⎯⎯⎯⎯⎯⎯⎯⎯⎯⎯⎯⎯⎯⎯⎯⎯⎯⎯⎯[1/12]⎯

 FAIL  lib/api.test.ts > API Client > fetchDocuments > should fetch documents successfully
AssertionError: expected "vi.fn()" to be called with arguments: [ StringContaining "/documents" ][90m

Received: 

[1m  1st vi.fn() call:

[22m[2m  [[22m
[32m-   StringContaining "/documents",[90m
[31m+   "/api/auth/session",[90m
[31m+   {[90m
[31m+     "headers": {[90m
[31m+       "Content-Type": "application/json",[90m
[31m+     },[90m
[31m+   },[90m
[2m  ][22m

[1m  2nd vi.fn() call:

[22m[2m  [[22m
[32m-   StringContaining "/documents",[90m
[31m+   "http://localhost:4000/documents",[90m
[31m+   {[90m
[31m+     "headers": {},[90m
[31m+   },[90m
[2m  ][22m
[39m[90m

Number of calls: [1m2[22m
[39m
 ❯ lib/api.test.ts:23:34
     21|             const docs = await fetchDocuments();
     22|             expect(docs).toEqual(mockDocs);
     23|             expect(global.fetch).toHaveBeenCalledWith(expect.stringCon…
       |                                  ^
     24|         });
     25| 

⎯⎯⎯⎯⎯⎯⎯⎯⎯⎯⎯⎯⎯⎯⎯⎯⎯⎯⎯⎯⎯⎯⎯[2/12]⎯

 FAIL  lib/api.test.ts > API Client > uploadDocument > should upload document successfully
TypeError: (0 , __vite_ssr_import_0__.uploadDocument) is not a function
 ❯ lib/api.test.ts:42:19
     40| 
     41|             const file = new File(['content'], 'test.txt', { type: 'te…
     42|             await uploadDocument(file);
       |                   ^
     43| 
     44|             expect(global.fetch).toHaveBeenCalledWith(

⎯⎯⎯⎯⎯⎯⎯⎯⎯⎯⎯⎯⎯⎯⎯⎯⎯⎯⎯⎯⎯⎯⎯[3/12]⎯

 FAIL  lib/api.test.ts > API Client > uploadDocument > should throw error on upload failure
TypeError: (0 , __vite_ssr_import_0__.uploadDocument) is not a function
 ❯ lib/api.test.ts:59:26
     57| 
     58|             const file = new File(['content'], 'test.txt', { type: 'te…
     59|             await expect(uploadDocument(file)).rejects.toThrow('Failed…
       |                          ^
     60|         });
     61|     });

⎯⎯⎯⎯⎯⎯⎯⎯⎯⎯⎯⎯⎯⎯⎯⎯⎯⎯⎯⎯⎯⎯⎯[4/12]⎯

 FAIL  app/app/documents/[id]/page.test.tsx > DocumentView Page > renders document details and download button
 FAIL  app/app/documents/[id]/page.test.tsx > DocumentView Page > triggers export on button click
Error: Remember to wrap your app in a `<CopilotKit> {...} </CopilotKit>` !!!
 ❯ useCopilotContext node_modules/@copilotkit/react-core/dist/chunk-EUX2P2E7.mjs:96:11
 ❯ useCopilotReadable node_modules/@copilotkit/react-core/dist/chunk-HDOG2RTM.mjs:18:41
 ❯ DocumentView app/app/documents/[id]/page.tsx:33:5
     31|     const [suggestedOwner, setSuggestedOwner] = useState<string | null…
     32| 
     33|     useCopilotReadable({
       |     ^
     34|         description: 'Document metadata',
     35|         value: document,
 ❯ Object.react_stack_bottom_frame node_modules/react-dom/cjs/react-dom-client.development.js:25904:20
 ❯ renderWithHooks node_modules/react-dom/cjs/react-dom-client.development.js:7662:22
 ❯ updateFunctionComponent node_modules/react-dom/cjs/react-dom-client.development.js:10166:19
 ❯ beginWork node_modules/react-dom/cjs/react-dom-client.development.js:11778:18
 ❯ runWithFiberInDEV node_modules/react-dom/cjs/react-dom-client.development.js:874:13
 ❯ performUnitOfWork node_modules/react-dom/cjs/react-dom-client.development.js:17641:22
 ❯ workLoopSync node_modules/react-dom/cjs/react-dom-client.development.js:17469:41

⎯⎯⎯⎯⎯⎯⎯⎯⎯⎯⎯⎯⎯⎯⎯⎯⎯⎯⎯⎯⎯⎯⎯[5/12]⎯


 Test Files  3 failed | 3 passed (6)
      Tests  12 failed | 7 passed (19)
   Start at  02:28:56
   Duration  55.23s

 FAIL  Tests failed. Watching for file changes...
       press h to show help, press q to quit
c[3J RERUN  app/app/documents/[id]/page.tsx x34 

 ❯ app/app/dashboard/page.test.tsx (7 tests | 7 failed) 72ms
     × renders documents and standards 59ms
     × renders dashboard widgets 1ms
     × opens analysis modal and runs check 1ms
     × shows staged documents and allows approval 1ms
     × allows rejecting staged documents 6ms
     × shows notifications 2ms
     × shows upload progress 1ms
 ❯ lib/api.test.ts (4 tests | 3 failed) 787ms
       × should fetch documents successfully 354ms
       ✓ should throw error on failure 129ms
       × should upload document successfully 261ms
       × should throw error on upload failure 0ms
 ❯ app/app/documents/[id]/page.test.tsx (2 tests | 2 failed) 16ms
     × renders document details and download button 15ms
     × triggers export on button click 1ms

⎯⎯⎯⎯⎯⎯⎯ Failed Tests 2 ⎯⎯⎯⎯⎯⎯⎯

 FAIL  app/app/documents/[id]/page.test.tsx > DocumentView Page > renders document details and download button
 FAIL  app/app/documents/[id]/page.test.tsx > DocumentView Page > triggers export on button click
Error: Remember to wrap your app in a `<CopilotKit> {...} </CopilotKit>` !!!
 ❯ useCopilotContext node_modules/@copilotkit/react-core/dist/chunk-EUX2P2E7.mjs:96:11
 ❯ useCopilotReadable node_modules/@copilotkit/react-core/dist/chunk-HDOG2RTM.mjs:18:41
 ❯ DocumentView app/app/documents/[id]/page.tsx:33:5
     31|     const [suggestedOwner, setSuggestedOwner] = useState<string | null…
     32| 
     33|     useCopilotReadable({
       |     ^
     34|         description: 'Document metadata',
     35|         value: document,
 ❯ Object.react_stack_bottom_frame node_modules/react-dom/cjs/react-dom-client.development.js:25904:20
 ❯ renderWithHooks node_modules/react-dom/cjs/react-dom-client.development.js:7662:22
 ❯ updateFunctionComponent node_modules/react-dom/cjs/react-dom-client.development.js:10166:19
 ❯ beginWork node_modules/react-dom/cjs/react-dom-client.development.js:11778:18
 ❯ runWithFiberInDEV node_modules/react-dom/cjs/react-dom-client.development.js:874:13
 ❯ performUnitOfWork node_modules/react-dom/cjs/react-dom-client.development.js:17641:22
 ❯ workLoopSync node_modules/react-dom/cjs/react-dom-client.development.js:17469:41

⎯⎯⎯⎯⎯⎯⎯⎯⎯⎯⎯⎯⎯⎯⎯⎯⎯⎯⎯⎯⎯⎯⎯⎯[1/2]⎯


 Test Files  3 failed (3)
      Tests  12 failed | 1 passed (13)
   Start at  02:29:31
   Duration  1.21s

 FAIL  Tests failed. Watching for file changes...
       press h to show help, press q to quit
c[3J RERUN  package.json 

stderr | lib/api.test.ts > API Client > fetchDocuments > should throw error on failure
[next-auth][error][CLIENT_FETCH_ERROR] 
https://next-auth.js.org/errors#client_fetch_error res.json is not a function {
  error: {
    message: [32m'res.json is not a function'[39m,
    stack: [32m'TypeError: res.json is not a function\n'[39m +
      [32m'    at _callee$ (/Users/isak/Downloads/iso-doc-platform/frontend/node_modules/next-auth/client/_utils.js:53:22)\n'[39m +
      [32m'    at /Users/isak/Downloads/iso-doc-platform/frontend/node_modules/@babel/runtime/helpers/regeneratorRuntime.js:52:18\n'[39m +
      [32m'    at Generator.<anonymous> (/Users/isak/Downloads/iso-doc-platform/frontend/node_modules/@babel/runtime/helpers/regenerator.js:52:51)\n'[39m +
      [32m'    at Generator.next (/Users/isak/Downloads/iso-doc-platform/frontend/node_modules/@babel/runtime/helpers/regeneratorDefine.js:11:21)\n'[39m +
      [32m'    at asyncGeneratorStep (/Users/isak/Downloads/iso-doc-platform/frontend/node_modules/@babel/runtime/helpers/asyncToGenerator.js:3:17)\n'[39m +
      [32m'    at _next (/Users/isak/Downloads/iso-doc-platform/frontend/node_modules/@babel/runtime/helpers/asyncToGenerator.js:17:9)\n'[39m +
      [32m'    at processTicksAndRejections (node:internal/process/task_queues:95:5)'[39m,
    name: [32m'TypeError'[39m
  },
  url: [32m'/api/auth/session'[39m,
  message: [32m'res.json is not a function'[39m
}

 ❯ lib/api.test.ts (4 tests | 3 failed) 719ms
       × should fetch documents successfully 238ms
       ✓ should throw error on failure 8ms
       × should upload document successfully 265ms
       × should throw error on upload failure 202ms
 ✓ app/app/page.test.tsx (1 test) 1605ms
     ✓ renders a heading  1604ms
 ✓ app/app/reports/[id]/page.test.tsx (3 tests) 466ms
     ✓ renders error state on failure  397ms
 ✓ app/app/gap-analysis/page.test.tsx (2 tests) 348ms
     ✓ renders and loads standards  327ms
 ❯ app/app/dashboard/page.test.tsx (7 tests | 7 failed) 263ms
     × renders documents and standards 201ms
     × renders dashboard widgets 2ms
     × opens analysis modal and runs check 1ms
     × shows staged documents and allows approval 1ms
     × allows rejecting staged documents 1ms
     × shows notifications 1ms
     × shows upload progress 56ms
 ❯ app/app/documents/[id]/page.test.tsx (2 tests | 2 failed) 20ms
     × renders document details and download button 17ms
     × triggers export on button click 1ms

⎯⎯⎯⎯⎯⎯ Failed Tests 12 ⎯⎯⎯⎯⎯⎯⎯

 FAIL  app/app/dashboard/page.test.tsx > Dashboard Page > renders documents and standards
 FAIL  app/app/dashboard/page.test.tsx > Dashboard Page > renders dashboard widgets
 FAIL  app/app/dashboard/page.test.tsx > Dashboard Page > opens analysis modal and runs check
 FAIL  app/app/dashboard/page.test.tsx > Dashboard Page > shows staged documents and allows approval
 FAIL  app/app/dashboard/page.test.tsx > Dashboard Page > allows rejecting staged documents
 FAIL  app/app/dashboard/page.test.tsx > Dashboard Page > shows notifications
 FAIL  app/app/dashboard/page.test.tsx > Dashboard Page > shows upload progress
Error: Remember to wrap your app in a `<CopilotKit> {...} </CopilotKit>` !!!
 ❯ useCopilotContext node_modules/@copilotkit/react-core/dist/chunk-EUX2P2E7.mjs:96:11
 ❯ useCopilotReadable node_modules/@copilotkit/react-core/dist/chunk-HDOG2RTM.mjs:18:41
 ❯ Dashboard app/app/dashboard/page.tsx:38:5
     36|     const [stats, setStats] = useState<any>(null);
     37| 
     38|     useCopilotReadable({
       |     ^
     39|         description: 'Dashboard document lists visible to the user',
     40|         value: {
 ❯ Object.react_stack_bottom_frame node_modules/react-dom/cjs/react-dom-client.development.js:25904:20
 ❯ renderWithHooks node_modules/react-dom/cjs/react-dom-client.development.js:7662:22
 ❯ updateFunctionComponent node_modules/react-dom/cjs/react-dom-client.development.js:10166:19
 ❯ beginWork node_modules/react-dom/cjs/react-dom-client.development.js:11778:18
 ❯ runWithFiberInDEV node_modules/react-dom/cjs/react-dom-client.development.js:874:13
 ❯ performUnitOfWork node_modules/react-dom/cjs/react-dom-client.development.js:17641:22
 ❯ workLoopSync node_modules/react-dom/cjs/react-dom-client.development.js:17469:41

⎯⎯⎯⎯⎯⎯⎯⎯⎯⎯⎯⎯⎯⎯⎯⎯⎯⎯⎯⎯⎯⎯⎯[1/12]⎯

 FAIL  lib/api.test.ts > API Client > fetchDocuments > should fetch documents successfully
AssertionError: expected "vi.fn()" to be called with arguments: [ StringContaining "/documents" ][90m

Received: 

[1m  1st vi.fn() call:

[22m[2m  [[22m
[32m-   StringContaining "/documents",[90m
[31m+   "/api/auth/session",[90m
[31m+   {[90m
[31m+     "headers": {[90m
[31m+       "Content-Type": "application/json",[90m
[31m+     },[90m
[31m+   },[90m
[2m  ][22m

[1m  2nd vi.fn() call:

[22m[2m  [[22m
[32m-   StringContaining "/documents",[90m
[31m+   "http://localhost:4000/documents",[90m
[31m+   {[90m
[31m+     "headers": {},[90m
[31m+   },[90m
[2m  ][22m
[39m[90m

Number of calls: [1m2[22m
[39m
 ❯ lib/api.test.ts:23:34
     21|             const docs = await fetchDocuments();
     22|             expect(docs).toEqual(mockDocs);
     23|             expect(global.fetch).toHaveBeenCalledWith(expect.stringCon…
       |                                  ^
     24|         });
     25| 

⎯⎯⎯⎯⎯⎯⎯⎯⎯⎯⎯⎯⎯⎯⎯⎯⎯⎯⎯⎯⎯⎯⎯[2/12]⎯

 FAIL  lib/api.test.ts > API Client > uploadDocument > should upload document successfully
TypeError: (0 , __vite_ssr_import_0__.uploadDocument) is not a function
 ❯ lib/api.test.ts:42:19
     40| 
     41|             const file = new File(['content'], 'test.txt', { type: 'te…
     42|             await uploadDocument(file);
       |                   ^
     43| 
     44|             expect(global.fetch).toHaveBeenCalledWith(

⎯⎯⎯⎯⎯⎯⎯⎯⎯⎯⎯⎯⎯⎯⎯⎯⎯⎯⎯⎯⎯⎯⎯[3/12]⎯

 FAIL  lib/api.test.ts > API Client > uploadDocument > should throw error on upload failure
TypeError: (0 , __vite_ssr_import_0__.uploadDocument) is not a function
 ❯ lib/api.test.ts:59:26
     57| 
     58|             const file = new File(['content'], 'test.txt', { type: 'te…
     59|             await expect(uploadDocument(file)).rejects.toThrow('Failed…
       |                          ^
     60|         });
     61|     });

⎯⎯⎯⎯⎯⎯⎯⎯⎯⎯⎯⎯⎯⎯⎯⎯⎯⎯⎯⎯⎯⎯⎯[4/12]⎯

 FAIL  app/app/documents/[id]/page.test.tsx > DocumentView Page > renders document details and download button
 FAIL  app/app/documents/[id]/page.test.tsx > DocumentView Page > triggers export on button click
Error: Remember to wrap your app in a `<CopilotKit> {...} </CopilotKit>` !!!
 ❯ useCopilotContext node_modules/@copilotkit/react-core/dist/chunk-EUX2P2E7.mjs:96:11
 ❯ useCopilotReadable node_modules/@copilotkit/react-core/dist/chunk-HDOG2RTM.mjs:18:41
 ❯ DocumentView app/app/documents/[id]/page.tsx:33:5
     31|     const [suggestedOwner, setSuggestedOwner] = useState<string | null…
     32| 
     33|     useCopilotReadable({
       |     ^
     34|         description: 'Document metadata',
     35|         value: document,
 ❯ Object.react_stack_bottom_frame node_modules/react-dom/cjs/react-dom-client.development.js:25904:20
 ❯ renderWithHooks node_modules/react-dom/cjs/react-dom-client.development.js:7662:22
 ❯ updateFunctionComponent node_modules/react-dom/cjs/react-dom-client.development.js:10166:19
 ❯ beginWork node_modules/react-dom/cjs/react-dom-client.development.js:11778:18
 ❯ runWithFiberInDEV node_modules/react-dom/cjs/react-dom-client.development.js:874:13
 ❯ performUnitOfWork node_modules/react-dom/cjs/react-dom-client.development.js:17641:22
 ❯ workLoopSync node_modules/react-dom/cjs/react-dom-client.development.js:17469:41

⎯⎯⎯⎯⎯⎯⎯⎯⎯⎯⎯⎯⎯⎯⎯⎯⎯⎯⎯⎯⎯⎯⎯[5/12]⎯


 Test Files  3 failed | 3 passed (6)
      Tests  12 failed | 7 passed (19)
   Start at  02:42:49
   Duration  54.20s

 FAIL  Tests failed. Watching for file changes...
       press h to show help, press q to quit
c[3J RERUN  lib/api.ts 

stderr | lib/api.test.ts > API Client > fetchDocuments > should throw error on failure
[next-auth][error][CLIENT_FETCH_ERROR] 
https://next-auth.js.org/errors#client_fetch_error res.json is not a function {
  error: {
    message: [32m'res.json is not a function'[39m,
    stack: [32m'TypeError: res.json is not a function\n'[39m +
      [32m'    at _callee$ (/Users/isak/Downloads/iso-doc-platform/frontend/node_modules/next-auth/client/_utils.js:53:22)\n'[39m +
      [32m'    at /Users/isak/Downloads/iso-doc-platform/frontend/node_modules/@babel/runtime/helpers/regeneratorRuntime.js:52:18\n'[39m +
      [32m'    at Generator.<anonymous> (/Users/isak/Downloads/iso-doc-platform/frontend/node_modules/@babel/runtime/helpers/regenerator.js:52:51)\n'[39m +
      [32m'    at Generator.next (/Users/isak/Downloads/iso-doc-platform/frontend/node_modules/@babel/runtime/helpers/regeneratorDefine.js:11:21)\n'[39m +
      [32m'    at asyncGeneratorStep (/Users/isak/Downloads/iso-doc-platform/frontend/node_modules/@babel/runtime/helpers/asyncToGenerator.js:3:17)\n'[39m +
      [32m'    at _next (/Users/isak/Downloads/iso-doc-platform/frontend/node_modules/@babel/runtime/helpers/asyncToGenerator.js:17:9)\n'[39m +
      [32m'    at processTicksAndRejections (node:internal/process/task_queues:95:5)'[39m,
    name: [32m'TypeError'[39m
  },
  url: [32m'/api/auth/session'[39m,
  message: [32m'res.json is not a function'[39m
}

 ❯ lib/api.test.ts (4 tests | 3 failed) 61ms
       × should fetch documents successfully 36ms
       ✓ should throw error on failure 17ms
       × should upload document successfully 3ms
       × should throw error on upload failure 0ms
 ✓ app/app/reports/[id]/page.test.tsx (3 tests) 938ms
     ✓ renders loading state initially  381ms
     ✓ renders report data successfully  554ms
 ✓ app/app/gap-analysis/page.test.tsx (2 tests) 633ms
     ✓ runs gap analysis and displays results  550ms
 ❯ app/app/documents/[id]/page.test.tsx (2 tests | 2 failed) 15ms
     × renders document details and download button 13ms
     × triggers export on button click 1ms
 ❯ app/app/dashboard/page.test.tsx (7 tests | 7 failed) 18ms
     × renders documents and standards 11ms
     × renders dashboard widgets 1ms
     × opens analysis modal and runs check 1ms
     × shows staged documents and allows approval 1ms
     × allows rejecting staged documents 1ms
     × shows notifications 1ms
     × shows upload progress 1ms

⎯⎯⎯⎯⎯⎯ Failed Tests 12 ⎯⎯⎯⎯⎯⎯⎯

 FAIL  lib/api.test.ts > API Client > fetchDocuments > should fetch documents successfully
AssertionError: expected "vi.fn()" to be called with arguments: [ StringContaining "/documents" ][90m

Received: 

[1m  1st vi.fn() call:

[22m[2m  [[22m
[32m-   StringContaining "/documents",[90m
[31m+   "/api/auth/session",[90m
[31m+   {[90m
[31m+     "headers": {[90m
[31m+       "Content-Type": "application/json",[90m
[31m+     },[90m
[31m+   },[90m
[2m  ][22m

[1m  2nd vi.fn() call:

[22m[2m  [[22m
[32m-   StringContaining "/documents",[90m
[31m+   "http://localhost:4000/documents",[90m
[31m+   {[90m
[31m+     "headers": {},[90m
[31m+   },[90m
[2m  ][22m
[39m[90m

Number of calls: [1m2[22m
[39m
 ❯ lib/api.test.ts:23:34
     21|             const docs = await fetchDocuments();
     22|             expect(docs).toEqual(mockDocs);
     23|             expect(global.fetch).toHaveBeenCalledWith(expect.stringCon…
       |                                  ^
     24|         });
     25| 

⎯⎯⎯⎯⎯⎯⎯⎯⎯⎯⎯⎯⎯⎯⎯⎯⎯⎯⎯⎯⎯⎯⎯[1/12]⎯

 FAIL  lib/api.test.ts > API Client > uploadDocument > should upload document successfully
TypeError: (0 , __vite_ssr_import_0__.uploadDocument) is not a function
 ❯ lib/api.test.ts:42:19
     40| 
     41|             const file = new File(['content'], 'test.txt', { type: 'te…
     42|             await uploadDocument(file);
       |                   ^
     43| 
     44|             expect(global.fetch).toHaveBeenCalledWith(

⎯⎯⎯⎯⎯⎯⎯⎯⎯⎯⎯⎯⎯⎯⎯⎯⎯⎯⎯⎯⎯⎯⎯[2/12]⎯

 FAIL  lib/api.test.ts > API Client > uploadDocument > should throw error on upload failure
TypeError: (0 , __vite_ssr_import_0__.uploadDocument) is not a function
 ❯ lib/api.test.ts:59:26
     57| 
     58|             const file = new File(['content'], 'test.txt', { type: 'te…
     59|             await expect(uploadDocument(file)).rejects.toThrow('Failed…
       |                          ^
     60|         });
     61|     });

⎯⎯⎯⎯⎯⎯⎯⎯⎯⎯⎯⎯⎯⎯⎯⎯⎯⎯⎯⎯⎯⎯⎯[3/12]⎯

 FAIL  app/app/dashboard/page.test.tsx > Dashboard Page > renders documents and standards
 FAIL  app/app/dashboard/page.test.tsx > Dashboard Page > renders dashboard widgets
 FAIL  app/app/dashboard/page.test.tsx > Dashboard Page > opens analysis modal and runs check
 FAIL  app/app/dashboard/page.test.tsx > Dashboard Page > shows staged documents and allows approval
 FAIL  app/app/dashboard/page.test.tsx > Dashboard Page > allows rejecting staged documents
 FAIL  app/app/dashboard/page.test.tsx > Dashboard Page > shows notifications
 FAIL  app/app/dashboard/page.test.tsx > Dashboard Page > shows upload progress
Error: Remember to wrap your app in a `<CopilotKit> {...} </CopilotKit>` !!!
 ❯ useCopilotContext node_modules/@copilotkit/react-core/dist/chunk-EUX2P2E7.mjs:96:11
 ❯ useCopilotReadable node_modules/@copilotkit/react-core/dist/chunk-HDOG2RTM.mjs:18:41
 ❯ Dashboard app/app/dashboard/page.tsx:38:5
     36|     const [stats, setStats] = useState<any>(null);
     37| 
     38|     useCopilotReadable({
       |     ^
     39|         description: 'Dashboard document lists visible to the user',
     40|         value: {
 ❯ Object.react_stack_bottom_frame node_modules/react-dom/cjs/react-dom-client.development.js:25904:20
 ❯ renderWithHooks node_modules/react-dom/cjs/react-dom-client.development.js:7662:22
 ❯ updateFunctionComponent node_modules/react-dom/cjs/react-dom-client.development.js:10166:19
 ❯ beginWork node_modules/react-dom/cjs/react-dom-client.development.js:11778:18
 ❯ runWithFiberInDEV node_modules/react-dom/cjs/react-dom-client.development.js:874:13
 ❯ performUnitOfWork node_modules/react-dom/cjs/react-dom-client.development.js:17641:22
 ❯ workLoopSync node_modules/react-dom/cjs/react-dom-client.development.js:17469:41

⎯⎯⎯⎯⎯⎯⎯⎯⎯⎯⎯⎯⎯⎯⎯⎯⎯⎯⎯⎯⎯⎯⎯[4/12]⎯

 FAIL  app/app/documents/[id]/page.test.tsx > DocumentView Page > renders document details and download button
 FAIL  app/app/documents/[id]/page.test.tsx > DocumentView Page > triggers export on button click
Error: Remember to wrap your app in a `<CopilotKit> {...} </CopilotKit>` !!!
 ❯ useCopilotContext node_modules/@copilotkit/react-core/dist/chunk-EUX2P2E7.mjs:96:11
 ❯ useCopilotReadable node_modules/@copilotkit/react-core/dist/chunk-HDOG2RTM.mjs:18:41
 ❯ DocumentView app/app/documents/[id]/page.tsx:33:5
     31|     const [suggestedOwner, setSuggestedOwner] = useState<string | null…
     32| 
     33|     useCopilotReadable({
       |     ^
     34|         description: 'Document metadata',
     35|         value: document,
 ❯ Object.react_stack_bottom_frame node_modules/react-dom/cjs/react-dom-client.development.js:25904:20
 ❯ renderWithHooks node_modules/react-dom/cjs/react-dom-client.development.js:7662:22
 ❯ updateFunctionComponent node_modules/react-dom/cjs/react-dom-client.development.js:10166:19
 ❯ beginWork node_modules/react-dom/cjs/react-dom-client.development.js:11778:18
 ❯ runWithFiberInDEV node_modules/react-dom/cjs/react-dom-client.development.js:874:13
 ❯ performUnitOfWork node_modules/react-dom/cjs/react-dom-client.development.js:17641:22
 ❯ workLoopSync node_modules/react-dom/cjs/react-dom-client.development.js:17469:41

⎯⎯⎯⎯⎯⎯⎯⎯⎯⎯⎯⎯⎯⎯⎯⎯⎯⎯⎯⎯⎯⎯⎯[5/12]⎯


 Test Files  3 failed | 2 passed (5)
      Tests  12 failed | 6 passed (18)
   Start at  02:58:37
   Duration  29.62s

 FAIL  Tests failed. Watching for file changes...
       press h to show help, press q to quit
c[3J RERUN  app/app/documents/[id]/page.tsx x37 

 ❯ app/app/dashboard/page.test.tsx (7 tests | 7 failed) 18ms
     × renders documents and standards 11ms
     × renders dashboard widgets 1ms
     × opens analysis modal and runs check 1ms
     × shows staged documents and allows approval 1ms
     × allows rejecting staged documents 1ms
     × shows notifications 1ms
     × shows upload progress 1ms
 ❯ lib/api.test.ts (4 tests | 3 failed) 61ms
       × should fetch documents successfully 36ms
       ✓ should throw error on failure 17ms
       × should upload document successfully 3ms
       × should throw error on upload failure 0ms
 ❯ app/app/documents/[id]/page.test.tsx (2 tests | 2 failed) 100ms
     × renders document details and download button 92ms
     × triggers export on button click 5ms

⎯⎯⎯⎯⎯⎯⎯ Failed Tests 2 ⎯⎯⎯⎯⎯⎯⎯

 FAIL  app/app/documents/[id]/page.test.tsx > DocumentView Page > renders document details and download button
 FAIL  app/app/documents/[id]/page.test.tsx > DocumentView Page > triggers export on button click
Error: Remember to wrap your app in a `<CopilotKit> {...} </CopilotKit>` !!!
 ❯ useCopilotContext node_modules/@copilotkit/react-core/dist/chunk-EUX2P2E7.mjs:96:11
 ❯ useCopilotReadable node_modules/@copilotkit/react-core/dist/chunk-HDOG2RTM.mjs:18:41
 ❯ DocumentView app/app/documents/[id]/page.tsx:34:5
     32|     const [suggestedOwner, setSuggestedOwner] = useState<string | null…
     33| 
     34|     useCopilotReadable({
       |     ^
     35|         description: 'Document metadata',
     36|         value: document,
 ❯ Object.react_stack_bottom_frame node_modules/react-dom/cjs/react-dom-client.development.js:25904:20
 ❯ renderWithHooks node_modules/react-dom/cjs/react-dom-client.development.js:7662:22
 ❯ updateFunctionComponent node_modules/react-dom/cjs/react-dom-client.development.js:10166:19
 ❯ beginWork node_modules/react-dom/cjs/react-dom-client.development.js:11778:18
 ❯ runWithFiberInDEV node_modules/react-dom/cjs/react-dom-client.development.js:874:13
 ❯ performUnitOfWork node_modules/react-dom/cjs/react-dom-client.development.js:17641:22
 ❯ workLoopSync node_modules/react-dom/cjs/react-dom-client.development.js:17469:41

⎯⎯⎯⎯⎯⎯⎯⎯⎯⎯⎯⎯⎯⎯⎯⎯⎯⎯⎯⎯⎯⎯⎯⎯[1/2]⎯


 Test Files  3 failed (3)
      Tests  12 failed | 1 passed (13)
   Start at  02:59:57
   Duration  2.70s

 FAIL  Tests failed. Watching for file changes...
       press h to show help, press q to quit
c[3J RERUN  app/app/gap-analysis/page.tsx x19 

 ❯ app/app/dashboard/page.test.tsx (7 tests | 7 failed) 18ms
     × renders documents and standards 11ms
     × renders dashboard widgets 1ms
     × opens analysis modal and runs check 1ms
     × shows staged documents and allows approval 1ms
     × allows rejecting staged documents 1ms
     × shows notifications 1ms
     × shows upload progress 1ms
 ❯ lib/api.test.ts (4 tests | 3 failed) 61ms
       × should fetch documents successfully 36ms
       ✓ should throw error on failure 17ms
       × should upload document successfully 3ms
       × should throw error on upload failure 0ms
 ❯ app/app/documents/[id]/page.test.tsx (2 tests | 2 failed) 100ms
     × renders document details and download button 92ms
     × triggers export on button click 5ms
 ❯ app/app/gap-analysis/page.test.tsx (2 tests | 2 failed) 29ms
     × renders and loads standards 25ms
     × runs gap analysis and displays results 1ms

⎯⎯⎯⎯⎯⎯⎯ Failed Tests 2 ⎯⎯⎯⎯⎯⎯⎯

 FAIL  app/app/gap-analysis/page.test.tsx > GapAnalysisPage > renders and loads standards
 FAIL  app/app/gap-analysis/page.test.tsx > GapAnalysisPage > runs gap analysis and displays results
Error: Remember to wrap your app in a `<CopilotKit> {...} </CopilotKit>` !!!
 ❯ useCopilotContext node_modules/@copilotkit/react-core/dist/chunk-EUX2P2E7.mjs:96:11
 ❯ useCopilotReadable node_modules/@copilotkit/react-core/dist/chunk-HDOG2RTM.mjs:18:41
 ❯ GapAnalysisPage app/app/gap-analysis/page.tsx:15:5
     13|     const [report, setReport] = useState<any>(null);
     14| 
     15|     useCopilotReadable({
       |     ^
     16|         description: 'Available ISO standards for gap analysis',
     17|         value: standards,
 ❯ Object.react_stack_bottom_frame node_modules/react-dom/cjs/react-dom-client.development.js:25904:20
 ❯ renderWithHooks node_modules/react-dom/cjs/react-dom-client.development.js:7662:22
 ❯ updateFunctionComponent node_modules/react-dom/cjs/react-dom-client.development.js:10166:19
 ❯ beginWork node_modules/react-dom/cjs/react-dom-client.development.js:11778:18
 ❯ runWithFiberInDEV node_modules/react-dom/cjs/react-dom-client.development.js:874:13
 ❯ performUnitOfWork node_modules/react-dom/cjs/react-dom-client.development.js:17641:22
 ❯ workLoopSync node_modules/react-dom/cjs/react-dom-client.development.js:17469:41

⎯⎯⎯⎯⎯⎯⎯⎯⎯⎯⎯⎯⎯⎯⎯⎯⎯⎯⎯⎯⎯⎯⎯⎯[1/2]⎯


 Test Files  4 failed (4)
      Tests  14 failed | 1 passed (15)
   Start at  03:05:18
   Duration  1.56s

 FAIL  Tests failed. Watching for file changes...
       press h to show help, press q to quit
c[3J RERUN  app/app/gap-analysis/page.tsx x20 

 ❯ app/app/dashboard/page.test.tsx (7 tests | 7 failed) 18ms
     × renders documents and standards 11ms
     × renders dashboard widgets 1ms
     × opens analysis modal and runs check 1ms
     × shows staged documents and allows approval 1ms
     × allows rejecting staged documents 1ms
     × shows notifications 1ms
     × shows upload progress 1ms
 ❯ lib/api.test.ts (4 tests | 3 failed) 61ms
       × should fetch documents successfully 36ms
       ✓ should throw error on failure 17ms
       × should upload document successfully 3ms
       × should throw error on upload failure 0ms
 ❯ app/app/documents/[id]/page.test.tsx (2 tests | 2 failed) 100ms
     × renders document details and download button 92ms
     × triggers export on button click 5ms
 ❯ app/app/gap-analysis/page.test.tsx (2 tests | 2 failed) 27ms
     × renders and loads standards 23ms
     × runs gap analysis and displays results 3ms

⎯⎯⎯⎯⎯⎯⎯ Failed Tests 2 ⎯⎯⎯⎯⎯⎯⎯

 FAIL  app/app/gap-analysis/page.test.tsx > GapAnalysisPage > renders and loads standards
 FAIL  app/app/gap-analysis/page.test.tsx > GapAnalysisPage > runs gap analysis and displays results
Error: Remember to wrap your app in a `<CopilotKit> {...} </CopilotKit>` !!!
 ❯ useCopilotContext node_modules/@copilotkit/react-core/dist/chunk-EUX2P2E7.mjs:96:11
 ❯ useCopilotReadable node_modules/@copilotkit/react-core/dist/chunk-HDOG2RTM.mjs:18:41
 ❯ GapAnalysisPage app/app/gap-analysis/page.tsx:15:5
     13|     const [report, setReport] = useState<any>(null);
     14| 
     15|     useCopilotReadable({
       |     ^
     16|         description: 'Available ISO standards for gap analysis',
     17|         value: standards,
 ❯ Object.react_stack_bottom_frame node_modules/react-dom/cjs/react-dom-client.development.js:25904:20
 ❯ renderWithHooks node_modules/react-dom/cjs/react-dom-client.development.js:7662:22
 ❯ updateFunctionComponent node_modules/react-dom/cjs/react-dom-client.development.js:10166:19
 ❯ beginWork node_modules/react-dom/cjs/react-dom-client.development.js:11778:18
 ❯ runWithFiberInDEV node_modules/react-dom/cjs/react-dom-client.development.js:874:13
 ❯ performUnitOfWork node_modules/react-dom/cjs/react-dom-client.development.js:17641:22
 ❯ workLoopSync node_modules/react-dom/cjs/react-dom-client.development.js:17469:41

⎯⎯⎯⎯⎯⎯⎯⎯⎯⎯⎯⎯⎯⎯⎯⎯⎯⎯⎯⎯⎯⎯⎯⎯[1/2]⎯


 Test Files  4 failed (4)
      Tests  14 failed | 1 passed (15)
   Start at  03:05:24
   Duration  1.15s

 FAIL  Tests failed. Watching for file changes...
       press h to show help, press q to quit
c[3J RERUN  app/app/reports/[id]/page.tsx x23 

 ❯ app/app/dashboard/page.test.tsx (7 tests | 7 failed) 18ms
     × renders documents and standards 11ms
     × renders dashboard widgets 1ms
     × opens analysis modal and runs check 1ms
     × shows staged documents and allows approval 1ms
     × allows rejecting staged documents 1ms
     × shows notifications 1ms
     × shows upload progress 1ms
 ❯ lib/api.test.ts (4 tests | 3 failed) 61ms
       × should fetch documents successfully 36ms
       ✓ should throw error on failure 17ms
       × should upload document successfully 3ms
       × should throw error on upload failure 0ms
 ❯ app/app/documents/[id]/page.test.tsx (2 tests | 2 failed) 100ms
     × renders document details and download button 92ms
     × triggers export on button click 5ms
 ❯ app/app/gap-analysis/page.test.tsx (2 tests | 2 failed) 27ms
     × renders and loads standards 23ms
     × runs gap analysis and displays results 3ms
 ❯ app/app/reports/[id]/page.test.tsx (3 tests | 3 failed) 22ms
     × renders loading state initially 18ms
     × renders report data successfully 1ms
     × renders error state on failure 1ms

⎯⎯⎯⎯⎯⎯⎯ Failed Tests 3 ⎯⎯⎯⎯⎯⎯⎯

 FAIL  app/app/reports/[id]/page.test.tsx > ComplianceReportPage > renders loading state initially
 FAIL  app/app/reports/[id]/page.test.tsx > ComplianceReportPage > renders report data successfully
 FAIL  app/app/reports/[id]/page.test.tsx > ComplianceReportPage > renders error state on failure
Error: Remember to wrap your app in a `<CopilotKit> {...} </CopilotKit>` !!!
 ❯ useCopilotContext node_modules/@copilotkit/react-core/dist/chunk-EUX2P2E7.mjs:96:11
 ❯ useCopilotReadable node_modules/@copilotkit/react-core/dist/chunk-HDOG2RTM.mjs:18:41
 ❯ ComplianceReportPage app/app/reports/[id]/page.tsx:51:5
     49|     }
     50| 
     51|     useCopilotReadable({
       |     ^
     52|         description: 'Aktiv compliance-rapport med detaljerte resultat…
     53|         value: report,
 ❯ Object.react_stack_bottom_frame node_modules/react-dom/cjs/react-dom-client.development.js:25904:20
 ❯ renderWithHooks node_modules/react-dom/cjs/react-dom-client.development.js:7662:22
 ❯ updateFunctionComponent node_modules/react-dom/cjs/react-dom-client.development.js:10166:19
 ❯ beginWork node_modules/react-dom/cjs/react-dom-client.development.js:11778:18
 ❯ runWithFiberInDEV node_modules/react-dom/cjs/react-dom-client.development.js:874:13
 ❯ performUnitOfWork node_modules/react-dom/cjs/react-dom-client.development.js:17641:22
 ❯ workLoopSync node_modules/react-dom/cjs/react-dom-client.development.js:17469:41

⎯⎯⎯⎯⎯⎯⎯⎯⎯⎯⎯⎯⎯⎯⎯⎯⎯⎯⎯⎯⎯⎯⎯⎯[1/3]⎯


 Test Files  5 failed (5)
      Tests  17 failed | 1 passed (18)
   Start at  03:05:29
   Duration  1.35s

 FAIL  Tests failed. Watching for file changes...
       press h to show help, press q to quit
c[3J RERUN  app/app/gap-analysis/page.tsx x21 

 ❯ app/app/dashboard/page.test.tsx (7 tests | 7 failed) 18ms
     × renders documents and standards 11ms
     × renders dashboard widgets 1ms
     × opens analysis modal and runs check 1ms
     × shows staged documents and allows approval 1ms
     × allows rejecting staged documents 1ms
     × shows notifications 1ms
     × shows upload progress 1ms
 ❯ lib/api.test.ts (4 tests | 3 failed) 61ms
       × should fetch documents successfully 36ms
       ✓ should throw error on failure 17ms
       × should upload document successfully 3ms
       × should throw error on upload failure 0ms
 ❯ app/app/reports/[id]/page.test.tsx (3 tests | 3 failed) 22ms
     × renders loading state initially 18ms
     × renders report data successfully 1ms
     × renders error state on failure 1ms
 ❯ app/app/documents/[id]/page.test.tsx (2 tests | 2 failed) 100ms
     × renders document details and download button 92ms
     × triggers export on button click 5ms
 ❯ app/app/gap-analysis/page.test.tsx (2 tests | 2 failed) 24ms
     × renders and loads standards 21ms
     × runs gap analysis and displays results 1ms

⎯⎯⎯⎯⎯⎯⎯ Failed Tests 2 ⎯⎯⎯⎯⎯⎯⎯

 FAIL  app/app/gap-analysis/page.test.tsx > GapAnalysisPage > renders and loads standards
 FAIL  app/app/gap-analysis/page.test.tsx > GapAnalysisPage > runs gap analysis and displays results
Error: Remember to wrap your app in a `<CopilotKit> {...} </CopilotKit>` !!!
 ❯ useCopilotContext node_modules/@copilotkit/react-core/dist/chunk-EUX2P2E7.mjs:96:11
 ❯ useCopilotReadable node_modules/@copilotkit/react-core/dist/chunk-HDOG2RTM.mjs:18:41
 ❯ GapAnalysisPage app/app/gap-analysis/page.tsx:13:5
     11|     const [report, setReport] = useState<any>(null);
     12| 
     13|     useCopilotReadable({
       |     ^
     14|         description: 'Available ISO standards for gap analysis',
     15|         value: standards,
 ❯ Object.react_stack_bottom_frame node_modules/react-dom/cjs/react-dom-client.development.js:25904:20
 ❯ renderWithHooks node_modules/react-dom/cjs/react-dom-client.development.js:7662:22
 ❯ updateFunctionComponent node_modules/react-dom/cjs/react-dom-client.development.js:10166:19
 ❯ beginWork node_modules/react-dom/cjs/react-dom-client.development.js:11778:18
 ❯ runWithFiberInDEV node_modules/react-dom/cjs/react-dom-client.development.js:874:13
 ❯ performUnitOfWork node_modules/react-dom/cjs/react-dom-client.development.js:17641:22
 ❯ workLoopSync node_modules/react-dom/cjs/react-dom-client.development.js:17469:41

⎯⎯⎯⎯⎯⎯⎯⎯⎯⎯⎯⎯⎯⎯⎯⎯⎯⎯⎯⎯⎯⎯⎯⎯[1/2]⎯


 Test Files  5 failed (5)
      Tests  17 failed | 1 passed (18)
   Start at  03:05:43
   Duration  1.64s

 FAIL  Tests failed. Watching for file changes...
       press h to show help, press q to quit
c[3J RERUN  app/app/dashboard/page.tsx x76 

 ❯ lib/api.test.ts (4 tests | 3 failed) 61ms
       × should fetch documents successfully 36ms
       ✓ should throw error on failure 17ms
       × should upload document successfully 3ms
       × should throw error on upload failure 0ms
 ❯ app/app/reports/[id]/page.test.tsx (3 tests | 3 failed) 22ms
     × renders loading state initially 18ms
     × renders report data successfully 1ms
     × renders error state on failure 1ms
 ❯ app/app/documents/[id]/page.test.tsx (2 tests | 2 failed) 100ms
     × renders document details and download button 92ms
     × triggers export on button click 5ms
 ❯ app/app/gap-analysis/page.test.tsx (2 tests | 2 failed) 24ms
     × renders and loads standards 21ms
     × runs gap analysis and displays results 1ms
 ❯ app/app/dashboard/page.test.tsx (7 tests | 7 failed) 106ms
     × renders documents and standards 93ms
     × renders dashboard widgets 3ms
     × opens analysis modal and runs check 1ms
     × shows staged documents and allows approval 2ms
     × allows rejecting staged documents 3ms
     × shows notifications 2ms
     × shows upload progress 1ms

⎯⎯⎯⎯⎯⎯⎯ Failed Tests 7 ⎯⎯⎯⎯⎯⎯⎯

 FAIL  app/app/dashboard/page.test.tsx > Dashboard Page > renders documents and standards
 FAIL  app/app/dashboard/page.test.tsx > Dashboard Page > renders dashboard widgets
 FAIL  app/app/dashboard/page.test.tsx > Dashboard Page > opens analysis modal and runs check
 FAIL  app/app/dashboard/page.test.tsx > Dashboard Page > shows staged documents and allows approval
 FAIL  app/app/dashboard/page.test.tsx > Dashboard Page > allows rejecting staged documents
 FAIL  app/app/dashboard/page.test.tsx > Dashboard Page > shows notifications
 FAIL  app/app/dashboard/page.test.tsx > Dashboard Page > shows upload progress
Error: Remember to wrap your app in a `<CopilotKit> {...} </CopilotKit>` !!!
 ❯ useCopilotContext node_modules/@copilotkit/react-core/dist/chunk-EUX2P2E7.mjs:96:11
 ❯ useCopilotReadable node_modules/@copilotkit/react-core/dist/chunk-HDOG2RTM.mjs:18:41
 ❯ Dashboard app/app/dashboard/page.tsx:38:5
     36|     const [stats, setStats] = useState<any>(null);
     37| 
     38|     useCopilotReadable({
       |     ^
     39|         description: 'Dashboard document lists visible to the user',
     40|         value: {
 ❯ Object.react_stack_bottom_frame node_modules/react-dom/cjs/react-dom-client.development.js:25904:20
 ❯ renderWithHooks node_modules/react-dom/cjs/react-dom-client.development.js:7662:22
 ❯ updateFunctionComponent node_modules/react-dom/cjs/react-dom-client.development.js:10166:19
 ❯ beginWork node_modules/react-dom/cjs/react-dom-client.development.js:11778:18
 ❯ runWithFiberInDEV node_modules/react-dom/cjs/react-dom-client.development.js:874:13
 ❯ performUnitOfWork node_modules/react-dom/cjs/react-dom-client.development.js:17641:22
 ❯ workLoopSync node_modules/react-dom/cjs/react-dom-client.development.js:17469:41

⎯⎯⎯⎯⎯⎯⎯⎯⎯⎯⎯⎯⎯⎯⎯⎯⎯⎯⎯⎯⎯⎯⎯⎯[1/7]⎯


 Test Files  5 failed (5)
      Tests  17 failed | 1 passed (18)
   Start at  03:09:02
   Duration  6.36s

 FAIL  Tests failed. Watching for file changes...
       press h to show help, press q to quit
c[3J RERUN  app/app/documents/[id]/page.tsx x38 

 ❯ app/app/dashboard/page.test.tsx (7 tests | 7 failed) 106ms
     × renders documents and standards 93ms
     × renders dashboard widgets 3ms
     × opens analysis modal and runs check 1ms
     × shows staged documents and allows approval 2ms
     × allows rejecting staged documents 3ms
     × shows notifications 2ms
     × shows upload progress 1ms
 ❯ lib/api.test.ts (4 tests | 3 failed) 61ms
       × should fetch documents successfully 36ms
       ✓ should throw error on failure 17ms
       × should upload document successfully 3ms
       × should throw error on upload failure 0ms
 ❯ app/app/reports/[id]/page.test.tsx (3 tests | 3 failed) 22ms
     × renders loading state initially 18ms
     × renders report data successfully 1ms
     × renders error state on failure 1ms
 ❯ app/app/gap-analysis/page.test.tsx (2 tests | 2 failed) 24ms
     × renders and loads standards 21ms
     × runs gap analysis and displays results 1ms
 ❯ app/app/documents/[id]/page.test.tsx (2 tests | 2 failed) 58ms
     × renders document details and download button 19ms
     × triggers export on button click 38ms

⎯⎯⎯⎯⎯⎯⎯ Failed Tests 2 ⎯⎯⎯⎯⎯⎯⎯

 FAIL  app/app/documents/[id]/page.test.tsx > DocumentView Page > renders document details and download button
 FAIL  app/app/documents/[id]/page.test.tsx > DocumentView Page > triggers export on button click
Error: Remember to wrap your app in a `<CopilotKit> {...} </CopilotKit>` !!!
 ❯ useCopilotContext node_modules/@copilotkit/react-core/dist/chunk-EUX2P2E7.mjs:96:11
 ❯ useCopilotReadable node_modules/@copilotkit/react-core/dist/chunk-HDOG2RTM.mjs:18:41
 ❯ DocumentView app/app/documents/[id]/page.tsx:34:5
     32|     const [suggestedOwner, setSuggestedOwner] = useState<string | null…
     33| 
     34|     useCopilotReadable({
       |     ^
     35|         description: 'Document metadata',
     36|         value: document,
 ❯ Object.react_stack_bottom_frame node_modules/react-dom/cjs/react-dom-client.development.js:25904:20
 ❯ renderWithHooks node_modules/react-dom/cjs/react-dom-client.development.js:7662:22
 ❯ updateFunctionComponent node_modules/react-dom/cjs/react-dom-client.development.js:10166:19
 ❯ beginWork node_modules/react-dom/cjs/react-dom-client.development.js:11778:18
 ❯ runWithFiberInDEV node_modules/react-dom/cjs/react-dom-client.development.js:874:13
 ❯ performUnitOfWork node_modules/react-dom/cjs/react-dom-client.development.js:17641:22
 ❯ workLoopSync node_modules/react-dom/cjs/react-dom-client.development.js:17469:41

⎯⎯⎯⎯⎯⎯⎯⎯⎯⎯⎯⎯⎯⎯⎯⎯⎯⎯⎯⎯⎯⎯⎯⎯[1/2]⎯


 Test Files  5 failed (5)
      Tests  17 failed | 1 passed (18)
   Start at  03:09:16
   Duration  2.54s

 FAIL  Tests failed. Watching for file changes...
       press h to show help, press q to quit
c[3J RERUN  app/app/documents/[id]/page.tsx x39 

 ❯ app/app/dashboard/page.test.tsx (7 tests | 7 failed) 106ms
     × renders documents and standards 93ms
     × renders dashboard widgets 3ms
     × opens analysis modal and runs check 1ms
     × shows staged documents and allows approval 2ms
     × allows rejecting staged documents 3ms
     × shows notifications 2ms
     × shows upload progress 1ms
 ❯ lib/api.test.ts (4 tests | 3 failed) 61ms
       × should fetch documents successfully 36ms
       ✓ should throw error on failure 17ms
       × should upload document successfully 3ms
       × should throw error on upload failure 0ms
 ❯ app/app/reports/[id]/page.test.tsx (3 tests | 3 failed) 22ms
     × renders loading state initially 18ms
     × renders report data successfully 1ms
     × renders error state on failure 1ms
 ❯ app/app/gap-analysis/page.test.tsx (2 tests | 2 failed) 24ms
     × renders and loads standards 21ms
     × runs gap analysis and displays results 1ms
 ❯ app/app/documents/[id]/page.test.tsx (2 tests | 2 failed) 23ms
     × renders document details and download button 21ms
     × triggers export on button click 1ms

⎯⎯⎯⎯⎯⎯⎯ Failed Tests 2 ⎯⎯⎯⎯⎯⎯⎯

 FAIL  app/app/documents/[id]/page.test.tsx > DocumentView Page > renders document details and download button
 FAIL  app/app/documents/[id]/page.test.tsx > DocumentView Page > triggers export on button click
Error: Remember to wrap your app in a `<CopilotKit> {...} </CopilotKit>` !!!
 ❯ useCopilotContext node_modules/@copilotkit/react-core/dist/chunk-EUX2P2E7.mjs:96:11
 ❯ useCopilotReadable node_modules/@copilotkit/react-core/dist/chunk-HDOG2RTM.mjs:18:41
 ❯ DocumentView app/app/documents/[id]/page.tsx:42:5
     40|     const [formSavedAt, setFormSavedAt] = useState<string | null>(null…
     41| 
     42|     useCopilotReadable({
       |     ^
     43|         description: 'Document metadata',
     44|         value: document,
 ❯ Object.react_stack_bottom_frame node_modules/react-dom/cjs/react-dom-client.development.js:25904:20
 ❯ renderWithHooks node_modules/react-dom/cjs/react-dom-client.development.js:7662:22
 ❯ updateFunctionComponent node_modules/react-dom/cjs/react-dom-client.development.js:10166:19
 ❯ beginWork node_modules/react-dom/cjs/react-dom-client.development.js:11778:18
 ❯ runWithFiberInDEV node_modules/react-dom/cjs/react-dom-client.development.js:874:13
 ❯ performUnitOfWork node_modules/react-dom/cjs/react-dom-client.development.js:17641:22
 ❯ workLoopSync node_modules/react-dom/cjs/react-dom-client.development.js:17469:41

⎯⎯⎯⎯⎯⎯⎯⎯⎯⎯⎯⎯⎯⎯⎯⎯⎯⎯⎯⎯⎯⎯⎯⎯[1/2]⎯


 Test Files  5 failed (5)
      Tests  17 failed | 1 passed (18)
   Start at  03:14:01
   Duration  1.59s

 FAIL  Tests failed. Watching for file changes...
       press h to show help, press q to quit
c[3J RERUN  app/app/documents/[id]/page.tsx x40 

 ❯ app/app/dashboard/page.test.tsx (7 tests | 7 failed) 106ms
     × renders documents and standards 93ms
     × renders dashboard widgets 3ms
     × opens analysis modal and runs check 1ms
     × shows staged documents and allows approval 2ms
     × allows rejecting staged documents 3ms
     × shows notifications 2ms
     × shows upload progress 1ms
 ❯ lib/api.test.ts (4 tests | 3 failed) 61ms
       × should fetch documents successfully 36ms
       ✓ should throw error on failure 17ms
       × should upload document successfully 3ms
       × should throw error on upload failure 0ms
 ❯ app/app/reports/[id]/page.test.tsx (3 tests | 3 failed) 22ms
     × renders loading state initially 18ms
     × renders report data successfully 1ms
     × renders error state on failure 1ms
 ❯ app/app/gap-analysis/page.test.tsx (2 tests | 2 failed) 24ms
     × renders and loads standards 21ms
     × runs gap analysis and displays results 1ms
 ❯ app/app/documents/[id]/page.test.tsx (2 tests | 2 failed) 55ms
     × renders document details and download button 52ms
     × triggers export on button click 1ms

⎯⎯⎯⎯⎯⎯⎯ Failed Tests 2 ⎯⎯⎯⎯⎯⎯⎯

 FAIL  app/app/documents/[id]/page.test.tsx > DocumentView Page > renders document details and download button
 FAIL  app/app/documents/[id]/page.test.tsx > DocumentView Page > triggers export on button click
Error: Remember to wrap your app in a `<CopilotKit> {...} </CopilotKit>` !!!
 ❯ useCopilotContext node_modules/@copilotkit/react-core/dist/chunk-EUX2P2E7.mjs:96:11
 ❯ useCopilotReadable node_modules/@copilotkit/react-core/dist/chunk-HDOG2RTM.mjs:18:41
 ❯ DocumentView app/app/documents/[id]/page.tsx:42:5
     40|     const [formSavedAt, setFormSavedAt] = useState<string | null>(null…
     41| 
     42|     useCopilotReadable({
       |     ^
     43|         description: 'Document metadata',
     44|         value: document,
 ❯ Object.react_stack_bottom_frame node_modules/react-dom/cjs/react-dom-client.development.js:25904:20
 ❯ renderWithHooks node_modules/react-dom/cjs/react-dom-client.development.js:7662:22
 ❯ updateFunctionComponent node_modules/react-dom/cjs/react-dom-client.development.js:10166:19
 ❯ beginWork node_modules/react-dom/cjs/react-dom-client.development.js:11778:18
 ❯ runWithFiberInDEV node_modules/react-dom/cjs/react-dom-client.development.js:874:13
 ❯ performUnitOfWork node_modules/react-dom/cjs/react-dom-client.development.js:17641:22
 ❯ workLoopSync node_modules/react-dom/cjs/react-dom-client.development.js:17469:41

⎯⎯⎯⎯⎯⎯⎯⎯⎯⎯⎯⎯⎯⎯⎯⎯⎯⎯⎯⎯⎯⎯⎯⎯[1/2]⎯


 Test Files  5 failed (5)
      Tests  17 failed | 1 passed (18)
   Start at  03:14:14
   Duration  2.61s

 FAIL  Tests failed. Watching for file changes...
       press h to show help, press q to quit
c[3J RERUN  app/app/documents/page.test.tsx x1 

 ❯ app/app/dashboard/page.test.tsx (7 tests | 7 failed) 106ms
     × renders documents and standards 93ms
     × renders dashboard widgets 3ms
     × opens analysis modal and runs check 1ms
     × shows staged documents and allows approval 2ms
     × allows rejecting staged documents 3ms
     × shows notifications 2ms
     × shows upload progress 1ms
 ❯ lib/api.test.ts (4 tests | 3 failed) 61ms
       × should fetch documents successfully 36ms
       ✓ should throw error on failure 17ms
       × should upload document successfully 3ms
       × should throw error on upload failure 0ms
 ❯ app/app/reports/[id]/page.test.tsx (3 tests | 3 failed) 22ms
     × renders loading state initially 18ms
     × renders report data successfully 1ms
     × renders error state on failure 1ms
 ❯ app/app/documents/[id]/page.test.tsx (2 tests | 2 failed) 55ms
     × renders document details and download button 52ms
     × triggers export on button click 1ms
 ❯ app/app/gap-analysis/page.test.tsx (2 tests | 2 failed) 24ms
     × renders and loads standards 21ms
     × runs gap analysis and displays results 1ms
 ❯ app/app/documents/page.test.tsx (4 tests | 4 failed) 15ms
     × renders document list 10ms
     × handles file upload 1ms
     × allows deleting a document 1ms
     × shows staged documents separately 1ms

⎯⎯⎯⎯⎯⎯⎯ Failed Tests 4 ⎯⎯⎯⎯⎯⎯⎯

 FAIL  app/app/documents/page.test.tsx > Documents Page > renders document list
 FAIL  app/app/documents/page.test.tsx > Documents Page > handles file upload
 FAIL  app/app/documents/page.test.tsx > Documents Page > allows deleting a document
 FAIL  app/app/documents/page.test.tsx > Documents Page > shows staged documents separately
Error: Remember to wrap your app in a `<CopilotKit> {...} </CopilotKit>` !!!
 ❯ useCopilotContext node_modules/@copilotkit/react-core/dist/chunk-EUX2P2E7.mjs:96:11
 ❯ useCopilotReadable node_modules/@copilotkit/react-core/dist/chunk-HDOG2RTM.mjs:18:41
 ❯ DocumentsPage app/app/documents/page.tsx:21:5
     19|     const [uploading, setUploading] = useState(false);
     20| 
     21|     useCopilotReadable({
       |     ^
     22|         description: 'List of all documents',
     23|         value: {
 ❯ Object.react_stack_bottom_frame node_modules/react-dom/cjs/react-dom-client.development.js:25904:20
 ❯ renderWithHooks node_modules/react-dom/cjs/react-dom-client.development.js:7662:22
 ❯ updateFunctionComponent node_modules/react-dom/cjs/react-dom-client.development.js:10166:19
 ❯ beginWork node_modules/react-dom/cjs/react-dom-client.development.js:11778:18
 ❯ runWithFiberInDEV node_modules/react-dom/cjs/react-dom-client.development.js:874:13
 ❯ performUnitOfWork node_modules/react-dom/cjs/react-dom-client.development.js:17641:22
 ❯ workLoopSync node_modules/react-dom/cjs/react-dom-client.development.js:17469:41

⎯⎯⎯⎯⎯⎯⎯⎯⎯⎯⎯⎯⎯⎯⎯⎯⎯⎯⎯⎯⎯⎯⎯⎯[1/4]⎯


 Test Files  6 failed (6)
      Tests  21 failed | 1 passed (22)
   Start at  03:14:20
   Duration  2.27s

 FAIL  Tests failed. Watching for file changes...
       press h to show help, press q to quit
c[3J RERUN  app/app/documents/[id]/page.tsx x41 

 ❯ app/app/dashboard/page.test.tsx (7 tests | 7 failed) 106ms
     × renders documents and standards 93ms
     × renders dashboard widgets 3ms
     × opens analysis modal and runs check 1ms
     × shows staged documents and allows approval 2ms
     × allows rejecting staged documents 3ms
     × shows notifications 2ms
     × shows upload progress 1ms
 ❯ lib/api.test.ts (4 tests | 3 failed) 61ms
       × should fetch documents successfully 36ms
       ✓ should throw error on failure 17ms
       × should upload document successfully 3ms
       × should throw error on upload failure 0ms
 ❯ app/app/reports/[id]/page.test.tsx (3 tests | 3 failed) 22ms
     × renders loading state initially 18ms
     × renders report data successfully 1ms
     × renders error state on failure 1ms
 ❯ app/app/gap-analysis/page.test.tsx (2 tests | 2 failed) 24ms
     × renders and loads standards 21ms
     × runs gap analysis and displays results 1ms
 ❯ app/app/documents/page.test.tsx (4 tests | 4 failed) 15ms
     × renders document list 10ms
     × handles file upload 1ms
     × allows deleting a document 1ms
     × shows staged documents separately 1ms
 ❯ app/app/documents/[id]/page.test.tsx (2 tests | 2 failed) 21ms
     × renders document details and download button 19ms
     × triggers export on button click 1ms

⎯⎯⎯⎯⎯⎯⎯ Failed Tests 2 ⎯⎯⎯⎯⎯⎯⎯

 FAIL  app/app/documents/[id]/page.test.tsx > DocumentView Page > renders document details and download button
 FAIL  app/app/documents/[id]/page.test.tsx > DocumentView Page > triggers export on button click
Error: Remember to wrap your app in a `<CopilotKit> {...} </CopilotKit>` !!!
 ❯ useCopilotContext node_modules/@copilotkit/react-core/dist/chunk-EUX2P2E7.mjs:96:11
 ❯ useCopilotReadable node_modules/@copilotkit/react-core/dist/chunk-HDOG2RTM.mjs:18:41
 ❯ DocumentView app/app/documents/[id]/page.tsx:42:5
     40|     const [formSavedAt, setFormSavedAt] = useState<string | null>(null…
     41| 
     42|     useCopilotReadable({
       |     ^
     43|         description: 'Document metadata',
     44|         value: document,
 ❯ Object.react_stack_bottom_frame node_modules/react-dom/cjs/react-dom-client.development.js:25904:20
 ❯ renderWithHooks node_modules/react-dom/cjs/react-dom-client.development.js:7662:22
 ❯ updateFunctionComponent node_modules/react-dom/cjs/react-dom-client.development.js:10166:19
 ❯ beginWork node_modules/react-dom/cjs/react-dom-client.development.js:11778:18
 ❯ runWithFiberInDEV node_modules/react-dom/cjs/react-dom-client.development.js:874:13
 ❯ performUnitOfWork node_modules/react-dom/cjs/react-dom-client.development.js:17641:22
 ❯ workLoopSync node_modules/react-dom/cjs/react-dom-client.development.js:17469:41

⎯⎯⎯⎯⎯⎯⎯⎯⎯⎯⎯⎯⎯⎯⎯⎯⎯⎯⎯⎯⎯⎯⎯⎯[1/2]⎯


 Test Files  6 failed (6)
      Tests  21 failed | 1 passed (22)
   Start at  03:14:31
   Duration  1.85s

 FAIL  Tests failed. Watching for file changes...
       press h to show help, press q to quit
c[3J RERUN  app/app/dashboard/page.tsx x77 

 ❯ lib/api.test.ts (4 tests | 3 failed) 61ms
       × should fetch documents successfully 36ms
       ✓ should throw error on failure 17ms
       × should upload document successfully 3ms
       × should throw error on upload failure 0ms
 ❯ app/app/reports/[id]/page.test.tsx (3 tests | 3 failed) 22ms
     × renders loading state initially 18ms
     × renders report data successfully 1ms
     × renders error state on failure 1ms
 ❯ app/app/documents/[id]/page.test.tsx (2 tests | 2 failed) 21ms
     × renders document details and download button 19ms
     × triggers export on button click 1ms
 ❯ app/app/gap-analysis/page.test.tsx (2 tests | 2 failed) 24ms
     × renders and loads standards 21ms
     × runs gap analysis and displays results 1ms
 ❯ app/app/documents/page.test.tsx (4 tests | 4 failed) 15ms
     × renders document list 10ms
     × handles file upload 1ms
     × allows deleting a document 1ms
     × shows staged documents separately 1ms
 ❯ app/app/dashboard/page.test.tsx (7 tests | 7 failed) 42ms
     × renders documents and standards 25ms
     × renders dashboard widgets 1ms
     × opens analysis modal and runs check 1ms
     × shows staged documents and allows approval 2ms
     × allows rejecting staged documents 2ms
     × shows notifications 3ms
     × shows upload progress 2ms

⎯⎯⎯⎯⎯⎯⎯ Failed Tests 7 ⎯⎯⎯⎯⎯⎯⎯

 FAIL  app/app/dashboard/page.test.tsx > Dashboard Page > renders documents and standards
 FAIL  app/app/dashboard/page.test.tsx > Dashboard Page > renders dashboard widgets
 FAIL  app/app/dashboard/page.test.tsx > Dashboard Page > opens analysis modal and runs check
 FAIL  app/app/dashboard/page.test.tsx > Dashboard Page > shows staged documents and allows approval
 FAIL  app/app/dashboard/page.test.tsx > Dashboard Page > allows rejecting staged documents
 FAIL  app/app/dashboard/page.test.tsx > Dashboard Page > shows notifications
 FAIL  app/app/dashboard/page.test.tsx > Dashboard Page > shows upload progress
Error: Remember to wrap your app in a `<CopilotKit> {...} </CopilotKit>` !!!
 ❯ useCopilotContext node_modules/@copilotkit/react-core/dist/chunk-EUX2P2E7.mjs:96:11
 ❯ useCopilotReadable node_modules/@copilotkit/react-core/dist/chunk-HDOG2RTM.mjs:18:41
 ❯ Dashboard app/app/dashboard/page.tsx:38:5
     36|     const [stats, setStats] = useState<any>(null);
     37| 
     38|     useCopilotReadable({
       |     ^
     39|         description: 'Dashboard document lists visible to the user',
     40|         value: {
 ❯ Object.react_stack_bottom_frame node_modules/react-dom/cjs/react-dom-client.development.js:25904:20
 ❯ renderWithHooks node_modules/react-dom/cjs/react-dom-client.development.js:7662:22
 ❯ updateFunctionComponent node_modules/react-dom/cjs/react-dom-client.development.js:10166:19
 ❯ beginWork node_modules/react-dom/cjs/react-dom-client.development.js:11778:18
 ❯ runWithFiberInDEV node_modules/react-dom/cjs/react-dom-client.development.js:874:13
 ❯ performUnitOfWork node_modules/react-dom/cjs/react-dom-client.development.js:17641:22
 ❯ workLoopSync node_modules/react-dom/cjs/react-dom-client.development.js:17469:41

⎯⎯⎯⎯⎯⎯⎯⎯⎯⎯⎯⎯⎯⎯⎯⎯⎯⎯⎯⎯⎯⎯⎯⎯[1/7]⎯


 Test Files  6 failed (6)
      Tests  21 failed | 1 passed (22)
   Start at  03:16:45
   Duration  4.21s

 FAIL  Tests failed. Watching for file changes...
       press h to show help, press q to quit
c[3J RERUN  app/app/dashboard/page.tsx x78 

 ❯ lib/api.test.ts (4 tests | 3 failed) 61ms
       × should fetch documents successfully 36ms
       ✓ should throw error on failure 17ms
       × should upload document successfully 3ms
       × should throw error on upload failure 0ms
 ❯ app/app/reports/[id]/page.test.tsx (3 tests | 3 failed) 22ms
     × renders loading state initially 18ms
     × renders report data successfully 1ms
     × renders error state on failure 1ms
 ❯ app/app/documents/[id]/page.test.tsx (2 tests | 2 failed) 21ms
     × renders document details and download button 19ms
     × triggers export on button click 1ms
 ❯ app/app/gap-analysis/page.test.tsx (2 tests | 2 failed) 24ms
     × renders and loads standards 21ms
     × runs gap analysis and displays results 1ms
 ❯ app/app/documents/page.test.tsx (4 tests | 4 failed) 15ms
     × renders document list 10ms
     × handles file upload 1ms
     × allows deleting a document 1ms
     × shows staged documents separately 1ms
 ❯ app/app/dashboard/page.test.tsx (7 tests | 7 failed) 31ms
     × renders documents and standards 24ms
     × renders dashboard widgets 1ms
     × opens analysis modal and runs check 1ms
     × shows staged documents and allows approval 1ms
     × allows rejecting staged documents 1ms
     × shows notifications 1ms
     × shows upload progress 1ms

⎯⎯⎯⎯⎯⎯⎯ Failed Tests 7 ⎯⎯⎯⎯⎯⎯⎯

 FAIL  app/app/dashboard/page.test.tsx > Dashboard Page > renders documents and standards
 FAIL  app/app/dashboard/page.test.tsx > Dashboard Page > renders dashboard widgets
 FAIL  app/app/dashboard/page.test.tsx > Dashboard Page > opens analysis modal and runs check
 FAIL  app/app/dashboard/page.test.tsx > Dashboard Page > shows staged documents and allows approval
 FAIL  app/app/dashboard/page.test.tsx > Dashboard Page > allows rejecting staged documents
 FAIL  app/app/dashboard/page.test.tsx > Dashboard Page > shows notifications
 FAIL  app/app/dashboard/page.test.tsx > Dashboard Page > shows upload progress
Error: Remember to wrap your app in a `<CopilotKit> {...} </CopilotKit>` !!!
 ❯ useCopilotContext node_modules/@copilotkit/react-core/dist/chunk-EUX2P2E7.mjs:96:11
 ❯ useCopilotReadable node_modules/@copilotkit/react-core/dist/chunk-HDOG2RTM.mjs:18:41
 ❯ Dashboard app/app/dashboard/page.tsx:38:5
     36|     const [stats, setStats] = useState<any>(null);
     37| 
     38|     useCopilotReadable({
       |     ^
     39|         description: 'Dashboard document lists visible to the user',
     40|         value: {
 ❯ Object.react_stack_bottom_frame node_modules/react-dom/cjs/react-dom-client.development.js:25904:20
 ❯ renderWithHooks node_modules/react-dom/cjs/react-dom-client.development.js:7662:22
 ❯ updateFunctionComponent node_modules/react-dom/cjs/react-dom-client.development.js:10166:19
 ❯ beginWork node_modules/react-dom/cjs/react-dom-client.development.js:11778:18
 ❯ runWithFiberInDEV node_modules/react-dom/cjs/react-dom-client.development.js:874:13
 ❯ performUnitOfWork node_modules/react-dom/cjs/react-dom-client.development.js:17641:22
 ❯ workLoopSync node_modules/react-dom/cjs/react-dom-client.development.js:17469:41

⎯⎯⎯⎯⎯⎯⎯⎯⎯⎯⎯⎯⎯⎯⎯⎯⎯⎯⎯⎯⎯⎯⎯⎯[1/7]⎯


 Test Files  6 failed (6)
      Tests  21 failed | 1 passed (22)
   Start at  03:16:54
   Duration  3.92s

 FAIL  Tests failed. Watching for file changes...
       press h to show help, press q to quit
c[3J RERUN  app/app/documents/[id]/page.tsx x42 

 ❯ app/app/dashboard/page.test.tsx (7 tests | 7 failed) 31ms
     × renders documents and standards 24ms
     × renders dashboard widgets 1ms
     × opens analysis modal and runs check 1ms
     × shows staged documents and allows approval 1ms
     × allows rejecting staged documents 1ms
     × shows notifications 1ms
     × shows upload progress 1ms
 ❯ lib/api.test.ts (4 tests | 3 failed) 61ms
       × should fetch documents successfully 36ms
       ✓ should throw error on failure 17ms
       × should upload document successfully 3ms
       × should throw error on upload failure 0ms
 ❯ app/app/reports/[id]/page.test.tsx (3 tests | 3 failed) 22ms
     × renders loading state initially 18ms
     × renders report data successfully 1ms
     × renders error state on failure 1ms
 ❯ app/app/gap-analysis/page.test.tsx (2 tests | 2 failed) 24ms
     × renders and loads standards 21ms
     × runs gap analysis and displays results 1ms
 ❯ app/app/documents/page.test.tsx (4 tests | 4 failed) 15ms
     × renders document list 10ms
     × handles file upload 1ms
     × allows deleting a document 1ms
     × shows staged documents separately 1ms
 ❯ app/app/documents/[id]/page.test.tsx (2 tests | 2 failed) 15ms
     × renders document details and download button 11ms
     × triggers export on button click 3ms

⎯⎯⎯⎯⎯⎯⎯ Failed Tests 2 ⎯⎯⎯⎯⎯⎯⎯

 FAIL  app/app/documents/[id]/page.test.tsx > DocumentView Page > renders document details and download button
 FAIL  app/app/documents/[id]/page.test.tsx > DocumentView Page > triggers export on button click
Error: Remember to wrap your app in a `<CopilotKit> {...} </CopilotKit>` !!!
 ❯ useCopilotContext node_modules/@copilotkit/react-core/dist/chunk-EUX2P2E7.mjs:96:11
 ❯ useCopilotReadable node_modules/@copilotkit/react-core/dist/chunk-HDOG2RTM.mjs:18:41
 ❯ DocumentView app/app/documents/[id]/page.tsx:42:5
 ❯ Object.react_stack_bottom_frame node_modules/react-dom/cjs/react-dom-client.development.js:25904:20
 ❯ renderWithHooks node_modules/react-dom/cjs/react-dom-client.development.js:7662:22
 ❯ updateFunctionComponent node_modules/react-dom/cjs/react-dom-client.development.js:10166:19
 ❯ beginWork node_modules/react-dom/cjs/react-dom-client.development.js:11778:18
 ❯ runWithFiberInDEV node_modules/react-dom/cjs/react-dom-client.development.js:874:13
 ❯ performUnitOfWork node_modules/react-dom/cjs/react-dom-client.development.js:17641:22
 ❯ workLoopSync node_modules/react-dom/cjs/react-dom-client.development.js:17469:41

⎯⎯⎯⎯⎯⎯⎯⎯⎯⎯⎯⎯⎯⎯⎯⎯⎯⎯⎯⎯⎯⎯⎯⎯[1/2]⎯


 Test Files  6 failed (6)
      Tests  21 failed | 1 passed (22)
   Start at  03:17:53
   Duration  1.41s

 FAIL  Tests failed. Watching for file changes...
       press h to show help, press q to quit
c[3J RERUN  app/app/documents/[id]/page.tsx x43 

 ❯ app/app/dashboard/page.test.tsx (7 tests | 7 failed) 31ms
     × renders documents and standards 24ms
     × renders dashboard widgets 1ms
     × opens analysis modal and runs check 1ms
     × shows staged documents and allows approval 1ms
     × allows rejecting staged documents 1ms
     × shows notifications 1ms
     × shows upload progress 1ms
 ❯ lib/api.test.ts (4 tests | 3 failed) 61ms
       × should fetch documents successfully 36ms
       ✓ should throw error on failure 17ms
       × should upload document successfully 3ms
       × should throw error on upload failure 0ms
 ❯ app/app/reports/[id]/page.test.tsx (3 tests | 3 failed) 22ms
     × renders loading state initially 18ms
     × renders report data successfully 1ms
     × renders error state on failure 1ms
 ❯ app/app/gap-analysis/page.test.tsx (2 tests | 2 failed) 24ms
     × renders and loads standards 21ms
     × runs gap analysis and displays results 1ms
 ❯ app/app/documents/page.test.tsx (4 tests | 4 failed) 15ms
     × renders document list 10ms
     × handles file upload 1ms
     × allows deleting a document 1ms
     × shows staged documents separately 1ms
 ❯ app/app/documents/[id]/page.test.tsx (2 tests | 2 failed) 13ms
     × renders document details and download button 11ms
     × triggers export on button click 1ms

⎯⎯⎯⎯⎯⎯⎯ Failed Tests 2 ⎯⎯⎯⎯⎯⎯⎯

 FAIL  app/app/documents/[id]/page.test.tsx > DocumentView Page > renders document details and download button
 FAIL  app/app/documents/[id]/page.test.tsx > DocumentView Page > triggers export on button click
Error: Remember to wrap your app in a `<CopilotKit> {...} </CopilotKit>` !!!
 ❯ useCopilotContext node_modules/@copilotkit/react-core/dist/chunk-EUX2P2E7.mjs:96:11
 ❯ useCopilotReadable node_modules/@copilotkit/react-core/dist/chunk-HDOG2RTM.mjs:18:41
 ❯ DocumentView app/app/documents/[id]/page.tsx:50:5
     48|     const [formSavedAt, setFormSavedAt] = useState<string | null>(null…
     49| 
     50|     useCopilotReadable({
       |     ^
     51|         description: 'Document metadata',
     52|         value: document,
 ❯ Object.react_stack_bottom_frame node_modules/react-dom/cjs/react-dom-client.development.js:25904:20
 ❯ renderWithHooks node_modules/react-dom/cjs/react-dom-client.development.js:7662:22
 ❯ updateFunctionComponent node_modules/react-dom/cjs/react-dom-client.development.js:10166:19
 ❯ beginWork node_modules/react-dom/cjs/react-dom-client.development.js:11778:18
 ❯ runWithFiberInDEV node_modules/react-dom/cjs/react-dom-client.development.js:874:13
 ❯ performUnitOfWork node_modules/react-dom/cjs/react-dom-client.development.js:17641:22
 ❯ workLoopSync node_modules/react-dom/cjs/react-dom-client.development.js:17469:41

⎯⎯⎯⎯⎯⎯⎯⎯⎯⎯⎯⎯⎯⎯⎯⎯⎯⎯⎯⎯⎯⎯⎯⎯[1/2]⎯


 Test Files  6 failed (6)
      Tests  21 failed | 1 passed (22)
   Start at  03:17:56
   Duration  1.04s

 FAIL  Tests failed. Watching for file changes...
       press h to show help, press q to quit
c[3J RERUN  app/app/documents/[id]/page.tsx x44 

 ❯ app/app/dashboard/page.test.tsx (7 tests | 7 failed) 31ms
     × renders documents and standards 24ms
     × renders dashboard widgets 1ms
     × opens analysis modal and runs check 1ms
     × shows staged documents and allows approval 1ms
     × allows rejecting staged documents 1ms
     × shows notifications 1ms
     × shows upload progress 1ms
 ❯ lib/api.test.ts (4 tests | 3 failed) 61ms
       × should fetch documents successfully 36ms
       ✓ should throw error on failure 17ms
       × should upload document successfully 3ms
       × should throw error on upload failure 0ms
 ❯ app/app/reports/[id]/page.test.tsx (3 tests | 3 failed) 22ms
     × renders loading state initially 18ms
     × renders report data successfully 1ms
     × renders error state on failure 1ms
 ❯ app/app/gap-analysis/page.test.tsx (2 tests | 2 failed) 24ms
     × renders and loads standards 21ms
     × runs gap analysis and displays results 1ms
 ❯ app/app/documents/page.test.tsx (4 tests | 4 failed) 15ms
     × renders document list 10ms
     × handles file upload 1ms
     × allows deleting a document 1ms
     × shows staged documents separately 1ms
 ❯ app/app/documents/[id]/page.test.tsx (2 tests | 2 failed) 19ms
     × renders document details and download button 16ms
     × triggers export on button click 2ms

⎯⎯⎯⎯⎯⎯⎯ Failed Tests 2 ⎯⎯⎯⎯⎯⎯⎯

 FAIL  app/app/documents/[id]/page.test.tsx > DocumentView Page > renders document details and download button
 FAIL  app/app/documents/[id]/page.test.tsx > DocumentView Page > triggers export on button click
Error: Remember to wrap your app in a `<CopilotKit> {...} </CopilotKit>` !!!
 ❯ useCopilotContext node_modules/@copilotkit/react-core/dist/chunk-EUX2P2E7.mjs:96:11
 ❯ useCopilotReadable node_modules/@copilotkit/react-core/dist/chunk-HDOG2RTM.mjs:18:41
 ❯ DocumentView app/app/documents/[id]/page.tsx:50:5
     48|     const [formSavedAt, setFormSavedAt] = useState<string | null>(null…
     49| 
     50|     useCopilotReadable({
       |     ^
     51|         description: 'Document metadata',
     52|         value: document,
 ❯ Object.react_stack_bottom_frame node_modules/react-dom/cjs/react-dom-client.development.js:25904:20
 ❯ renderWithHooks node_modules/react-dom/cjs/react-dom-client.development.js:7662:22
 ❯ updateFunctionComponent node_modules/react-dom/cjs/react-dom-client.development.js:10166:19
 ❯ beginWork node_modules/react-dom/cjs/react-dom-client.development.js:11778:18
 ❯ runWithFiberInDEV node_modules/react-dom/cjs/react-dom-client.development.js:874:13
 ❯ performUnitOfWork node_modules/react-dom/cjs/react-dom-client.development.js:17641:22
 ❯ workLoopSync node_modules/react-dom/cjs/react-dom-client.development.js:17469:41

⎯⎯⎯⎯⎯⎯⎯⎯⎯⎯⎯⎯⎯⎯⎯⎯⎯⎯⎯⎯⎯⎯⎯⎯[1/2]⎯


 Test Files  6 failed (6)
      Tests  21 failed | 1 passed (22)
   Start at  03:17:59
   Duration  1.03s

 FAIL  Tests failed. Watching for file changes...
       press h to show help, press q to quit
c[3J RERUN  app/app/documents/[id]/page.tsx x45 

 ❯ app/app/dashboard/page.test.tsx (7 tests | 7 failed) 31ms
     × renders documents and standards 24ms
     × renders dashboard widgets 1ms
     × opens analysis modal and runs check 1ms
     × shows staged documents and allows approval 1ms
     × allows rejecting staged documents 1ms
     × shows notifications 1ms
     × shows upload progress 1ms
 ❯ lib/api.test.ts (4 tests | 3 failed) 61ms
       × should fetch documents successfully 36ms
       ✓ should throw error on failure 17ms
       × should upload document successfully 3ms
       × should throw error on upload failure 0ms
 ❯ app/app/reports/[id]/page.test.tsx (3 tests | 3 failed) 22ms
     × renders loading state initially 18ms
     × renders report data successfully 1ms
     × renders error state on failure 1ms
 ❯ app/app/gap-analysis/page.test.tsx (2 tests | 2 failed) 24ms
     × renders and loads standards 21ms
     × runs gap analysis and displays results 1ms
 ❯ app/app/documents/page.test.tsx (4 tests | 4 failed) 15ms
     × renders document list 10ms
     × handles file upload 1ms
     × allows deleting a document 1ms
     × shows staged documents separately 1ms
 ❯ app/app/documents/[id]/page.test.tsx (2 tests | 2 failed) 28ms
     × renders document details and download button 25ms
     × triggers export on button click 1ms

⎯⎯⎯⎯⎯⎯⎯ Failed Tests 2 ⎯⎯⎯⎯⎯⎯⎯

 FAIL  app/app/documents/[id]/page.test.tsx > DocumentView Page > renders document details and download button
 FAIL  app/app/documents/[id]/page.test.tsx > DocumentView Page > triggers export on button click
Error: Remember to wrap your app in a `<CopilotKit> {...} </CopilotKit>` !!!
 ❯ useCopilotContext node_modules/@copilotkit/react-core/dist/chunk-EUX2P2E7.mjs:96:11
 ❯ useCopilotReadable node_modules/@copilotkit/react-core/dist/chunk-HDOG2RTM.mjs:18:41
 ❯ DocumentView app/app/documents/[id]/page.tsx:50:5
     48|     const [formSavedAt, setFormSavedAt] = useState<string | null>(null…
     49| 
     50|     useCopilotReadable({
       |     ^
     51|         description: 'Document metadata',
     52|         value: document,
 ❯ Object.react_stack_bottom_frame node_modules/react-dom/cjs/react-dom-client.development.js:25904:20
 ❯ renderWithHooks node_modules/react-dom/cjs/react-dom-client.development.js:7662:22
 ❯ updateFunctionComponent node_modules/react-dom/cjs/react-dom-client.development.js:10166:19
 ❯ beginWork node_modules/react-dom/cjs/react-dom-client.development.js:11778:18
 ❯ runWithFiberInDEV node_modules/react-dom/cjs/react-dom-client.development.js:874:13
 ❯ performUnitOfWork node_modules/react-dom/cjs/react-dom-client.development.js:17641:22
 ❯ workLoopSync node_modules/react-dom/cjs/react-dom-client.development.js:17469:41

⎯⎯⎯⎯⎯⎯⎯⎯⎯⎯⎯⎯⎯⎯⎯⎯⎯⎯⎯⎯⎯⎯⎯⎯[1/2]⎯


 Test Files  6 failed (6)
      Tests  21 failed | 1 passed (22)
   Start at  03:18:21
   Duration  1.58s

 FAIL  Tests failed. Watching for file changes...
       press h to show help, press q to quit
c[3J RERUN  app/app/dashboard/page.tsx x79 

 ❯ lib/api.test.ts (4 tests | 3 failed) 61ms
       × should fetch documents successfully 36ms
       ✓ should throw error on failure 17ms
       × should upload document successfully 3ms
       × should throw error on upload failure 0ms
 ❯ app/app/reports/[id]/page.test.tsx (3 tests | 3 failed) 22ms
     × renders loading state initially 18ms
     × renders report data successfully 1ms
     × renders error state on failure 1ms
 ❯ app/app/documents/[id]/page.test.tsx (2 tests | 2 failed) 28ms
     × renders document details and download button 25ms
     × triggers export on button click 1ms
 ❯ app/app/gap-analysis/page.test.tsx (2 tests | 2 failed) 24ms
     × renders and loads standards 21ms
     × runs gap analysis and displays results 1ms
 ❯ app/app/documents/page.test.tsx (4 tests | 4 failed) 15ms
     × renders document list 10ms
     × handles file upload 1ms
     × allows deleting a document 1ms
     × shows staged documents separately 1ms

⎯⎯⎯⎯⎯⎯ Failed Suites 1 ⎯⎯⎯⎯⎯⎯⎯

 FAIL  app/app/dashboard/page.test.tsx [ app/app/dashboard/page.test.tsx ]
Error: Transform failed with 4 errors:
/Users/isak/Downloads/iso-doc-platform/frontend/app/app/dashboard/page.tsx:245:50: ERROR: Unexpected closing "tr" tag does not match opening "td" tag
/Users/isak/Downloads/iso-doc-platform/frontend/app/app/dashboard/page.tsx:246:46: ERROR: The character "}" is not valid inside a JSX element
/Users/isak/Downloads/iso-doc-platform/frontend/app/app/dashboard/page.tsx:247:42: ERROR: Unexpected closing "tbody" tag does not match opening "tr" tag
/Users/isak/Downloads/iso-doc-platform/frontend/app/app/dashboard/page.tsx:248:44: ERROR: Unterminated regular expression
  Plugin: vite:esbuild
  File: /Users/isak/Downloads/iso-doc-platform/frontend/app/app/dashboard/page.tsx:245:50
  
  Unexpected closing "tr" tag does not match opening "td" tag
  243 |                                                              )}
  244 |                                                          </td>
  245 |                                                  </tr>
      |                                                    ^
  246 |                                              ))}
  247 |                                          </tbody>
  
  The character "}" is not valid inside a JSX element
  244 |                                                          </td>
  245 |                                                  </tr>
  246 |                                              ))}
      |                                                ^
  247 |                                          </tbody>
  248 |                                      </table>
  
  Unexpected closing "tbody" tag does not match opening "tr" tag
  245 |                                                  </tr>
  246 |                                              ))}
  247 |                                          </tbody>
      |                                            ^
  248 |                                      </table>
  249 |                                  </div>
  
  Unterminated regular expression
  246 |                                              ))}
  247 |                                          </tbody>
  248 |                                      </table>
      |                                              ^
  249 |                                  </div>
  250 |                              </div>
  
 ❯ failureErrorWithLog node_modules/esbuild/lib/main.js:1467:15
 ❯ node_modules/esbuild/lib/main.js:736:50
 ❯ responseCallbacks.<computed> node_modules/esbuild/lib/main.js:603:9
 ❯ handleIncomingPacket node_modules/esbuild/lib/main.js:658:12
 ❯ Socket.readFromStdout node_modules/esbuild/lib/main.js:581:7

⎯⎯⎯⎯⎯⎯⎯⎯⎯⎯⎯⎯⎯⎯⎯⎯⎯⎯⎯⎯⎯⎯⎯⎯[1/1]⎯


 Test Files  6 failed (6)
      Tests  14 failed | 1 passed (15)
   Start at  03:19:39
   Duration  558ms

 FAIL  Tests failed. Watching for file changes...
       press h to show help, press q to quit
c[3J RERUN  app/app/dashboard/page.tsx x80 

 ❯ lib/api.test.ts (4 tests | 3 failed) 61ms
       × should fetch documents successfully 36ms
       ✓ should throw error on failure 17ms
       × should upload document successfully 3ms
       × should throw error on upload failure 0ms
 ❯ app/app/reports/[id]/page.test.tsx (3 tests | 3 failed) 22ms
     × renders loading state initially 18ms
     × renders report data successfully 1ms
     × renders error state on failure 1ms
 ❯ app/app/documents/[id]/page.test.tsx (2 tests | 2 failed) 28ms
     × renders document details and download button 25ms
     × triggers export on button click 1ms
 ❯ app/app/gap-analysis/page.test.tsx (2 tests | 2 failed) 24ms
     × renders and loads standards 21ms
     × runs gap analysis and displays results 1ms
 ❯ app/app/documents/page.test.tsx (4 tests | 4 failed) 15ms
     × renders document list 10ms
     × handles file upload 1ms
     × allows deleting a document 1ms
     × shows staged documents separately 1ms

⎯⎯⎯⎯⎯⎯ Failed Suites 1 ⎯⎯⎯⎯⎯⎯⎯

 FAIL  app/app/dashboard/page.test.tsx [ app/app/dashboard/page.test.tsx ]
Error: Transform failed with 4 errors:
/Users/isak/Downloads/iso-doc-platform/frontend/app/app/dashboard/page.tsx:266:50: ERROR: Unexpected closing "tr" tag does not match opening "td" tag
/Users/isak/Downloads/iso-doc-platform/frontend/app/app/dashboard/page.tsx:267:46: ERROR: The character "}" is not valid inside a JSX element
/Users/isak/Downloads/iso-doc-platform/frontend/app/app/dashboard/page.tsx:268:42: ERROR: Unexpected closing "tbody" tag does not match opening "tr" tag
/Users/isak/Downloads/iso-doc-platform/frontend/app/app/dashboard/page.tsx:269:44: ERROR: Unterminated regular expression
  Plugin: vite:esbuild
  File: /Users/isak/Downloads/iso-doc-platform/frontend/app/app/dashboard/page.tsx:266:50
  
  Unexpected closing "tr" tag does not match opening "td" tag
  264 |                                                              )}
  265 |                                                          </td>
  266 |                                                  </tr>
      |                                                    ^
  267 |                                              ))}
  268 |                                          </tbody>
  
  The character "}" is not valid inside a JSX element
  265 |                                                          </td>
  266 |                                                  </tr>
  267 |                                              ))}
      |                                                ^
  268 |                                          </tbody>
  269 |                                      </table>
  
  Unexpected closing "tbody" tag does not match opening "tr" tag
  266 |                                                  </tr>
  267 |                                              ))}
  268 |                                          </tbody>
      |                                            ^
  269 |                                      </table>
  270 |                                  </div>
  
  Unterminated regular expression
  267 |                                              ))}
  268 |                                          </tbody>
  269 |                                      </table>
      |                                              ^
  270 |                                  </div>
  271 |                              </div>
  
 ❯ failureErrorWithLog node_modules/esbuild/lib/main.js:1467:15
 ❯ node_modules/esbuild/lib/main.js:736:50
 ❯ responseCallbacks.<computed> node_modules/esbuild/lib/main.js:603:9
 ❯ handleIncomingPacket node_modules/esbuild/lib/main.js:658:12
 ❯ Socket.readFromStdout node_modules/esbuild/lib/main.js:581:7

⎯⎯⎯⎯⎯⎯⎯⎯⎯⎯⎯⎯⎯⎯⎯⎯⎯⎯⎯⎯⎯⎯⎯⎯[1/1]⎯


 Test Files  6 failed (6)
      Tests  14 failed | 1 passed (15)
   Start at  03:20:53
   Duration  476ms

 FAIL  Tests failed. Watching for file changes...
       press h to show help, press q to quit
c[3J RERUN  app/app/dashboard/page.tsx x81 

 ❯ lib/api.test.ts (4 tests | 3 failed) 61ms
       × should fetch documents successfully 36ms
       ✓ should throw error on failure 17ms
       × should upload document successfully 3ms
       × should throw error on upload failure 0ms
 ❯ app/app/reports/[id]/page.test.tsx (3 tests | 3 failed) 22ms
     × renders loading state initially 18ms
     × renders report data successfully 1ms
     × renders error state on failure 1ms
 ❯ app/app/documents/[id]/page.test.tsx (2 tests | 2 failed) 28ms
     × renders document details and download button 25ms
     × triggers export on button click 1ms
 ❯ app/app/gap-analysis/page.test.tsx (2 tests | 2 failed) 24ms
     × renders and loads standards 21ms
     × runs gap analysis and displays results 1ms
 ❯ app/app/documents/page.test.tsx (4 tests | 4 failed) 15ms
     × renders document list 10ms
     × handles file upload 1ms
     × allows deleting a document 1ms
     × shows staged documents separately 1ms

⎯⎯⎯⎯⎯⎯ Failed Suites 1 ⎯⎯⎯⎯⎯⎯⎯

 FAIL  app/app/dashboard/page.test.tsx [ app/app/dashboard/page.test.tsx ]
Error: Transform failed with 4 errors:
/Users/isak/Downloads/iso-doc-platform/frontend/app/app/dashboard/page.tsx:296:50: ERROR: Unexpected closing "tr" tag does not match opening "td" tag
/Users/isak/Downloads/iso-doc-platform/frontend/app/app/dashboard/page.tsx:297:46: ERROR: The character "}" is not valid inside a JSX element
/Users/isak/Downloads/iso-doc-platform/frontend/app/app/dashboard/page.tsx:298:42: ERROR: Unexpected closing "tbody" tag does not match opening "tr" tag
/Users/isak/Downloads/iso-doc-platform/frontend/app/app/dashboard/page.tsx:299:44: ERROR: Unterminated regular expression
  Plugin: vite:esbuild
  File: /Users/isak/Downloads/iso-doc-platform/frontend/app/app/dashboard/page.tsx:296:50
  
  Unexpected closing "tr" tag does not match opening "td" tag
  294 |                                                              )}
  295 |                                                          </td>
  296 |                                                  </tr>
      |                                                    ^
  297 |                                              ))}
  298 |                                          </tbody>
  
  The character "}" is not valid inside a JSX element
  295 |                                                          </td>
  296 |                                                  </tr>
  297 |                                              ))}
      |                                                ^
  298 |                                          </tbody>
  299 |                                      </table>
  
  Unexpected closing "tbody" tag does not match opening "tr" tag
  296 |                                                  </tr>
  297 |                                              ))}
  298 |                                          </tbody>
      |                                            ^
  299 |                                      </table>
  300 |                                  </div>
  
  Unterminated regular expression
  297 |                                              ))}
  298 |                                          </tbody>
  299 |                                      </table>
      |                                              ^
  300 |                                  </div>
  301 |                              </div>
  
 ❯ failureErrorWithLog node_modules/esbuild/lib/main.js:1467:15
 ❯ node_modules/esbuild/lib/main.js:736:50
 ❯ responseCallbacks.<computed> node_modules/esbuild/lib/main.js:603:9
 ❯ handleIncomingPacket node_modules/esbuild/lib/main.js:658:12
 ❯ Socket.readFromStdout node_modules/esbuild/lib/main.js:581:7

⎯⎯⎯⎯⎯⎯⎯⎯⎯⎯⎯⎯⎯⎯⎯⎯⎯⎯⎯⎯⎯⎯⎯⎯[1/1]⎯


 Test Files  6 failed (6)
      Tests  14 failed | 1 passed (15)
   Start at  03:20:59
   Duration  316ms

 FAIL  Tests failed. Watching for file changes...
       press h to show help, press q to quit
c[3J RERUN  app/app/dashboard/page.tsx x82 

 ❯ lib/api.test.ts (4 tests | 3 failed) 61ms
       × should fetch documents successfully 36ms
       ✓ should throw error on failure 17ms
       × should upload document successfully 3ms
       × should throw error on upload failure 0ms
 ❯ app/app/reports/[id]/page.test.tsx (3 tests | 3 failed) 22ms
     × renders loading state initially 18ms
     × renders report data successfully 1ms
     × renders error state on failure 1ms
 ❯ app/app/documents/[id]/page.test.tsx (2 tests | 2 failed) 28ms
     × renders document details and download button 25ms
     × triggers export on button click 1ms
 ❯ app/app/gap-analysis/page.test.tsx (2 tests | 2 failed) 24ms
     × renders and loads standards 21ms
     × runs gap analysis and displays results 1ms
 ❯ app/app/documents/page.test.tsx (4 tests | 4 failed) 15ms
     × renders document list 10ms
     × handles file upload 1ms
     × allows deleting a document 1ms
     × shows staged documents separately 1ms

⎯⎯⎯⎯⎯⎯ Failed Suites 1 ⎯⎯⎯⎯⎯⎯⎯

 FAIL  app/app/dashboard/page.test.tsx [ app/app/dashboard/page.test.tsx ]
Error: Transform failed with 4 errors:
/Users/isak/Downloads/iso-doc-platform/frontend/app/app/dashboard/page.tsx:301:50: ERROR: Unexpected closing "tr" tag does not match opening "td" tag
/Users/isak/Downloads/iso-doc-platform/frontend/app/app/dashboard/page.tsx:302:46: ERROR: The character "}" is not valid inside a JSX element
/Users/isak/Downloads/iso-doc-platform/frontend/app/app/dashboard/page.tsx:303:42: ERROR: Unexpected closing "tbody" tag does not match opening "tr" tag
/Users/isak/Downloads/iso-doc-platform/frontend/app/app/dashboard/page.tsx:304:44: ERROR: Unterminated regular expression
  Plugin: vite:esbuild
  File: /Users/isak/Downloads/iso-doc-platform/frontend/app/app/dashboard/page.tsx:301:50
  
  Unexpected closing "tr" tag does not match opening "td" tag
  299 |                                                              )}
  300 |                                                          </td>
  301 |                                                  </tr>
      |                                                    ^
  302 |                                              ))}
  303 |                                          </tbody>
  
  The character "}" is not valid inside a JSX element
  300 |                                                          </td>
  301 |                                                  </tr>
  302 |                                              ))}
      |                                                ^
  303 |                                          </tbody>
  304 |                                      </table>
  
  Unexpected closing "tbody" tag does not match opening "tr" tag
  301 |                                                  </tr>
  302 |                                              ))}
  303 |                                          </tbody>
      |                                            ^
  304 |                                      </table>
  305 |                                  </div>
  
  Unterminated regular expression
  302 |                                              ))}
  303 |                                          </tbody>
  304 |                                      </table>
      |                                              ^
  305 |                                  </div>
  306 |                              </div>
  
 ❯ failureErrorWithLog node_modules/esbuild/lib/main.js:1467:15
 ❯ node_modules/esbuild/lib/main.js:736:50
 ❯ responseCallbacks.<computed> node_modules/esbuild/lib/main.js:603:9
 ❯ handleIncomingPacket node_modules/esbuild/lib/main.js:658:12
 ❯ Socket.readFromStdout node_modules/esbuild/lib/main.js:581:7

⎯⎯⎯⎯⎯⎯⎯⎯⎯⎯⎯⎯⎯⎯⎯⎯⎯⎯⎯⎯⎯⎯⎯⎯[1/1]⎯


 Test Files  6 failed (6)
      Tests  14 failed | 1 passed (15)
   Start at  03:21:03
   Duration  457ms

 FAIL  Tests failed. Watching for file changes...
       press h to show help, press q to quit
c[3J RERUN  app/app/dashboard/page.tsx x83 

 ❯ lib/api.test.ts (4 tests | 3 failed) 61ms
       × should fetch documents successfully 36ms
       ✓ should throw error on failure 17ms
       × should upload document successfully 3ms
       × should throw error on upload failure 0ms
 ❯ app/app/reports/[id]/page.test.tsx (3 tests | 3 failed) 22ms
     × renders loading state initially 18ms
     × renders report data successfully 1ms
     × renders error state on failure 1ms
 ❯ app/app/documents/[id]/page.test.tsx (2 tests | 2 failed) 28ms
     × renders document details and download button 25ms
     × triggers export on button click 1ms
 ❯ app/app/gap-analysis/page.test.tsx (2 tests | 2 failed) 24ms
     × renders and loads standards 21ms
     × runs gap analysis and displays results 1ms
 ❯ app/app/documents/page.test.tsx (4 tests | 4 failed) 15ms
     × renders document list 10ms
     × handles file upload 1ms
     × allows deleting a document 1ms
     × shows staged documents separately 1ms
 ❯ app/app/dashboard/page.test.tsx (7 tests | 7 failed) 58ms
     × renders documents and standards 50ms
     × renders dashboard widgets 1ms
     × opens analysis modal and runs check 1ms
     × shows staged documents and allows approval 1ms
     × allows rejecting staged documents 1ms
     × shows notifications 1ms
     × shows upload progress 1ms

⎯⎯⎯⎯⎯⎯⎯ Failed Tests 7 ⎯⎯⎯⎯⎯⎯⎯

 FAIL  app/app/dashboard/page.test.tsx > Dashboard Page > renders documents and standards
 FAIL  app/app/dashboard/page.test.tsx > Dashboard Page > renders dashboard widgets
 FAIL  app/app/dashboard/page.test.tsx > Dashboard Page > opens analysis modal and runs check
 FAIL  app/app/dashboard/page.test.tsx > Dashboard Page > shows staged documents and allows approval
 FAIL  app/app/dashboard/page.test.tsx > Dashboard Page > allows rejecting staged documents
 FAIL  app/app/dashboard/page.test.tsx > Dashboard Page > shows notifications
 FAIL  app/app/dashboard/page.test.tsx > Dashboard Page > shows upload progress
Error: Remember to wrap your app in a `<CopilotKit> {...} </CopilotKit>` !!!
 ❯ useCopilotContext node_modules/@copilotkit/react-core/dist/chunk-EUX2P2E7.mjs:96:11
 ❯ useCopilotReadable node_modules/@copilotkit/react-core/dist/chunk-HDOG2RTM.mjs:18:41
 ❯ Dashboard app/app/dashboard/page.tsx:50:5
     48|     const [formSavedAt, setFormSavedAt] = useState<Record<string, stri…
     49| 
     50|     useCopilotReadable({
       |     ^
     51|         description: 'Dashboard document lists visible to the user',
     52|         value: {
 ❯ Object.react_stack_bottom_frame node_modules/react-dom/cjs/react-dom-client.development.js:25904:20
 ❯ renderWithHooks node_modules/react-dom/cjs/react-dom-client.development.js:7662:22
 ❯ updateFunctionComponent node_modules/react-dom/cjs/react-dom-client.development.js:10166:19
 ❯ beginWork node_modules/react-dom/cjs/react-dom-client.development.js:11778:18
 ❯ runWithFiberInDEV node_modules/react-dom/cjs/react-dom-client.development.js:874:13
 ❯ performUnitOfWork node_modules/react-dom/cjs/react-dom-client.development.js:17641:22
 ❯ workLoopSync node_modules/react-dom/cjs/react-dom-client.development.js:17469:41

⎯⎯⎯⎯⎯⎯⎯⎯⎯⎯⎯⎯⎯⎯⎯⎯⎯⎯⎯⎯⎯⎯⎯⎯[1/7]⎯


 Test Files  6 failed (6)
      Tests  21 failed | 1 passed (22)
   Start at  03:21:47
   Duration  3.43s

 FAIL  Tests failed. Watching for file changes...
       press h to show help, press q to quit
c[3J RERUN  app/app/dashboard/page.tsx x84 

 ❯ lib/api.test.ts (4 tests | 3 failed) 61ms
       × should fetch documents successfully 36ms
       ✓ should throw error on failure 17ms
       × should upload document successfully 3ms
       × should throw error on upload failure 0ms
 ❯ app/app/reports/[id]/page.test.tsx (3 tests | 3 failed) 22ms
     × renders loading state initially 18ms
     × renders report data successfully 1ms
     × renders error state on failure 1ms
 ❯ app/app/documents/[id]/page.test.tsx (2 tests | 2 failed) 28ms
     × renders document details and download button 25ms
     × triggers export on button click 1ms
 ❯ app/app/gap-analysis/page.test.tsx (2 tests | 2 failed) 24ms
     × renders and loads standards 21ms
     × runs gap analysis and displays results 1ms
 ❯ app/app/documents/page.test.tsx (4 tests | 4 failed) 15ms
     × renders document list 10ms
     × handles file upload 1ms
     × allows deleting a document 1ms
     × shows staged documents separately 1ms
 ❯ app/app/dashboard/page.test.tsx (7 tests | 7 failed) 25ms
     × renders documents and standards 18ms
     × renders dashboard widgets 1ms
     × opens analysis modal and runs check 1ms
     × shows staged documents and allows approval 1ms
     × allows rejecting staged documents 1ms
     × shows notifications 1ms
     × shows upload progress 1ms

⎯⎯⎯⎯⎯⎯⎯ Failed Tests 7 ⎯⎯⎯⎯⎯⎯⎯

 FAIL  app/app/dashboard/page.test.tsx > Dashboard Page > renders documents and standards
 FAIL  app/app/dashboard/page.test.tsx > Dashboard Page > renders dashboard widgets
 FAIL  app/app/dashboard/page.test.tsx > Dashboard Page > opens analysis modal and runs check
 FAIL  app/app/dashboard/page.test.tsx > Dashboard Page > shows staged documents and allows approval
 FAIL  app/app/dashboard/page.test.tsx > Dashboard Page > allows rejecting staged documents
 FAIL  app/app/dashboard/page.test.tsx > Dashboard Page > shows notifications
 FAIL  app/app/dashboard/page.test.tsx > Dashboard Page > shows upload progress
Error: Remember to wrap your app in a `<CopilotKit> {...} </CopilotKit>` !!!
 ❯ useCopilotContext node_modules/@copilotkit/react-core/dist/chunk-EUX2P2E7.mjs:96:11
 ❯ useCopilotReadable node_modules/@copilotkit/react-core/dist/chunk-HDOG2RTM.mjs:18:41
 ❯ Dashboard app/app/dashboard/page.tsx:50:5
     48|     const [formSavedAt, setFormSavedAt] = useState<Record<string, stri…
     49| 
     50|     useCopilotReadable({
       |     ^
     51|         description: 'Dashboard document lists visible to the user',
     52|         value: {
 ❯ Object.react_stack_bottom_frame node_modules/react-dom/cjs/react-dom-client.development.js:25904:20
 ❯ renderWithHooks node_modules/react-dom/cjs/react-dom-client.development.js:7662:22
 ❯ updateFunctionComponent node_modules/react-dom/cjs/react-dom-client.development.js:10166:19
 ❯ beginWork node_modules/react-dom/cjs/react-dom-client.development.js:11778:18
 ❯ runWithFiberInDEV node_modules/react-dom/cjs/react-dom-client.development.js:874:13
 ❯ performUnitOfWork node_modules/react-dom/cjs/react-dom-client.development.js:17641:22
 ❯ workLoopSync node_modules/react-dom/cjs/react-dom-client.development.js:17469:41

⎯⎯⎯⎯⎯⎯⎯⎯⎯⎯⎯⎯⎯⎯⎯⎯⎯⎯⎯⎯⎯⎯⎯⎯[1/7]⎯


 Test Files  6 failed (6)
      Tests  21 failed | 1 passed (22)
   Start at  03:22:04
   Duration  3.29s

 FAIL  Tests failed. Watching for file changes...
       press h to show help, press q to quit
c[3J RERUN  app/app/dashboard/page.tsx x85 

 ❯ lib/api.test.ts (4 tests | 3 failed) 61ms
       × should fetch documents successfully 36ms
       ✓ should throw error on failure 17ms
       × should upload document successfully 3ms
       × should throw error on upload failure 0ms
 ❯ app/app/reports/[id]/page.test.tsx (3 tests | 3 failed) 22ms
     × renders loading state initially 18ms
     × renders report data successfully 1ms
     × renders error state on failure 1ms
 ❯ app/app/documents/[id]/page.test.tsx (2 tests | 2 failed) 28ms
     × renders document details and download button 25ms
     × triggers export on button click 1ms
 ❯ app/app/gap-analysis/page.test.tsx (2 tests | 2 failed) 24ms
     × renders and loads standards 21ms
     × runs gap analysis and displays results 1ms
 ❯ app/app/documents/page.test.tsx (4 tests | 4 failed) 15ms
     × renders document list 10ms
     × handles file upload 1ms
     × allows deleting a document 1ms
     × shows staged documents separately 1ms
 ❯ app/app/dashboard/page.test.tsx (7 tests | 7 failed) 74ms
     × renders documents and standards 43ms
     × renders dashboard widgets 1ms
     × opens analysis modal and runs check 7ms
     × shows staged documents and allows approval 9ms
     × allows rejecting staged documents 8ms
     × shows notifications 4ms
     × shows upload progress 1ms

⎯⎯⎯⎯⎯⎯⎯ Failed Tests 7 ⎯⎯⎯⎯⎯⎯⎯

 FAIL  app/app/dashboard/page.test.tsx > Dashboard Page > renders documents and standards
 FAIL  app/app/dashboard/page.test.tsx > Dashboard Page > renders dashboard widgets
 FAIL  app/app/dashboard/page.test.tsx > Dashboard Page > opens analysis modal and runs check
 FAIL  app/app/dashboard/page.test.tsx > Dashboard Page > shows staged documents and allows approval
 FAIL  app/app/dashboard/page.test.tsx > Dashboard Page > allows rejecting staged documents
 FAIL  app/app/dashboard/page.test.tsx > Dashboard Page > shows notifications
 FAIL  app/app/dashboard/page.test.tsx > Dashboard Page > shows upload progress
Error: Remember to wrap your app in a `<CopilotKit> {...} </CopilotKit>` !!!
 ❯ useCopilotContext node_modules/@copilotkit/react-core/dist/chunk-EUX2P2E7.mjs:96:11
 ❯ useCopilotReadable node_modules/@copilotkit/react-core/dist/chunk-HDOG2RTM.mjs:18:41
 ❯ Dashboard app/app/dashboard/page.tsx:50:5
     48|     const [formSavedAt, setFormSavedAt] = useState<Record<string, stri…
     49| 
     50|     useCopilotReadable({
       |     ^
     51|         description: 'Dashboard document lists visible to the user',
     52|         value: {
 ❯ Object.react_stack_bottom_frame node_modules/react-dom/cjs/react-dom-client.development.js:25904:20
 ❯ renderWithHooks node_modules/react-dom/cjs/react-dom-client.development.js:7662:22
 ❯ updateFunctionComponent node_modules/react-dom/cjs/react-dom-client.development.js:10166:19
 ❯ beginWork node_modules/react-dom/cjs/react-dom-client.development.js:11778:18
 ❯ runWithFiberInDEV node_modules/react-dom/cjs/react-dom-client.development.js:874:13
 ❯ performUnitOfWork node_modules/react-dom/cjs/react-dom-client.development.js:17641:22
 ❯ workLoopSync node_modules/react-dom/cjs/react-dom-client.development.js:17469:41

⎯⎯⎯⎯⎯⎯⎯⎯⎯⎯⎯⎯⎯⎯⎯⎯⎯⎯⎯⎯⎯⎯⎯⎯[1/7]⎯


 Test Files  6 failed (6)
      Tests  21 failed | 1 passed (22)
   Start at  03:22:14
   Duration  3.64s

 FAIL  Tests failed. Watching for file changes...
       press h to show help, press q to quit
c[3J RERUN  app/app/documents/page.test.tsx x2 

 ❯ app/app/dashboard/page.test.tsx (7 tests | 7 failed) 74ms
     × renders documents and standards 43ms
     × renders dashboard widgets 1ms
     × opens analysis modal and runs check 7ms
     × shows staged documents and allows approval 9ms
     × allows rejecting staged documents 8ms
     × shows notifications 4ms
     × shows upload progress 1ms
 ❯ lib/api.test.ts (4 tests | 3 failed) 61ms
       × should fetch documents successfully 36ms
       ✓ should throw error on failure 17ms
       × should upload document successfully 3ms
       × should throw error on upload failure 0ms
 ❯ app/app/reports/[id]/page.test.tsx (3 tests | 3 failed) 22ms
     × renders loading state initially 18ms
     × renders report data successfully 1ms
     × renders error state on failure 1ms
 ❯ app/app/documents/[id]/page.test.tsx (2 tests | 2 failed) 28ms
     × renders document details and download button 25ms
     × triggers export on button click 1ms
 ❯ app/app/gap-analysis/page.test.tsx (2 tests | 2 failed) 24ms
     × renders and loads standards 21ms
     × runs gap analysis and displays results 1ms
stderr | app/app/documents/page.test.tsx > Documents Page > handles file upload
An update to Header inside a test was not wrapped in act(...).

When testing, code that causes React state updates should be wrapped into act(...):

act(() => {
  /* fire events that update state */
});
/* assert on the output */

This ensures that you're testing the behavior the user would see in the browser. Learn more at https://react.dev/link/wrap-tests-with-act
An update to Header inside a test was not wrapped in act(...).

When testing, code that causes React state updates should be wrapped into act(...):

act(() => {
  /* fire events that update state */
});
/* assert on the output */

This ensures that you're testing the behavior the user would see in the browser. Learn more at https://react.dev/link/wrap-tests-with-act
An update to DocumentsPage inside a test was not wrapped in act(...).

When testing, code that causes React state updates should be wrapped into act(...):

act(() => {
  /* fire events that update state */
});
/* assert on the output */

This ensures that you're testing the behavior the user would see in the browser. Learn more at https://react.dev/link/wrap-tests-with-act
An update to DocumentsPage inside a test was not wrapped in act(...).

When testing, code that causes React state updates should be wrapped into act(...):

act(() => {
  /* fire events that update state */
});
/* assert on the output */

This ensures that you're testing the behavior the user would see in the browser. Learn more at https://react.dev/link/wrap-tests-with-act

 ❯ app/app/documents/page.test.tsx (4 tests | 1 failed) 389ms
     ✓ renders document list 135ms
     × handles file upload 108ms
     ✓ allows deleting a document 28ms
     ✓ shows staged documents separately 115ms

⎯⎯⎯⎯⎯⎯⎯ Failed Tests 1 ⎯⎯⎯⎯⎯⎯⎯

 FAIL  app/app/documents/page.test.tsx > Documents Page > handles file upload
TestingLibraryElementError: Unable to find a label with the text of: Upload New

Ignored nodes: comments, script, style
[36m<body>[39m
  [36m<div>[39m
    [36m<div[39m
      [33mclass[39m=[32m"flex min-h-screen bg-gray-50"[39m
    [36m>[39m
      [36m<aside[39m
        [33mclass[39m=[32m"w-64 bg-white border-r border-gray-200 min-h-screen flex flex-col"[39m
      [36m>[39m
        [36m<div[39m
          [33mclass[39m=[32m"p-6 border-b border-gray-100"[39m
        [36m>[39m
          [36m<h1[39m
            [33mclass[39m=[32m"text-2xl font-bold text-blue-600 flex items-center gap-2"[39m
          [36m>[39m
            [36m<span>[39m
              [0m🛡️[0m
            [36m</span>[39m
            [0m ISO Doc[0m
          [36m</h1>[39m
        [36m</div>[39m
        [36m<nav[39m
          [33mclass[39m=[32m"flex-1 p-4 space-y-1"[39m
        [36m>[39m
          [36m<a[39m
            [33mclass[39m=[32m"flex items-center gap-3 px-4 py-3 rounded-lg transition-colors text-gray-600 hover:bg-gray-50 hover:text-gray-900"[39m
            [33mhref[39m=[32m"/app/dashboard"[39m
          [36m>[39m
            [36m<span[39m
              [33mclass[39m=[32m"text-xl"[39m
            [36m>[39m
              [0m📊[0m
            [36m</span>[39m
            [0mDashboard[0m
          [36m</a>[39m
          [36m<a[39m
            [33mclass[39m=[32m"flex items-center gap-3 px-4 py-3 rounded-lg transition-colors bg-blue-50 text-blue-700 font-medium"[39m
            [33mhref[39m=[32m"/app/documents"[39m
          [36m>[39m
            [36m<span[39m
              [33mclass[39m=[32m"text-xl"[39m
            [36m>[39m
              [0m📁[0m
            [36m</span>[39m
            [0mDocuments[0m
          [36m</a>[39m
          [36m<a[39m
            [33mclass[39m=[32m"flex items-center gap-3 px-4 py-3 rounded-lg transition-colors text-gray-600 hover:bg-gray-50 hover:text-gray-900"[39m
            [33mhref[39m=[32m"/app/gap-analysis"[39m
          [36m>[39m
            [36m<span[39m
              [33mclass[39m=[32m"text-xl"[39m
            [36m>[39m
              [0m🔍[0m
            [36m</span>[39m
            [0mGap Analysis[0m
          [36m</a>[39m
          [36m<a[39m
            [33mclass[39m=[32m"flex items-center gap-3 px-4 py-3 rounded-lg transition-colors text-gray-600 hover:bg-gray-50 hover:text-gray-900"[39m
            [33mhref[39m=[32m"/app/reports"[39m
          [36m>[39m
            [36m<span[39m
              [33mclass[39m=[32m"text-xl"[39m
            [36m>[39m
              [0m📋[0m
            [36m</span>[39m
            [0mReports[0m
          [36m</a>[39m
          [36m<a[39m
            [33mclass[39m=[32m"flex items-center gap-3 px-4 py-3 rounded-lg transition-colors text-gray-600 hover:bg-gray-50 hover:text-gray-900"[39m
            [33mhref[39m=[32m"/app/settings"[39m
          [36m>[39m
            [36m<span[39m
              [33mclass[39m=[32m"text-xl"[39m
            [36m>[39m
              [0m⚙️[0m
            [36m</span>[39m
            [0mSettings[0m
          [36m</a>[39m
        [36m</nav>[39m
        [36m<div[39m
          [33mclass[39m=[32m"p-4 border-t border-gray-100"[39m
        [36m>[39m
          [36m<div[39m
            [33mclass[39m=[32m"bg-blue-50 rounded-lg p-4"[39m
          [36m>[39m
            [36m<h4[39m
              [33mclass[39m=[32m"text-sm font-semibold text-blue-800 mb-1"[39m
            [36m>[39m
              [0mPro Plan[0m
            [36m</h4>[39m
            [36m<p[39m
              [33mclass[39m=[32m"text-xs text-blue-600 mb-3"[39m
            [36m>[39m
              [0mGet access to advanced AI features.[0m
            [36m</p>[39m
            [36m<button[39m
              [33mclass[39m=[32m"w-full bg-blue-600 text-white text-xs font-medium py-2 rounded hover:bg-blue-700 transition"[39m
            [36m>[39m
              [0mUpgrade Now[0m
            [36m</button>[39m
          [36m</div>[39m
        [36m</div>[39m
      [36m</aside>[39m
      [36m<div[39m
        [33mclass[39m=[32m"flex-1 flex flex-col"[39m
      [36m>[39m
        [36m<header[39m
          [33mclass[39m=[32m"bg-white border-b border-gray-200 px-8 py-4 flex justify-between items-center sticky top-0 z-10"[39m
        [36m>[39m
          [36m<div>[39m
            [36m<h2[39m
              [33mclass[39m=[32m"text-xl font-semibold text-gray-800"[39m
            [36m>[39m
              [0mDashboard[0m
            [36m</h2>[39m
            [36m<p[39m
              [33mclass[39m=[32m"text-sm text-gray-500"[39m
            [36m>[39m
              [0mWelcome back, User[0m
            [36m</p>[39m
          [36m</div>[39m
          [36m<div[39m
            [33mclass[39m=[32m"w-1/3"[39m
          [36m>[39m
            [36m<div[39m
              [33mclass[39m=[32m"relative w-full max-w-xl"[39m
            [36m>[39m
              [36m<form[39m
                [33mclass[39m=[32m"relative"[39m
              [36m>[39m
                [36m<input[39m
                  [33mclass[39m=[32m"w-full border border-gray-300 rounded-lg py-2 px-4 pl-10 focus:outline-none focus:ring-2 focus:ring-blue-500"[39m
                  [33mplaceholder[39m=[32m"Search documents (e.g. 'password policy')..."[39m
                  [33mtype[39m=[32m"text"[39m
                  [33mvalue[39m=[32m""[39m
                [36m/>[39m
                [36m<div[39m
                  [33mclass[39m=[32m"absolute inset-y-0 left-0 pl-3 flex items-center pointer-events-none"[39m
                [36m>[39m
                  [36m<span[39m
                    [33mclass[39m=[32m"text-gray-400"[39m
                  [36m>[39m
                    [0m🔍[0m
                  [36m</span>[39m
                [36m</div>[39m
                [36m<button[39m
                  [33mclass[39m=[32m"absolute inset-y-0 right-0 px-4 text-white bg-blue-600 rounded-r-lg hover:bg-blue-700 disabled:opacity-50"[39m
                  [33mtype[39m=[32m"submit"[39m
                [36m>[39m
                  [0mSearch[0m
                [36m</button>[39m
              [36m</form>[39m
            [36m</div>[39m
          [36m</div>[39m
          [36m<div[39m
            [33mclass[39m=[32m"flex items-center gap-4"[39m
          [36m>[39m
            [36m<div[39m
              [33mclass[39m=[32m"relative"[39m
            [36m>[39m
              [36m<button[39m
                [33mclass[39m=[32m"p-2 text-gray-400 hover:text-gray-600 relative"[39m
              [36m>[39m
                [0m🔔[0m
              [36m</button>[39m
            [36m</div>[39m
            [36m<div[39m
              [33mclass[39m=[32m"w-8 h-8 bg-blue-100 rounded-full flex items-center justify-center text-blue-600 font-bold"[39m
            [36m>[39m
              [0mU[0m
            [36m</div>[39m
          [36m</div>[39m
        [36m</header>[39m
        [36m<main[39m
          [33mclass[39m=[32m"flex-1 p-8 overflow-y-auto"[39m
        [36m>[39m
          [36m<div[39m
            [33mclass[39m=[32m"max-w-7xl mx-auto space-y-8"[39m
          [36m>[39m
            [36m<div[39m
              [33mclass[39m=[32m"flex justify-between items-center"[39m
            [36m>[39m
              [36m<div>[39m
                [36m<h1[39m
                  [33mclass[39m=[32m"text-2xl font-bold text-gray-900"[39m
                [36m>[39m
                  [0mDocuments[0m
                [36m</h1>[39m
                [36m<p[39m
                  [33mclass[39m=[32m"text-sm text-gray-500"[39m
                [36m>[39m
                  [0mManage all your uploaded files[0m
                [36m</p>[39m
              [36m</div>[39m
              [36m<div[39m
                [33mclass[39m=[32m"relative"[39m
              [36m>[39m
                [36m<input[39m
                  [33mclass[39m=[32m"hidden"[39m
                  [33mid[39m=[32m"file-upload"[39m
                  [33mmultiple[39m=[32m""[39m
                  [33mtype[39m=[32m"file"[39m
                [36m/>[39m
                [36m<label[39m
                  [33mclass[39m=[32m"flex items-center gap-2 bg-blue-600 text-white px-4 py-2 rounded-lg hover:bg-blue-700 transition cursor-pointer shadow-sm "[39m
                  [33mfor[39m=[32m"file-upload"[39m
                [36m>[39m
                  [36m<span>[39m
                    [0m☁️[0m
                  [36m</span>[39m
                  [0mUpload New[0m
                [36m</label>[39m
              [36m</div>[39m
            [36m</div>[39m
            [36m<div[39m
              [33mclass[39m=[32m"bg-white rounded-xl shadow-sm border border-gray-100 overflow-hidden"[39m
            [36m>[39m
              [36m<div[39m
                [33mclass[39m=[32m"overflow-x-auto"[39m
              [36m>[39m
                [36m<table[39m
                  [33mclass[39m=[32m"min-w-full divide-y divide-gray-200"[39m
                [36m>[39m
                  [36m<thead[39m
                    [33mclass[39m=[32m"bg-gray-50"[39m
                  [36m>[39m
                    [36m<tr>[39m
                      [36m<th[39m
                        [33mclass[39m=[32m"px-6 py-3 text-left text-xs font-medium text-gray-500 uppercase tracking-wider"[39m
                      [36m>[39m
                        [0mDocument[0m
                      [36m</th>[39m
                      [36m<th[39m
                        [33mclass[39m=[32m"px-6 py-3 text-left text-xs font-medium text-gray-500 uppercase tracking-wider"[39m
                      [36m>[39m
                        [0mStatus[0m
                      [36m</th>[39m
                      [36m<th[39m
                        [33mclass[39m=[32m"px-6 py-3 text-left text-xs font-medium text-gray-500 uppercase tracking-wider"[39m
                      [36m>[39m
                        [0mDate[0m
                      [36m</th>[39m
                      [36m<th[39m
                        [33mclass[39m=[32m"px-6 py-3 text-right text-xs font-medium text-gray-500 uppercase tracking-wider"[39m
                      [36m>[39m
                        [0mActions[0m
                      [36m</th>[39m
                    [36m</tr>[39m
                  [36m</thead>[39m
                  [36m<tbody[39m
                    [33mclass[39m=[32m"bg-white divide-y divide-gray-200"[39m
                  [36m>[39m
                    [36m<tr>[39m
                      [36m<td[39m
                        [33mclass[39m=[32m"px-6 py-12 text-center text-gray-500"[39m
                        [33mcolspan[39m=[32m"4"[39m
                      [36m>[39m
                        [36m<div[39m
                          [33mclass[39m=[32m"flex flex-col items-center gap-2"[39m
                        [36m>[39m
                          [36m<span[39m
                            [33mclass[39m=[32m"text-4xl"[39m
                          [36m>[39m
                            [0m📄[0m
                          [36m</span>[39m
                          [36m<p>[39m
                            [0mNo active documents found[0m
                          [36m</p>[39m
                        [36m</div>[39m
                      [36m</td>[39m
                    [36m</tr>[39m
                  [36m</tbody>[39m
                [36m</table>[39m
              [36m</div>[39m
            [36m</div>[39m
          [36m</div>[39m
        [36m</main>[39m
      [36m</div>[39m
    [36m</div>[39m
  [36m</div>[39m
[36m</body>[39m
 ❯ Object.getElementError node_modules/@testing-library/dom/dist/config.js:37:19
 ❯ getAllByLabelText node_modules/@testing-library/dom/dist/queries/label-text.js:111:38
 ❯ node_modules/@testing-library/dom/dist/query-helpers.js:52:17
 ❯ node_modules/@testing-library/dom/dist/query-helpers.js:95:19
 ❯ app/app/documents/page.test.tsx:61:30
     59| 
     60|         const file = new File(['dummy'], 'test.pdf', { type: 'applicat…
     61|         const input = screen.getByLabelText('Upload New') as HTMLInput…
       |                              ^
     62|         
     63|         Object.defineProperty(input, 'files', { value: [file] });

⎯⎯⎯⎯⎯⎯⎯⎯⎯⎯⎯⎯⎯⎯⎯⎯⎯⎯⎯⎯⎯⎯⎯⎯[1/1]⎯


 Test Files  6 failed (6)
      Tests  18 failed | 4 passed (22)
   Start at  03:27:06
   Duration  1.43s

 FAIL  Tests failed. Watching for file changes...
       press h to show help, press q to quit
c[3J RERUN  lib/api.ts 

stderr | lib/api.test.ts > API Client > fetchDocuments > should throw error on failure
[next-auth][error][CLIENT_FETCH_ERROR] 
https://next-auth.js.org/errors#client_fetch_error res.json is not a function {
  error: {
    message: [32m'res.json is not a function'[39m,
    stack: [32m'TypeError: res.json is not a function\n'[39m +
      [32m'    at _callee$ (/Users/isak/Downloads/iso-doc-platform/frontend/node_modules/next-auth/client/_utils.js:53:22)\n'[39m +
      [32m'    at /Users/isak/Downloads/iso-doc-platform/frontend/node_modules/@babel/runtime/helpers/regeneratorRuntime.js:52:18\n'[39m +
      [32m'    at Generator.<anonymous> (/Users/isak/Downloads/iso-doc-platform/frontend/node_modules/@babel/runtime/helpers/regenerator.js:52:51)\n'[39m +
      [32m'    at Generator.next (/Users/isak/Downloads/iso-doc-platform/frontend/node_modules/@babel/runtime/helpers/regeneratorDefine.js:11:21)\n'[39m +
      [32m'    at asyncGeneratorStep (/Users/isak/Downloads/iso-doc-platform/frontend/node_modules/@babel/runtime/helpers/asyncToGenerator.js:3:17)\n'[39m +
      [32m'    at _next (/Users/isak/Downloads/iso-doc-platform/frontend/node_modules/@babel/runtime/helpers/asyncToGenerator.js:17:9)\n'[39m +
      [32m'    at processTicksAndRejections (node:internal/process/task_queues:95:5)'[39m,
    name: [32m'TypeError'[39m
  },
  url: [32m'/api/auth/session'[39m,
  message: [32m'res.json is not a function'[39m
}

 ❯ lib/api.test.ts (4 tests | 3 failed) 669ms
       × should fetch documents successfully 368ms
       ✓ should throw error on failure 235ms
       × should upload document successfully 8ms
       × should throw error on upload failure 1ms
stderr | app/app/documents/page.test.tsx > Documents Page > handles file upload
An update to Header inside a test was not wrapped in act(...).

When testing, code that causes React state updates should be wrapped into act(...):

act(() => {
  /* fire events that update state */
});
/* assert on the output */

This ensures that you're testing the behavior the user would see in the browser. Learn more at https://react.dev/link/wrap-tests-with-act
An update to Header inside a test was not wrapped in act(...).

When testing, code that causes React state updates should be wrapped into act(...):

act(() => {
  /* fire events that update state */
});
/* assert on the output */

This ensures that you're testing the behavior the user would see in the browser. Learn more at https://react.dev/link/wrap-tests-with-act
An update to DocumentsPage inside a test was not wrapped in act(...).

When testing, code that causes React state updates should be wrapped into act(...):

act(() => {
  /* fire events that update state */
});
/* assert on the output */

This ensures that you're testing the behavior the user would see in the browser. Learn more at https://react.dev/link/wrap-tests-with-act
An update to DocumentsPage inside a test was not wrapped in act(...).

When testing, code that causes React state updates should be wrapped into act(...):

act(() => {
  /* fire events that update state */
});
/* assert on the output */

This ensures that you're testing the behavior the user would see in the browser. Learn more at https://react.dev/link/wrap-tests-with-act

 ❯ app/app/reports/[id]/page.test.tsx (3 tests | 3 failed) 507ms
     × renders loading state initially 309ms
     × renders report data successfully 43ms
     × renders error state on failure 2ms
 ❯ app/app/documents/page.test.tsx (4 tests | 1 failed) 7933ms
     ✓ renders document list  5116ms
     × handles file upload 1196ms
     ✓ allows deleting a document  781ms
     ✓ shows staged documents separately  449ms
 ❯ app/app/dashboard/page.test.tsx (7 tests | 7 failed) 236ms
     × renders documents and standards 229ms
     × renders dashboard widgets 2ms
     × opens analysis modal and runs check 1ms
     × shows staged documents and allows approval 1ms
     × allows rejecting staged documents 1ms
     × shows notifications 1ms
     × shows upload progress 1ms
 ❯ app/app/gap-analysis/page.test.tsx (2 tests | 2 failed) 138ms
     × renders and loads standards 135ms
     × runs gap analysis and displays results 1ms
 ❯ app/app/documents/[id]/page.test.tsx (2 tests | 2 failed) 16ms
     × renders document details and download button 14ms
     × triggers export on button click 1ms

⎯⎯⎯⎯⎯⎯ Failed Tests 18 ⎯⎯⎯⎯⎯⎯⎯

 FAIL  lib/api.test.ts > API Client > fetchDocuments > should fetch documents successfully
AssertionError: expected "vi.fn()" to be called with arguments: [ StringContaining "/documents" ][90m

Received: 

[1m  1st vi.fn() call:

[22m[2m  [[22m
[32m-   StringContaining "/documents",[90m
[31m+   "/api/auth/session",[90m
[31m+   {[90m
[31m+     "headers": {[90m
[31m+       "Content-Type": "application/json",[90m
[31m+     },[90m
[31m+   },[90m
[2m  ][22m

[1m  2nd vi.fn() call:

[22m[2m  [[22m
[32m-   StringContaining "/documents",[90m
[31m+   "http://localhost:4000/documents",[90m
[31m+   {[90m
[31m+     "headers": {},[90m
[31m+   },[90m
[2m  ][22m
[39m[90m

Number of calls: [1m2[22m
[39m
 ❯ lib/api.test.ts:23:34
     21|             const docs = await fetchDocuments();
     22|             expect(docs).toEqual(mockDocs);
     23|             expect(global.fetch).toHaveBeenCalledWith(expect.stringCon…
       |                                  ^
     24|         });
     25| 

⎯⎯⎯⎯⎯⎯⎯⎯⎯⎯⎯⎯⎯⎯⎯⎯⎯⎯⎯⎯⎯⎯⎯[1/18]⎯

 FAIL  lib/api.test.ts > API Client > uploadDocument > should upload document successfully
TypeError: (0 , __vite_ssr_import_0__.uploadDocument) is not a function
 ❯ lib/api.test.ts:42:19
     40| 
     41|             const file = new File(['content'], 'test.txt', { type: 'te…
     42|             await uploadDocument(file);
       |                   ^
     43| 
     44|             expect(global.fetch).toHaveBeenCalledWith(

⎯⎯⎯⎯⎯⎯⎯⎯⎯⎯⎯⎯⎯⎯⎯⎯⎯⎯⎯⎯⎯⎯⎯[2/18]⎯

 FAIL  lib/api.test.ts > API Client > uploadDocument > should throw error on upload failure
TypeError: (0 , __vite_ssr_import_0__.uploadDocument) is not a function
 ❯ lib/api.test.ts:59:26
     57| 
     58|             const file = new File(['content'], 'test.txt', { type: 'te…
     59|             await expect(uploadDocument(file)).rejects.toThrow('Failed…
       |                          ^
     60|         });
     61|     });

⎯⎯⎯⎯⎯⎯⎯⎯⎯⎯⎯⎯⎯⎯⎯⎯⎯⎯⎯⎯⎯⎯⎯[3/18]⎯

 FAIL  app/app/reports/[id]/page.test.tsx > ComplianceReportPage > renders loading state initially
 FAIL  app/app/reports/[id]/page.test.tsx > ComplianceReportPage > renders report data successfully
 FAIL  app/app/reports/[id]/page.test.tsx > ComplianceReportPage > renders error state on failure
Error: Remember to wrap your app in a `<CopilotKit> {...} </CopilotKit>` !!!
 ❯ useCopilotContext node_modules/@copilotkit/react-core/dist/chunk-EUX2P2E7.mjs:96:11
 ❯ useCopilotReadable node_modules/@copilotkit/react-core/dist/chunk-HDOG2RTM.mjs:18:41
 ❯ ComplianceReportPage app/app/reports/[id]/page.tsx:51:5
     49|     }
     50| 
     51|     useCopilotReadable({
       |     ^
     52|         description: 'Aktiv compliance-rapport med detaljerte resultat…
     53|         value: report,
 ❯ Object.react_stack_bottom_frame node_modules/react-dom/cjs/react-dom-client.development.js:25904:20
 ❯ renderWithHooks node_modules/react-dom/cjs/react-dom-client.development.js:7662:22
 ❯ updateFunctionComponent node_modules/react-dom/cjs/react-dom-client.development.js:10166:19
 ❯ beginWork node_modules/react-dom/cjs/react-dom-client.development.js:11778:18
 ❯ runWithFiberInDEV node_modules/react-dom/cjs/react-dom-client.development.js:874:13
 ❯ performUnitOfWork node_modules/react-dom/cjs/react-dom-client.development.js:17641:22
 ❯ workLoopSync node_modules/react-dom/cjs/react-dom-client.development.js:17469:41

⎯⎯⎯⎯⎯⎯⎯⎯⎯⎯⎯⎯⎯⎯⎯⎯⎯⎯⎯⎯⎯⎯⎯[4/18]⎯

 FAIL  app/app/dashboard/page.test.tsx > Dashboard Page > renders documents and standards
 FAIL  app/app/dashboard/page.test.tsx > Dashboard Page > renders dashboard widgets
 FAIL  app/app/dashboard/page.test.tsx > Dashboard Page > opens analysis modal and runs check
 FAIL  app/app/dashboard/page.test.tsx > Dashboard Page > shows staged documents and allows approval
 FAIL  app/app/dashboard/page.test.tsx > Dashboard Page > allows rejecting staged documents
 FAIL  app/app/dashboard/page.test.tsx > Dashboard Page > shows notifications
 FAIL  app/app/dashboard/page.test.tsx > Dashboard Page > shows upload progress
Error: Remember to wrap your app in a `<CopilotKit> {...} </CopilotKit>` !!!
 ❯ useCopilotContext node_modules/@copilotkit/react-core/dist/chunk-EUX2P2E7.mjs:96:11
 ❯ useCopilotReadable node_modules/@copilotkit/react-core/dist/chunk-HDOG2RTM.mjs:18:41
 ❯ Dashboard app/app/dashboard/page.tsx:50:5
 ❯ Object.react_stack_bottom_frame node_modules/react-dom/cjs/react-dom-client.development.js:25904:20
 ❯ renderWithHooks node_modules/react-dom/cjs/react-dom-client.development.js:7662:22
 ❯ updateFunctionComponent node_modules/react-dom/cjs/react-dom-client.development.js:10166:19
 ❯ beginWork node_modules/react-dom/cjs/react-dom-client.development.js:11778:18
 ❯ runWithFiberInDEV node_modules/react-dom/cjs/react-dom-client.development.js:874:13
 ❯ performUnitOfWork node_modules/react-dom/cjs/react-dom-client.development.js:17641:22
 ❯ workLoopSync node_modules/react-dom/cjs/react-dom-client.development.js:17469:41

⎯⎯⎯⎯⎯⎯⎯⎯⎯⎯⎯⎯⎯⎯⎯⎯⎯⎯⎯⎯⎯⎯⎯[5/18]⎯

 FAIL  app/app/documents/[id]/page.test.tsx > DocumentView Page > renders document details and download button
 FAIL  app/app/documents/[id]/page.test.tsx > DocumentView Page > triggers export on button click
Error: Remember to wrap your app in a `<CopilotKit> {...} </CopilotKit>` !!!
 ❯ useCopilotContext node_modules/@copilotkit/react-core/dist/chunk-EUX2P2E7.mjs:96:11
 ❯ useCopilotReadable node_modules/@copilotkit/react-core/dist/chunk-HDOG2RTM.mjs:18:41
 ❯ DocumentView app/app/documents/[id]/page.tsx:37:47
 ❯ Object.react_stack_bottom_frame node_modules/react-dom/cjs/react-dom-client.development.js:25904:20
 ❯ renderWithHooks node_modules/react-dom/cjs/react-dom-client.development.js:7662:22
 ❯ updateFunctionComponent node_modules/react-dom/cjs/react-dom-client.development.js:10166:19
 ❯ beginWork node_modules/react-dom/cjs/react-dom-client.development.js:11778:18
 ❯ runWithFiberInDEV node_modules/react-dom/cjs/react-dom-client.development.js:874:13
 ❯ performUnitOfWork node_modules/react-dom/cjs/react-dom-client.development.js:17641:22
 ❯ workLoopSync node_modules/react-dom/cjs/react-dom-client.development.js:17469:41

⎯⎯⎯⎯⎯⎯⎯⎯⎯⎯⎯⎯⎯⎯⎯⎯⎯⎯⎯⎯⎯⎯⎯[6/18]⎯

 FAIL  app/app/gap-analysis/page.test.tsx > GapAnalysisPage > renders and loads standards
 FAIL  app/app/gap-analysis/page.test.tsx > GapAnalysisPage > runs gap analysis and displays results
Error: Remember to wrap your app in a `<CopilotKit> {...} </CopilotKit>` !!!
 ❯ useCopilotContext node_modules/@copilotkit/react-core/dist/chunk-EUX2P2E7.mjs:96:11
 ❯ useCopilotReadable node_modules/@copilotkit/react-core/dist/chunk-HDOG2RTM.mjs:18:41
 ❯ GapAnalysisPage app/app/gap-analysis/page.tsx:13:5
     11|     const [report, setReport] = useState<any>(null);
     12| 
     13|     useCopilotReadable({
       |     ^
     14|         description: 'Available ISO standards for gap analysis',
     15|         value: standards,
 ❯ Object.react_stack_bottom_frame node_modules/react-dom/cjs/react-dom-client.development.js:25904:20
 ❯ renderWithHooks node_modules/react-dom/cjs/react-dom-client.development.js:7662:22
 ❯ updateFunctionComponent node_modules/react-dom/cjs/react-dom-client.development.js:10166:19
 ❯ beginWork node_modules/react-dom/cjs/react-dom-client.development.js:11778:18
 ❯ runWithFiberInDEV node_modules/react-dom/cjs/react-dom-client.development.js:874:13
 ❯ performUnitOfWork node_modules/react-dom/cjs/react-dom-client.development.js:17641:22
 ❯ workLoopSync node_modules/react-dom/cjs/react-dom-client.development.js:17469:41

⎯⎯⎯⎯⎯⎯⎯⎯⎯⎯⎯⎯⎯⎯⎯⎯⎯⎯⎯⎯⎯⎯⎯[7/18]⎯

 FAIL  app/app/documents/page.test.tsx > Documents Page > handles file upload
TestingLibraryElementError: Unable to find a label with the text of: Upload New

Ignored nodes: comments, script, style
[36m<body>[39m
  [36m<div>[39m
    [36m<div[39m
      [33mclass[39m=[32m"flex min-h-screen bg-gray-50"[39m
    [36m>[39m
      [36m<aside[39m
        [33mclass[39m=[32m"w-64 bg-white border-r border-gray-200 min-h-screen flex flex-col"[39m
      [36m>[39m
        [36m<div[39m
          [33mclass[39m=[32m"p-6 border-b border-gray-100"[39m
        [36m>[39m
          [36m<h1[39m
            [33mclass[39m=[32m"text-2xl font-bold text-blue-600 flex items-center gap-2"[39m
          [36m>[39m
            [36m<span>[39m
              [0m🛡️[0m
            [36m</span>[39m
            [0m ISO Doc[0m
          [36m</h1>[39m
        [36m</div>[39m
        [36m<nav[39m
          [33mclass[39m=[32m"flex-1 p-4 space-y-1"[39m
        [36m>[39m
          [36m<a[39m
            [33mclass[39m=[32m"flex items-center gap-3 px-4 py-3 rounded-lg transition-colors text-gray-600 hover:bg-gray-50 hover:text-gray-900"[39m
            [33mhref[39m=[32m"/app/dashboard"[39m
          [36m>[39m
            [36m<span[39m
              [33mclass[39m=[32m"text-xl"[39m
            [36m>[39m
              [0m📊[0m
            [36m</span>[39m
            [0mDashboard[0m
          [36m</a>[39m
          [36m<a[39m
            [33mclass[39m=[32m"flex items-center gap-3 px-4 py-3 rounded-lg transition-colors bg-blue-50 text-blue-700 font-medium"[39m
            [33mhref[39m=[32m"/app/documents"[39m
          [36m>[39m
            [36m<span[39m
              [33mclass[39m=[32m"text-xl"[39m
            [36m>[39m
              [0m📁[0m
            [36m</span>[39m
            [0mDocuments[0m
          [36m</a>[39m
          [36m<a[39m
            [33mclass[39m=[32m"flex items-center gap-3 px-4 py-3 rounded-lg transition-colors text-gray-600 hover:bg-gray-50 hover:text-gray-900"[39m
            [33mhref[39m=[32m"/app/gap-analysis"[39m
          [36m>[39m
            [36m<span[39m
              [33mclass[39m=[32m"text-xl"[39m
            [36m>[39m
              [0m🔍[0m
            [36m</span>[39m
            [0mGap Analysis[0m
          [36m</a>[39m
          [36m<a[39m
            [33mclass[39m=[32m"flex items-center gap-3 px-4 py-3 rounded-lg transition-colors text-gray-600 hover:bg-gray-50 hover:text-gray-900"[39m
            [33mhref[39m=[32m"/app/reports"[39m
          [36m>[39m
            [36m<span[39m
              [33mclass[39m=[32m"text-xl"[39m
            [36m>[39m
              [0m📋[0m
            [36m</span>[39m
            [0mReports[0m
          [36m</a>[39m
          [36m<a[39m
            [33mclass[39m=[32m"flex items-center gap-3 px-4 py-3 rounded-lg transition-colors text-gray-600 hover:bg-gray-50 hover:text-gray-900"[39m
            [33mhref[39m=[32m"/app/settings"[39m
          [36m>[39m
            [36m<span[39m
              [33mclass[39m=[32m"text-xl"[39m
            [36m>[39m
              [0m⚙️[0m
            [36m</span>[39m
            [0mSettings[0m
          [36m</a>[39m
        [36m</nav>[39m
        [36m<div[39m
          [33mclass[39m=[32m"p-4 border-t border-gray-100"[39m
        [36m>[39m
          [36m<div[39m
            [33mclass[39m=[32m"bg-blue-50 rounded-lg p-4"[39m
          [36m>[39m
            [36m<h4[39m
              [33mclass[39m=[32m"text-sm font-semibold text-blue-800 mb-1"[39m
            [36m>[39m
              [0mPro Plan[0m
            [36m</h4>[39m
            [36m<p[39m
              [33mclass[39m=[32m"text-xs text-blue-600 mb-3"[39m
            [36m>[39m
              [0mGet access to advanced AI features.[0m
            [36m</p>[39m
            [36m<button[39m
              [33mclass[39m=[32m"w-full bg-blue-600 text-white text-xs font-medium py-2 rounded hover:bg-blue-700 transition"[39m
            [36m>[39m
              [0mUpgrade Now[0m
            [36m</button>[39m
          [36m</div>[39m
        [36m</div>[39m
      [36m</aside>[39m
      [36m<div[39m
        [33mclass[39m=[32m"flex-1 flex flex-col"[39m
      [36m>[39m
        [36m<header[39m
          [33mclass[39m=[32m"bg-white border-b border-gray-200 px-8 py-4 flex justify-between items-center sticky top-0 z-10"[39m
        [36m>[39m
          [36m<div>[39m
            [36m<h2[39m
              [33mclass[39m=[32m"text-xl font-semibold text-gray-800"[39m
            [36m>[39m
              [0mDashboard[0m
            [36m</h2>[39m
            [36m<p[39m
              [33mclass[39m=[32m"text-sm text-gray-500"[39m
            [36m>[39m
              [0mWelcome back, User[0m
            [36m</p>[39m
          [36m</div>[39m
          [36m<div[39m
            [33mclass[39m=[32m"w-1/3"[39m
          [36m>[39m
            [36m<div[39m
              [33mclass[39m=[32m"relative w-full max-w-xl"[39m
            [36m>[39m
              [36m<form[39m
                [33mclass[39m=[32m"relative"[39m
              [36m>[39m
                [36m<input[39m
                  [33mclass[39m=[32m"w-full border border-gray-300 rounded-lg py-2 px-4 pl-10 focus:outline-none focus:ring-2 focus:ring-blue-500"[39m
                  [33mplaceholder[39m=[32m"Search documents (e.g. 'password policy')..."[39m
                  [33mtype[39m=[32m"text"[39m
                  [33mvalue[39m=[32m""[39m
                [36m/>[39m
                [36m<div[39m
                  [33mclass[39m=[32m"absolute inset-y-0 left-0 pl-3 flex items-center pointer-events-none"[39m
                [36m>[39m
                  [36m<span[39m
                    [33mclass[39m=[32m"text-gray-400"[39m
                  [36m>[39m
                    [0m🔍[0m
                  [36m</span>[39m
                [36m</div>[39m
                [36m<button[39m
                  [33mclass[39m=[32m"absolute inset-y-0 right-0 px-4 text-white bg-blue-600 rounded-r-lg hover:bg-blue-700 disabled:opacity-50"[39m
                  [33mtype[39m=[32m"submit"[39m
                [36m>[39m
                  [0mSearch[0m
                [36m</button>[39m
              [36m</form>[39m
            [36m</div>[39m
          [36m</div>[39m
          [36m<div[39m
            [33mclass[39m=[32m"flex items-center gap-4"[39m
          [36m>[39m
            [36m<div[39m
              [33mclass[39m=[32m"relative"[39m
            [36m>[39m
              [36m<button[39m
                [33mclass[39m=[32m"p-2 text-gray-400 hover:text-gray-600 relative"[39m
              [36m>[39m
                [0m🔔[0m
              [36m</button>[39m
            [36m</div>[39m
            [36m<div[39m
              [33mclass[39m=[32m"w-8 h-8 bg-blue-100 rounded-full flex items-center justify-center text-blue-600 font-bold"[39m
            [36m>[39m
              [0mU[0m
            [36m</div>[39m
          [36m</div>[39m
        [36m</header>[39m
        [36m<main[39m
          [33mclass[39m=[32m"flex-1 p-8 overflow-y-auto"[39m
        [36m>[39m
          [36m<div[39m
            [33mclass[39m=[32m"max-w-7xl mx-auto space-y-8"[39m
          [36m>[39m
            [36m<div[39m
              [33mclass[39m=[32m"flex justify-between items-center"[39m
            [36m>[39m
              [36m<div>[39m
                [36m<h1[39m
                  [33mclass[39m=[32m"text-2xl font-bold text-gray-900"[39m
                [36m>[39m
                  [0mDocuments[0m
                [36m</h1>[39m
                [36m<p[39m
                  [33mclass[39m=[32m"text-sm text-gray-500"[39m
                [36m>[39m
                  [0mManage all your uploaded files[0m
                [36m</p>[39m
              [36m</div>[39m
              [36m<div[39m
                [33mclass[39m=[32m"relative"[39m
              [36m>[39m
                [36m<input[39m
                  [33mclass[39m=[32m"hidden"[39m
                  [33mid[39m=[32m"file-upload"[39m
                  [33mmultiple[39m=[32m""[39m
                  [33mtype[39m=[32m"file"[39m
                [36m/>[39m
                [36m<label[39m
                  [33mclass[39m=[32m"flex items-center gap-2 bg-blue-600 text-white px-4 py-2 rounded-lg hover:bg-blue-700 transition cursor-pointer shadow-sm "[39m
                  [33mfor[39m=[32m"file-upload"[39m
                [36m>[39m
                  [36m<span>[39m
                    [0m☁️[0m
                  [36m</span>[39m
                  [0mUpload New[0m
                [36m</label>[39m
              [36m</div>[39m
            [36m</div>[39m
            [36m<div[39m
              [33mclass[39m=[32m"bg-white rounded-xl shadow-sm border border-gray-100 overflow-hidden"[39m
            [36m>[39m
              [36m<div[39m
                [33mclass[39m=[32m"overflow-x-auto"[39m
              [36m>[39m
                [36m<table[39m
                  [33mclass[39m=[32m"min-w-full divide-y divide-gray-200"[39m
                [36m>[39m
                  [36m<thead[39m
                    [33mclass[39m=[32m"bg-gray-50"[39m
                  [36m>[39m
                    [36m<tr>[39m
                      [36m<th[39m
                        [33mclass[39m=[32m"px-6 py-3 text-left text-xs font-medium text-gray-500 uppercase tracking-wider"[39m
                      [36m>[39m
                        [0mDocument[0m
                      [36m</th>[39m
                      [36m<th[39m
                        [33mclass[39m=[32m"px-6 py-3 text-left text-xs font-medium text-gray-500 uppercase tracking-wider"[39m
                      [36m>[39m
                        [0mStatus[0m
                      [36m</th>[39m
                      [36m<th[39m
                        [33mclass[39m=[32m"px-6 py-3 text-left text-xs font-medium text-gray-500 uppercase tracking-wider"[39m
                      [36m>[39m
                        [0mDate[0m
                      [36m</th>[39m
                      [36m<th[39m
                        [33mclass[39m=[32m"px-6 py-3 text-right text-xs font-medium text-gray-500 uppercase tracking-wider"[39m
                      [36m>[39m
                        [0mActions[0m
                      [36m</th>[39m
                    [36m</tr>[39m
                  [36m</thead>[39m
                  [36m<tbody[39m
                    [33mclass[39m=[32m"bg-white divide-y divide-gray-200"[39m
                  [36m>[39m
                    [36m<tr>[39m
                      [36m<td[39m
                        [33mclass[39m=[32m"px-6 py-12 text-center text-gray-500"[39m
                        [33mcolspan[39m=[32m"4"[39m
                      [36m>[39m
                        [36m<div[39m
                          [33mclass[39m=[32m"flex flex-col items-center gap-2"[39m
                        [36m>[39m
                          [36m<span[39m
                            [33mclass[39m=[32m"text-4xl"[39m
                          [36m>[39m
                            [0m📄[0m
                          [36m</span>[39m
                          [36m<p>[39m
                            [0mNo active documents found[0m
                          [36m</p>[39m
                        [36m</div>[39m
                      [36m</td>[39m
                    [36m</tr>[39m
                  [36m</tbody>[39m
                [36m</table>[39m
              [36m</div>[39m
            [36m</div>[39m
          [36m</div>[39m
        [36m</main>[39m
      [36m</div>[39m
    [36m</div>[39m
  [36m</div>[39m
[36m</body>[39m
 ❯ Object.getElementError node_modules/@testing-library/dom/dist/config.js:37:19
 ❯ getAllByLabelText node_modules/@testing-library/dom/dist/queries/label-text.js:111:38
 ❯ node_modules/@testing-library/dom/dist/query-helpers.js:52:17
 ❯ node_modules/@testing-library/dom/dist/query-helpers.js:95:19
 ❯ app/app/documents/page.test.tsx:61:30
     59| 
     60|         const file = new File(['dummy'], 'test.pdf', { type: 'applicat…
     61|         const input = screen.getByLabelText('Upload New') as HTMLInput…
       |                              ^
     62|         
     63|         Object.defineProperty(input, 'files', { value: [file] });

⎯⎯⎯⎯⎯⎯⎯⎯⎯⎯⎯⎯⎯⎯⎯⎯⎯⎯⎯⎯⎯⎯⎯[8/18]⎯


 Test Files  6 failed (6)
      Tests  18 failed | 4 passed (22)
   Start at  03:27:34
   Duration  107.07s

 FAIL  Tests failed. Watching for file changes...
       press h to show help, press q to quit
c[3J RERUN  lib/api.ts 

stderr | lib/api.test.ts > API Client > fetchDocuments > should throw error on failure
[next-auth][error][CLIENT_FETCH_ERROR] 
https://next-auth.js.org/errors#client_fetch_error res.json is not a function {
  error: {
    message: [32m'res.json is not a function'[39m,
    stack: [32m'TypeError: res.json is not a function\n'[39m +
      [32m'    at _callee$ (/Users/isak/Downloads/iso-doc-platform/frontend/node_modules/next-auth/client/_utils.js:53:22)\n'[39m +
      [32m'    at /Users/isak/Downloads/iso-doc-platform/frontend/node_modules/@babel/runtime/helpers/regeneratorRuntime.js:52:18\n'[39m +
      [32m'    at Generator.<anonymous> (/Users/isak/Downloads/iso-doc-platform/frontend/node_modules/@babel/runtime/helpers/regenerator.js:52:51)\n'[39m +
      [32m'    at Generator.next (/Users/isak/Downloads/iso-doc-platform/frontend/node_modules/@babel/runtime/helpers/regeneratorDefine.js:11:21)\n'[39m +
      [32m'    at asyncGeneratorStep (/Users/isak/Downloads/iso-doc-platform/frontend/node_modules/@babel/runtime/helpers/asyncToGenerator.js:3:17)\n'[39m +
      [32m'    at _next (/Users/isak/Downloads/iso-doc-platform/frontend/node_modules/@babel/runtime/helpers/asyncToGenerator.js:17:9)\n'[39m +
      [32m'    at processTicksAndRejections (node:internal/process/task_queues:95:5)'[39m,
    name: [32m'TypeError'[39m
  },
  url: [32m'/api/auth/session'[39m,
  message: [32m'res.json is not a function'[39m
}

 ❯ lib/api.test.ts (4 tests | 3 failed) 3001ms
       × should fetch documents successfully 1940ms
       ✓ should throw error on failure  579ms
       × should upload document successfully 258ms
       × should throw error on upload failure 1ms
 ❯ app/app/reports/[id]/page.test.tsx (3 tests | 3 failed) 885ms
     × renders loading state initially 653ms
     × renders report data successfully 192ms
     × renders error state on failure 25ms
 ❯ app/app/gap-analysis/page.test.tsx (2 tests | 2 failed) 1804ms
     × renders and loads standards 1310ms
     × runs gap analysis and displays results 408ms
 ❯ app/app/documents/[id]/page.test.tsx (2 tests | 2 failed) 19ms
     × renders document details and download button 16ms
     × triggers export on button click 1ms
stderr | app/app/documents/page.test.tsx > Documents Page > allows deleting a document
An update to ForwardRef(LinkComponent) inside a test was not wrapped in act(...).

When testing, code that causes React state updates should be wrapped into act(...):

act(() => {
  /* fire events that update state */
});
/* assert on the output */

This ensures that you're testing the behavior the user would see in the browser. Learn more at https://react.dev/link/wrap-tests-with-act

stderr | app/app/documents/page.test.tsx > Documents Page > allows deleting a document
An update to ForwardRef(LinkComponent) inside a test was not wrapped in act(...).

When testing, code that causes React state updates should be wrapped into act(...):

act(() => {
  /* fire events that update state */
});
/* assert on the output */

This ensures that you're testing the behavior the user would see in the browser. Learn more at https://react.dev/link/wrap-tests-with-act

stderr | app/app/documents/page.test.tsx > Documents Page > allows deleting a document
An update to ForwardRef(LinkComponent) inside a test was not wrapped in act(...).

When testing, code that causes React state updates should be wrapped into act(...):

act(() => {
  /* fire events that update state */
});
/* assert on the output */

This ensures that you're testing the behavior the user would see in the browser. Learn more at https://react.dev/link/wrap-tests-with-act

stderr | app/app/documents/page.test.tsx > Documents Page > allows deleting a document
An update to ForwardRef(LinkComponent) inside a test was not wrapped in act(...).

When testing, code that causes React state updates should be wrapped into act(...):

act(() => {
  /* fire events that update state */
});
/* assert on the output */

This ensures that you're testing the behavior the user would see in the browser. Learn more at https://react.dev/link/wrap-tests-with-act

stderr | app/app/documents/page.test.tsx > Documents Page > allows deleting a document
An update to ForwardRef(LinkComponent) inside a test was not wrapped in act(...).

When testing, code that causes React state updates should be wrapped into act(...):

act(() => {
  /* fire events that update state */
});
/* assert on the output */

This ensures that you're testing the behavior the user would see in the browser. Learn more at https://react.dev/link/wrap-tests-with-act

 ❯ app/app/documents/page.test.tsx (4 tests | 2 failed) 11571ms
     × renders document list 8425ms
     × handles file upload 1295ms
     ✓ allows deleting a document  1068ms
     ✓ shows staged documents separately  453ms
 ❯ app/app/dashboard/page.test.tsx (7 tests | 7 failed) 564ms
     × renders documents and standards 219ms
     × renders dashboard widgets 280ms
     × opens analysis modal and runs check 60ms
     × shows staged documents and allows approval 1ms
     × allows rejecting staged documents 1ms
     × shows notifications 1ms
     × shows upload progress 1ms

⎯⎯⎯⎯⎯⎯ Failed Tests 19 ⎯⎯⎯⎯⎯⎯⎯

 FAIL  lib/api.test.ts > API Client > fetchDocuments > should fetch documents successfully
AssertionError: expected "vi.fn()" to be called with arguments: [ StringContaining "/documents" ][90m

Received: 

[1m  1st vi.fn() call:

[22m[2m  [[22m
[32m-   StringContaining "/documents",[90m
[31m+   "/api/auth/session",[90m
[31m+   {[90m
[31m+     "headers": {[90m
[31m+       "Content-Type": "application/json",[90m
[31m+     },[90m
[31m+   },[90m
[2m  ][22m

[1m  2nd vi.fn() call:

[22m[2m  [[22m
[32m-   StringContaining "/documents",[90m
[31m+   "http://localhost:4000/documents",[90m
[31m+   {[90m
[31m+     "headers": {},[90m
[31m+   },[90m
[2m  ][22m
[39m[90m

Number of calls: [1m2[22m
[39m
 ❯ lib/api.test.ts:23:34
     21|             const docs = await fetchDocuments();
     22|             expect(docs).toEqual(mockDocs);
     23|             expect(global.fetch).toHaveBeenCalledWith(expect.stringCon…
       |                                  ^
     24|         });
     25| 

⎯⎯⎯⎯⎯⎯⎯⎯⎯⎯⎯⎯⎯⎯⎯⎯⎯⎯⎯⎯⎯⎯⎯[1/19]⎯

 FAIL  lib/api.test.ts > API Client > uploadDocument > should upload document successfully
TypeError: (0 , __vite_ssr_import_0__.uploadDocument) is not a function
 ❯ lib/api.test.ts:42:19
     40| 
     41|             const file = new File(['content'], 'test.txt', { type: 'te…
     42|             await uploadDocument(file);
       |                   ^
     43| 
     44|             expect(global.fetch).toHaveBeenCalledWith(

⎯⎯⎯⎯⎯⎯⎯⎯⎯⎯⎯⎯⎯⎯⎯⎯⎯⎯⎯⎯⎯⎯⎯[2/19]⎯

 FAIL  lib/api.test.ts > API Client > uploadDocument > should throw error on upload failure
TypeError: (0 , __vite_ssr_import_0__.uploadDocument) is not a function
 ❯ lib/api.test.ts:59:26
     57| 
     58|             const file = new File(['content'], 'test.txt', { type: 'te…
     59|             await expect(uploadDocument(file)).rejects.toThrow('Failed…
       |                          ^
     60|         });
     61|     });

⎯⎯⎯⎯⎯⎯⎯⎯⎯⎯⎯⎯⎯⎯⎯⎯⎯⎯⎯⎯⎯⎯⎯[3/19]⎯

 FAIL  app/app/reports/[id]/page.test.tsx > ComplianceReportPage > renders loading state initially
 FAIL  app/app/reports/[id]/page.test.tsx > ComplianceReportPage > renders report data successfully
 FAIL  app/app/reports/[id]/page.test.tsx > ComplianceReportPage > renders error state on failure
Error: Remember to wrap your app in a `<CopilotKit> {...} </CopilotKit>` !!!
 ❯ useCopilotContext node_modules/@copilotkit/react-core/dist/chunk-EUX2P2E7.mjs:96:11
 ❯ useCopilotReadable node_modules/@copilotkit/react-core/dist/chunk-HDOG2RTM.mjs:18:41
 ❯ ComplianceReportPage app/app/reports/[id]/page.tsx:51:5
     49|     }
     50| 
     51|     useCopilotReadable({
       |     ^
     52|         description: 'Aktiv compliance-rapport med detaljerte resultat…
     53|         value: report,
 ❯ Object.react_stack_bottom_frame node_modules/react-dom/cjs/react-dom-client.development.js:25904:20
 ❯ renderWithHooks node_modules/react-dom/cjs/react-dom-client.development.js:7662:22
 ❯ updateFunctionComponent node_modules/react-dom/cjs/react-dom-client.development.js:10166:19
 ❯ beginWork node_modules/react-dom/cjs/react-dom-client.development.js:11778:18
 ❯ runWithFiberInDEV node_modules/react-dom/cjs/react-dom-client.development.js:874:13
 ❯ performUnitOfWork node_modules/react-dom/cjs/react-dom-client.development.js:17641:22
 ❯ workLoopSync node_modules/react-dom/cjs/react-dom-client.development.js:17469:41

⎯⎯⎯⎯⎯⎯⎯⎯⎯⎯⎯⎯⎯⎯⎯⎯⎯⎯⎯⎯⎯⎯⎯[4/19]⎯

 FAIL  app/app/dashboard/page.test.tsx > Dashboard Page > renders documents and standards
 FAIL  app/app/dashboard/page.test.tsx > Dashboard Page > renders dashboard widgets
 FAIL  app/app/dashboard/page.test.tsx > Dashboard Page > opens analysis modal and runs check
 FAIL  app/app/dashboard/page.test.tsx > Dashboard Page > shows staged documents and allows approval
 FAIL  app/app/dashboard/page.test.tsx > Dashboard Page > allows rejecting staged documents
 FAIL  app/app/dashboard/page.test.tsx > Dashboard Page > shows notifications
 FAIL  app/app/dashboard/page.test.tsx > Dashboard Page > shows upload progress
Error: Remember to wrap your app in a `<CopilotKit> {...} </CopilotKit>` !!!
 ❯ useCopilotContext node_modules/@copilotkit/react-core/dist/chunk-EUX2P2E7.mjs:96:11
 ❯ useCopilotReadable node_modules/@copilotkit/react-core/dist/chunk-HDOG2RTM.mjs:18:41
 ❯ Dashboard app/app/dashboard/page.tsx:51:5
     49|     const [formSavedAt, setFormSavedAt] = useState<Record<string, stri…
     50| 
     51|     useCopilotReadable({
       |     ^
     52|         description: 'Dashboard document lists visible to the user',
     53|         value: {
 ❯ Object.react_stack_bottom_frame node_modules/react-dom/cjs/react-dom-client.development.js:25904:20
 ❯ renderWithHooks node_modules/react-dom/cjs/react-dom-client.development.js:7662:22
 ❯ updateFunctionComponent node_modules/react-dom/cjs/react-dom-client.development.js:10166:19
 ❯ beginWork node_modules/react-dom/cjs/react-dom-client.development.js:11778:18
 ❯ runWithFiberInDEV node_modules/react-dom/cjs/react-dom-client.development.js:874:13
 ❯ performUnitOfWork node_modules/react-dom/cjs/react-dom-client.development.js:17641:22
 ❯ workLoopSync node_modules/react-dom/cjs/react-dom-client.development.js:17469:41

⎯⎯⎯⎯⎯⎯⎯⎯⎯⎯⎯⎯⎯⎯⎯⎯⎯⎯⎯⎯⎯⎯⎯[5/19]⎯

 FAIL  app/app/documents/[id]/page.test.tsx > DocumentView Page > renders document details and download button
 FAIL  app/app/documents/[id]/page.test.tsx > DocumentView Page > triggers export on button click
Error: Remember to wrap your app in a `<CopilotKit> {...} </CopilotKit>` !!!
 ❯ useCopilotContext node_modules/@copilotkit/react-core/dist/chunk-EUX2P2E7.mjs:96:11
 ❯ useCopilotReadable node_modules/@copilotkit/react-core/dist/chunk-HDOG2RTM.mjs:18:41
 ❯ DocumentView app/app/documents/[id]/page.tsx:37:47
 ❯ Object.react_stack_bottom_frame node_modules/react-dom/cjs/react-dom-client.development.js:25904:20
 ❯ renderWithHooks node_modules/react-dom/cjs/react-dom-client.development.js:7662:22
 ❯ updateFunctionComponent node_modules/react-dom/cjs/react-dom-client.development.js:10166:19
 ❯ beginWork node_modules/react-dom/cjs/react-dom-client.development.js:11778:18
 ❯ runWithFiberInDEV node_modules/react-dom/cjs/react-dom-client.development.js:874:13
 ❯ performUnitOfWork node_modules/react-dom/cjs/react-dom-client.development.js:17641:22
 ❯ workLoopSync node_modules/react-dom/cjs/react-dom-client.development.js:17469:41

⎯⎯⎯⎯⎯⎯⎯⎯⎯⎯⎯⎯⎯⎯⎯⎯⎯⎯⎯⎯⎯⎯⎯[6/19]⎯

 FAIL  app/app/gap-analysis/page.test.tsx > GapAnalysisPage > renders and loads standards
 FAIL  app/app/gap-analysis/page.test.tsx > GapAnalysisPage > runs gap analysis and displays results
Error: Remember to wrap your app in a `<CopilotKit> {...} </CopilotKit>` !!!
 ❯ useCopilotContext node_modules/@copilotkit/react-core/dist/chunk-EUX2P2E7.mjs:96:11
 ❯ useCopilotReadable node_modules/@copilotkit/react-core/dist/chunk-HDOG2RTM.mjs:18:41
 ❯ GapAnalysisPage app/app/gap-analysis/page.tsx:13:5
     11|     const [report, setReport] = useState<any>(null);
     12| 
     13|     useCopilotReadable({
       |     ^
     14|         description: 'Available ISO standards for gap analysis',
     15|         value: standards,
 ❯ Object.react_stack_bottom_frame node_modules/react-dom/cjs/react-dom-client.development.js:25904:20
 ❯ renderWithHooks node_modules/react-dom/cjs/react-dom-client.development.js:7662:22
 ❯ updateFunctionComponent node_modules/react-dom/cjs/react-dom-client.development.js:10166:19
 ❯ beginWork node_modules/react-dom/cjs/react-dom-client.development.js:11778:18
 ❯ runWithFiberInDEV node_modules/react-dom/cjs/react-dom-client.development.js:874:13
 ❯ performUnitOfWork node_modules/react-dom/cjs/react-dom-client.development.js:17641:22
 ❯ workLoopSync node_modules/react-dom/cjs/react-dom-client.development.js:17469:41

⎯⎯⎯⎯⎯⎯⎯⎯⎯⎯⎯⎯⎯⎯⎯⎯⎯⎯⎯⎯⎯⎯⎯[7/19]⎯

 FAIL  app/app/documents/page.test.tsx > Documents Page > renders document list
Error: Test timed out in 5000ms.
If this is a long-running test, pass a timeout value as the last argument or configure it globally with "testTimeout".
 ❯ app/app/documents/page.test.tsx:34:5
     32|     });
     33| 
     34|     it('renders document list', async () => {
       |     ^
     35|         const mockDocuments = [
     36|             { id: '1', title: 'Doc 1', status: 'ANALYZED', createdAt: …

⎯⎯⎯⎯⎯⎯⎯⎯⎯⎯⎯⎯⎯⎯⎯⎯⎯⎯⎯⎯⎯⎯⎯[8/19]⎯

 FAIL  app/app/documents/page.test.tsx > Documents Page > handles file upload
TestingLibraryElementError: Unable to find a label with the text of: Upload New

Ignored nodes: comments, script, style
[36m<body>[39m
  [36m<div>[39m
    [36m<div[39m
      [33mclass[39m=[32m"flex min-h-screen bg-gray-50"[39m
    [36m>[39m
      [36m<aside[39m
        [33mclass[39m=[32m"w-64 bg-white border-r border-gray-200 min-h-screen flex flex-col"[39m
      [36m>[39m
        [36m<div[39m
          [33mclass[39m=[32m"p-6 border-b border-gray-100"[39m
        [36m>[39m
          [36m<h1[39m
            [33mclass[39m=[32m"text-2xl font-bold text-blue-600 flex items-center gap-2"[39m
          [36m>[39m
            [36m<span>[39m
              [0m🛡️[0m
            [36m</span>[39m
            [0m ISO Doc[0m
          [36m</h1>[39m
        [36m</div>[39m
        [36m<nav[39m
          [33mclass[39m=[32m"flex-1 p-4 space-y-1"[39m
        [36m>[39m
          [36m<a[39m
            [33mclass[39m=[32m"flex items-center gap-3 px-4 py-3 rounded-lg transition-colors text-gray-600 hover:bg-gray-50 hover:text-gray-900"[39m
            [33mhref[39m=[32m"/app/dashboard"[39m
          [36m>[39m
            [36m<span[39m
              [33mclass[39m=[32m"text-xl"[39m
            [36m>[39m
              [0m📊[0m
            [36m</span>[39m
            [0mDashboard[0m
          [36m</a>[39m
          [36m<a[39m
            [33mclass[39m=[32m"flex items-center gap-3 px-4 py-3 rounded-lg transition-colors bg-blue-50 text-blue-700 font-medium"[39m
            [33mhref[39m=[32m"/app/documents"[39m
          [36m>[39m
            [36m<span[39m
              [33mclass[39m=[32m"text-xl"[39m
            [36m>[39m
              [0m📁[0m
            [36m</span>[39m
            [0mDocuments[0m
          [36m</a>[39m
          [36m<a[39m
            [33mclass[39m=[32m"flex items-center gap-3 px-4 py-3 rounded-lg transition-colors text-gray-600 hover:bg-gray-50 hover:text-gray-900"[39m
            [33mhref[39m=[32m"/app/gap-analysis"[39m
          [36m>[39m
            [36m<span[39m
              [33mclass[39m=[32m"text-xl"[39m
            [36m>[39m
              [0m🔍[0m
            [36m</span>[39m
            [0mGap Analysis[0m
          [36m</a>[39m
          [36m<a[39m
            [33mclass[39m=[32m"flex items-center gap-3 px-4 py-3 rounded-lg transition-colors text-gray-600 hover:bg-gray-50 hover:text-gray-900"[39m
            [33mhref[39m=[32m"/app/reports"[39m
          [36m>[39m
            [36m<span[39m
              [33mclass[39m=[32m"text-xl"[39m
            [36m>[39m
              [0m📋[0m
            [36m</span>[39m
            [0mReports[0m
          [36m</a>[39m
          [36m<a[39m
            [33mclass[39m=[32m"flex items-center gap-3 px-4 py-3 rounded-lg transition-colors text-gray-600 hover:bg-gray-50 hover:text-gray-900"[39m
            [33mhref[39m=[32m"/app/settings"[39m
          [36m>[39m
            [36m<span[39m
              [33mclass[39m=[32m"text-xl"[39m
            [36m>[39m
              [0m⚙️[0m
            [36m</span>[39m
            [0mSettings[0m
          [36m</a>[39m
        [36m</nav>[39m
        [36m<div[39m
          [33mclass[39m=[32m"p-4 border-t border-gray-100"[39m
        [36m>[39m
          [36m<div[39m
            [33mclass[39m=[32m"bg-blue-50 rounded-lg p-4"[39m
          [36m>[39m
            [36m<h4[39m
              [33mclass[39m=[32m"text-sm font-semibold text-blue-800 mb-1"[39m
            [36m>[39m
              [0mPro Plan[0m
            [36m</h4>[39m
            [36m<p[39m
              [33mclass[39m=[32m"text-xs text-blue-600 mb-3"[39m
            [36m>[39m
              [0mGet access to advanced AI features.[0m
            [36m</p>[39m
            [36m<button[39m
              [33mclass[39m=[32m"w-full bg-blue-600 text-white text-xs font-medium py-2 rounded hover:bg-blue-700 transition"[39m
            [36m>[39m
              [0mUpgrade Now[0m
            [36m</button>[39m
          [36m</div>[39m
        [36m</div>[39m
      [36m</aside>[39m
      [36m<div[39m
        [33mclass[39m=[32m"flex-1 flex flex-col"[39m
      [36m>[39m
        [36m<header[39m
          [33mclass[39m=[32m"bg-white border-b border-gray-200 px-8 py-4 flex justify-between items-center sticky top-0 z-10"[39m
        [36m>[39m
          [36m<div>[39m
            [36m<h2[39m
              [33mclass[39m=[32m"text-xl font-semibold text-gray-800"[39m
            [36m>[39m
              [0mDashboard[0m
            [36m</h2>[39m
            [36m<p[39m
              [33mclass[39m=[32m"text-sm text-gray-500"[39m
            [36m>[39m
              [0mWelcome back, User[0m
            [36m</p>[39m
          [36m</div>[39m
          [36m<div[39m
            [33mclass[39m=[32m"w-1/3"[39m
          [36m>[39m
            [36m<div[39m
              [33mclass[39m=[32m"relative w-full max-w-xl"[39m
            [36m>[39m
              [36m<form[39m
                [33mclass[39m=[32m"relative"[39m
              [36m>[39m
                [36m<input[39m
                  [33mclass[39m=[32m"w-full border border-gray-300 rounded-lg py-2 px-4 pl-10 focus:outline-none focus:ring-2 focus:ring-blue-500"[39m
                  [33mplaceholder[39m=[32m"Search documents (e.g. 'password policy')..."[39m
                  [33mtype[39m=[32m"text"[39m
                  [33mvalue[39m=[32m""[39m
                [36m/>[39m
                [36m<div[39m
                  [33mclass[39m=[32m"absolute inset-y-0 left-0 pl-3 flex items-center pointer-events-none"[39m
                [36m>[39m
                  [36m<span[39m
                    [33mclass[39m=[32m"text-gray-400"[39m
                  [36m>[39m
                    [0m🔍[0m
                  [36m</span>[39m
                [36m</div>[39m
                [36m<button[39m
                  [33mclass[39m=[32m"absolute inset-y-0 right-0 px-4 text-white bg-blue-600 rounded-r-lg hover:bg-blue-700 disabled:opacity-50"[39m
                  [33mtype[39m=[32m"submit"[39m
                [36m>[39m
                  [0mSearch[0m
                [36m</button>[39m
              [36m</form>[39m
            [36m</div>[39m
          [36m</div>[39m
          [36m<div[39m
            [33mclass[39m=[32m"flex items-center gap-4"[39m
          [36m>[39m
            [36m<div[39m
              [33mclass[39m=[32m"relative"[39m
            [36m>[39m
              [36m<button[39m
                [33mclass[39m=[32m"p-2 text-gray-400 hover:text-gray-600 relative"[39m
              [36m>[39m
                [0m🔔[0m
              [36m</button>[39m
            [36m</div>[39m
            [36m<div[39m
              [33mclass[39m=[32m"w-8 h-8 bg-blue-100 rounded-full flex items-center justify-center text-blue-600 font-bold"[39m
            [36m>[39m
              [0mU[0m
            [36m</div>[39m
          [36m</div>[39m
        [36m</header>[39m
        [36m<main[39m
          [33mclass[39m=[32m"flex-1 p-8 overflow-y-auto"[39m
        [36m>[39m
          [36m<div[39m
            [33mclass[39m=[32m"max-w-7xl mx-auto space-y-8"[39m
          [36m>[39m
            [36m<div[39m
              [33mclass[39m=[32m"flex justify-between items-center"[39m
            [36m>[39m
              [36m<div>[39m
                [36m<h1[39m
                  [33mclass[39m=[32m"text-2xl font-bold text-gray-900"[39m
                [36m>[39m
                  [0mDocuments[0m
                [36m</h1>[39m
                [36m<p[39m
                  [33mclass[39m=[32m"text-sm text-gray-500"[39m
                [36m>[39m
                  [0mManage all your uploaded files[0m
                [36m</p>[39m
              [36m</div>[39m
              [36m<div[39m
                [33mclass[39m=[32m"relative"[39m
              [36m>[39m
                [36m<input[39m
                  [33mclass[39m=[32m"hidden"[39m
                  [33mid[39m=[32m"file-upload"[39m
                  [33mmultiple[39m=[32m""[39m
                  [33mtype[39m=[32m"file"[39m
                [36m/>[39m
                [36m<label[39m
                  [33mclass[39m=[32m"flex items-center gap-2 bg-blue-600 text-white px-4 py-2 rounded-lg hover:bg-blue-700 transition cursor-pointer shadow-sm "[39m
                  [33mfor[39m=[32m"file-upload"[39m
                [36m>[39m
                  [36m<span>[39m
                    [0m☁️[0m
                  [36m</span>[39m
                  [0mUpload New[0m
                [36m</label>[39m
              [36m</div>[39m
            [36m</div>[39m
            [36m<div[39m
              [33mclass[39m=[32m"bg-white rounded-xl shadow-sm border border-gray-100 overflow-hidden"[39m
            [36m>[39m
              [36m<div[39m
                [33mclass[39m=[32m"overflow-x-auto"[39m
              [36m>[39m
                [36m<table[39m
                  [33mclass[39m=[32m"min-w-full divide-y divide-gray-200"[39m
                [36m>[39m
                  [36m<thead[39m
                    [33mclass[39m=[32m"bg-gray-50"[39m
                  [36m>[39m
                    [36m<tr>[39m
                      [36m<th[39m
                        [33mclass[39m=[32m"px-6 py-3 text-left text-xs font-medium text-gray-500 uppercase tracking-wider"[39m
                      [36m>[39m
                        [0mDocument[0m
                      [36m</th>[39m
                      [36m<th[39m
                        [33mclass[39m=[32m"px-6 py-3 text-left text-xs font-medium text-gray-500 uppercase tracking-wider"[39m
                      [36m>[39m
                        [0mStatus[0m
                      [36m</th>[39m
                      [36m<th[39m
                        [33mclass[39m=[32m"px-6 py-3 text-left text-xs font-medium text-gray-500 uppercase tracking-wider"[39m
                      [36m>[39m
                        [0mDate[0m
                      [36m</th>[39m
                      [36m<th[39m
                        [33mclass[39m=[32m"px-6 py-3 text-right text-xs font-medium text-gray-500 uppercase tracking-wider"[39m
                      [36m>[39m
                        [0mActions[0m
                      [36m</th>[39m
                    [36m</tr>[39m
                  [36m</thead>[39m
                  [36m<tbody[39m
                    [33mclass[39m=[32m"bg-white divide-y divide-gray-200"[39m
                  [36m>[39m
                    [36m<tr>[39m
                      [36m<td[39m
                        [33mclass[39m=[32m"px-6 py-12 text-center text-gray-500"[39m
                        [33mcolspan[39m=[32m"4"[39m
                      [36m>[39m
                        [36m<div[39m
                          [33mclass[39m=[32m"flex flex-col items-center gap-2"[39m
                        [36m>[39m
                          [36m<span[39m
                            [33mclass[39m=[32m"text-4xl"[39m
                          [36m>[39m
                            [0m📄[0m
                          [36m</span>[39m
                          [36m<p>[39m
                            [0mNo active documents found[0m
                          [36m</p>[39m
                        [36m</div>[39m
                      [36m</td>[39m
                    [36m</tr>[39m
                  [36m</tbody>[39m
                [36m</table>[39m
              [36m</div>[39m
            [36m</div>[39m
          [36m</div>[39m
        [36m</main>[39m
      [36m</div>[39m
    [36m</div>[39m
  [36m</div>[39m
[36m</body>[39m
 ❯ Object.getElementError node_modules/@testing-library/dom/dist/config.js:37:19
 ❯ getAllByLabelText node_modules/@testing-library/dom/dist/queries/label-text.js:111:38
 ❯ node_modules/@testing-library/dom/dist/query-helpers.js:52:17
 ❯ node_modules/@testing-library/dom/dist/query-helpers.js:95:19
 ❯ app/app/documents/page.test.tsx:61:30
     59| 
     60|         const file = new File(['dummy'], 'test.pdf', { type: 'applicat…
     61|         const input = screen.getByLabelText('Upload New') as HTMLInput…
       |                              ^
     62|         
     63|         Object.defineProperty(input, 'files', { value: [file] });

⎯⎯⎯⎯⎯⎯⎯⎯⎯⎯⎯⎯⎯⎯⎯⎯⎯⎯⎯⎯⎯⎯⎯[9/19]⎯


 Test Files  6 failed (6)
      Tests  19 failed | 3 passed (22)
   Start at  03:28:16
   Duration  250.85s

 FAIL  Tests failed. Watching for file changes...
       press h to show help, press q to quit
c[3J RERUN  app/app/documents/[id]/page.tsx 

 ❯ lib/api.test.ts (4 tests | 3 failed) 3001ms
       × should fetch documents successfully 1940ms
       ✓ should throw error on failure  579ms
       × should upload document successfully 258ms
       × should throw error on upload failure 1ms
 ❯ app/app/reports/[id]/page.test.tsx (3 tests | 3 failed) 885ms
     × renders loading state initially 653ms
     × renders report data successfully 192ms
     × renders error state on failure 25ms
 ❯ app/app/gap-analysis/page.test.tsx (2 tests | 2 failed) 1804ms
     × renders and loads standards 1310ms
     × runs gap analysis and displays results 408ms
 ❯ app/app/documents/page.test.tsx (4 tests | 2 failed) 11571ms
     × renders document list 8425ms
     × handles file upload 1295ms
     ✓ allows deleting a document  1068ms
     ✓ shows staged documents separately  453ms
 ❯ app/app/documents/[id]/page.test.tsx (2 tests | 2 failed) 325ms
     × renders document details and download button 36ms
     × triggers export on button click 2ms
 ❯ app/app/dashboard/page.test.tsx (7 tests | 7 failed) 163ms
     × renders documents and standards 92ms
     × renders dashboard widgets 3ms
     × opens analysis modal and runs check 4ms
     × shows staged documents and allows approval 1ms
     × allows rejecting staged documents 1ms
     × shows notifications 56ms
     × shows upload progress 4ms

⎯⎯⎯⎯⎯⎯⎯ Failed Tests 9 ⎯⎯⎯⎯⎯⎯⎯

 FAIL  app/app/dashboard/page.test.tsx > Dashboard Page > renders documents and standards
 FAIL  app/app/dashboard/page.test.tsx > Dashboard Page > renders dashboard widgets
 FAIL  app/app/dashboard/page.test.tsx > Dashboard Page > opens analysis modal and runs check
 FAIL  app/app/dashboard/page.test.tsx > Dashboard Page > shows staged documents and allows approval
 FAIL  app/app/dashboard/page.test.tsx > Dashboard Page > allows rejecting staged documents
 FAIL  app/app/dashboard/page.test.tsx > Dashboard Page > shows notifications
 FAIL  app/app/dashboard/page.test.tsx > Dashboard Page > shows upload progress
Error: Remember to wrap your app in a `<CopilotKit> {...} </CopilotKit>` !!!
 ❯ useCopilotContext node_modules/@copilotkit/react-core/dist/chunk-EUX2P2E7.mjs:96:11
 ❯ useCopilotReadable node_modules/@copilotkit/react-core/dist/chunk-HDOG2RTM.mjs:18:41
 ❯ Dashboard app/app/dashboard/page.tsx:51:5
     49|     const [formSavedAt, setFormSavedAt] = useState<Record<string, stri…
     50| 
     51|     useCopilotReadable({
       |     ^
     52|         description: 'Dashboard document lists visible to the user',
     53|         value: {
 ❯ Object.react_stack_bottom_frame node_modules/react-dom/cjs/react-dom-client.development.js:25904:20
 ❯ renderWithHooks node_modules/react-dom/cjs/react-dom-client.development.js:7662:22
 ❯ updateFunctionComponent node_modules/react-dom/cjs/react-dom-client.development.js:10166:19
 ❯ beginWork node_modules/react-dom/cjs/react-dom-client.development.js:11778:18
 ❯ runWithFiberInDEV node_modules/react-dom/cjs/react-dom-client.development.js:874:13
 ❯ performUnitOfWork node_modules/react-dom/cjs/react-dom-client.development.js:17641:22
 ❯ workLoopSync node_modules/react-dom/cjs/react-dom-client.development.js:17469:41

⎯⎯⎯⎯⎯⎯⎯⎯⎯⎯⎯⎯⎯⎯⎯⎯⎯⎯⎯⎯⎯⎯⎯⎯[1/9]⎯

 FAIL  app/app/documents/[id]/page.test.tsx > DocumentView Page > renders document details and download button
 FAIL  app/app/documents/[id]/page.test.tsx > DocumentView Page > triggers export on button click
Error: Remember to wrap your app in a `<CopilotKit> {...} </CopilotKit>` !!!
 ❯ useCopilotContext node_modules/@copilotkit/react-core/dist/chunk-EUX2P2E7.mjs:96:11
 ❯ useCopilotReadable node_modules/@copilotkit/react-core/dist/chunk-HDOG2RTM.mjs:18:41
 ❯ DocumentView app/app/documents/[id]/page.tsx:51:5
     49|     const [formSavedAt, setFormSavedAt] = useState<string | null>(null…
     50| 
     51|     useCopilotReadable({
       |     ^
     52|         description: 'Document metadata',
     53|         value: document,
 ❯ Object.react_stack_bottom_frame node_modules/react-dom/cjs/react-dom-client.development.js:25904:20
 ❯ renderWithHooks node_modules/react-dom/cjs/react-dom-client.development.js:7662:22
 ❯ updateFunctionComponent node_modules/react-dom/cjs/react-dom-client.development.js:10166:19
 ❯ beginWork node_modules/react-dom/cjs/react-dom-client.development.js:11778:18
 ❯ runWithFiberInDEV node_modules/react-dom/cjs/react-dom-client.development.js:874:13
 ❯ performUnitOfWork node_modules/react-dom/cjs/react-dom-client.development.js:17641:22
 ❯ workLoopSync node_modules/react-dom/cjs/react-dom-client.development.js:17469:41

⎯⎯⎯⎯⎯⎯⎯⎯⎯⎯⎯⎯⎯⎯⎯⎯⎯⎯⎯⎯⎯⎯⎯⎯[2/9]⎯


 Test Files  6 failed (6)
      Tests  19 failed | 3 passed (22)
   Start at  03:29:31
   Duration  25.80s

 FAIL  Tests failed. Watching for file changes...
       press h to show help, press q to quit
c[3J RERUN  app/app/documents/page.test.tsx x5 

 ❯ app/app/dashboard/page.test.tsx (7 tests | 7 failed) 163ms
     × renders documents and standards 92ms
     × renders dashboard widgets 3ms
     × opens analysis modal and runs check 4ms
     × shows staged documents and allows approval 1ms
     × allows rejecting staged documents 1ms
     × shows notifications 56ms
     × shows upload progress 4ms
 ❯ lib/api.test.ts (4 tests | 3 failed) 3001ms
       × should fetch documents successfully 1940ms
       ✓ should throw error on failure  579ms
       × should upload document successfully 258ms
       × should throw error on upload failure 1ms
 ❯ app/app/reports/[id]/page.test.tsx (3 tests | 3 failed) 885ms
     × renders loading state initially 653ms
     × renders report data successfully 192ms
     × renders error state on failure 25ms
 ❯ app/app/documents/[id]/page.test.tsx (2 tests | 2 failed) 325ms
     × renders document details and download button 36ms
     × triggers export on button click 2ms
 ❯ app/app/gap-analysis/page.test.tsx (2 tests | 2 failed) 1804ms
     × renders and loads standards 1310ms
     × runs gap analysis and displays results 408ms
 ❯ app/app/documents/page.test.tsx (4 tests | 4 failed) 33ms
     × renders document list 22ms
     × handles file upload 4ms
     × allows deleting a document 3ms
     × shows staged documents separately 3ms

⎯⎯⎯⎯⎯⎯⎯ Failed Tests 4 ⎯⎯⎯⎯⎯⎯⎯

 FAIL  app/app/documents/page.test.tsx > Documents Page > renders document list
 FAIL  app/app/documents/page.test.tsx > Documents Page > handles file upload
 FAIL  app/app/documents/page.test.tsx > Documents Page > allows deleting a document
 FAIL  app/app/documents/page.test.tsx > Documents Page > shows staged documents separately
ConfigurationError: Missing required prop: 'runtimeUrl' or 'publicApiKey' or 'publicLicenseKey'
 ❯ new CopilotKitError node_modules/@copilotkit/shared/dist/chunk-XLQ2EIPH.mjs:170:5
 ❯ new ConfigurationError node_modules/@copilotkit/shared/dist/chunk-XLQ2EIPH.mjs:315:5
 ❯ validateProps node_modules/@copilotkit/react-core/dist/chunk-CI4KD357.mjs:651:11
 ❯ CopilotKitInternal node_modules/@copilotkit/react-core/dist/chunk-CI4KD357.mjs:207:3
 ❯ Object.react_stack_bottom_frame node_modules/react-dom/cjs/react-dom-client.development.js:25904:20
 ❯ renderWithHooks node_modules/react-dom/cjs/react-dom-client.development.js:7662:22
 ❯ updateFunctionComponent node_modules/react-dom/cjs/react-dom-client.development.js:10166:19
 ❯ beginWork node_modules/react-dom/cjs/react-dom-client.development.js:11778:18
 ❯ runWithFiberInDEV node_modules/react-dom/cjs/react-dom-client.development.js:874:13
 ❯ performUnitOfWork node_modules/react-dom/cjs/react-dom-client.development.js:17641:22

⎯⎯⎯⎯⎯⎯⎯⎯⎯⎯⎯⎯⎯⎯⎯⎯⎯⎯⎯⎯⎯⎯⎯⎯[1/4]⎯


 Test Files  6 failed (6)
      Tests  21 failed | 1 passed (22)
   Start at  03:30:20
   Duration  3.75s

 FAIL  Tests failed. Watching for file changes...
       press h to show help, press q to quit
c[3J RERUN  app/components/Sidebar.tsx 

 ❯ lib/api.test.ts (4 tests | 3 failed) 3001ms
       × should fetch documents successfully 1940ms
       ✓ should throw error on failure  579ms
       × should upload document successfully 258ms
       × should throw error on upload failure 1ms
 ❯ app/app/reports/[id]/page.test.tsx (3 tests | 3 failed) 885ms
     × renders loading state initially 653ms
     × renders report data successfully 192ms
     × renders error state on failure 25ms
 ❯ app/app/documents/[id]/page.test.tsx (2 tests | 2 failed) 325ms
     × renders document details and download button 36ms
     × triggers export on button click 2ms
 ❯ app/app/gap-analysis/page.test.tsx (2 tests | 2 failed) 1804ms
     × renders and loads standards 1310ms
     × runs gap analysis and displays results 408ms
 ❯ app/app/documents/page.test.tsx (4 tests | 4 failed) 261ms
     × renders document list 132ms
     × handles file upload 3ms
     × allows deleting a document 113ms
     × shows staged documents separately 11ms
 ❯ app/app/dashboard/page.test.tsx (7 tests | 7 failed) 38ms
     × renders documents and standards 27ms
     × renders dashboard widgets 3ms
     × opens analysis modal and runs check 2ms
     × shows staged documents and allows approval 1ms
     × allows rejecting staged documents 2ms
     × shows notifications 2ms
     × shows upload progress 1ms

⎯⎯⎯⎯⎯⎯ Failed Tests 11 ⎯⎯⎯⎯⎯⎯⎯

 FAIL  app/app/dashboard/page.test.tsx > Dashboard Page > renders documents and standards
 FAIL  app/app/dashboard/page.test.tsx > Dashboard Page > renders dashboard widgets
 FAIL  app/app/dashboard/page.test.tsx > Dashboard Page > opens analysis modal and runs check
 FAIL  app/app/dashboard/page.test.tsx > Dashboard Page > shows staged documents and allows approval
 FAIL  app/app/dashboard/page.test.tsx > Dashboard Page > allows rejecting staged documents
 FAIL  app/app/dashboard/page.test.tsx > Dashboard Page > shows notifications
 FAIL  app/app/dashboard/page.test.tsx > Dashboard Page > shows upload progress
Error: Remember to wrap your app in a `<CopilotKit> {...} </CopilotKit>` !!!
 ❯ useCopilotContext node_modules/@copilotkit/react-core/dist/chunk-EUX2P2E7.mjs:96:11
 ❯ useCopilotReadable node_modules/@copilotkit/react-core/dist/chunk-HDOG2RTM.mjs:18:41
 ❯ Dashboard app/app/dashboard/page.tsx:51:5
     49|     const [formSavedAt, setFormSavedAt] = useState<Record<string, stri…
     50| 
     51|     useCopilotReadable({
       |     ^
     52|         description: 'Dashboard document lists visible to the user',
     53|         value: {
 ❯ Object.react_stack_bottom_frame node_modules/react-dom/cjs/react-dom-client.development.js:25904:20
 ❯ renderWithHooks node_modules/react-dom/cjs/react-dom-client.development.js:7662:22
 ❯ updateFunctionComponent node_modules/react-dom/cjs/react-dom-client.development.js:10166:19
 ❯ beginWork node_modules/react-dom/cjs/react-dom-client.development.js:11778:18
 ❯ runWithFiberInDEV node_modules/react-dom/cjs/react-dom-client.development.js:874:13
 ❯ performUnitOfWork node_modules/react-dom/cjs/react-dom-client.development.js:17641:22
 ❯ workLoopSync node_modules/react-dom/cjs/react-dom-client.development.js:17469:41

⎯⎯⎯⎯⎯⎯⎯⎯⎯⎯⎯⎯⎯⎯⎯⎯⎯⎯⎯⎯⎯⎯⎯[1/11]⎯

 FAIL  app/app/documents/page.test.tsx > Documents Page > renders document list
 FAIL  app/app/documents/page.test.tsx > Documents Page > handles file upload
 FAIL  app/app/documents/page.test.tsx > Documents Page > allows deleting a document
 FAIL  app/app/documents/page.test.tsx > Documents Page > shows staged documents separately
ConfigurationError: Missing required prop: 'runtimeUrl' or 'publicApiKey' or 'publicLicenseKey'
 ❯ new CopilotKitError node_modules/@copilotkit/shared/dist/chunk-XLQ2EIPH.mjs:170:5
 ❯ new ConfigurationError node_modules/@copilotkit/shared/dist/chunk-XLQ2EIPH.mjs:315:5
 ❯ validateProps node_modules/@copilotkit/react-core/dist/chunk-CI4KD357.mjs:651:11
 ❯ CopilotKitInternal node_modules/@copilotkit/react-core/dist/chunk-CI4KD357.mjs:207:3
 ❯ Object.react_stack_bottom_frame node_modules/react-dom/cjs/react-dom-client.development.js:25904:20
 ❯ renderWithHooks node_modules/react-dom/cjs/react-dom-client.development.js:7662:22
 ❯ updateFunctionComponent node_modules/react-dom/cjs/react-dom-client.development.js:10166:19
 ❯ beginWork node_modules/react-dom/cjs/react-dom-client.development.js:11778:18
 ❯ runWithFiberInDEV node_modules/react-dom/cjs/react-dom-client.development.js:874:13
 ❯ performUnitOfWork node_modules/react-dom/cjs/react-dom-client.development.js:17641:22

⎯⎯⎯⎯⎯⎯⎯⎯⎯⎯⎯⎯⎯⎯⎯⎯⎯⎯⎯⎯⎯⎯⎯[2/11]⎯


 Test Files  6 failed (6)
      Tests  21 failed | 1 passed (22)
   Start at  03:57:44
   Duration  11.36s

 FAIL  Tests failed. Watching for file changes...
       press h to show help, press q to quit
c[3J RERUN  lib/api.ts 

stderr | lib/api.test.ts > API Client > fetchDocuments > should throw error on failure
[next-auth][error][CLIENT_FETCH_ERROR] 
https://next-auth.js.org/errors#client_fetch_error res.json is not a function {
  error: {
    message: [32m'res.json is not a function'[39m,
    stack: [32m'TypeError: res.json is not a function\n'[39m +
      [32m'    at _callee$ (/Users/isak/Downloads/iso-doc-platform/frontend/node_modules/next-auth/client/_utils.js:53:22)\n'[39m +
      [32m'    at /Users/isak/Downloads/iso-doc-platform/frontend/node_modules/@babel/runtime/helpers/regeneratorRuntime.js:52:18\n'[39m +
      [32m'    at Generator.<anonymous> (/Users/isak/Downloads/iso-doc-platform/frontend/node_modules/@babel/runtime/helpers/regenerator.js:52:51)\n'[39m +
      [32m'    at Generator.next (/Users/isak/Downloads/iso-doc-platform/frontend/node_modules/@babel/runtime/helpers/regeneratorDefine.js:11:21)\n'[39m +
      [32m'    at asyncGeneratorStep (/Users/isak/Downloads/iso-doc-platform/frontend/node_modules/@babel/runtime/helpers/asyncToGenerator.js:3:17)\n'[39m +
      [32m'    at _next (/Users/isak/Downloads/iso-doc-platform/frontend/node_modules/@babel/runtime/helpers/asyncToGenerator.js:17:9)\n'[39m +
      [32m'    at processTicksAndRejections (node:internal/process/task_queues:95:5)'[39m,
    name: [32m'TypeError'[39m
  },
  url: [32m'/api/auth/session'[39m,
  message: [32m'res.json is not a function'[39m
}

 ❯ lib/api.test.ts (4 tests | 3 failed) 1366ms
       × should fetch documents successfully 478ms
       ✓ should throw error on failure  760ms
       × should upload document successfully 61ms
       × should throw error on upload failure 23ms
 ❯ app/app/gap-analysis/page.test.tsx (2 tests | 2 failed) 1412ms
     × renders and loads standards 1311ms
     × runs gap analysis and displays results 91ms
 ❯ app/app/reports/[id]/page.test.tsx (3 tests | 3 failed) 2058ms
     × renders loading state initially 1041ms
     × renders report data successfully 112ms
     × renders error state on failure 711ms
 ❯ app/app/documents/page.test.tsx (4 tests | 4 failed) 78ms
     × renders document list 63ms
     × handles file upload 6ms
     × allows deleting a document 2ms
     × shows staged documents separately 4ms
 ❯ app/app/documents/[id]/page.test.tsx (2 tests | 2 failed) 451ms
     × renders document details and download button 447ms
     × triggers export on button click 2ms
 ❯ app/app/dashboard/page.test.tsx (7 tests | 7 failed) 305ms
     × renders documents and standards 289ms
     × renders dashboard widgets 3ms
     × opens analysis modal and runs check 2ms
     × shows staged documents and allows approval 1ms
     × allows rejecting staged documents 3ms
     × shows notifications 1ms
     × shows upload progress 1ms

⎯⎯⎯⎯⎯⎯ Failed Tests 21 ⎯⎯⎯⎯⎯⎯⎯

 FAIL  lib/api.test.ts > API Client > fetchDocuments > should fetch documents successfully
AssertionError: expected "vi.fn()" to be called with arguments: [ StringContaining "/documents" ][90m

Received: 

[1m  1st vi.fn() call:

[22m[2m  [[22m
[32m-   StringContaining "/documents",[90m
[31m+   "/api/auth/session",[90m
[31m+   {[90m
[31m+     "headers": {[90m
[31m+       "Content-Type": "application/json",[90m
[31m+     },[90m
[31m+   },[90m
[2m  ][22m

[1m  2nd vi.fn() call:

[22m[2m  [[22m
[32m-   StringContaining "/documents",[90m
[31m+   "http://localhost:4000/documents",[90m
[31m+   {[90m
[31m+     "headers": {},[90m
[31m+   },[90m
[2m  ][22m
[39m[90m

Number of calls: [1m2[22m
[39m
 ❯ lib/api.test.ts:23:34
     21|             const docs = await fetchDocuments();
     22|             expect(docs).toEqual(mockDocs);
     23|             expect(global.fetch).toHaveBeenCalledWith(expect.stringCon…
       |                                  ^
     24|         });
     25| 

⎯⎯⎯⎯⎯⎯⎯⎯⎯⎯⎯⎯⎯⎯⎯⎯⎯⎯⎯⎯⎯⎯⎯[1/21]⎯

 FAIL  lib/api.test.ts > API Client > uploadDocument > should upload document successfully
TypeError: (0 , __vite_ssr_import_0__.uploadDocument) is not a function
 ❯ lib/api.test.ts:42:19
     40| 
     41|             const file = new File(['content'], 'test.txt', { type: 'te…
     42|             await uploadDocument(file);
       |                   ^
     43| 
     44|             expect(global.fetch).toHaveBeenCalledWith(

⎯⎯⎯⎯⎯⎯⎯⎯⎯⎯⎯⎯⎯⎯⎯⎯⎯⎯⎯⎯⎯⎯⎯[2/21]⎯

 FAIL  lib/api.test.ts > API Client > uploadDocument > should throw error on upload failure
TypeError: (0 , __vite_ssr_import_0__.uploadDocument) is not a function
 ❯ lib/api.test.ts:59:26
     57| 
     58|             const file = new File(['content'], 'test.txt', { type: 'te…
     59|             await expect(uploadDocument(file)).rejects.toThrow('Failed…
       |                          ^
     60|         });
     61|     });

⎯⎯⎯⎯⎯⎯⎯⎯⎯⎯⎯⎯⎯⎯⎯⎯⎯⎯⎯⎯⎯⎯⎯[3/21]⎯

 FAIL  app/app/reports/[id]/page.test.tsx > ComplianceReportPage > renders loading state initially
 FAIL  app/app/reports/[id]/page.test.tsx > ComplianceReportPage > renders report data successfully
 FAIL  app/app/reports/[id]/page.test.tsx > ComplianceReportPage > renders error state on failure
Error: Remember to wrap your app in a `<CopilotKit> {...} </CopilotKit>` !!!
 ❯ useCopilotContext node_modules/@copilotkit/react-core/dist/chunk-EUX2P2E7.mjs:96:11
 ❯ useCopilotReadable node_modules/@copilotkit/react-core/dist/chunk-HDOG2RTM.mjs:18:41
 ❯ ComplianceReportPage app/app/reports/[id]/page.tsx:51:5
     49|     }
     50| 
     51|     useCopilotReadable({
       |     ^
     52|         description: 'Aktiv compliance-rapport med detaljerte resultat…
     53|         value: report,
 ❯ Object.react_stack_bottom_frame node_modules/react-dom/cjs/react-dom-client.development.js:25904:20
 ❯ renderWithHooks node_modules/react-dom/cjs/react-dom-client.development.js:7662:22
 ❯ updateFunctionComponent node_modules/react-dom/cjs/react-dom-client.development.js:10166:19
 ❯ beginWork node_modules/react-dom/cjs/react-dom-client.development.js:11778:18
 ❯ runWithFiberInDEV node_modules/react-dom/cjs/react-dom-client.development.js:874:13
 ❯ performUnitOfWork node_modules/react-dom/cjs/react-dom-client.development.js:17641:22
 ❯ workLoopSync node_modules/react-dom/cjs/react-dom-client.development.js:17469:41

⎯⎯⎯⎯⎯⎯⎯⎯⎯⎯⎯⎯⎯⎯⎯⎯⎯⎯⎯⎯⎯⎯⎯[4/21]⎯

 FAIL  app/app/dashboard/page.test.tsx > Dashboard Page > renders documents and standards
 FAIL  app/app/dashboard/page.test.tsx > Dashboard Page > renders dashboard widgets
 FAIL  app/app/dashboard/page.test.tsx > Dashboard Page > opens analysis modal and runs check
 FAIL  app/app/dashboard/page.test.tsx > Dashboard Page > shows staged documents and allows approval
 FAIL  app/app/dashboard/page.test.tsx > Dashboard Page > allows rejecting staged documents
 FAIL  app/app/dashboard/page.test.tsx > Dashboard Page > shows notifications
 FAIL  app/app/dashboard/page.test.tsx > Dashboard Page > shows upload progress
Error: Remember to wrap your app in a `<CopilotKit> {...} </CopilotKit>` !!!
 ❯ useCopilotContext node_modules/@copilotkit/react-core/dist/chunk-EUX2P2E7.mjs:96:11
 ❯ useCopilotReadable node_modules/@copilotkit/react-core/dist/chunk-HDOG2RTM.mjs:18:41
 ❯ Dashboard app/app/dashboard/page.tsx:51:5
     49|     const [formSavedAt, setFormSavedAt] = useState<Record<string, stri…
     50| 
     51|     useCopilotReadable({
       |     ^
     52|         description: 'Dashboard document lists visible to the user',
     53|         value: {
 ❯ Object.react_stack_bottom_frame node_modules/react-dom/cjs/react-dom-client.development.js:25904:20
 ❯ renderWithHooks node_modules/react-dom/cjs/react-dom-client.development.js:7662:22
 ❯ updateFunctionComponent node_modules/react-dom/cjs/react-dom-client.development.js:10166:19
 ❯ beginWork node_modules/react-dom/cjs/react-dom-client.development.js:11778:18
 ❯ runWithFiberInDEV node_modules/react-dom/cjs/react-dom-client.development.js:874:13
 ❯ performUnitOfWork node_modules/react-dom/cjs/react-dom-client.development.js:17641:22
 ❯ workLoopSync node_modules/react-dom/cjs/react-dom-client.development.js:17469:41

⎯⎯⎯⎯⎯⎯⎯⎯⎯⎯⎯⎯⎯⎯⎯⎯⎯⎯⎯⎯⎯⎯⎯[5/21]⎯

 FAIL  app/app/documents/[id]/page.test.tsx > DocumentView Page > renders document details and download button
 FAIL  app/app/documents/[id]/page.test.tsx > DocumentView Page > triggers export on button click
Error: Remember to wrap your app in a `<CopilotKit> {...} </CopilotKit>` !!!
 ❯ useCopilotContext node_modules/@copilotkit/react-core/dist/chunk-EUX2P2E7.mjs:96:11
 ❯ useCopilotReadable node_modules/@copilotkit/react-core/dist/chunk-HDOG2RTM.mjs:18:41
 ❯ DocumentView app/app/documents/[id]/page.tsx:51:5
     49|     const [formSavedAt, setFormSavedAt] = useState<string | null>(null…
     50| 
     51|     useCopilotReadable({
       |     ^
     52|         description: 'Document metadata',
     53|         value: document,
 ❯ Object.react_stack_bottom_frame node_modules/react-dom/cjs/react-dom-client.development.js:25904:20
 ❯ renderWithHooks node_modules/react-dom/cjs/react-dom-client.development.js:7662:22
 ❯ updateFunctionComponent node_modules/react-dom/cjs/react-dom-client.development.js:10166:19
 ❯ beginWork node_modules/react-dom/cjs/react-dom-client.development.js:11778:18
 ❯ runWithFiberInDEV node_modules/react-dom/cjs/react-dom-client.development.js:874:13
 ❯ performUnitOfWork node_modules/react-dom/cjs/react-dom-client.development.js:17641:22
 ❯ workLoopSync node_modules/react-dom/cjs/react-dom-client.development.js:17469:41

⎯⎯⎯⎯⎯⎯⎯⎯⎯⎯⎯⎯⎯⎯⎯⎯⎯⎯⎯⎯⎯⎯⎯[6/21]⎯

 FAIL  app/app/gap-analysis/page.test.tsx > GapAnalysisPage > renders and loads standards
 FAIL  app/app/gap-analysis/page.test.tsx > GapAnalysisPage > runs gap analysis and displays results
Error: Remember to wrap your app in a `<CopilotKit> {...} </CopilotKit>` !!!
 ❯ useCopilotContext node_modules/@copilotkit/react-core/dist/chunk-EUX2P2E7.mjs:96:11
 ❯ useCopilotReadable node_modules/@copilotkit/react-core/dist/chunk-HDOG2RTM.mjs:18:41
 ❯ GapAnalysisPage app/app/gap-analysis/page.tsx:13:5
     11|     const [report, setReport] = useState<any>(null);
     12| 
     13|     useCopilotReadable({
       |     ^
     14|         description: 'Available ISO standards for gap analysis',
     15|         value: standards,
 ❯ Object.react_stack_bottom_frame node_modules/react-dom/cjs/react-dom-client.development.js:25904:20
 ❯ renderWithHooks node_modules/react-dom/cjs/react-dom-client.development.js:7662:22
 ❯ updateFunctionComponent node_modules/react-dom/cjs/react-dom-client.development.js:10166:19
 ❯ beginWork node_modules/react-dom/cjs/react-dom-client.development.js:11778:18
 ❯ runWithFiberInDEV node_modules/react-dom/cjs/react-dom-client.development.js:874:13
 ❯ performUnitOfWork node_modules/react-dom/cjs/react-dom-client.development.js:17641:22
 ❯ workLoopSync node_modules/react-dom/cjs/react-dom-client.development.js:17469:41

⎯⎯⎯⎯⎯⎯⎯⎯⎯⎯⎯⎯⎯⎯⎯⎯⎯⎯⎯⎯⎯⎯⎯[7/21]⎯

 FAIL  app/app/documents/page.test.tsx > Documents Page > renders document list
 FAIL  app/app/documents/page.test.tsx > Documents Page > handles file upload
 FAIL  app/app/documents/page.test.tsx > Documents Page > allows deleting a document
 FAIL  app/app/documents/page.test.tsx > Documents Page > shows staged documents separately
ConfigurationError: Missing required prop: 'runtimeUrl' or 'publicApiKey' or 'publicLicenseKey'
 ❯ new CopilotKitError node_modules/@copilotkit/shared/dist/chunk-XLQ2EIPH.mjs:170:5
 ❯ new ConfigurationError node_modules/@copilotkit/shared/dist/chunk-XLQ2EIPH.mjs:315:5
 ❯ validateProps node_modules/@copilotkit/react-core/dist/chunk-CI4KD357.mjs:651:11
 ❯ CopilotKitInternal node_modules/@copilotkit/react-core/dist/chunk-CI4KD357.mjs:207:3
 ❯ Object.react_stack_bottom_frame node_modules/react-dom/cjs/react-dom-client.development.js:25904:20
 ❯ renderWithHooks node_modules/react-dom/cjs/react-dom-client.development.js:7662:22
 ❯ updateFunctionComponent node_modules/react-dom/cjs/react-dom-client.development.js:10166:19
 ❯ beginWork node_modules/react-dom/cjs/react-dom-client.development.js:11778:18
 ❯ runWithFiberInDEV node_modules/react-dom/cjs/react-dom-client.development.js:874:13
 ❯ performUnitOfWork node_modules/react-dom/cjs/react-dom-client.development.js:17641:22

⎯⎯⎯⎯⎯⎯⎯⎯⎯⎯⎯⎯⎯⎯⎯⎯⎯⎯⎯⎯⎯⎯⎯[8/21]⎯


 Test Files  6 failed (6)
      Tests  21 failed | 1 passed (22)
   Start at  04:18:17
   Duration  204.48s

 FAIL  Tests failed. Watching for file changes...
       press h to show help, press q to quit
c[3J RERUN  app/app/gap-analysis/page.tsx x25 

 ❯ app/app/dashboard/page.test.tsx (7 tests | 7 failed) 305ms
     × renders documents and standards 289ms
     × renders dashboard widgets 3ms
     × opens analysis modal and runs check 2ms
     × shows staged documents and allows approval 1ms
     × allows rejecting staged documents 3ms
     × shows notifications 1ms
     × shows upload progress 1ms
 ❯ lib/api.test.ts (4 tests | 3 failed) 1366ms
       × should fetch documents successfully 478ms
       ✓ should throw error on failure  760ms
       × should upload document successfully 61ms
       × should throw error on upload failure 23ms
 ❯ app/app/reports/[id]/page.test.tsx (3 tests | 3 failed) 2058ms
     × renders loading state initially 1041ms
     × renders report data successfully 112ms
     × renders error state on failure 711ms
 ❯ app/app/documents/[id]/page.test.tsx (2 tests | 2 failed) 451ms
     × renders document details and download button 447ms
     × triggers export on button click 2ms
 ❯ app/app/documents/page.test.tsx (4 tests | 4 failed) 78ms
     × renders document list 63ms
     × handles file upload 6ms
     × allows deleting a document 2ms
     × shows staged documents separately 4ms
 ❯ app/app/gap-analysis/page.test.tsx (2 tests | 2 failed) 124ms
     × renders and loads standards 94ms
     × runs gap analysis and displays results 26ms

⎯⎯⎯⎯⎯⎯⎯ Failed Tests 2 ⎯⎯⎯⎯⎯⎯⎯

 FAIL  app/app/gap-analysis/page.test.tsx > GapAnalysisPage > renders and loads standards
 FAIL  app/app/gap-analysis/page.test.tsx > GapAnalysisPage > runs gap analysis and displays results
Error: Remember to wrap your app in a `<CopilotKit> {...} </CopilotKit>` !!!
 ❯ useCopilotContext node_modules/@copilotkit/react-core/dist/chunk-EUX2P2E7.mjs:96:11
 ❯ useCopilotReadable node_modules/@copilotkit/react-core/dist/chunk-HDOG2RTM.mjs:18:41
 ❯ GapAnalysisPage app/app/gap-analysis/page.tsx:16:5
     14|     const [fullReport, setFullReport] = useState<any>(null);
     15| 
     16|     useCopilotReadable({
       |     ^
     17|         description: 'Available ISO standards for gap analysis',
     18|         value: standards,
 ❯ Object.react_stack_bottom_frame node_modules/react-dom/cjs/react-dom-client.development.js:25904:20
 ❯ renderWithHooks node_modules/react-dom/cjs/react-dom-client.development.js:7662:22
 ❯ updateFunctionComponent node_modules/react-dom/cjs/react-dom-client.development.js:10166:19
 ❯ beginWork node_modules/react-dom/cjs/react-dom-client.development.js:11778:18
 ❯ runWithFiberInDEV node_modules/react-dom/cjs/react-dom-client.development.js:874:13
 ❯ performUnitOfWork node_modules/react-dom/cjs/react-dom-client.development.js:17641:22
 ❯ workLoopSync node_modules/react-dom/cjs/react-dom-client.development.js:17469:41

⎯⎯⎯⎯⎯⎯⎯⎯⎯⎯⎯⎯⎯⎯⎯⎯⎯⎯⎯⎯⎯⎯⎯⎯[1/2]⎯


 Test Files  6 failed (6)
      Tests  21 failed | 1 passed (22)
   Start at  04:20:22
   Duration  9.78s

 FAIL  Tests failed. Watching for file changes...
       press h to show help, press q to quit
c[3J RERUN  app/app/dashboard/page.tsx x91 

 ❯ lib/api.test.ts (4 tests | 3 failed) 1366ms
       × should fetch documents successfully 478ms
       ✓ should throw error on failure  760ms
       × should upload document successfully 61ms
       × should throw error on upload failure 23ms
 ❯ app/app/reports/[id]/page.test.tsx (3 tests | 3 failed) 2058ms
     × renders loading state initially 1041ms
     × renders report data successfully 112ms
     × renders error state on failure 711ms
 ❯ app/app/documents/[id]/page.test.tsx (2 tests | 2 failed) 451ms
     × renders document details and download button 447ms
     × triggers export on button click 2ms
 ❯ app/app/gap-analysis/page.test.tsx (2 tests | 2 failed) 124ms
     × renders and loads standards 94ms
     × runs gap analysis and displays results 26ms
 ❯ app/app/documents/page.test.tsx (4 tests | 4 failed) 78ms
     × renders document list 63ms
     × handles file upload 6ms
     × allows deleting a document 2ms
     × shows staged documents separately 4ms
 ❯ app/app/dashboard/page.test.tsx (7 tests | 7 failed) 429ms
     × renders documents and standards 390ms
     × renders dashboard widgets 1ms
     × opens analysis modal and runs check 1ms
     × shows staged documents and allows approval 1ms
     × allows rejecting staged documents 1ms
     × shows notifications 1ms
     × shows upload progress 13ms

⎯⎯⎯⎯⎯⎯⎯ Failed Tests 7 ⎯⎯⎯⎯⎯⎯⎯

 FAIL  app/app/dashboard/page.test.tsx > Dashboard Page > renders documents and standards
 FAIL  app/app/dashboard/page.test.tsx > Dashboard Page > renders dashboard widgets
 FAIL  app/app/dashboard/page.test.tsx > Dashboard Page > opens analysis modal and runs check
 FAIL  app/app/dashboard/page.test.tsx > Dashboard Page > shows staged documents and allows approval
 FAIL  app/app/dashboard/page.test.tsx > Dashboard Page > allows rejecting staged documents
 FAIL  app/app/dashboard/page.test.tsx > Dashboard Page > shows notifications
 FAIL  app/app/dashboard/page.test.tsx > Dashboard Page > shows upload progress
Error: Remember to wrap your app in a `<CopilotKit> {...} </CopilotKit>` !!!
 ❯ useCopilotContext node_modules/@copilotkit/react-core/dist/chunk-EUX2P2E7.mjs:96:11
 ❯ useCopilotReadable node_modules/@copilotkit/react-core/dist/chunk-HDOG2RTM.mjs:18:41
 ❯ Dashboard app/app/dashboard/page.tsx:51:5
     49|     const [formSavedAt, setFormSavedAt] = useState<Record<string, stri…
     50| 
     51|     useCopilotReadable({
       |     ^
     52|         description: 'Dashboard document lists visible to the user',
     53|         value: {
 ❯ Object.react_stack_bottom_frame node_modules/react-dom/cjs/react-dom-client.development.js:25904:20
 ❯ renderWithHooks node_modules/react-dom/cjs/react-dom-client.development.js:7662:22
 ❯ updateFunctionComponent node_modules/react-dom/cjs/react-dom-client.development.js:10166:19
 ❯ beginWork node_modules/react-dom/cjs/react-dom-client.development.js:11778:18
 ❯ runWithFiberInDEV node_modules/react-dom/cjs/react-dom-client.development.js:874:13
 ❯ performUnitOfWork node_modules/react-dom/cjs/react-dom-client.development.js:17641:22
 ❯ workLoopSync node_modules/react-dom/cjs/react-dom-client.development.js:17469:41

⎯⎯⎯⎯⎯⎯⎯⎯⎯⎯⎯⎯⎯⎯⎯⎯⎯⎯⎯⎯⎯⎯⎯⎯[1/7]⎯


 Test Files  6 failed (6)
      Tests  21 failed | 1 passed (22)
   Start at  04:22:50
   Duration  5.48s

 FAIL  Tests failed. Watching for file changes...
       press h to show help, press q to quit
c[3J RERUN  app/app/dashboard/page.tsx x92 

 ❯ lib/api.test.ts (4 tests | 3 failed) 1366ms
       × should fetch documents successfully 478ms
       ✓ should throw error on failure  760ms
       × should upload document successfully 61ms
       × should throw error on upload failure 23ms
 ❯ app/app/reports/[id]/page.test.tsx (3 tests | 3 failed) 2058ms
     × renders loading state initially 1041ms
     × renders report data successfully 112ms
     × renders error state on failure 711ms
 ❯ app/app/documents/[id]/page.test.tsx (2 tests | 2 failed) 451ms
     × renders document details and download button 447ms
     × triggers export on button click 2ms
 ❯ app/app/gap-analysis/page.test.tsx (2 tests | 2 failed) 124ms
     × renders and loads standards 94ms
     × runs gap analysis and displays results 26ms
 ❯ app/app/documents/page.test.tsx (4 tests | 4 failed) 78ms
     × renders document list 63ms
     × handles file upload 6ms
     × allows deleting a document 2ms
     × shows staged documents separately 4ms
 ❯ app/app/dashboard/page.test.tsx (7 tests | 7 failed) 31ms
     × renders documents and standards 15ms
     × renders dashboard widgets 1ms
     × opens analysis modal and runs check 3ms
     × shows staged documents and allows approval 4ms
     × allows rejecting staged documents 1ms
     × shows notifications 1ms
     × shows upload progress 4ms

⎯⎯⎯⎯⎯⎯⎯ Failed Tests 7 ⎯⎯⎯⎯⎯⎯⎯

 FAIL  app/app/dashboard/page.test.tsx > Dashboard Page > renders documents and standards
 FAIL  app/app/dashboard/page.test.tsx > Dashboard Page > renders dashboard widgets
 FAIL  app/app/dashboard/page.test.tsx > Dashboard Page > opens analysis modal and runs check
 FAIL  app/app/dashboard/page.test.tsx > Dashboard Page > shows staged documents and allows approval
 FAIL  app/app/dashboard/page.test.tsx > Dashboard Page > allows rejecting staged documents
 FAIL  app/app/dashboard/page.test.tsx > Dashboard Page > shows notifications
 FAIL  app/app/dashboard/page.test.tsx > Dashboard Page > shows upload progress
Error: Remember to wrap your app in a `<CopilotKit> {...} </CopilotKit>` !!!
 ❯ useCopilotContext node_modules/@copilotkit/react-core/dist/chunk-EUX2P2E7.mjs:96:11
 ❯ useCopilotReadable node_modules/@copilotkit/react-core/dist/chunk-HDOG2RTM.mjs:18:41
 ❯ Dashboard app/app/dashboard/page.tsx:52:5
 ❯ Object.react_stack_bottom_frame node_modules/react-dom/cjs/react-dom-client.development.js:25904:20
 ❯ renderWithHooks node_modules/react-dom/cjs/react-dom-client.development.js:7662:22
 ❯ updateFunctionComponent node_modules/react-dom/cjs/react-dom-client.development.js:10166:19
 ❯ beginWork node_modules/react-dom/cjs/react-dom-client.development.js:11778:18
 ❯ runWithFiberInDEV node_modules/react-dom/cjs/react-dom-client.development.js:874:13
 ❯ performUnitOfWork node_modules/react-dom/cjs/react-dom-client.development.js:17641:22
 ❯ workLoopSync node_modules/react-dom/cjs/react-dom-client.development.js:17469:41

⎯⎯⎯⎯⎯⎯⎯⎯⎯⎯⎯⎯⎯⎯⎯⎯⎯⎯⎯⎯⎯⎯⎯⎯[1/7]⎯


 Test Files  6 failed (6)
      Tests  21 failed | 1 passed (22)
   Start at  04:22:59
   Duration  5.36s

 FAIL  Tests failed. Watching for file changes...
       press h to show help, press q to quit
c[3J RERUN  app/app/dashboard/page.tsx x93 

 ❯ lib/api.test.ts (4 tests | 3 failed) 1366ms
       × should fetch documents successfully 478ms
       ✓ should throw error on failure  760ms
       × should upload document successfully 61ms
       × should throw error on upload failure 23ms
 ❯ app/app/reports/[id]/page.test.tsx (3 tests | 3 failed) 2058ms
     × renders loading state initially 1041ms
     × renders report data successfully 112ms
     × renders error state on failure 711ms
 ❯ app/app/documents/[id]/page.test.tsx (2 tests | 2 failed) 451ms
     × renders document details and download button 447ms
     × triggers export on button click 2ms
 ❯ app/app/gap-analysis/page.test.tsx (2 tests | 2 failed) 124ms
     × renders and loads standards 94ms
     × runs gap analysis and displays results 26ms
 ❯ app/app/documents/page.test.tsx (4 tests | 4 failed) 78ms
     × renders document list 63ms
     × handles file upload 6ms
     × allows deleting a document 2ms
     × shows staged documents separately 4ms
 ❯ app/app/dashboard/page.test.tsx (7 tests | 7 failed) 400ms
     × renders documents and standards 338ms
     × renders dashboard widgets 6ms
     × opens analysis modal and runs check 12ms
     × shows staged documents and allows approval 11ms
     × allows rejecting staged documents 9ms
     × shows notifications 10ms
     × shows upload progress 9ms

⎯⎯⎯⎯⎯⎯⎯ Failed Tests 7 ⎯⎯⎯⎯⎯⎯⎯

 FAIL  app/app/dashboard/page.test.tsx > Dashboard Page > renders documents and standards
 FAIL  app/app/dashboard/page.test.tsx > Dashboard Page > renders dashboard widgets
 FAIL  app/app/dashboard/page.test.tsx > Dashboard Page > opens analysis modal and runs check
 FAIL  app/app/dashboard/page.test.tsx > Dashboard Page > shows staged documents and allows approval
 FAIL  app/app/dashboard/page.test.tsx > Dashboard Page > allows rejecting staged documents
 FAIL  app/app/dashboard/page.test.tsx > Dashboard Page > shows notifications
 FAIL  app/app/dashboard/page.test.tsx > Dashboard Page > shows upload progress
Error: Remember to wrap your app in a `<CopilotKit> {...} </CopilotKit>` !!!
 ❯ useCopilotContext node_modules/@copilotkit/react-core/dist/chunk-EUX2P2E7.mjs:96:11
 ❯ useCopilotReadable node_modules/@copilotkit/react-core/dist/chunk-HDOG2RTM.mjs:18:41
 ❯ Dashboard app/app/dashboard/page.tsx:52:5
     50|     const [previewUrl, setPreviewUrl] = useState<string | null>(null);
     51| 
     52|     useCopilotReadable({
       |     ^
     53|         description: 'Dashboard document lists visible to the user',
     54|         value: {
 ❯ Object.react_stack_bottom_frame node_modules/react-dom/cjs/react-dom-client.development.js:25904:20
 ❯ renderWithHooks node_modules/react-dom/cjs/react-dom-client.development.js:7662:22
 ❯ updateFunctionComponent node_modules/react-dom/cjs/react-dom-client.development.js:10166:19
 ❯ beginWork node_modules/react-dom/cjs/react-dom-client.development.js:11778:18
 ❯ runWithFiberInDEV node_modules/react-dom/cjs/react-dom-client.development.js:874:13
 ❯ performUnitOfWork node_modules/react-dom/cjs/react-dom-client.development.js:17641:22
 ❯ workLoopSync node_modules/react-dom/cjs/react-dom-client.development.js:17469:41

⎯⎯⎯⎯⎯⎯⎯⎯⎯⎯⎯⎯⎯⎯⎯⎯⎯⎯⎯⎯⎯⎯⎯⎯[1/7]⎯


 Test Files  6 failed (6)
      Tests  21 failed | 1 passed (22)
   Start at  04:23:07
   Duration  7.19s

 FAIL  Tests failed. Watching for file changes...
       press h to show help, press q to quit
c[3J RERUN  app/app/dashboard/page.tsx x94 

 ❯ lib/api.test.ts (4 tests | 3 failed) 1366ms
       × should fetch documents successfully 478ms
       ✓ should throw error on failure  760ms
       × should upload document successfully 61ms
       × should throw error on upload failure 23ms
 ❯ app/app/reports/[id]/page.test.tsx (3 tests | 3 failed) 2058ms
     × renders loading state initially 1041ms
     × renders report data successfully 112ms
     × renders error state on failure 711ms
 ❯ app/app/documents/[id]/page.test.tsx (2 tests | 2 failed) 451ms
     × renders document details and download button 447ms
     × triggers export on button click 2ms
 ❯ app/app/gap-analysis/page.test.tsx (2 tests | 2 failed) 124ms
     × renders and loads standards 94ms
     × runs gap analysis and displays results 26ms
 ❯ app/app/documents/page.test.tsx (4 tests | 4 failed) 78ms
     × renders document list 63ms
     × handles file upload 6ms
     × allows deleting a document 2ms
     × shows staged documents separately 4ms
 ❯ app/app/dashboard/page.test.tsx (7 tests | 7 failed) 31ms
     × renders documents and standards 16ms
     × renders dashboard widgets 2ms
     × opens analysis modal and runs check 3ms
     × shows staged documents and allows approval 3ms
     × allows rejecting staged documents 3ms
     × shows notifications 1ms
     × shows upload progress 1ms

⎯⎯⎯⎯⎯⎯⎯ Failed Tests 7 ⎯⎯⎯⎯⎯⎯⎯

 FAIL  app/app/dashboard/page.test.tsx > Dashboard Page > renders documents and standards
 FAIL  app/app/dashboard/page.test.tsx > Dashboard Page > renders dashboard widgets
 FAIL  app/app/dashboard/page.test.tsx > Dashboard Page > opens analysis modal and runs check
 FAIL  app/app/dashboard/page.test.tsx > Dashboard Page > shows staged documents and allows approval
 FAIL  app/app/dashboard/page.test.tsx > Dashboard Page > allows rejecting staged documents
 FAIL  app/app/dashboard/page.test.tsx > Dashboard Page > shows notifications
 FAIL  app/app/dashboard/page.test.tsx > Dashboard Page > shows upload progress
Error: [vitest] No "useSearchParams" export is defined on the "next/navigation" mock. Did you forget to return it from "vi.mock"?
If you need to partially mock a module, you can use "importOriginal" helper inside:

vi.mock(import("next/navigation"), async (importOriginal) => {
  const actual = await importOriginal()
  return {
    ...actual,
    // your mocked methods
  }
})

 ❯ Dashboard app/app/dashboard/page.tsx:12:26
     10| 
     11| export default function Dashboard() {
     12|     const searchParams = useSearchParams();
       |                          ^
     13|     const router = useRouter();
     14|     const tabParam = searchParams.get('tab');
 ❯ Object.react_stack_bottom_frame node_modules/react-dom/cjs/react-dom-client.development.js:25904:20
 ❯ renderWithHooks node_modules/react-dom/cjs/react-dom-client.development.js:7662:22
 ❯ updateFunctionComponent node_modules/react-dom/cjs/react-dom-client.development.js:10166:19
 ❯ beginWork node_modules/react-dom/cjs/react-dom-client.development.js:11778:18
 ❯ runWithFiberInDEV node_modules/react-dom/cjs/react-dom-client.development.js:874:13
 ❯ performUnitOfWork node_modules/react-dom/cjs/react-dom-client.development.js:17641:22
 ❯ workLoopSync node_modules/react-dom/cjs/react-dom-client.development.js:17469:41

⎯⎯⎯⎯⎯⎯⎯⎯⎯⎯⎯⎯⎯⎯⎯⎯⎯⎯⎯⎯⎯⎯⎯⎯[1/7]⎯


 Test Files  6 failed (6)
      Tests  21 failed | 1 passed (22)
   Start at  04:41:42
   Duration  5.68s

 FAIL  Tests failed. Watching for file changes...
       press h to show help, press q to quit
c[3J RERUN  app/components/Sidebar.tsx 

 ❯ lib/api.test.ts (4 tests | 3 failed) 1366ms
       × should fetch documents successfully 478ms
       ✓ should throw error on failure  760ms
       × should upload document successfully 61ms
       × should throw error on upload failure 23ms
 ❯ app/app/reports/[id]/page.test.tsx (3 tests | 3 failed) 2058ms
     × renders loading state initially 1041ms
     × renders report data successfully 112ms
     × renders error state on failure 711ms
 ❯ app/app/documents/[id]/page.test.tsx (2 tests | 2 failed) 451ms
     × renders document details and download button 447ms
     × triggers export on button click 2ms
 ❯ app/app/gap-analysis/page.test.tsx (2 tests | 2 failed) 124ms
     × renders and loads standards 94ms
     × runs gap analysis and displays results 26ms
 ❯ app/app/documents/page.test.tsx (4 tests | 4 failed) 93ms
     × renders document list 86ms
     × handles file upload 3ms
     × allows deleting a document 2ms
     × shows staged documents separately 2ms
 ❯ app/app/dashboard/page.test.tsx (7 tests | 7 failed) 19ms
     × renders documents and standards 12ms
     × renders dashboard widgets 1ms
     × opens analysis modal and runs check 1ms
     × shows staged documents and allows approval 1ms
     × allows rejecting staged documents 1ms
     × shows notifications 1ms
     × shows upload progress 1ms

⎯⎯⎯⎯⎯⎯ Failed Tests 11 ⎯⎯⎯⎯⎯⎯⎯

 FAIL  app/app/dashboard/page.test.tsx > Dashboard Page > renders documents and standards
 FAIL  app/app/dashboard/page.test.tsx > Dashboard Page > renders dashboard widgets
 FAIL  app/app/dashboard/page.test.tsx > Dashboard Page > opens analysis modal and runs check
 FAIL  app/app/dashboard/page.test.tsx > Dashboard Page > shows staged documents and allows approval
 FAIL  app/app/dashboard/page.test.tsx > Dashboard Page > allows rejecting staged documents
 FAIL  app/app/dashboard/page.test.tsx > Dashboard Page > shows notifications
 FAIL  app/app/dashboard/page.test.tsx > Dashboard Page > shows upload progress
Error: [vitest] No "useSearchParams" export is defined on the "next/navigation" mock. Did you forget to return it from "vi.mock"?
If you need to partially mock a module, you can use "importOriginal" helper inside:

vi.mock(import("next/navigation"), async (importOriginal) => {
  const actual = await importOriginal()
  return {
    ...actual,
    // your mocked methods
  }
})

 ❯ Dashboard app/app/dashboard/page.tsx:12:26
     10| 
     11| export default function Dashboard() {
     12|     const searchParams = useSearchParams();
       |                          ^
     13|     const router = useRouter();
     14|     const tabParam = searchParams.get('tab');
 ❯ Object.react_stack_bottom_frame node_modules/react-dom/cjs/react-dom-client.development.js:25904:20
 ❯ renderWithHooks node_modules/react-dom/cjs/react-dom-client.development.js:7662:22
 ❯ updateFunctionComponent node_modules/react-dom/cjs/react-dom-client.development.js:10166:19
 ❯ beginWork node_modules/react-dom/cjs/react-dom-client.development.js:11778:18
 ❯ runWithFiberInDEV node_modules/react-dom/cjs/react-dom-client.development.js:874:13
 ❯ performUnitOfWork node_modules/react-dom/cjs/react-dom-client.development.js:17641:22
 ❯ workLoopSync node_modules/react-dom/cjs/react-dom-client.development.js:17469:41

⎯⎯⎯⎯⎯⎯⎯⎯⎯⎯⎯⎯⎯⎯⎯⎯⎯⎯⎯⎯⎯⎯⎯[1/11]⎯

 FAIL  app/app/documents/page.test.tsx > Documents Page > renders document list
 FAIL  app/app/documents/page.test.tsx > Documents Page > handles file upload
 FAIL  app/app/documents/page.test.tsx > Documents Page > allows deleting a document
 FAIL  app/app/documents/page.test.tsx > Documents Page > shows staged documents separately
ConfigurationError: Missing required prop: 'runtimeUrl' or 'publicApiKey' or 'publicLicenseKey'
 ❯ new CopilotKitError node_modules/@copilotkit/shared/dist/chunk-XLQ2EIPH.mjs:170:5
 ❯ new ConfigurationError node_modules/@copilotkit/shared/dist/chunk-XLQ2EIPH.mjs:315:5
 ❯ validateProps node_modules/@copilotkit/react-core/dist/chunk-CI4KD357.mjs:651:11
 ❯ CopilotKitInternal node_modules/@copilotkit/react-core/dist/chunk-CI4KD357.mjs:207:3
 ❯ Object.react_stack_bottom_frame node_modules/react-dom/cjs/react-dom-client.development.js:25904:20
 ❯ renderWithHooks node_modules/react-dom/cjs/react-dom-client.development.js:7662:22
 ❯ updateFunctionComponent node_modules/react-dom/cjs/react-dom-client.development.js:10166:19
 ❯ beginWork node_modules/react-dom/cjs/react-dom-client.development.js:11778:18
 ❯ runWithFiberInDEV node_modules/react-dom/cjs/react-dom-client.development.js:874:13
 ❯ performUnitOfWork node_modules/react-dom/cjs/react-dom-client.development.js:17641:22

⎯⎯⎯⎯⎯⎯⎯⎯⎯⎯⎯⎯⎯⎯⎯⎯⎯⎯⎯⎯⎯⎯⎯[2/11]⎯


 Test Files  6 failed (6)
      Tests  21 failed | 1 passed (22)
   Start at  04:41:59
   Duration  11.28s

 FAIL  Tests failed. Watching for file changes...
       press h to show help, press q to quit
c[3J RERUN  app/app/dashboard/page.tsx x96 

 ❯ lib/api.test.ts (4 tests | 3 failed) 1366ms
       × should fetch documents successfully 478ms
       ✓ should throw error on failure  760ms
       × should upload document successfully 61ms
       × should throw error on upload failure 23ms
 ❯ app/app/reports/[id]/page.test.tsx (3 tests | 3 failed) 2058ms
     × renders loading state initially 1041ms
     × renders report data successfully 112ms
     × renders error state on failure 711ms
 ❯ app/app/documents/[id]/page.test.tsx (2 tests | 2 failed) 451ms
     × renders document details and download button 447ms
     × triggers export on button click 2ms
 ❯ app/app/gap-analysis/page.test.tsx (2 tests | 2 failed) 124ms
     × renders and loads standards 94ms
     × runs gap analysis and displays results 26ms
 ❯ app/app/documents/page.test.tsx (4 tests | 4 failed) 93ms
     × renders document list 86ms
     × handles file upload 3ms
     × allows deleting a document 2ms
     × shows staged documents separately 2ms
 ❯ app/app/dashboard/page.test.tsx (7 tests | 7 failed) 2578ms
     × renders documents and standards 1196ms
     × renders dashboard widgets 259ms
     × opens analysis modal and runs check 827ms
     × shows staged documents and allows approval 78ms
     × allows rejecting staged documents 3ms
     × shows notifications 49ms
     × shows upload progress 70ms

⎯⎯⎯⎯⎯⎯⎯ Failed Tests 7 ⎯⎯⎯⎯⎯⎯⎯

 FAIL  app/app/dashboard/page.test.tsx > Dashboard Page > renders documents and standards
 FAIL  app/app/dashboard/page.test.tsx > Dashboard Page > renders dashboard widgets
 FAIL  app/app/dashboard/page.test.tsx > Dashboard Page > opens analysis modal and runs check
 FAIL  app/app/dashboard/page.test.tsx > Dashboard Page > shows staged documents and allows approval
 FAIL  app/app/dashboard/page.test.tsx > Dashboard Page > allows rejecting staged documents
 FAIL  app/app/dashboard/page.test.tsx > Dashboard Page > shows notifications
 FAIL  app/app/dashboard/page.test.tsx > Dashboard Page > shows upload progress
Error: [vitest] No "useSearchParams" export is defined on the "next/navigation" mock. Did you forget to return it from "vi.mock"?
If you need to partially mock a module, you can use "importOriginal" helper inside:

vi.mock(import("next/navigation"), async (importOriginal) => {
  const actual = await importOriginal()
  return {
    ...actual,
    // your mocked methods
  }
})

 ❯ DashboardContent app/app/dashboard/page.tsx:12:26
     10| 
     11| function DashboardContent() {
     12|     const searchParams = useSearchParams();
       |                          ^
     13|     const router = useRouter();
     14|     const tabParam = searchParams.get('tab');
 ❯ Object.react_stack_bottom_frame node_modules/react-dom/cjs/react-dom-client.development.js:25904:20
 ❯ renderWithHooks node_modules/react-dom/cjs/react-dom-client.development.js:7662:22
 ❯ updateFunctionComponent node_modules/react-dom/cjs/react-dom-client.development.js:10166:19
 ❯ beginWork node_modules/react-dom/cjs/react-dom-client.development.js:11778:18
 ❯ runWithFiberInDEV node_modules/react-dom/cjs/react-dom-client.development.js:874:13
 ❯ performUnitOfWork node_modules/react-dom/cjs/react-dom-client.development.js:17641:22
 ❯ workLoopSync node_modules/react-dom/cjs/react-dom-client.development.js:17469:41

⎯⎯⎯⎯⎯⎯⎯⎯⎯⎯⎯⎯⎯⎯⎯⎯⎯⎯⎯⎯⎯⎯⎯⎯[1/7]⎯


 Test Files  6 failed (6)
      Tests  21 failed | 1 passed (22)
   Start at  10:57:28
   Duration  34.68s

 FAIL  Tests failed. Watching for file changes...
       press h to show help, press q to quit
c[3J RERUN  app/components/ComplianceTab.tsx x97 

 ❯ lib/api.test.ts (4 tests | 3 failed) 1366ms
       × should fetch documents successfully 478ms
       ✓ should throw error on failure  760ms
       × should upload document successfully 61ms
       × should throw error on upload failure 23ms
 ❯ app/app/reports/[id]/page.test.tsx (3 tests | 3 failed) 2058ms
     × renders loading state initially 1041ms
     × renders report data successfully 112ms
     × renders error state on failure 711ms
 ❯ app/app/documents/[id]/page.test.tsx (2 tests | 2 failed) 451ms
     × renders document details and download button 447ms
     × triggers export on button click 2ms
 ❯ app/app/gap-analysis/page.test.tsx (2 tests | 2 failed) 124ms
     × renders and loads standards 94ms
     × runs gap analysis and displays results 26ms
 ❯ app/app/documents/page.test.tsx (4 tests | 4 failed) 93ms
     × renders document list 86ms
     × handles file upload 3ms
     × allows deleting a document 2ms
     × shows staged documents separately 2ms
 ❯ app/app/dashboard/page.test.tsx (7 tests | 7 failed) 75ms
     × renders documents and standards 61ms
     × renders dashboard widgets 3ms
     × opens analysis modal and runs check 2ms
     × shows staged documents and allows approval 2ms
     × allows rejecting staged documents 4ms
     × shows notifications 1ms
     × shows upload progress 1ms

⎯⎯⎯⎯⎯⎯⎯ Failed Tests 7 ⎯⎯⎯⎯⎯⎯⎯

 FAIL  app/app/dashboard/page.test.tsx > Dashboard Page > renders documents and standards
 FAIL  app/app/dashboard/page.test.tsx > Dashboard Page > renders dashboard widgets
 FAIL  app/app/dashboard/page.test.tsx > Dashboard Page > opens analysis modal and runs check
 FAIL  app/app/dashboard/page.test.tsx > Dashboard Page > shows staged documents and allows approval
 FAIL  app/app/dashboard/page.test.tsx > Dashboard Page > allows rejecting staged documents
 FAIL  app/app/dashboard/page.test.tsx > Dashboard Page > shows notifications
 FAIL  app/app/dashboard/page.test.tsx > Dashboard Page > shows upload progress
Error: [vitest] No "useSearchParams" export is defined on the "next/navigation" mock. Did you forget to return it from "vi.mock"?
If you need to partially mock a module, you can use "importOriginal" helper inside:

vi.mock(import("next/navigation"), async (importOriginal) => {
  const actual = await importOriginal()
  return {
    ...actual,
    // your mocked methods
  }
})

 ❯ DashboardContent app/app/dashboard/page.tsx:12:26
     10| 
     11| function DashboardContent() {
     12|     const searchParams = useSearchParams();
       |                          ^
     13|     const router = useRouter();
     14|     const tabParam = searchParams.get('tab');
 ❯ Object.react_stack_bottom_frame node_modules/react-dom/cjs/react-dom-client.development.js:25904:20
 ❯ renderWithHooks node_modules/react-dom/cjs/react-dom-client.development.js:7662:22
 ❯ updateFunctionComponent node_modules/react-dom/cjs/react-dom-client.development.js:10166:19
 ❯ beginWork node_modules/react-dom/cjs/react-dom-client.development.js:11778:18
 ❯ runWithFiberInDEV node_modules/react-dom/cjs/react-dom-client.development.js:874:13
 ❯ performUnitOfWork node_modules/react-dom/cjs/react-dom-client.development.js:17641:22
 ❯ workLoopSync node_modules/react-dom/cjs/react-dom-client.development.js:17469:41

⎯⎯⎯⎯⎯⎯⎯⎯⎯⎯⎯⎯⎯⎯⎯⎯⎯⎯⎯⎯⎯⎯⎯⎯[1/7]⎯


 Test Files  6 failed (6)
      Tests  21 failed | 1 passed (22)
   Start at  11:01:17
   Duration  5.33s

 FAIL  Tests failed. Watching for file changes...
       press h to show help, press q to quit
c[3J RERUN  app/components/GapAnalysisTab.tsx x98 

 ❯ lib/api.test.ts (4 tests | 3 failed) 1366ms
       × should fetch documents successfully 478ms
       ✓ should throw error on failure  760ms
       × should upload document successfully 61ms
       × should throw error on upload failure 23ms
 ❯ app/app/reports/[id]/page.test.tsx (3 tests | 3 failed) 2058ms
     × renders loading state initially 1041ms
     × renders report data successfully 112ms
     × renders error state on failure 711ms
 ❯ app/app/documents/[id]/page.test.tsx (2 tests | 2 failed) 451ms
     × renders document details and download button 447ms
     × triggers export on button click 2ms
 ❯ app/app/gap-analysis/page.test.tsx (2 tests | 2 failed) 124ms
     × renders and loads standards 94ms
     × runs gap analysis and displays results 26ms
 ❯ app/app/documents/page.test.tsx (4 tests | 4 failed) 93ms
     × renders document list 86ms
     × handles file upload 3ms
     × allows deleting a document 2ms
     × shows staged documents separately 2ms
 ❯ app/app/dashboard/page.test.tsx (7 tests | 7 failed) 117ms
     × renders documents and standards 104ms
     × renders dashboard widgets 1ms
     × opens analysis modal and runs check 1ms
     × shows staged documents and allows approval 1ms
     × allows rejecting staged documents 6ms
     × shows notifications 1ms
     × shows upload progress 1ms

⎯⎯⎯⎯⎯⎯⎯ Failed Tests 7 ⎯⎯⎯⎯⎯⎯⎯

 FAIL  app/app/dashboard/page.test.tsx > Dashboard Page > renders documents and standards
 FAIL  app/app/dashboard/page.test.tsx > Dashboard Page > renders dashboard widgets
 FAIL  app/app/dashboard/page.test.tsx > Dashboard Page > opens analysis modal and runs check
 FAIL  app/app/dashboard/page.test.tsx > Dashboard Page > shows staged documents and allows approval
 FAIL  app/app/dashboard/page.test.tsx > Dashboard Page > allows rejecting staged documents
 FAIL  app/app/dashboard/page.test.tsx > Dashboard Page > shows notifications
 FAIL  app/app/dashboard/page.test.tsx > Dashboard Page > shows upload progress
Error: [vitest] No "useSearchParams" export is defined on the "next/navigation" mock. Did you forget to return it from "vi.mock"?
If you need to partially mock a module, you can use "importOriginal" helper inside:

vi.mock(import("next/navigation"), async (importOriginal) => {
  const actual = await importOriginal()
  return {
    ...actual,
    // your mocked methods
  }
})

 ❯ DashboardContent app/app/dashboard/page.tsx:12:26
     10| 
     11| function DashboardContent() {
     12|     const searchParams = useSearchParams();
       |                          ^
     13|     const router = useRouter();
     14|     const tabParam = searchParams.get('tab');
 ❯ Object.react_stack_bottom_frame node_modules/react-dom/cjs/react-dom-client.development.js:25904:20
 ❯ renderWithHooks node_modules/react-dom/cjs/react-dom-client.development.js:7662:22
 ❯ updateFunctionComponent node_modules/react-dom/cjs/react-dom-client.development.js:10166:19
 ❯ beginWork node_modules/react-dom/cjs/react-dom-client.development.js:11778:18
 ❯ runWithFiberInDEV node_modules/react-dom/cjs/react-dom-client.development.js:874:13
 ❯ performUnitOfWork node_modules/react-dom/cjs/react-dom-client.development.js:17641:22
 ❯ workLoopSync node_modules/react-dom/cjs/react-dom-client.development.js:17469:41

⎯⎯⎯⎯⎯⎯⎯⎯⎯⎯⎯⎯⎯⎯⎯⎯⎯⎯⎯⎯⎯⎯⎯⎯[1/7]⎯


 Test Files  6 failed (6)
      Tests  21 failed | 1 passed (22)
   Start at  11:01:26
   Duration  3.68s

 FAIL  Tests failed. Watching for file changes...
       press h to show help, press q to quit
c[3J RERUN  app/components/DocumentsTab.tsx x99 

 ❯ lib/api.test.ts (4 tests | 3 failed) 1366ms
       × should fetch documents successfully 478ms
       ✓ should throw error on failure  760ms
       × should upload document successfully 61ms
       × should throw error on upload failure 23ms
 ❯ app/app/reports/[id]/page.test.tsx (3 tests | 3 failed) 2058ms
     × renders loading state initially 1041ms
     × renders report data successfully 112ms
     × renders error state on failure 711ms
 ❯ app/app/documents/[id]/page.test.tsx (2 tests | 2 failed) 451ms
     × renders document details and download button 447ms
     × triggers export on button click 2ms
 ❯ app/app/gap-analysis/page.test.tsx (2 tests | 2 failed) 124ms
     × renders and loads standards 94ms
     × runs gap analysis and displays results 26ms
 ❯ app/app/documents/page.test.tsx (4 tests | 4 failed) 93ms
     × renders document list 86ms
     × handles file upload 3ms
     × allows deleting a document 2ms
     × shows staged documents separately 2ms
 ❯ app/app/dashboard/page.test.tsx (7 tests | 7 failed) 62ms
     × renders documents and standards 45ms
     × renders dashboard widgets 2ms
     × opens analysis modal and runs check 4ms
     × shows staged documents and allows approval 3ms
     × allows rejecting staged documents 4ms
     × shows notifications 1ms
     × shows upload progress 1ms

⎯⎯⎯⎯⎯⎯⎯ Failed Tests 7 ⎯⎯⎯⎯⎯⎯⎯

 FAIL  app/app/dashboard/page.test.tsx > Dashboard Page > renders documents and standards
 FAIL  app/app/dashboard/page.test.tsx > Dashboard Page > renders dashboard widgets
 FAIL  app/app/dashboard/page.test.tsx > Dashboard Page > opens analysis modal and runs check
 FAIL  app/app/dashboard/page.test.tsx > Dashboard Page > shows staged documents and allows approval
 FAIL  app/app/dashboard/page.test.tsx > Dashboard Page > allows rejecting staged documents
 FAIL  app/app/dashboard/page.test.tsx > Dashboard Page > shows notifications
 FAIL  app/app/dashboard/page.test.tsx > Dashboard Page > shows upload progress
Error: [vitest] No "useSearchParams" export is defined on the "next/navigation" mock. Did you forget to return it from "vi.mock"?
If you need to partially mock a module, you can use "importOriginal" helper inside:

vi.mock(import("next/navigation"), async (importOriginal) => {
  const actual = await importOriginal()
  return {
    ...actual,
    // your mocked methods
  }
})

 ❯ DashboardContent app/app/dashboard/page.tsx:12:26
     10| 
     11| function DashboardContent() {
     12|     const searchParams = useSearchParams();
       |                          ^
     13|     const router = useRouter();
     14|     const tabParam = searchParams.get('tab');
 ❯ Object.react_stack_bottom_frame node_modules/react-dom/cjs/react-dom-client.development.js:25904:20
 ❯ renderWithHooks node_modules/react-dom/cjs/react-dom-client.development.js:7662:22
 ❯ updateFunctionComponent node_modules/react-dom/cjs/react-dom-client.development.js:10166:19
 ❯ beginWork node_modules/react-dom/cjs/react-dom-client.development.js:11778:18
 ❯ runWithFiberInDEV node_modules/react-dom/cjs/react-dom-client.development.js:874:13
 ❯ performUnitOfWork node_modules/react-dom/cjs/react-dom-client.development.js:17641:22
 ❯ workLoopSync node_modules/react-dom/cjs/react-dom-client.development.js:17469:41

⎯⎯⎯⎯⎯⎯⎯⎯⎯⎯⎯⎯⎯⎯⎯⎯⎯⎯⎯⎯⎯⎯⎯⎯[1/7]⎯


 Test Files  6 failed (6)
      Tests  21 failed | 1 passed (22)
   Start at  11:32:17
   Duration  8.95s

 FAIL  Tests failed. Watching for file changes...
       press h to show help, press q to quit
c[3J RERUN  app/components/DocumentsTab.tsx x100 

 ❯ lib/api.test.ts (4 tests | 3 failed) 1366ms
       × should fetch documents successfully 478ms
       ✓ should throw error on failure  760ms
       × should upload document successfully 61ms
       × should throw error on upload failure 23ms
 ❯ app/app/reports/[id]/page.test.tsx (3 tests | 3 failed) 2058ms
     × renders loading state initially 1041ms
     × renders report data successfully 112ms
     × renders error state on failure 711ms
 ❯ app/app/documents/[id]/page.test.tsx (2 tests | 2 failed) 451ms
     × renders document details and download button 447ms
     × triggers export on button click 2ms
 ❯ app/app/gap-analysis/page.test.tsx (2 tests | 2 failed) 124ms
     × renders and loads standards 94ms
     × runs gap analysis and displays results 26ms
 ❯ app/app/documents/page.test.tsx (4 tests | 4 failed) 93ms
     × renders document list 86ms
     × handles file upload 3ms
     × allows deleting a document 2ms
     × shows staged documents separately 2ms
 ❯ app/app/dashboard/page.test.tsx (7 tests | 7 failed) 31ms
     × renders documents and standards 18ms
     × renders dashboard widgets 1ms
     × opens analysis modal and runs check 2ms
     × shows staged documents and allows approval 4ms
     × allows rejecting staged documents 2ms
     × shows notifications 1ms
     × shows upload progress 2ms

⎯⎯⎯⎯⎯⎯⎯ Failed Tests 7 ⎯⎯⎯⎯⎯⎯⎯

 FAIL  app/app/dashboard/page.test.tsx > Dashboard Page > renders documents and standards
 FAIL  app/app/dashboard/page.test.tsx > Dashboard Page > renders dashboard widgets
 FAIL  app/app/dashboard/page.test.tsx > Dashboard Page > opens analysis modal and runs check
 FAIL  app/app/dashboard/page.test.tsx > Dashboard Page > shows staged documents and allows approval
 FAIL  app/app/dashboard/page.test.tsx > Dashboard Page > allows rejecting staged documents
 FAIL  app/app/dashboard/page.test.tsx > Dashboard Page > shows notifications
 FAIL  app/app/dashboard/page.test.tsx > Dashboard Page > shows upload progress
Error: [vitest] No "useSearchParams" export is defined on the "next/navigation" mock. Did you forget to return it from "vi.mock"?
If you need to partially mock a module, you can use "importOriginal" helper inside:

vi.mock(import("next/navigation"), async (importOriginal) => {
  const actual = await importOriginal()
  return {
    ...actual,
    // your mocked methods
  }
})

 ❯ DashboardContent app/app/dashboard/page.tsx:12:26
     10| 
     11| function DashboardContent() {
     12|     const searchParams = useSearchParams();
       |                          ^
     13|     const router = useRouter();
     14|     const tabParam = searchParams.get('tab');
 ❯ Object.react_stack_bottom_frame node_modules/react-dom/cjs/react-dom-client.development.js:25904:20
 ❯ renderWithHooks node_modules/react-dom/cjs/react-dom-client.development.js:7662:22
 ❯ updateFunctionComponent node_modules/react-dom/cjs/react-dom-client.development.js:10166:19
 ❯ beginWork node_modules/react-dom/cjs/react-dom-client.development.js:11778:18
 ❯ runWithFiberInDEV node_modules/react-dom/cjs/react-dom-client.development.js:874:13
 ❯ performUnitOfWork node_modules/react-dom/cjs/react-dom-client.development.js:17641:22
 ❯ workLoopSync node_modules/react-dom/cjs/react-dom-client.development.js:17469:41

⎯⎯⎯⎯⎯⎯⎯⎯⎯⎯⎯⎯⎯⎯⎯⎯⎯⎯⎯⎯⎯⎯⎯⎯[1/7]⎯


 Test Files  6 failed (6)
      Tests  21 failed | 1 passed (22)
   Start at  11:32:40
   Duration  6.08s

 FAIL  Tests failed. Watching for file changes...
       press h to show help, press q to quit
c[3J RERUN  app/components/DocumentsTab.tsx x101 

 ❯ lib/api.test.ts (4 tests | 3 failed) 1366ms
       × should fetch documents successfully 478ms
       ✓ should throw error on failure  760ms
       × should upload document successfully 61ms
       × should throw error on upload failure 23ms
 ❯ app/app/reports/[id]/page.test.tsx (3 tests | 3 failed) 2058ms
     × renders loading state initially 1041ms
     × renders report data successfully 112ms
     × renders error state on failure 711ms
 ❯ app/app/documents/[id]/page.test.tsx (2 tests | 2 failed) 451ms
     × renders document details and download button 447ms
     × triggers export on button click 2ms
 ❯ app/app/gap-analysis/page.test.tsx (2 tests | 2 failed) 124ms
     × renders and loads standards 94ms
     × runs gap analysis and displays results 26ms
 ❯ app/app/documents/page.test.tsx (4 tests | 4 failed) 93ms
     × renders document list 86ms
     × handles file upload 3ms
     × allows deleting a document 2ms
     × shows staged documents separately 2ms
 ❯ app/app/dashboard/page.test.tsx (7 tests | 7 failed) 168ms
     × renders documents and standards 24ms
     × renders dashboard widgets 1ms
     × opens analysis modal and runs check 98ms
     × shows staged documents and allows approval 12ms
     × allows rejecting staged documents 7ms
     × shows notifications 10ms
     × shows upload progress 13ms

⎯⎯⎯⎯⎯⎯⎯ Failed Tests 7 ⎯⎯⎯⎯⎯⎯⎯

 FAIL  app/app/dashboard/page.test.tsx > Dashboard Page > renders documents and standards
 FAIL  app/app/dashboard/page.test.tsx > Dashboard Page > renders dashboard widgets
 FAIL  app/app/dashboard/page.test.tsx > Dashboard Page > opens analysis modal and runs check
 FAIL  app/app/dashboard/page.test.tsx > Dashboard Page > shows staged documents and allows approval
 FAIL  app/app/dashboard/page.test.tsx > Dashboard Page > allows rejecting staged documents
 FAIL  app/app/dashboard/page.test.tsx > Dashboard Page > shows notifications
 FAIL  app/app/dashboard/page.test.tsx > Dashboard Page > shows upload progress
Error: [vitest] No "useSearchParams" export is defined on the "next/navigation" mock. Did you forget to return it from "vi.mock"?
If you need to partially mock a module, you can use "importOriginal" helper inside:

vi.mock(import("next/navigation"), async (importOriginal) => {
  const actual = await importOriginal()
  return {
    ...actual,
    // your mocked methods
  }
})

 ❯ DashboardContent app/app/dashboard/page.tsx:12:26
     10| 
     11| function DashboardContent() {
     12|     const searchParams = useSearchParams();
       |                          ^
     13|     const router = useRouter();
     14|     const tabParam = searchParams.get('tab');
 ❯ Object.react_stack_bottom_frame node_modules/react-dom/cjs/react-dom-client.development.js:25904:20
 ❯ renderWithHooks node_modules/react-dom/cjs/react-dom-client.development.js:7662:22
 ❯ updateFunctionComponent node_modules/react-dom/cjs/react-dom-client.development.js:10166:19
 ❯ beginWork node_modules/react-dom/cjs/react-dom-client.development.js:11778:18
 ❯ runWithFiberInDEV node_modules/react-dom/cjs/react-dom-client.development.js:874:13
 ❯ performUnitOfWork node_modules/react-dom/cjs/react-dom-client.development.js:17641:22
 ❯ workLoopSync node_modules/react-dom/cjs/react-dom-client.development.js:17469:41

⎯⎯⎯⎯⎯⎯⎯⎯⎯⎯⎯⎯⎯⎯⎯⎯⎯⎯⎯⎯⎯⎯⎯⎯[1/7]⎯


 Test Files  6 failed (6)
      Tests  21 failed | 1 passed (22)
   Start at  11:32:51
   Duration  23.49s

 FAIL  Tests failed. Watching for file changes...
       press h to show help, press q to quit
c[3J RERUN  app/components/DocumentsTab.tsx x102 

 ❯ lib/api.test.ts (4 tests | 3 failed) 1366ms
       × should fetch documents successfully 478ms
       ✓ should throw error on failure  760ms
       × should upload document successfully 61ms
       × should throw error on upload failure 23ms
 ❯ app/app/reports/[id]/page.test.tsx (3 tests | 3 failed) 2058ms
     × renders loading state initially 1041ms
     × renders report data successfully 112ms
     × renders error state on failure 711ms
 ❯ app/app/documents/[id]/page.test.tsx (2 tests | 2 failed) 451ms
     × renders document details and download button 447ms
     × triggers export on button click 2ms
 ❯ app/app/gap-analysis/page.test.tsx (2 tests | 2 failed) 124ms
     × renders and loads standards 94ms
     × runs gap analysis and displays results 26ms
 ❯ app/app/documents/page.test.tsx (4 tests | 4 failed) 93ms
     × renders document list 86ms
     × handles file upload 3ms
     × allows deleting a document 2ms
     × shows staged documents separately 2ms
 ❯ app/app/dashboard/page.test.tsx (7 tests | 7 failed) 347ms
     × renders documents and standards 292ms
     × renders dashboard widgets 22ms
     × opens analysis modal and runs check 2ms
     × shows staged documents and allows approval 2ms
     × allows rejecting staged documents 1ms
     × shows notifications 2ms
     × shows upload progress 1ms

⎯⎯⎯⎯⎯⎯⎯ Failed Tests 7 ⎯⎯⎯⎯⎯⎯⎯

 FAIL  app/app/dashboard/page.test.tsx > Dashboard Page > renders documents and standards
 FAIL  app/app/dashboard/page.test.tsx > Dashboard Page > renders dashboard widgets
 FAIL  app/app/dashboard/page.test.tsx > Dashboard Page > opens analysis modal and runs check
 FAIL  app/app/dashboard/page.test.tsx > Dashboard Page > shows staged documents and allows approval
 FAIL  app/app/dashboard/page.test.tsx > Dashboard Page > allows rejecting staged documents
 FAIL  app/app/dashboard/page.test.tsx > Dashboard Page > shows notifications
 FAIL  app/app/dashboard/page.test.tsx > Dashboard Page > shows upload progress
Error: [vitest] No "useSearchParams" export is defined on the "next/navigation" mock. Did you forget to return it from "vi.mock"?
If you need to partially mock a module, you can use "importOriginal" helper inside:

vi.mock(import("next/navigation"), async (importOriginal) => {
  const actual = await importOriginal()
  return {
    ...actual,
    // your mocked methods
  }
})

 ❯ DashboardContent app/app/dashboard/page.tsx:12:26
     10| 
     11| function DashboardContent() {
     12|     const searchParams = useSearchParams();
       |                          ^
     13|     const router = useRouter();
     14|     const tabParam = searchParams.get('tab');
 ❯ Object.react_stack_bottom_frame node_modules/react-dom/cjs/react-dom-client.development.js:25904:20
 ❯ renderWithHooks node_modules/react-dom/cjs/react-dom-client.development.js:7662:22
 ❯ updateFunctionComponent node_modules/react-dom/cjs/react-dom-client.development.js:10166:19
 ❯ beginWork node_modules/react-dom/cjs/react-dom-client.development.js:11778:18
 ❯ runWithFiberInDEV node_modules/react-dom/cjs/react-dom-client.development.js:874:13
 ❯ performUnitOfWork node_modules/react-dom/cjs/react-dom-client.development.js:17641:22
 ❯ workLoopSync node_modules/react-dom/cjs/react-dom-client.development.js:17469:41

⎯⎯⎯⎯⎯⎯⎯⎯⎯⎯⎯⎯⎯⎯⎯⎯⎯⎯⎯⎯⎯⎯⎯⎯[1/7]⎯


 Test Files  6 failed (6)
      Tests  21 failed | 1 passed (22)
   Start at  11:33:23
   Duration  7.75s

 FAIL  Tests failed. Watching for file changes...
       press h to show help, press q to quit
c[3J RERUN  app/components/DocumentsTab.tsx x103 

 ❯ lib/api.test.ts (4 tests | 3 failed) 1366ms
       × should fetch documents successfully 478ms
       ✓ should throw error on failure  760ms
       × should upload document successfully 61ms
       × should throw error on upload failure 23ms
 ❯ app/app/reports/[id]/page.test.tsx (3 tests | 3 failed) 2058ms
     × renders loading state initially 1041ms
     × renders report data successfully 112ms
     × renders error state on failure 711ms
 ❯ app/app/documents/[id]/page.test.tsx (2 tests | 2 failed) 451ms
     × renders document details and download button 447ms
     × triggers export on button click 2ms
 ❯ app/app/gap-analysis/page.test.tsx (2 tests | 2 failed) 124ms
     × renders and loads standards 94ms
     × runs gap analysis and displays results 26ms
 ❯ app/app/documents/page.test.tsx (4 tests | 4 failed) 93ms
     × renders document list 86ms
     × handles file upload 3ms
     × allows deleting a document 2ms
     × shows staged documents separately 2ms
 ❯ app/app/dashboard/page.test.tsx (7 tests | 7 failed) 253ms
     × renders documents and standards 200ms
     × renders dashboard widgets 5ms
     × opens analysis modal and runs check 5ms
     × shows staged documents and allows approval 2ms
     × allows rejecting staged documents 9ms
     × shows notifications 9ms
     × shows upload progress 6ms

⎯⎯⎯⎯⎯⎯⎯ Failed Tests 7 ⎯⎯⎯⎯⎯⎯⎯

 FAIL  app/app/dashboard/page.test.tsx > Dashboard Page > renders documents and standards
 FAIL  app/app/dashboard/page.test.tsx > Dashboard Page > renders dashboard widgets
 FAIL  app/app/dashboard/page.test.tsx > Dashboard Page > opens analysis modal and runs check
 FAIL  app/app/dashboard/page.test.tsx > Dashboard Page > shows staged documents and allows approval
 FAIL  app/app/dashboard/page.test.tsx > Dashboard Page > allows rejecting staged documents
 FAIL  app/app/dashboard/page.test.tsx > Dashboard Page > shows notifications
 FAIL  app/app/dashboard/page.test.tsx > Dashboard Page > shows upload progress
Error: [vitest] No "useSearchParams" export is defined on the "next/navigation" mock. Did you forget to return it from "vi.mock"?
If you need to partially mock a module, you can use "importOriginal" helper inside:

vi.mock(import("next/navigation"), async (importOriginal) => {
  const actual = await importOriginal()
  return {
    ...actual,
    // your mocked methods
  }
})

 ❯ DashboardContent app/app/dashboard/page.tsx:12:26
     10| 
     11| function DashboardContent() {
     12|     const searchParams = useSearchParams();
       |                          ^
     13|     const router = useRouter();
     14|     const tabParam = searchParams.get('tab');
 ❯ Object.react_stack_bottom_frame node_modules/react-dom/cjs/react-dom-client.development.js:25904:20
 ❯ renderWithHooks node_modules/react-dom/cjs/react-dom-client.development.js:7662:22
 ❯ updateFunctionComponent node_modules/react-dom/cjs/react-dom-client.development.js:10166:19
 ❯ beginWork node_modules/react-dom/cjs/react-dom-client.development.js:11778:18
 ❯ runWithFiberInDEV node_modules/react-dom/cjs/react-dom-client.development.js:874:13
 ❯ performUnitOfWork node_modules/react-dom/cjs/react-dom-client.development.js:17641:22
 ❯ workLoopSync node_modules/react-dom/cjs/react-dom-client.development.js:17469:41

⎯⎯⎯⎯⎯⎯⎯⎯⎯⎯⎯⎯⎯⎯⎯⎯⎯⎯⎯⎯⎯⎯⎯⎯[1/7]⎯


 Test Files  6 failed (6)
      Tests  21 failed | 1 passed (22)
   Start at  11:34:55
   Duration  9.09s

 FAIL  Tests failed. Watching for file changes...
       press h to show help, press q to quit
c[3J RERUN  app/app/documents/[id]/page.tsx x50 

 ❯ app/app/dashboard/page.test.tsx (7 tests | 7 failed) 253ms
     × renders documents and standards 200ms
     × renders dashboard widgets 5ms
     × opens analysis modal and runs check 5ms
     × shows staged documents and allows approval 2ms
     × allows rejecting staged documents 9ms
     × shows notifications 9ms
     × shows upload progress 6ms
 ❯ lib/api.test.ts (4 tests | 3 failed) 1366ms
       × should fetch documents successfully 478ms
       ✓ should throw error on failure  760ms
       × should upload document successfully 61ms
       × should throw error on upload failure 23ms
 ❯ app/app/reports/[id]/page.test.tsx (3 tests | 3 failed) 2058ms
     × renders loading state initially 1041ms
     × renders report data successfully 112ms
     × renders error state on failure 711ms
 ❯ app/app/gap-analysis/page.test.tsx (2 tests | 2 failed) 124ms
     × renders and loads standards 94ms
     × runs gap analysis and displays results 26ms
 ❯ app/app/documents/page.test.tsx (4 tests | 4 failed) 93ms
     × renders document list 86ms
     × handles file upload 3ms
     × allows deleting a document 2ms
     × shows staged documents separately 2ms

⎯⎯⎯⎯⎯⎯ Failed Suites 1 ⎯⎯⎯⎯⎯⎯⎯

 FAIL  app/app/documents/[id]/page.test.tsx [ app/app/documents/[id]/page.test.tsx ]
Error: Transform failed with 1 error:
/Users/isak/Downloads/iso-doc-platform/frontend/app/app/documents/[id]/page.tsx:600:15: ERROR: Unterminated regular expression
  Plugin: vite:esbuild
  File: /Users/isak/Downloads/iso-doc-platform/frontend/app/app/documents/[id]/page.tsx:600:15
  
  Unterminated regular expression
  598 |              </div>
  599 |          </div>
  600 |          </div >
      |                 ^
  601 |      );
  602 |  }
  
 ❯ failureErrorWithLog node_modules/esbuild/lib/main.js:1467:15
 ❯ node_modules/esbuild/lib/main.js:736:50
 ❯ responseCallbacks.<computed> node_modules/esbuild/lib/main.js:603:9
 ❯ handleIncomingPacket node_modules/esbuild/lib/main.js:658:12
 ❯ Socket.readFromStdout node_modules/esbuild/lib/main.js:581:7

⎯⎯⎯⎯⎯⎯⎯⎯⎯⎯⎯⎯⎯⎯⎯⎯⎯⎯⎯⎯⎯⎯⎯⎯[1/1]⎯


 Test Files  6 failed (6)
      Tests  19 failed | 1 passed (20)
   Start at  11:36:30
   Duration  544ms

 FAIL  Tests failed. Watching for file changes...
       press h to show help, press q to quit
c[3J RERUN  app/components/DocumentsTab.tsx x104 

 ❯ lib/api.test.ts (4 tests | 3 failed) 1366ms
       × should fetch documents successfully 478ms
       ✓ should throw error on failure  760ms
       × should upload document successfully 61ms
       × should throw error on upload failure 23ms
 ❯ app/app/reports/[id]/page.test.tsx (3 tests | 3 failed) 2058ms
     × renders loading state initially 1041ms
     × renders report data successfully 112ms
     × renders error state on failure 711ms
 ❯ app/app/documents/[id]/page.test.tsx (0 test)
 ❯ app/app/gap-analysis/page.test.tsx (2 tests | 2 failed) 124ms
     × renders and loads standards 94ms
     × runs gap analysis and displays results 26ms
 ❯ app/app/documents/page.test.tsx (4 tests | 4 failed) 93ms
     × renders document list 86ms
     × handles file upload 3ms
     × allows deleting a document 2ms
     × shows staged documents separately 2ms
 ❯ app/app/dashboard/page.test.tsx (7 tests | 7 failed) 39ms
     × renders documents and standards 20ms
     × renders dashboard widgets 3ms
     × opens analysis modal and runs check 1ms
     × shows staged documents and allows approval 5ms
     × allows rejecting staged documents 1ms
     × shows notifications 1ms
     × shows upload progress 5ms

⎯⎯⎯⎯⎯⎯⎯ Failed Tests 7 ⎯⎯⎯⎯⎯⎯⎯

 FAIL  app/app/dashboard/page.test.tsx > Dashboard Page > renders documents and standards
 FAIL  app/app/dashboard/page.test.tsx > Dashboard Page > renders dashboard widgets
 FAIL  app/app/dashboard/page.test.tsx > Dashboard Page > opens analysis modal and runs check
 FAIL  app/app/dashboard/page.test.tsx > Dashboard Page > shows staged documents and allows approval
 FAIL  app/app/dashboard/page.test.tsx > Dashboard Page > allows rejecting staged documents
 FAIL  app/app/dashboard/page.test.tsx > Dashboard Page > shows notifications
 FAIL  app/app/dashboard/page.test.tsx > Dashboard Page > shows upload progress
Error: [vitest] No "useSearchParams" export is defined on the "next/navigation" mock. Did you forget to return it from "vi.mock"?
If you need to partially mock a module, you can use "importOriginal" helper inside:

vi.mock(import("next/navigation"), async (importOriginal) => {
  const actual = await importOriginal()
  return {
    ...actual,
    // your mocked methods
  }
})

 ❯ DashboardContent app/app/dashboard/page.tsx:12:26
     10| 
     11| function DashboardContent() {
     12|     const searchParams = useSearchParams();
       |                          ^
     13|     const router = useRouter();
     14|     const tabParam = searchParams.get('tab');
 ❯ Object.react_stack_bottom_frame node_modules/react-dom/cjs/react-dom-client.development.js:25904:20
 ❯ renderWithHooks node_modules/react-dom/cjs/react-dom-client.development.js:7662:22
 ❯ updateFunctionComponent node_modules/react-dom/cjs/react-dom-client.development.js:10166:19
 ❯ beginWork node_modules/react-dom/cjs/react-dom-client.development.js:11778:18
 ❯ runWithFiberInDEV node_modules/react-dom/cjs/react-dom-client.development.js:874:13
 ❯ performUnitOfWork node_modules/react-dom/cjs/react-dom-client.development.js:17641:22
 ❯ workLoopSync node_modules/react-dom/cjs/react-dom-client.development.js:17469:41

⎯⎯⎯⎯⎯⎯⎯⎯⎯⎯⎯⎯⎯⎯⎯⎯⎯⎯⎯⎯⎯⎯⎯⎯[1/7]⎯


 Test Files  6 failed (6)
      Tests  19 failed | 1 passed (20)
   Start at  11:37:24
   Duration  21.49s

 FAIL  Tests failed. Watching for file changes...
       press h to show help, press q to quit
c[3J RERUN  app/components/DocumentsTab.tsx x105 

 ❯ lib/api.test.ts (4 tests | 3 failed) 1366ms
       × should fetch documents successfully 478ms
       ✓ should throw error on failure  760ms
       × should upload document successfully 61ms
       × should throw error on upload failure 23ms
 ❯ app/app/reports/[id]/page.test.tsx (3 tests | 3 failed) 2058ms
     × renders loading state initially 1041ms
     × renders report data successfully 112ms
     × renders error state on failure 711ms
 ❯ app/app/documents/[id]/page.test.tsx (0 test)
 ❯ app/app/gap-analysis/page.test.tsx (2 tests | 2 failed) 124ms
     × renders and loads standards 94ms
     × runs gap analysis and displays results 26ms
 ❯ app/app/documents/page.test.tsx (4 tests | 4 failed) 93ms
     × renders document list 86ms
     × handles file upload 3ms
     × allows deleting a document 2ms
     × shows staged documents separately 2ms
 ❯ app/app/dashboard/page.test.tsx (7 tests | 7 failed) 211ms
     × renders documents and standards 168ms
     × renders dashboard widgets 27ms
     × opens analysis modal and runs check 6ms
     × shows staged documents and allows approval 1ms
     × allows rejecting staged documents 3ms
     × shows notifications 1ms
     × shows upload progress 4ms

⎯⎯⎯⎯⎯⎯⎯ Failed Tests 7 ⎯⎯⎯⎯⎯⎯⎯

 FAIL  app/app/dashboard/page.test.tsx > Dashboard Page > renders documents and standards
 FAIL  app/app/dashboard/page.test.tsx > Dashboard Page > renders dashboard widgets
 FAIL  app/app/dashboard/page.test.tsx > Dashboard Page > opens analysis modal and runs check
 FAIL  app/app/dashboard/page.test.tsx > Dashboard Page > shows staged documents and allows approval
 FAIL  app/app/dashboard/page.test.tsx > Dashboard Page > allows rejecting staged documents
 FAIL  app/app/dashboard/page.test.tsx > Dashboard Page > shows notifications
 FAIL  app/app/dashboard/page.test.tsx > Dashboard Page > shows upload progress
Error: [vitest] No "useSearchParams" export is defined on the "next/navigation" mock. Did you forget to return it from "vi.mock"?
If you need to partially mock a module, you can use "importOriginal" helper inside:

vi.mock(import("next/navigation"), async (importOriginal) => {
  const actual = await importOriginal()
  return {
    ...actual,
    // your mocked methods
  }
})

 ❯ DashboardContent app/app/dashboard/page.tsx:12:26
     10| 
     11| function DashboardContent() {
     12|     const searchParams = useSearchParams();
       |                          ^
     13|     const router = useRouter();
     14|     const tabParam = searchParams.get('tab');
 ❯ Object.react_stack_bottom_frame node_modules/react-dom/cjs/react-dom-client.development.js:25904:20
 ❯ renderWithHooks node_modules/react-dom/cjs/react-dom-client.development.js:7662:22
 ❯ updateFunctionComponent node_modules/react-dom/cjs/react-dom-client.development.js:10166:19
 ❯ beginWork node_modules/react-dom/cjs/react-dom-client.development.js:11778:18
 ❯ runWithFiberInDEV node_modules/react-dom/cjs/react-dom-client.development.js:874:13
 ❯ performUnitOfWork node_modules/react-dom/cjs/react-dom-client.development.js:17641:22
 ❯ workLoopSync node_modules/react-dom/cjs/react-dom-client.development.js:17469:41

⎯⎯⎯⎯⎯⎯⎯⎯⎯⎯⎯⎯⎯⎯⎯⎯⎯⎯⎯⎯⎯⎯⎯⎯[1/7]⎯


 Test Files  6 failed (6)
      Tests  19 failed | 1 passed (20)
   Start at  11:37:51
   Duration  23.76s

 FAIL  Tests failed. Watching for file changes...
       press h to show help, press q to quit
c[3J RERUN  app/app/documents/[id]/page.tsx x51 

 ❯ app/app/dashboard/page.test.tsx (7 tests | 7 failed) 211ms
     × renders documents and standards 168ms
     × renders dashboard widgets 27ms
     × opens analysis modal and runs check 6ms
     × shows staged documents and allows approval 1ms
     × allows rejecting staged documents 3ms
     × shows notifications 1ms
     × shows upload progress 4ms
 ❯ lib/api.test.ts (4 tests | 3 failed) 1366ms
       × should fetch documents successfully 478ms
       ✓ should throw error on failure  760ms
       × should upload document successfully 61ms
       × should throw error on upload failure 23ms
 ❯ app/app/reports/[id]/page.test.tsx (3 tests | 3 failed) 2058ms
     × renders loading state initially 1041ms
     × renders report data successfully 112ms
     × renders error state on failure 711ms
 ❯ app/app/gap-analysis/page.test.tsx (2 tests | 2 failed) 124ms
     × renders and loads standards 94ms
     × runs gap analysis and displays results 26ms
 ❯ app/app/documents/page.test.tsx (4 tests | 4 failed) 93ms
     × renders document list 86ms
     × handles file upload 3ms
     × allows deleting a document 2ms
     × shows staged documents separately 2ms

⎯⎯⎯⎯⎯⎯ Failed Suites 1 ⎯⎯⎯⎯⎯⎯⎯

 FAIL  app/app/documents/[id]/page.test.tsx [ app/app/documents/[id]/page.test.tsx ]
Error: Transform failed with 1 error:
/Users/isak/Downloads/iso-doc-platform/frontend/app/app/documents/[id]/page.tsx:250:4: ERROR: Unexpected "}"
  Plugin: vite:esbuild
  File: /Users/isak/Downloads/iso-doc-platform/frontend/app/app/documents/[id]/page.tsx:250:4
  
  Unexpected "}"
  248 |                  </div>
  249 |              ),
  250 |      });
      |      ^
  251 |  
  252 |      useCopilotAction({
  
 ❯ failureErrorWithLog node_modules/esbuild/lib/main.js:1467:15
 ❯ node_modules/esbuild/lib/main.js:736:50
 ❯ responseCallbacks.<computed> node_modules/esbuild/lib/main.js:603:9
 ❯ handleIncomingPacket node_modules/esbuild/lib/main.js:658:12
 ❯ Socket.readFromStdout node_modules/esbuild/lib/main.js:581:7

⎯⎯⎯⎯⎯⎯⎯⎯⎯⎯⎯⎯⎯⎯⎯⎯⎯⎯⎯⎯⎯⎯⎯⎯[1/1]⎯


 Test Files  6 failed (6)
      Tests  19 failed | 1 passed (20)
   Start at  11:38:19
   Duration  906ms

 FAIL  Tests failed. Watching for file changes...
       press h to show help, press q to quit
c[3J RERUN  app/app/documents/[id]/page.tsx x52 

 ❯ app/app/dashboard/page.test.tsx (7 tests | 7 failed) 211ms
     × renders documents and standards 168ms
     × renders dashboard widgets 27ms
     × opens analysis modal and runs check 6ms
     × shows staged documents and allows approval 1ms
     × allows rejecting staged documents 3ms
     × shows notifications 1ms
     × shows upload progress 4ms
 ❯ lib/api.test.ts (4 tests | 3 failed) 1366ms
       × should fetch documents successfully 478ms
       ✓ should throw error on failure  760ms
       × should upload document successfully 61ms
       × should throw error on upload failure 23ms
 ❯ app/app/reports/[id]/page.test.tsx (3 tests | 3 failed) 2058ms
     × renders loading state initially 1041ms
     × renders report data successfully 112ms
     × renders error state on failure 711ms
 ❯ app/app/gap-analysis/page.test.tsx (2 tests | 2 failed) 124ms
     × renders and loads standards 94ms
     × runs gap analysis and displays results 26ms
 ❯ app/app/documents/page.test.tsx (4 tests | 4 failed) 93ms
     × renders document list 86ms
     × handles file upload 3ms
     × allows deleting a document 2ms
     × shows staged documents separately 2ms

⎯⎯⎯⎯⎯⎯ Failed Suites 1 ⎯⎯⎯⎯⎯⎯⎯

 FAIL  app/app/documents/[id]/page.test.tsx [ app/app/documents/[id]/page.test.tsx ]
Error: Transform failed with 1 error:
/Users/isak/Downloads/iso-doc-platform/frontend/app/app/documents/[id]/page.tsx:303:4: ERROR: Unexpected "}"
  Plugin: vite:esbuild
  File: /Users/isak/Downloads/iso-doc-platform/frontend/app/app/documents/[id]/page.tsx:303:4
  
  Unexpected "}"
  301 |                  </div>
  302 |              ),
  303 |      });
      |      ^
  304 |  
  305 |      const allowedFields: Array<keyof RemediationForm> = ['owner', 'dueDate', 'status', 'summary', 'nextSteps'];
  
 ❯ failureErrorWithLog node_modules/esbuild/lib/main.js:1467:15
 ❯ node_modules/esbuild/lib/main.js:736:50
 ❯ responseCallbacks.<computed> node_modules/esbuild/lib/main.js:603:9
 ❯ handleIncomingPacket node_modules/esbuild/lib/main.js:658:12
 ❯ Socket.readFromStdout node_modules/esbuild/lib/main.js:581:7

⎯⎯⎯⎯⎯⎯⎯⎯⎯⎯⎯⎯⎯⎯⎯⎯⎯⎯⎯⎯⎯⎯⎯⎯[1/1]⎯


 Test Files  6 failed (6)
      Tests  19 failed | 1 passed (20)
   Start at  11:39:11
   Duration  395ms

 FAIL  Tests failed. Watching for file changes...
       press h to show help, press q to quit
c[3J RERUN  app/app/documents/[id]/page.tsx x53 

 ❯ app/app/dashboard/page.test.tsx (7 tests | 7 failed) 211ms
     × renders documents and standards 168ms
     × renders dashboard widgets 27ms
     × opens analysis modal and runs check 6ms
     × shows staged documents and allows approval 1ms
     × allows rejecting staged documents 3ms
     × shows notifications 1ms
     × shows upload progress 4ms
 ❯ lib/api.test.ts (4 tests | 3 failed) 1366ms
       × should fetch documents successfully 478ms
       ✓ should throw error on failure  760ms
       × should upload document successfully 61ms
       × should throw error on upload failure 23ms
 ❯ app/app/reports/[id]/page.test.tsx (3 tests | 3 failed) 2058ms
     × renders loading state initially 1041ms
     × renders report data successfully 112ms
     × renders error state on failure 711ms
 ❯ app/app/gap-analysis/page.test.tsx (2 tests | 2 failed) 124ms
     × renders and loads standards 94ms
     × runs gap analysis and displays results 26ms
 ❯ app/app/documents/page.test.tsx (4 tests | 4 failed) 93ms
     × renders document list 86ms
     × handles file upload 3ms
     × allows deleting a document 2ms
     × shows staged documents separately 2ms
 ❯ app/app/documents/[id]/page.test.tsx (2 tests | 2 failed) 347ms
     × renders document details and download button 313ms
     × triggers export on button click 32ms

⎯⎯⎯⎯⎯⎯⎯ Failed Tests 2 ⎯⎯⎯⎯⎯⎯⎯

 FAIL  app/app/documents/[id]/page.test.tsx > DocumentView Page > renders document details and download button
 FAIL  app/app/documents/[id]/page.test.tsx > DocumentView Page > triggers export on button click
Error: Remember to wrap your app in a `<CopilotKit> {...} </CopilotKit>` !!!
 ❯ useCopilotContext node_modules/@copilotkit/react-core/dist/chunk-EUX2P2E7.mjs:96:11
 ❯ useCopilotReadable node_modules/@copilotkit/react-core/dist/chunk-HDOG2RTM.mjs:18:41
 ❯ DocumentView app/app/documents/[id]/page.tsx:52:5
     50|     const [formSavedAt, setFormSavedAt] = useState<string | null>(null…
     51| 
     52|     useCopilotReadable({
       |     ^
     53|         description: 'Document metadata',
     54|         value: document,
 ❯ Object.react_stack_bottom_frame node_modules/react-dom/cjs/react-dom-client.development.js:25904:20
 ❯ renderWithHooks node_modules/react-dom/cjs/react-dom-client.development.js:7662:22
 ❯ updateFunctionComponent node_modules/react-dom/cjs/react-dom-client.development.js:10166:19
 ❯ beginWork node_modules/react-dom/cjs/react-dom-client.development.js:11778:18
 ❯ runWithFiberInDEV node_modules/react-dom/cjs/react-dom-client.development.js:874:13
 ❯ performUnitOfWork node_modules/react-dom/cjs/react-dom-client.development.js:17641:22
 ❯ workLoopSync node_modules/react-dom/cjs/react-dom-client.development.js:17469:41

⎯⎯⎯⎯⎯⎯⎯⎯⎯⎯⎯⎯⎯⎯⎯⎯⎯⎯⎯⎯⎯⎯⎯⎯[1/2]⎯


 Test Files  6 failed (6)
      Tests  21 failed | 1 passed (22)
   Start at  11:39:50
   Duration  19.05s

 FAIL  Tests failed. Watching for file changes...
       press h to show help, press q to quit
c[3J RERUN  app/app/documents/[id]/page.tsx x54 

 ❯ app/app/dashboard/page.test.tsx (7 tests | 7 failed) 211ms
     × renders documents and standards 168ms
     × renders dashboard widgets 27ms
     × opens analysis modal and runs check 6ms
     × shows staged documents and allows approval 1ms
     × allows rejecting staged documents 3ms
     × shows notifications 1ms
     × shows upload progress 4ms
 ❯ lib/api.test.ts (4 tests | 3 failed) 1366ms
       × should fetch documents successfully 478ms
       ✓ should throw error on failure  760ms
       × should upload document successfully 61ms
       × should throw error on upload failure 23ms
 ❯ app/app/reports/[id]/page.test.tsx (3 tests | 3 failed) 2058ms
     × renders loading state initially 1041ms
     × renders report data successfully 112ms
     × renders error state on failure 711ms
 ❯ app/app/gap-analysis/page.test.tsx (2 tests | 2 failed) 124ms
     × renders and loads standards 94ms
     × runs gap analysis and displays results 26ms
 ❯ app/app/documents/page.test.tsx (4 tests | 4 failed) 93ms
     × renders document list 86ms
     × handles file upload 3ms
     × allows deleting a document 2ms
     × shows staged documents separately 2ms
 ❯ app/app/documents/[id]/page.test.tsx (2 tests | 2 failed) 48ms
     × renders document details and download button 41ms
     × triggers export on button click 5ms

⎯⎯⎯⎯⎯⎯⎯ Failed Tests 2 ⎯⎯⎯⎯⎯⎯⎯

 FAIL  app/app/documents/[id]/page.test.tsx > DocumentView Page > renders document details and download button
 FAIL  app/app/documents/[id]/page.test.tsx > DocumentView Page > triggers export on button click
Error: Remember to wrap your app in a `<CopilotKit> {...} </CopilotKit>` !!!
 ❯ useCopilotContext node_modules/@copilotkit/react-core/dist/chunk-EUX2P2E7.mjs:96:11
 ❯ useCopilotReadable node_modules/@copilotkit/react-core/dist/chunk-HDOG2RTM.mjs:18:41
 ❯ DocumentView app/app/documents/[id]/page.tsx:52:5
     50|     const [formSavedAt, setFormSavedAt] = useState<string | null>(null…
     51| 
     52|     useCopilotReadable({
       |     ^
     53|         description: 'Document metadata',
     54|         value: document,
 ❯ Object.react_stack_bottom_frame node_modules/react-dom/cjs/react-dom-client.development.js:25904:20
 ❯ renderWithHooks node_modules/react-dom/cjs/react-dom-client.development.js:7662:22
 ❯ updateFunctionComponent node_modules/react-dom/cjs/react-dom-client.development.js:10166:19
 ❯ beginWork node_modules/react-dom/cjs/react-dom-client.development.js:11778:18
 ❯ runWithFiberInDEV node_modules/react-dom/cjs/react-dom-client.development.js:874:13
 ❯ performUnitOfWork node_modules/react-dom/cjs/react-dom-client.development.js:17641:22
 ❯ workLoopSync node_modules/react-dom/cjs/react-dom-client.development.js:17469:41

⎯⎯⎯⎯⎯⎯⎯⎯⎯⎯⎯⎯⎯⎯⎯⎯⎯⎯⎯⎯⎯⎯⎯⎯[1/2]⎯


 Test Files  6 failed (6)
      Tests  21 failed | 1 passed (22)
   Start at  11:40:48
   Duration  6.05s

 FAIL  Tests failed. Watching for file changes...
       press h to show help, press q to quit
c[3J RERUN  app/app/documents/[id]/page.tsx x55 

 ❯ app/app/dashboard/page.test.tsx (7 tests | 7 failed) 211ms
     × renders documents and standards 168ms
     × renders dashboard widgets 27ms
     × opens analysis modal and runs check 6ms
     × shows staged documents and allows approval 1ms
     × allows rejecting staged documents 3ms
     × shows notifications 1ms
     × shows upload progress 4ms
 ❯ lib/api.test.ts (4 tests | 3 failed) 1366ms
       × should fetch documents successfully 478ms
       ✓ should throw error on failure  760ms
       × should upload document successfully 61ms
       × should throw error on upload failure 23ms
 ❯ app/app/reports/[id]/page.test.tsx (3 tests | 3 failed) 2058ms
     × renders loading state initially 1041ms
     × renders report data successfully 112ms
     × renders error state on failure 711ms
 ❯ app/app/gap-analysis/page.test.tsx (2 tests | 2 failed) 124ms
     × renders and loads standards 94ms
     × runs gap analysis and displays results 26ms
 ❯ app/app/documents/page.test.tsx (4 tests | 4 failed) 93ms
     × renders document list 86ms
     × handles file upload 3ms
     × allows deleting a document 2ms
     × shows staged documents separately 2ms
 ❯ app/app/documents/[id]/page.test.tsx (2 tests | 2 failed) 180ms
     × renders document details and download button 170ms
     × triggers export on button click 1ms

⎯⎯⎯⎯⎯⎯⎯ Failed Tests 2 ⎯⎯⎯⎯⎯⎯⎯

 FAIL  app/app/documents/[id]/page.test.tsx > DocumentView Page > renders document details and download button
 FAIL  app/app/documents/[id]/page.test.tsx > DocumentView Page > triggers export on button click
Error: Remember to wrap your app in a `<CopilotKit> {...} </CopilotKit>` !!!
 ❯ useCopilotContext node_modules/@copilotkit/react-core/dist/chunk-EUX2P2E7.mjs:96:11
 ❯ useCopilotReadable node_modules/@copilotkit/react-core/dist/chunk-HDOG2RTM.mjs:18:41
 ❯ DocumentView app/app/documents/[id]/page.tsx:52:5
     50|     const [formSavedAt, setFormSavedAt] = useState<string | null>(null…
     51| 
     52|     useCopilotReadable({
       |     ^
     53|         description: 'Document metadata',
     54|         value: document,
 ❯ Object.react_stack_bottom_frame node_modules/react-dom/cjs/react-dom-client.development.js:25904:20
 ❯ renderWithHooks node_modules/react-dom/cjs/react-dom-client.development.js:7662:22
 ❯ updateFunctionComponent node_modules/react-dom/cjs/react-dom-client.development.js:10166:19
 ❯ beginWork node_modules/react-dom/cjs/react-dom-client.development.js:11778:18
 ❯ runWithFiberInDEV node_modules/react-dom/cjs/react-dom-client.development.js:874:13
 ❯ performUnitOfWork node_modules/react-dom/cjs/react-dom-client.development.js:17641:22
 ❯ workLoopSync node_modules/react-dom/cjs/react-dom-client.development.js:17469:41

⎯⎯⎯⎯⎯⎯⎯⎯⎯⎯⎯⎯⎯⎯⎯⎯⎯⎯⎯⎯⎯⎯⎯⎯[1/2]⎯


 Test Files  6 failed (6)
      Tests  21 failed | 1 passed (22)
   Start at  11:42:16
   Duration  8.17s

 FAIL  Tests failed. Watching for file changes...
       press h to show help, press q to quit
c[3J RERUN  app/app/documents/[id]/page.tsx x56 

 ❯ app/app/dashboard/page.test.tsx (7 tests | 7 failed) 211ms
     × renders documents and standards 168ms
     × renders dashboard widgets 27ms
     × opens analysis modal and runs check 6ms
     × shows staged documents and allows approval 1ms
     × allows rejecting staged documents 3ms
     × shows notifications 1ms
     × shows upload progress 4ms
 ❯ lib/api.test.ts (4 tests | 3 failed) 1366ms
       × should fetch documents successfully 478ms
       ✓ should throw error on failure  760ms
       × should upload document successfully 61ms
       × should throw error on upload failure 23ms
 ❯ app/app/reports/[id]/page.test.tsx (3 tests | 3 failed) 2058ms
     × renders loading state initially 1041ms
     × renders report data successfully 112ms
     × renders error state on failure 711ms
 ❯ app/app/gap-analysis/page.test.tsx (2 tests | 2 failed) 124ms
     × renders and loads standards 94ms
     × runs gap analysis and displays results 26ms
 ❯ app/app/documents/page.test.tsx (4 tests | 4 failed) 93ms
     × renders document list 86ms
     × handles file upload 3ms
     × allows deleting a document 2ms
     × shows staged documents separately 2ms
 ❯ app/app/documents/[id]/page.test.tsx (2 tests | 2 failed) 66ms
     × renders document details and download button 59ms
     × triggers export on button click 5ms

⎯⎯⎯⎯⎯⎯⎯ Failed Tests 2 ⎯⎯⎯⎯⎯⎯⎯

 FAIL  app/app/documents/[id]/page.test.tsx > DocumentView Page > renders document details and download button
 FAIL  app/app/documents/[id]/page.test.tsx > DocumentView Page > triggers export on button click
Error: Remember to wrap your app in a `<CopilotKit> {...} </CopilotKit>` !!!
 ❯ useCopilotContext node_modules/@copilotkit/react-core/dist/chunk-EUX2P2E7.mjs:96:11
 ❯ useCopilotReadable node_modules/@copilotkit/react-core/dist/chunk-HDOG2RTM.mjs:18:41
 ❯ DocumentView app/app/documents/[id]/page.tsx:52:5
     50|     const [formSavedAt, setFormSavedAt] = useState<string | null>(null…
     51| 
     52|     useCopilotReadable({
       |     ^
     53|         description: 'Document metadata',
     54|         value: document,
 ❯ Object.react_stack_bottom_frame node_modules/react-dom/cjs/react-dom-client.development.js:25904:20
 ❯ renderWithHooks node_modules/react-dom/cjs/react-dom-client.development.js:7662:22
 ❯ updateFunctionComponent node_modules/react-dom/cjs/react-dom-client.development.js:10166:19
 ❯ beginWork node_modules/react-dom/cjs/react-dom-client.development.js:11778:18
 ❯ runWithFiberInDEV node_modules/react-dom/cjs/react-dom-client.development.js:874:13
 ❯ performUnitOfWork node_modules/react-dom/cjs/react-dom-client.development.js:17641:22
 ❯ workLoopSync node_modules/react-dom/cjs/react-dom-client.development.js:17469:41

⎯⎯⎯⎯⎯⎯⎯⎯⎯⎯⎯⎯⎯⎯⎯⎯⎯⎯⎯⎯⎯⎯⎯⎯[1/2]⎯


 Test Files  6 failed (6)
      Tests  21 failed | 1 passed (22)
   Start at  11:42:34
   Duration  7.75s

 FAIL  Tests failed. Watching for file changes...
       press h to show help, press q to quit
c[3J RERUN  app/components/PersistentCopilot.tsx x57 

 ❯ app/app/dashboard/page.test.tsx (7 tests | 7 failed) 211ms
     × renders documents and standards 168ms
     × renders dashboard widgets 27ms
     × opens analysis modal and runs check 6ms
     × shows staged documents and allows approval 1ms
     × allows rejecting staged documents 3ms
     × shows notifications 1ms
     × shows upload progress 4ms
 ❯ lib/api.test.ts (4 tests | 3 failed) 1366ms
       × should fetch documents successfully 478ms
       ✓ should throw error on failure  760ms
       × should upload document successfully 61ms
       × should throw error on upload failure 23ms
 ❯ app/app/reports/[id]/page.test.tsx (3 tests | 3 failed) 2058ms
     × renders loading state initially 1041ms
     × renders report data successfully 112ms
     × renders error state on failure 711ms
 ❯ app/app/gap-analysis/page.test.tsx (2 tests | 2 failed) 124ms
     × renders and loads standards 94ms
     × runs gap analysis and displays results 26ms
 ❯ app/app/documents/page.test.tsx (4 tests | 4 failed) 93ms
     × renders document list 86ms
     × handles file upload 3ms
     × allows deleting a document 2ms
     × shows staged documents separately 2ms
 ❯ app/app/documents/[id]/page.test.tsx (2 tests | 2 failed) 167ms
     × renders document details and download button 162ms
     × triggers export on button click 3ms

⎯⎯⎯⎯⎯⎯⎯ Failed Tests 2 ⎯⎯⎯⎯⎯⎯⎯

 FAIL  app/app/documents/[id]/page.test.tsx > DocumentView Page > renders document details and download button
 FAIL  app/app/documents/[id]/page.test.tsx > DocumentView Page > triggers export on button click
Error: Remember to wrap your app in a `<CopilotKit> {...} </CopilotKit>` !!!
 ❯ useCopilotContext node_modules/@copilotkit/react-core/dist/chunk-EUX2P2E7.mjs:96:11
 ❯ useCopilotReadable node_modules/@copilotkit/react-core/dist/chunk-HDOG2RTM.mjs:18:41
 ❯ DocumentView app/app/documents/[id]/page.tsx:52:5
     50|     const [formSavedAt, setFormSavedAt] = useState<string | null>(null…
     51| 
     52|     useCopilotReadable({
       |     ^
     53|         description: 'Document metadata',
     54|         value: document,
 ❯ Object.react_stack_bottom_frame node_modules/react-dom/cjs/react-dom-client.development.js:25904:20
 ❯ renderWithHooks node_modules/react-dom/cjs/react-dom-client.development.js:7662:22
 ❯ updateFunctionComponent node_modules/react-dom/cjs/react-dom-client.development.js:10166:19
 ❯ beginWork node_modules/react-dom/cjs/react-dom-client.development.js:11778:18
 ❯ runWithFiberInDEV node_modules/react-dom/cjs/react-dom-client.development.js:874:13
 ❯ performUnitOfWork node_modules/react-dom/cjs/react-dom-client.development.js:17641:22
 ❯ workLoopSync node_modules/react-dom/cjs/react-dom-client.development.js:17469:41

⎯⎯⎯⎯⎯⎯⎯⎯⎯⎯⎯⎯⎯⎯⎯⎯⎯⎯⎯⎯⎯⎯⎯⎯[1/2]⎯


 Test Files  6 failed (6)
      Tests  21 failed | 1 passed (22)
   Start at  11:52:36
   Duration  7.95s

 FAIL  Tests failed. Watching for file changes...
       press h to show help, press q to quit
c[3J RERUN  app/components/PersistentCopilot.tsx x58 

 ❯ app/app/dashboard/page.test.tsx (7 tests | 7 failed) 211ms
     × renders documents and standards 168ms
     × renders dashboard widgets 27ms
     × opens analysis modal and runs check 6ms
     × shows staged documents and allows approval 1ms
     × allows rejecting staged documents 3ms
     × shows notifications 1ms
     × shows upload progress 4ms
 ❯ lib/api.test.ts (4 tests | 3 failed) 1366ms
       × should fetch documents successfully 478ms
       ✓ should throw error on failure  760ms
       × should upload document successfully 61ms
       × should throw error on upload failure 23ms
 ❯ app/app/reports/[id]/page.test.tsx (3 tests | 3 failed) 2058ms
     × renders loading state initially 1041ms
     × renders report data successfully 112ms
     × renders error state on failure 711ms
 ❯ app/app/gap-analysis/page.test.tsx (2 tests | 2 failed) 124ms
     × renders and loads standards 94ms
     × runs gap analysis and displays results 26ms
 ❯ app/app/documents/page.test.tsx (4 tests | 4 failed) 93ms
     × renders document list 86ms
     × handles file upload 3ms
     × allows deleting a document 2ms
     × shows staged documents separately 2ms
 ❯ app/app/documents/[id]/page.test.tsx (2 tests | 2 failed) 177ms
     × renders document details and download button 172ms
     × triggers export on button click 3ms

⎯⎯⎯⎯⎯⎯⎯ Failed Tests 2 ⎯⎯⎯⎯⎯⎯⎯

 FAIL  app/app/documents/[id]/page.test.tsx > DocumentView Page > renders document details and download button
 FAIL  app/app/documents/[id]/page.test.tsx > DocumentView Page > triggers export on button click
Error: Remember to wrap your app in a `<CopilotKit> {...} </CopilotKit>` !!!
 ❯ useCopilotContext node_modules/@copilotkit/react-core/dist/chunk-EUX2P2E7.mjs:96:11
 ❯ useCopilotReadable node_modules/@copilotkit/react-core/dist/chunk-HDOG2RTM.mjs:18:41
 ❯ DocumentView app/app/documents/[id]/page.tsx:52:5
     50|     const [formSavedAt, setFormSavedAt] = useState<string | null>(null…
     51| 
     52|     useCopilotReadable({
       |     ^
     53|         description: 'Document metadata',
     54|         value: document,
 ❯ Object.react_stack_bottom_frame node_modules/react-dom/cjs/react-dom-client.development.js:25904:20
 ❯ renderWithHooks node_modules/react-dom/cjs/react-dom-client.development.js:7662:22
 ❯ updateFunctionComponent node_modules/react-dom/cjs/react-dom-client.development.js:10166:19
 ❯ beginWork node_modules/react-dom/cjs/react-dom-client.development.js:11778:18
 ❯ runWithFiberInDEV node_modules/react-dom/cjs/react-dom-client.development.js:874:13
 ❯ performUnitOfWork node_modules/react-dom/cjs/react-dom-client.development.js:17641:22
 ❯ workLoopSync node_modules/react-dom/cjs/react-dom-client.development.js:17469:41

⎯⎯⎯⎯⎯⎯⎯⎯⎯⎯⎯⎯⎯⎯⎯⎯⎯⎯⎯⎯⎯⎯⎯⎯[1/2]⎯


 Test Files  6 failed (6)
      Tests  21 failed | 1 passed (22)
   Start at  11:52:58
   Duration  6.39s

 FAIL  Tests failed. Watching for file changes...
       press h to show help, press q to quit
c[3J RERUN  app/components/DocumentsTab.tsx x106 

 ❯ lib/api.test.ts (4 tests | 3 failed) 1366ms
       × should fetch documents successfully 478ms
       ✓ should throw error on failure  760ms
       × should upload document successfully 61ms
       × should throw error on upload failure 23ms
 ❯ app/app/reports/[id]/page.test.tsx (3 tests | 3 failed) 2058ms
     × renders loading state initially 1041ms
     × renders report data successfully 112ms
     × renders error state on failure 711ms
 ❯ app/app/documents/[id]/page.test.tsx (2 tests | 2 failed) 177ms
     × renders document details and download button 172ms
     × triggers export on button click 3ms
 ❯ app/app/gap-analysis/page.test.tsx (2 tests | 2 failed) 124ms
     × renders and loads standards 94ms
     × runs gap analysis and displays results 26ms
 ❯ app/app/documents/page.test.tsx (4 tests | 4 failed) 93ms
     × renders document list 86ms
     × handles file upload 3ms
     × allows deleting a document 2ms
     × shows staged documents separately 2ms
 ❯ app/app/dashboard/page.test.tsx (7 tests | 7 failed) 18ms
     × renders documents and standards 11ms
     × renders dashboard widgets 1ms
     × opens analysis modal and runs check 1ms
     × shows staged documents and allows approval 1ms
     × allows rejecting staged documents 1ms
     × shows notifications 1ms
     × shows upload progress 1ms

⎯⎯⎯⎯⎯⎯⎯ Failed Tests 7 ⎯⎯⎯⎯⎯⎯⎯

 FAIL  app/app/dashboard/page.test.tsx > Dashboard Page > renders documents and standards
 FAIL  app/app/dashboard/page.test.tsx > Dashboard Page > renders dashboard widgets
 FAIL  app/app/dashboard/page.test.tsx > Dashboard Page > opens analysis modal and runs check
 FAIL  app/app/dashboard/page.test.tsx > Dashboard Page > shows staged documents and allows approval
 FAIL  app/app/dashboard/page.test.tsx > Dashboard Page > allows rejecting staged documents
 FAIL  app/app/dashboard/page.test.tsx > Dashboard Page > shows notifications
 FAIL  app/app/dashboard/page.test.tsx > Dashboard Page > shows upload progress
Error: [vitest] No "useSearchParams" export is defined on the "next/navigation" mock. Did you forget to return it from "vi.mock"?
If you need to partially mock a module, you can use "importOriginal" helper inside:

vi.mock(import("next/navigation"), async (importOriginal) => {
  const actual = await importOriginal()
  return {
    ...actual,
    // your mocked methods
  }
})

 ❯ DashboardContent app/app/dashboard/page.tsx:12:26
     10| 
     11| function DashboardContent() {
     12|     const searchParams = useSearchParams();
       |                          ^
     13|     const router = useRouter();
     14|     const tabParam = searchParams.get('tab');
 ❯ Object.react_stack_bottom_frame node_modules/react-dom/cjs/react-dom-client.development.js:25904:20
 ❯ renderWithHooks node_modules/react-dom/cjs/react-dom-client.development.js:7662:22
 ❯ updateFunctionComponent node_modules/react-dom/cjs/react-dom-client.development.js:10166:19
 ❯ beginWork node_modules/react-dom/cjs/react-dom-client.development.js:11778:18
 ❯ runWithFiberInDEV node_modules/react-dom/cjs/react-dom-client.development.js:874:13
 ❯ performUnitOfWork node_modules/react-dom/cjs/react-dom-client.development.js:17641:22
 ❯ workLoopSync node_modules/react-dom/cjs/react-dom-client.development.js:17469:41

⎯⎯⎯⎯⎯⎯⎯⎯⎯⎯⎯⎯⎯⎯⎯⎯⎯⎯⎯⎯⎯⎯⎯⎯[1/7]⎯


 Test Files  6 failed (6)
      Tests  21 failed | 1 passed (22)
   Start at  12:04:31
   Duration  7.39s

 FAIL  Tests failed. Watching for file changes...
       press h to show help, press q to quit
c[3J RERUN  app/app/documents/[id]/page.tsx x59 

 ❯ app/app/dashboard/page.test.tsx (7 tests | 7 failed) 18ms
     × renders documents and standards 11ms
     × renders dashboard widgets 1ms
     × opens analysis modal and runs check 1ms
     × shows staged documents and allows approval 1ms
     × allows rejecting staged documents 1ms
     × shows notifications 1ms
     × shows upload progress 1ms
 ❯ lib/api.test.ts (4 tests | 3 failed) 1366ms
       × should fetch documents successfully 478ms
       ✓ should throw error on failure  760ms
       × should upload document successfully 61ms
       × should throw error on upload failure 23ms
 ❯ app/app/reports/[id]/page.test.tsx (3 tests | 3 failed) 2058ms
     × renders loading state initially 1041ms
     × renders report data successfully 112ms
     × renders error state on failure 711ms
 ❯ app/app/gap-analysis/page.test.tsx (2 tests | 2 failed) 124ms
     × renders and loads standards 94ms
     × runs gap analysis and displays results 26ms
 ❯ app/app/documents/page.test.tsx (4 tests | 4 failed) 93ms
     × renders document list 86ms
     × handles file upload 3ms
     × allows deleting a document 2ms
     × shows staged documents separately 2ms
 ❯ app/app/documents/[id]/page.test.tsx (2 tests | 2 failed) 12ms
     × renders document details and download button 10ms
     × triggers export on button click 1ms

⎯⎯⎯⎯⎯⎯⎯ Failed Tests 2 ⎯⎯⎯⎯⎯⎯⎯

 FAIL  app/app/documents/[id]/page.test.tsx > DocumentView Page > renders document details and download button
 FAIL  app/app/documents/[id]/page.test.tsx > DocumentView Page > triggers export on button click
Error: [vitest] No "useRouter" export is defined on the "next/navigation" mock. Did you forget to return it from "vi.mock"?
If you need to partially mock a module, you can use "importOriginal" helper inside:

vi.mock(import("next/navigation"), async (importOriginal) => {
  const actual = await importOriginal()
  return {
    ...actual,
    // your mocked methods
  }
})

 ❯ DocumentPage app/app/documents/[id]/page.tsx:9:20
      7| export default function DocumentPage() {
      8|     const params = useParams();
      9|     const router = useRouter();
       |                    ^
     10|     const id = params?.id as string;
     11| 
 ❯ Object.react_stack_bottom_frame node_modules/react-dom/cjs/react-dom-client.development.js:25904:20
 ❯ renderWithHooks node_modules/react-dom/cjs/react-dom-client.development.js:7662:22
 ❯ updateFunctionComponent node_modules/react-dom/cjs/react-dom-client.development.js:10166:19
 ❯ beginWork node_modules/react-dom/cjs/react-dom-client.development.js:11778:18
 ❯ runWithFiberInDEV node_modules/react-dom/cjs/react-dom-client.development.js:874:13
 ❯ performUnitOfWork node_modules/react-dom/cjs/react-dom-client.development.js:17641:22
 ❯ workLoopSync node_modules/react-dom/cjs/react-dom-client.development.js:17469:41

⎯⎯⎯⎯⎯⎯⎯⎯⎯⎯⎯⎯⎯⎯⎯⎯⎯⎯⎯⎯⎯⎯⎯⎯[1/2]⎯


 Test Files  6 failed (6)
      Tests  21 failed | 1 passed (22)
   Start at  12:05:57
   Duration  1.86s

 FAIL  Tests failed. Watching for file changes...
       press h to show help, press q to quit
c[3J RERUN  app/components/DocumentDetailView.tsx 

 ❯ lib/api.test.ts (4 tests | 3 failed) 1366ms
       × should fetch documents successfully 478ms
       ✓ should throw error on failure  760ms
       × should upload document successfully 61ms
       × should throw error on upload failure 23ms
 ❯ app/app/reports/[id]/page.test.tsx (3 tests | 3 failed) 2058ms
     × renders loading state initially 1041ms
     × renders report data successfully 112ms
     × renders error state on failure 711ms
 ❯ app/app/gap-analysis/page.test.tsx (2 tests | 2 failed) 124ms
     × renders and loads standards 94ms
     × runs gap analysis and displays results 26ms
 ❯ app/app/documents/page.test.tsx (4 tests | 4 failed) 93ms
     × renders document list 86ms
     × handles file upload 3ms
     × allows deleting a document 2ms
     × shows staged documents separately 2ms
 ❯ app/app/dashboard/page.test.tsx (7 tests | 7 failed) 160ms
     × renders documents and standards 120ms
     × renders dashboard widgets 8ms
     × opens analysis modal and runs check 9ms
     × shows staged documents and allows approval 8ms
     × allows rejecting staged documents 2ms
     × shows notifications 8ms
     × shows upload progress 2ms
 ❯ app/app/documents/[id]/page.test.tsx (2 tests | 2 failed) 305ms
     × renders document details and download button 303ms
     × triggers export on button click 1ms

⎯⎯⎯⎯⎯⎯⎯ Failed Tests 9 ⎯⎯⎯⎯⎯⎯⎯

 FAIL  app/app/dashboard/page.test.tsx > Dashboard Page > renders documents and standards
 FAIL  app/app/dashboard/page.test.tsx > Dashboard Page > renders dashboard widgets
 FAIL  app/app/dashboard/page.test.tsx > Dashboard Page > opens analysis modal and runs check
 FAIL  app/app/dashboard/page.test.tsx > Dashboard Page > shows staged documents and allows approval
 FAIL  app/app/dashboard/page.test.tsx > Dashboard Page > allows rejecting staged documents
 FAIL  app/app/dashboard/page.test.tsx > Dashboard Page > shows notifications
 FAIL  app/app/dashboard/page.test.tsx > Dashboard Page > shows upload progress
Error: [vitest] No "useSearchParams" export is defined on the "next/navigation" mock. Did you forget to return it from "vi.mock"?
If you need to partially mock a module, you can use "importOriginal" helper inside:

vi.mock(import("next/navigation"), async (importOriginal) => {
  const actual = await importOriginal()
  return {
    ...actual,
    // your mocked methods
  }
})

 ❯ DashboardContent app/app/dashboard/page.tsx:12:26
     10| 
     11| function DashboardContent() {
     12|     const searchParams = useSearchParams();
       |                          ^
     13|     const router = useRouter();
     14|     const tabParam = searchParams.get('tab');
 ❯ Object.react_stack_bottom_frame node_modules/react-dom/cjs/react-dom-client.development.js:25904:20
 ❯ renderWithHooks node_modules/react-dom/cjs/react-dom-client.development.js:7662:22
 ❯ updateFunctionComponent node_modules/react-dom/cjs/react-dom-client.development.js:10166:19
 ❯ beginWork node_modules/react-dom/cjs/react-dom-client.development.js:11778:18
 ❯ runWithFiberInDEV node_modules/react-dom/cjs/react-dom-client.development.js:874:13
 ❯ performUnitOfWork node_modules/react-dom/cjs/react-dom-client.development.js:17641:22
 ❯ workLoopSync node_modules/react-dom/cjs/react-dom-client.development.js:17469:41

⎯⎯⎯⎯⎯⎯⎯⎯⎯⎯⎯⎯⎯⎯⎯⎯⎯⎯⎯⎯⎯⎯⎯⎯[1/9]⎯

 FAIL  app/app/documents/[id]/page.test.tsx > DocumentView Page > renders document details and download button
 FAIL  app/app/documents/[id]/page.test.tsx > DocumentView Page > triggers export on button click
Error: [vitest] No "useRouter" export is defined on the "next/navigation" mock. Did you forget to return it from "vi.mock"?
If you need to partially mock a module, you can use "importOriginal" helper inside:

vi.mock(import("next/navigation"), async (importOriginal) => {
  const actual = await importOriginal()
  return {
    ...actual,
    // your mocked methods
  }
})

 ❯ DocumentPage app/app/documents/[id]/page.tsx:9:20
      7| export default function DocumentPage() {
      8|     const params = useParams();
      9|     const router = useRouter();
       |                    ^
     10|     const id = params?.id as string;
     11| 
 ❯ Object.react_stack_bottom_frame node_modules/react-dom/cjs/react-dom-client.development.js:25904:20
 ❯ renderWithHooks node_modules/react-dom/cjs/react-dom-client.development.js:7662:22
 ❯ updateFunctionComponent node_modules/react-dom/cjs/react-dom-client.development.js:10166:19
 ❯ beginWork node_modules/react-dom/cjs/react-dom-client.development.js:11778:18
 ❯ runWithFiberInDEV node_modules/react-dom/cjs/react-dom-client.development.js:874:13
 ❯ performUnitOfWork node_modules/react-dom/cjs/react-dom-client.development.js:17641:22
 ❯ workLoopSync node_modules/react-dom/cjs/react-dom-client.development.js:17469:41

⎯⎯⎯⎯⎯⎯⎯⎯⎯⎯⎯⎯⎯⎯⎯⎯⎯⎯⎯⎯⎯⎯⎯⎯[2/9]⎯


 Test Files  6 failed (6)
      Tests  21 failed | 1 passed (22)
   Start at  12:06:44
   Duration  74.28s

 FAIL  Tests failed. Watching for file changes...
       press h to show help, press q to quit
c[3J RERUN  app/components/DocumentsTab.tsx x108 

 ❯ lib/api.test.ts (4 tests | 3 failed) 1366ms
       × should fetch documents successfully 478ms
       ✓ should throw error on failure  760ms
       × should upload document successfully 61ms
       × should throw error on upload failure 23ms
 ❯ app/app/reports/[id]/page.test.tsx (3 tests | 3 failed) 2058ms
     × renders loading state initially 1041ms
     × renders report data successfully 112ms
     × renders error state on failure 711ms
 ❯ app/app/documents/[id]/page.test.tsx (2 tests | 2 failed) 305ms
     × renders document details and download button 303ms
     × triggers export on button click 1ms
 ❯ app/app/gap-analysis/page.test.tsx (2 tests | 2 failed) 124ms
     × renders and loads standards 94ms
     × runs gap analysis and displays results 26ms
 ❯ app/app/documents/page.test.tsx (4 tests | 4 failed) 93ms
     × renders document list 86ms
     × handles file upload 3ms
     × allows deleting a document 2ms
     × shows staged documents separately 2ms
 ❯ app/app/dashboard/page.test.tsx (7 tests | 7 failed) 162ms
     × renders documents and standards 12ms
     × renders dashboard widgets 1ms
     × opens analysis modal and runs check 1ms
     × shows staged documents and allows approval 1ms
     × allows rejecting staged documents 1ms
     × shows notifications 141ms
     × shows upload progress 3ms

⎯⎯⎯⎯⎯⎯⎯ Failed Tests 7 ⎯⎯⎯⎯⎯⎯⎯

 FAIL  app/app/dashboard/page.test.tsx > Dashboard Page > renders documents and standards
 FAIL  app/app/dashboard/page.test.tsx > Dashboard Page > renders dashboard widgets
 FAIL  app/app/dashboard/page.test.tsx > Dashboard Page > opens analysis modal and runs check
 FAIL  app/app/dashboard/page.test.tsx > Dashboard Page > shows staged documents and allows approval
 FAIL  app/app/dashboard/page.test.tsx > Dashboard Page > allows rejecting staged documents
 FAIL  app/app/dashboard/page.test.tsx > Dashboard Page > shows notifications
 FAIL  app/app/dashboard/page.test.tsx > Dashboard Page > shows upload progress
Error: [vitest] No "useSearchParams" export is defined on the "next/navigation" mock. Did you forget to return it from "vi.mock"?
If you need to partially mock a module, you can use "importOriginal" helper inside:

vi.mock(import("next/navigation"), async (importOriginal) => {
  const actual = await importOriginal()
  return {
    ...actual,
    // your mocked methods
  }
})

 ❯ DashboardContent app/app/dashboard/page.tsx:12:26
     10| 
     11| function DashboardContent() {
     12|     const searchParams = useSearchParams();
       |                          ^
     13|     const router = useRouter();
     14|     const tabParam = searchParams.get('tab');
 ❯ Object.react_stack_bottom_frame node_modules/react-dom/cjs/react-dom-client.development.js:25904:20
 ❯ renderWithHooks node_modules/react-dom/cjs/react-dom-client.development.js:7662:22
 ❯ updateFunctionComponent node_modules/react-dom/cjs/react-dom-client.development.js:10166:19
 ❯ beginWork node_modules/react-dom/cjs/react-dom-client.development.js:11778:18
 ❯ runWithFiberInDEV node_modules/react-dom/cjs/react-dom-client.development.js:874:13
 ❯ performUnitOfWork node_modules/react-dom/cjs/react-dom-client.development.js:17641:22
 ❯ workLoopSync node_modules/react-dom/cjs/react-dom-client.development.js:17469:41

⎯⎯⎯⎯⎯⎯⎯⎯⎯⎯⎯⎯⎯⎯⎯⎯⎯⎯⎯⎯⎯⎯⎯⎯[1/7]⎯


 Test Files  6 failed (6)
      Tests  21 failed | 1 passed (22)
   Start at  12:07:29
   Duration  5.80s

 FAIL  Tests failed. Watching for file changes...
       press h to show help, press q to quit
c[3J RERUN  app/components/DocumentsTab.tsx x109 

 ❯ lib/api.test.ts (4 tests | 3 failed) 1366ms
       × should fetch documents successfully 478ms
       ✓ should throw error on failure  760ms
       × should upload document successfully 61ms
       × should throw error on upload failure 23ms
 ❯ app/app/reports/[id]/page.test.tsx (3 tests | 3 failed) 2058ms
     × renders loading state initially 1041ms
     × renders report data successfully 112ms
     × renders error state on failure 711ms
 ❯ app/app/documents/[id]/page.test.tsx (2 tests | 2 failed) 305ms
     × renders document details and download button 303ms
     × triggers export on button click 1ms
 ❯ app/app/gap-analysis/page.test.tsx (2 tests | 2 failed) 124ms
     × renders and loads standards 94ms
     × runs gap analysis and displays results 26ms
 ❯ app/app/documents/page.test.tsx (4 tests | 4 failed) 93ms
     × renders document list 86ms
     × handles file upload 3ms
     × allows deleting a document 2ms
     × shows staged documents separately 2ms
 ❯ app/app/dashboard/page.test.tsx (7 tests | 7 failed) 25ms
     × renders documents and standards 15ms
     × renders dashboard widgets 2ms
     × opens analysis modal and runs check 3ms
     × shows staged documents and allows approval 1ms
     × allows rejecting staged documents 1ms
     × shows notifications 1ms
     × shows upload progress 1ms

⎯⎯⎯⎯⎯⎯⎯ Failed Tests 7 ⎯⎯⎯⎯⎯⎯⎯

 FAIL  app/app/dashboard/page.test.tsx > Dashboard Page > renders documents and standards
 FAIL  app/app/dashboard/page.test.tsx > Dashboard Page > renders dashboard widgets
 FAIL  app/app/dashboard/page.test.tsx > Dashboard Page > opens analysis modal and runs check
 FAIL  app/app/dashboard/page.test.tsx > Dashboard Page > shows staged documents and allows approval
 FAIL  app/app/dashboard/page.test.tsx > Dashboard Page > allows rejecting staged documents
 FAIL  app/app/dashboard/page.test.tsx > Dashboard Page > shows notifications
 FAIL  app/app/dashboard/page.test.tsx > Dashboard Page > shows upload progress
Error: [vitest] No "useSearchParams" export is defined on the "next/navigation" mock. Did you forget to return it from "vi.mock"?
If you need to partially mock a module, you can use "importOriginal" helper inside:

vi.mock(import("next/navigation"), async (importOriginal) => {
  const actual = await importOriginal()
  return {
    ...actual,
    // your mocked methods
  }
})

 ❯ DashboardContent app/app/dashboard/page.tsx:12:26
     10| 
     11| function DashboardContent() {
     12|     const searchParams = useSearchParams();
       |                          ^
     13|     const router = useRouter();
     14|     const tabParam = searchParams.get('tab');
 ❯ Object.react_stack_bottom_frame node_modules/react-dom/cjs/react-dom-client.development.js:25904:20
 ❯ renderWithHooks node_modules/react-dom/cjs/react-dom-client.development.js:7662:22
 ❯ updateFunctionComponent node_modules/react-dom/cjs/react-dom-client.development.js:10166:19
 ❯ beginWork node_modules/react-dom/cjs/react-dom-client.development.js:11778:18
 ❯ runWithFiberInDEV node_modules/react-dom/cjs/react-dom-client.development.js:874:13
 ❯ performUnitOfWork node_modules/react-dom/cjs/react-dom-client.development.js:17641:22
 ❯ workLoopSync node_modules/react-dom/cjs/react-dom-client.development.js:17469:41

⎯⎯⎯⎯⎯⎯⎯⎯⎯⎯⎯⎯⎯⎯⎯⎯⎯⎯⎯⎯⎯⎯⎯⎯[1/7]⎯


 Test Files  6 failed (6)
      Tests  21 failed | 1 passed (22)
   Start at  12:07:42
   Duration  5.75s

 FAIL  Tests failed. Watching for file changes...
       press h to show help, press q to quit
c[3J RERUN  app/components/DocumentDetailView.tsx 

 ❯ lib/api.test.ts (4 tests | 3 failed) 1366ms
       × should fetch documents successfully 478ms
       ✓ should throw error on failure  760ms
       × should upload document successfully 61ms
       × should throw error on upload failure 23ms
 ❯ app/app/reports/[id]/page.test.tsx (3 tests | 3 failed) 2058ms
     × renders loading state initially 1041ms
     × renders report data successfully 112ms
     × renders error state on failure 711ms
 ❯ app/app/gap-analysis/page.test.tsx (2 tests | 2 failed) 124ms
     × renders and loads standards 94ms
     × runs gap analysis and displays results 26ms
 ❯ app/app/documents/page.test.tsx (4 tests | 4 failed) 93ms
     × renders document list 86ms
     × handles file upload 3ms
     × allows deleting a document 2ms
     × shows staged documents separately 2ms
 ❯ app/app/documents/[id]/page.test.tsx (2 tests | 2 failed) 89ms
     × renders document details and download button 77ms
     × triggers export on button click 4ms
 ❯ app/app/dashboard/page.test.tsx (7 tests | 7 failed) 20ms
     × renders documents and standards 11ms
     × renders dashboard widgets 1ms
     × opens analysis modal and runs check 1ms
     × shows staged documents and allows approval 1ms
     × allows rejecting staged documents 2ms
     × shows notifications 1ms
     × shows upload progress 1ms

⎯⎯⎯⎯⎯⎯⎯ Failed Tests 9 ⎯⎯⎯⎯⎯⎯⎯

 FAIL  app/app/dashboard/page.test.tsx > Dashboard Page > renders documents and standards
 FAIL  app/app/dashboard/page.test.tsx > Dashboard Page > renders dashboard widgets
 FAIL  app/app/dashboard/page.test.tsx > Dashboard Page > opens analysis modal and runs check
 FAIL  app/app/dashboard/page.test.tsx > Dashboard Page > shows staged documents and allows approval
 FAIL  app/app/dashboard/page.test.tsx > Dashboard Page > allows rejecting staged documents
 FAIL  app/app/dashboard/page.test.tsx > Dashboard Page > shows notifications
 FAIL  app/app/dashboard/page.test.tsx > Dashboard Page > shows upload progress
Error: [vitest] No "useSearchParams" export is defined on the "next/navigation" mock. Did you forget to return it from "vi.mock"?
If you need to partially mock a module, you can use "importOriginal" helper inside:

vi.mock(import("next/navigation"), async (importOriginal) => {
  const actual = await importOriginal()
  return {
    ...actual,
    // your mocked methods
  }
})

 ❯ DashboardContent app/app/dashboard/page.tsx:12:26
     10| 
     11| function DashboardContent() {
     12|     const searchParams = useSearchParams();
       |                          ^
     13|     const router = useRouter();
     14|     const tabParam = searchParams.get('tab');
 ❯ Object.react_stack_bottom_frame node_modules/react-dom/cjs/react-dom-client.development.js:25904:20
 ❯ renderWithHooks node_modules/react-dom/cjs/react-dom-client.development.js:7662:22
 ❯ updateFunctionComponent node_modules/react-dom/cjs/react-dom-client.development.js:10166:19
 ❯ beginWork node_modules/react-dom/cjs/react-dom-client.development.js:11778:18
 ❯ runWithFiberInDEV node_modules/react-dom/cjs/react-dom-client.development.js:874:13
 ❯ performUnitOfWork node_modules/react-dom/cjs/react-dom-client.development.js:17641:22
 ❯ workLoopSync node_modules/react-dom/cjs/react-dom-client.development.js:17469:41

⎯⎯⎯⎯⎯⎯⎯⎯⎯⎯⎯⎯⎯⎯⎯⎯⎯⎯⎯⎯⎯⎯⎯⎯[1/9]⎯

 FAIL  app/app/documents/[id]/page.test.tsx > DocumentView Page > renders document details and download button
 FAIL  app/app/documents/[id]/page.test.tsx > DocumentView Page > triggers export on button click
Error: [vitest] No "useRouter" export is defined on the "next/navigation" mock. Did you forget to return it from "vi.mock"?
If you need to partially mock a module, you can use "importOriginal" helper inside:

vi.mock(import("next/navigation"), async (importOriginal) => {
  const actual = await importOriginal()
  return {
    ...actual,
    // your mocked methods
  }
})

 ❯ DocumentPage app/app/documents/[id]/page.tsx:9:20
      7| export default function DocumentPage() {
      8|     const params = useParams();
      9|     const router = useRouter();
       |                    ^
     10|     const id = params?.id as string;
     11| 
 ❯ Object.react_stack_bottom_frame node_modules/react-dom/cjs/react-dom-client.development.js:25904:20
 ❯ renderWithHooks node_modules/react-dom/cjs/react-dom-client.development.js:7662:22
 ❯ updateFunctionComponent node_modules/react-dom/cjs/react-dom-client.development.js:10166:19
 ❯ beginWork node_modules/react-dom/cjs/react-dom-client.development.js:11778:18
 ❯ runWithFiberInDEV node_modules/react-dom/cjs/react-dom-client.development.js:874:13
 ❯ performUnitOfWork node_modules/react-dom/cjs/react-dom-client.development.js:17641:22
 ❯ workLoopSync node_modules/react-dom/cjs/react-dom-client.development.js:17469:41

⎯⎯⎯⎯⎯⎯⎯⎯⎯⎯⎯⎯⎯⎯⎯⎯⎯⎯⎯⎯⎯⎯⎯⎯[2/9]⎯


 Test Files  6 failed (6)
      Tests  21 failed | 1 passed (22)
   Start at  12:08:19
   Duration  23.16s

 FAIL  Tests failed. Watching for file changes...
       press h to show help, press q to quit
c[3J RERUN  app/components/DocumentDetailView.tsx 

 ❯ lib/api.test.ts (4 tests | 3 failed) 1366ms
       × should fetch documents successfully 478ms
       ✓ should throw error on failure  760ms
       × should upload document successfully 61ms
       × should throw error on upload failure 23ms
 ❯ app/app/reports/[id]/page.test.tsx (3 tests | 3 failed) 2058ms
     × renders loading state initially 1041ms
     × renders report data successfully 112ms
     × renders error state on failure 711ms
 ❯ app/app/gap-analysis/page.test.tsx (2 tests | 2 failed) 124ms
     × renders and loads standards 94ms
     × runs gap analysis and displays results 26ms
 ❯ app/app/documents/page.test.tsx (4 tests | 4 failed) 93ms
     × renders document list 86ms
     × handles file upload 3ms
     × allows deleting a document 2ms
     × shows staged documents separately 2ms
 ❯ app/app/documents/[id]/page.test.tsx (2 tests | 2 failed) 60ms
     × renders document details and download button 53ms
     × triggers export on button click 6ms
 ❯ app/app/dashboard/page.test.tsx (7 tests | 7 failed) 103ms
     × renders documents and standards 89ms
     × renders dashboard widgets 3ms
     × opens analysis modal and runs check 4ms
     × shows staged documents and allows approval 2ms
     × allows rejecting staged documents 1ms
     × shows notifications 1ms
     × shows upload progress 1ms

⎯⎯⎯⎯⎯⎯⎯ Failed Tests 9 ⎯⎯⎯⎯⎯⎯⎯

 FAIL  app/app/dashboard/page.test.tsx > Dashboard Page > renders documents and standards
 FAIL  app/app/dashboard/page.test.tsx > Dashboard Page > renders dashboard widgets
 FAIL  app/app/dashboard/page.test.tsx > Dashboard Page > opens analysis modal and runs check
 FAIL  app/app/dashboard/page.test.tsx > Dashboard Page > shows staged documents and allows approval
 FAIL  app/app/dashboard/page.test.tsx > Dashboard Page > allows rejecting staged documents
 FAIL  app/app/dashboard/page.test.tsx > Dashboard Page > shows notifications
 FAIL  app/app/dashboard/page.test.tsx > Dashboard Page > shows upload progress
Error: [vitest] No "useSearchParams" export is defined on the "next/navigation" mock. Did you forget to return it from "vi.mock"?
If you need to partially mock a module, you can use "importOriginal" helper inside:

vi.mock(import("next/navigation"), async (importOriginal) => {
  const actual = await importOriginal()
  return {
    ...actual,
    // your mocked methods
  }
})

 ❯ DashboardContent app/app/dashboard/page.tsx:12:26
     10| 
     11| function DashboardContent() {
     12|     const searchParams = useSearchParams();
       |                          ^
     13|     const router = useRouter();
     14|     const tabParam = searchParams.get('tab');
 ❯ Object.react_stack_bottom_frame node_modules/react-dom/cjs/react-dom-client.development.js:25904:20
 ❯ renderWithHooks node_modules/react-dom/cjs/react-dom-client.development.js:7662:22
 ❯ updateFunctionComponent node_modules/react-dom/cjs/react-dom-client.development.js:10166:19
 ❯ beginWork node_modules/react-dom/cjs/react-dom-client.development.js:11778:18
 ❯ runWithFiberInDEV node_modules/react-dom/cjs/react-dom-client.development.js:874:13
 ❯ performUnitOfWork node_modules/react-dom/cjs/react-dom-client.development.js:17641:22
 ❯ workLoopSync node_modules/react-dom/cjs/react-dom-client.development.js:17469:41

⎯⎯⎯⎯⎯⎯⎯⎯⎯⎯⎯⎯⎯⎯⎯⎯⎯⎯⎯⎯⎯⎯⎯⎯[1/9]⎯

 FAIL  app/app/documents/[id]/page.test.tsx > DocumentView Page > renders document details and download button
 FAIL  app/app/documents/[id]/page.test.tsx > DocumentView Page > triggers export on button click
Error: [vitest] No "useRouter" export is defined on the "next/navigation" mock. Did you forget to return it from "vi.mock"?
If you need to partially mock a module, you can use "importOriginal" helper inside:

vi.mock(import("next/navigation"), async (importOriginal) => {
  const actual = await importOriginal()
  return {
    ...actual,
    // your mocked methods
  }
})

 ❯ DocumentPage app/app/documents/[id]/page.tsx:9:20
      7| export default function DocumentPage() {
      8|     const params = useParams();
      9|     const router = useRouter();
       |                    ^
     10|     const id = params?.id as string;
     11| 
 ❯ Object.react_stack_bottom_frame node_modules/react-dom/cjs/react-dom-client.development.js:25904:20
 ❯ renderWithHooks node_modules/react-dom/cjs/react-dom-client.development.js:7662:22
 ❯ updateFunctionComponent node_modules/react-dom/cjs/react-dom-client.development.js:10166:19
 ❯ beginWork node_modules/react-dom/cjs/react-dom-client.development.js:11778:18
 ❯ runWithFiberInDEV node_modules/react-dom/cjs/react-dom-client.development.js:874:13
 ❯ performUnitOfWork node_modules/react-dom/cjs/react-dom-client.development.js:17641:22
 ❯ workLoopSync node_modules/react-dom/cjs/react-dom-client.development.js:17469:41

⎯⎯⎯⎯⎯⎯⎯⎯⎯⎯⎯⎯⎯⎯⎯⎯⎯⎯⎯⎯⎯⎯⎯⎯[2/9]⎯


 Test Files  6 failed (6)
      Tests  21 failed | 1 passed (22)
   Start at  12:08:39
   Duration  19.92s

 FAIL  Tests failed. Watching for file changes...
       press h to show help, press q to quit
c[3J RERUN  app/components/DocumentsTab.tsx x112 

 ❯ lib/api.test.ts (4 tests | 3 failed) 1366ms
       × should fetch documents successfully 478ms
       ✓ should throw error on failure  760ms
       × should upload document successfully 61ms
       × should throw error on upload failure 23ms
 ❯ app/app/reports/[id]/page.test.tsx (3 tests | 3 failed) 2058ms
     × renders loading state initially 1041ms
     × renders report data successfully 112ms
     × renders error state on failure 711ms
 ❯ app/app/documents/[id]/page.test.tsx (2 tests | 2 failed) 60ms
     × renders document details and download button 53ms
     × triggers export on button click 6ms
 ❯ app/app/gap-analysis/page.test.tsx (2 tests | 2 failed) 124ms
     × renders and loads standards 94ms
     × runs gap analysis and displays results 26ms
 ❯ app/app/documents/page.test.tsx (4 tests | 4 failed) 93ms
     × renders document list 86ms
     × handles file upload 3ms
     × allows deleting a document 2ms
     × shows staged documents separately 2ms

⎯⎯⎯⎯⎯⎯ Failed Suites 1 ⎯⎯⎯⎯⎯⎯⎯

 FAIL  app/app/dashboard/page.test.tsx [ app/app/dashboard/page.test.tsx ]
Error: Transform failed with 2 errors:
/Users/isak/Downloads/iso-doc-platform/frontend/app/components/DocumentsTab.tsx:189:50: ERROR: Unexpected closing "td" tag does not match opening "span" tag
/Users/isak/Downloads/iso-doc-platform/frontend/app/components/DocumentsTab.tsx:190:52: ERROR: Expected ")" but found "className"
  Plugin: vite:esbuild
  File: /Users/isak/Downloads/iso-doc-platform/frontend/app/components/DocumentsTab.tsx:189:50
  
  Unexpected closing "td" tag does not match opening "span" tag
  187 |                                                      Ready for Approval
  188 |                                                      {new Date(doc.createdAt).toLocaleDateString()}
  189 |                                                  </td>
      |                                                    ^
  190 |                                                  <td className="px-6 py-4 whitespace-nowrap text-right text-sm font-me...
  191 |                                                      <div className="flex justify-end gap-3">
  
  Expected ")" but found "className"
  188 |                                                      {new Date(doc.createdAt).toLocaleDateString()}
  189 |                                                  </td>
  190 |                                                  <td className="px-6 py-4 whitespace-nowrap text-right text-sm font-me...
      |                                                      ^
  191 |                                                      <div className="flex justify-end gap-3">
  192 |                                                          <button onClick={() => openDocument(doc.id)} className="text-...
  
 ❯ failureErrorWithLog node_modules/esbuild/lib/main.js:1467:15
 ❯ node_modules/esbuild/lib/main.js:736:50
 ❯ responseCallbacks.<computed> node_modules/esbuild/lib/main.js:603:9
 ❯ handleIncomingPacket node_modules/esbuild/lib/main.js:658:12
 ❯ Socket.readFromStdout node_modules/esbuild/lib/main.js:581:7

⎯⎯⎯⎯⎯⎯⎯⎯⎯⎯⎯⎯⎯⎯⎯⎯⎯⎯⎯⎯⎯⎯⎯⎯[1/1]⎯


 Test Files  6 failed (6)
      Tests  14 failed | 1 passed (15)
   Start at  12:14:18
   Duration  652ms

 FAIL  Tests failed. Watching for file changes...
       press h to show help, press q to quit
c[3J RERUN  app/components/DocumentsTab.tsx x113 

 ❯ lib/api.test.ts (4 tests | 3 failed) 1366ms
       × should fetch documents successfully 478ms
       ✓ should throw error on failure  760ms
       × should upload document successfully 61ms
       × should throw error on upload failure 23ms
 ❯ app/app/reports/[id]/page.test.tsx (3 tests | 3 failed) 2058ms
     × renders loading state initially 1041ms
     × renders report data successfully 112ms
     × renders error state on failure 711ms
 ❯ app/app/documents/[id]/page.test.tsx (2 tests | 2 failed) 60ms
     × renders document details and download button 53ms
     × triggers export on button click 6ms
 ❯ app/app/gap-analysis/page.test.tsx (2 tests | 2 failed) 124ms
     × renders and loads standards 94ms
     × runs gap analysis and displays results 26ms
 ❯ app/app/documents/page.test.tsx (4 tests | 4 failed) 93ms
     × renders document list 86ms
     × handles file upload 3ms
     × allows deleting a document 2ms
     × shows staged documents separately 2ms
 ❯ app/app/dashboard/page.test.tsx (7 tests | 7 failed) 179ms
     × renders documents and standards 15ms
     × renders dashboard widgets 143ms
     × opens analysis modal and runs check 5ms
     × shows staged documents and allows approval 6ms
     × allows rejecting staged documents 2ms
     × shows notifications 1ms
     × shows upload progress 5ms

⎯⎯⎯⎯⎯⎯⎯ Failed Tests 7 ⎯⎯⎯⎯⎯⎯⎯

 FAIL  app/app/dashboard/page.test.tsx > Dashboard Page > renders documents and standards
 FAIL  app/app/dashboard/page.test.tsx > Dashboard Page > renders dashboard widgets
 FAIL  app/app/dashboard/page.test.tsx > Dashboard Page > opens analysis modal and runs check
 FAIL  app/app/dashboard/page.test.tsx > Dashboard Page > shows staged documents and allows approval
 FAIL  app/app/dashboard/page.test.tsx > Dashboard Page > allows rejecting staged documents
 FAIL  app/app/dashboard/page.test.tsx > Dashboard Page > shows notifications
 FAIL  app/app/dashboard/page.test.tsx > Dashboard Page > shows upload progress
Error: [vitest] No "useSearchParams" export is defined on the "next/navigation" mock. Did you forget to return it from "vi.mock"?
If you need to partially mock a module, you can use "importOriginal" helper inside:

vi.mock(import("next/navigation"), async (importOriginal) => {
  const actual = await importOriginal()
  return {
    ...actual,
    // your mocked methods
  }
})

 ❯ DashboardContent app/app/dashboard/page.tsx:12:26
     10| 
     11| function DashboardContent() {
     12|     const searchParams = useSearchParams();
       |                          ^
     13|     const router = useRouter();
     14|     const tabParam = searchParams.get('tab');
 ❯ Object.react_stack_bottom_frame node_modules/react-dom/cjs/react-dom-client.development.js:25904:20
 ❯ renderWithHooks node_modules/react-dom/cjs/react-dom-client.development.js:7662:22
 ❯ updateFunctionComponent node_modules/react-dom/cjs/react-dom-client.development.js:10166:19
 ❯ beginWork node_modules/react-dom/cjs/react-dom-client.development.js:11778:18
 ❯ runWithFiberInDEV node_modules/react-dom/cjs/react-dom-client.development.js:874:13
 ❯ performUnitOfWork node_modules/react-dom/cjs/react-dom-client.development.js:17641:22
 ❯ workLoopSync node_modules/react-dom/cjs/react-dom-client.development.js:17469:41

⎯⎯⎯⎯⎯⎯⎯⎯⎯⎯⎯⎯⎯⎯⎯⎯⎯⎯⎯⎯⎯⎯⎯⎯[1/7]⎯


 Test Files  6 failed (6)
      Tests  21 failed | 1 passed (22)
   Start at  12:14:56
   Duration  14.20s

 FAIL  Tests failed. Watching for file changes...
       press h to show help, press q to quit
c[3J RERUN  app/components/DocumentsTab.tsx x114 

 ❯ lib/api.test.ts (4 tests | 3 failed) 1366ms
       × should fetch documents successfully 478ms
       ✓ should throw error on failure  760ms
       × should upload document successfully 61ms
       × should throw error on upload failure 23ms
 ❯ app/app/reports/[id]/page.test.tsx (3 tests | 3 failed) 2058ms
     × renders loading state initially 1041ms
     × renders report data successfully 112ms
     × renders error state on failure 711ms
 ❯ app/app/documents/[id]/page.test.tsx (2 tests | 2 failed) 60ms
     × renders document details and download button 53ms
     × triggers export on button click 6ms
 ❯ app/app/gap-analysis/page.test.tsx (2 tests | 2 failed) 124ms
     × renders and loads standards 94ms
     × runs gap analysis and displays results 26ms
 ❯ app/app/documents/page.test.tsx (4 tests | 4 failed) 93ms
     × renders document list 86ms
     × handles file upload 3ms
     × allows deleting a document 2ms
     × shows staged documents separately 2ms
 ❯ app/app/dashboard/page.test.tsx (7 tests | 7 failed) 283ms
     × renders documents and standards 219ms
     × renders dashboard widgets 13ms
     × opens analysis modal and runs check 4ms
     × shows staged documents and allows approval 11ms
     × allows rejecting staged documents 10ms
     × shows notifications 3ms
     × shows upload progress 8ms

⎯⎯⎯⎯⎯⎯⎯ Failed Tests 7 ⎯⎯⎯⎯⎯⎯⎯

 FAIL  app/app/dashboard/page.test.tsx > Dashboard Page > renders documents and standards
 FAIL  app/app/dashboard/page.test.tsx > Dashboard Page > renders dashboard widgets
 FAIL  app/app/dashboard/page.test.tsx > Dashboard Page > opens analysis modal and runs check
 FAIL  app/app/dashboard/page.test.tsx > Dashboard Page > shows staged documents and allows approval
 FAIL  app/app/dashboard/page.test.tsx > Dashboard Page > allows rejecting staged documents
 FAIL  app/app/dashboard/page.test.tsx > Dashboard Page > shows notifications
 FAIL  app/app/dashboard/page.test.tsx > Dashboard Page > shows upload progress
Error: [vitest] No "useSearchParams" export is defined on the "next/navigation" mock. Did you forget to return it from "vi.mock"?
If you need to partially mock a module, you can use "importOriginal" helper inside:

vi.mock(import("next/navigation"), async (importOriginal) => {
  const actual = await importOriginal()
  return {
    ...actual,
    // your mocked methods
  }
})

 ❯ DashboardContent app/app/dashboard/page.tsx:12:26
     10| 
     11| function DashboardContent() {
     12|     const searchParams = useSearchParams();
       |                          ^
     13|     const router = useRouter();
     14|     const tabParam = searchParams.get('tab');
 ❯ Object.react_stack_bottom_frame node_modules/react-dom/cjs/react-dom-client.development.js:25904:20
 ❯ renderWithHooks node_modules/react-dom/cjs/react-dom-client.development.js:7662:22
 ❯ updateFunctionComponent node_modules/react-dom/cjs/react-dom-client.development.js:10166:19
 ❯ beginWork node_modules/react-dom/cjs/react-dom-client.development.js:11778:18
 ❯ runWithFiberInDEV node_modules/react-dom/cjs/react-dom-client.development.js:874:13
 ❯ performUnitOfWork node_modules/react-dom/cjs/react-dom-client.development.js:17641:22
 ❯ workLoopSync node_modules/react-dom/cjs/react-dom-client.development.js:17469:41

⎯⎯⎯⎯⎯⎯⎯⎯⎯⎯⎯⎯⎯⎯⎯⎯⎯⎯⎯⎯⎯⎯⎯⎯[1/7]⎯


 Test Files  6 failed (6)
      Tests  21 failed | 1 passed (22)
   Start at  12:15:33
   Duration  14.60s

 FAIL  Tests failed. Watching for file changes...
       press h to show help, press q to quit
c[3J RERUN  app/components/DocumentsTab.tsx x115 

 ❯ lib/api.test.ts (4 tests | 3 failed) 1366ms
       × should fetch documents successfully 478ms
       ✓ should throw error on failure  760ms
       × should upload document successfully 61ms
       × should throw error on upload failure 23ms
 ❯ app/app/reports/[id]/page.test.tsx (3 tests | 3 failed) 2058ms
     × renders loading state initially 1041ms
     × renders report data successfully 112ms
     × renders error state on failure 711ms
 ❯ app/app/documents/[id]/page.test.tsx (2 tests | 2 failed) 60ms
     × renders document details and download button 53ms
     × triggers export on button click 6ms
 ❯ app/app/gap-analysis/page.test.tsx (2 tests | 2 failed) 124ms
     × renders and loads standards 94ms
     × runs gap analysis and displays results 26ms
 ❯ app/app/documents/page.test.tsx (4 tests | 4 failed) 93ms
     × renders document list 86ms
     × handles file upload 3ms
     × allows deleting a document 2ms
     × shows staged documents separately 2ms
 ❯ app/app/dashboard/page.test.tsx (7 tests | 7 failed) 116ms
     × renders documents and standards 98ms
     × renders dashboard widgets 2ms
     × opens analysis modal and runs check 2ms
     × shows staged documents and allows approval 7ms
     × allows rejecting staged documents 2ms
     × shows notifications 1ms
     × shows upload progress 2ms

⎯⎯⎯⎯⎯⎯⎯ Failed Tests 7 ⎯⎯⎯⎯⎯⎯⎯

 FAIL  app/app/dashboard/page.test.tsx > Dashboard Page > renders documents and standards
 FAIL  app/app/dashboard/page.test.tsx > Dashboard Page > renders dashboard widgets
 FAIL  app/app/dashboard/page.test.tsx > Dashboard Page > opens analysis modal and runs check
 FAIL  app/app/dashboard/page.test.tsx > Dashboard Page > shows staged documents and allows approval
 FAIL  app/app/dashboard/page.test.tsx > Dashboard Page > allows rejecting staged documents
 FAIL  app/app/dashboard/page.test.tsx > Dashboard Page > shows notifications
 FAIL  app/app/dashboard/page.test.tsx > Dashboard Page > shows upload progress
Error: [vitest] No "useSearchParams" export is defined on the "next/navigation" mock. Did you forget to return it from "vi.mock"?
If you need to partially mock a module, you can use "importOriginal" helper inside:

vi.mock(import("next/navigation"), async (importOriginal) => {
  const actual = await importOriginal()
  return {
    ...actual,
    // your mocked methods
  }
})

 ❯ DashboardContent app/app/dashboard/page.tsx:12:26
     10| 
     11| function DashboardContent() {
     12|     const searchParams = useSearchParams();
       |                          ^
     13|     const router = useRouter();
     14|     const tabParam = searchParams.get('tab');
 ❯ Object.react_stack_bottom_frame node_modules/react-dom/cjs/react-dom-client.development.js:25904:20
 ❯ renderWithHooks node_modules/react-dom/cjs/react-dom-client.development.js:7662:22
 ❯ updateFunctionComponent node_modules/react-dom/cjs/react-dom-client.development.js:10166:19
 ❯ beginWork node_modules/react-dom/cjs/react-dom-client.development.js:11778:18
 ❯ runWithFiberInDEV node_modules/react-dom/cjs/react-dom-client.development.js:874:13
 ❯ performUnitOfWork node_modules/react-dom/cjs/react-dom-client.development.js:17641:22
 ❯ workLoopSync node_modules/react-dom/cjs/react-dom-client.development.js:17469:41

⎯⎯⎯⎯⎯⎯⎯⎯⎯⎯⎯⎯⎯⎯⎯⎯⎯⎯⎯⎯⎯⎯⎯⎯[1/7]⎯


 Test Files  6 failed (6)
      Tests  21 failed | 1 passed (22)
   Start at  12:15:57
   Duration  16.46s

 FAIL  Tests failed. Watching for file changes...
       press h to show help, press q to quit
c[3J RERUN  app/components/IDE/ComplianceTools.tsx x116 

 ❯ lib/api.test.ts (4 tests | 3 failed) 1366ms
       × should fetch documents successfully 478ms
       ✓ should throw error on failure  760ms
       × should upload document successfully 61ms
       × should throw error on upload failure 23ms
 ❯ app/app/reports/[id]/page.test.tsx (3 tests | 3 failed) 2058ms
     × renders loading state initially 1041ms
     × renders report data successfully 112ms
     × renders error state on failure 711ms
 ❯ app/app/documents/[id]/page.test.tsx (2 tests | 2 failed) 60ms
     × renders document details and download button 53ms
     × triggers export on button click 6ms
 ❯ app/app/gap-analysis/page.test.tsx (2 tests | 2 failed) 124ms
     × renders and loads standards 94ms
     × runs gap analysis and displays results 26ms
 ❯ app/app/documents/page.test.tsx (4 tests | 4 failed) 93ms
     × renders document list 86ms
     × handles file upload 3ms
     × allows deleting a document 2ms
     × shows staged documents separately 2ms
 ❯ app/app/dashboard/page.test.tsx (7 tests | 7 failed) 76ms
     × renders documents and standards 13ms
     × renders dashboard widgets 56ms
     × opens analysis modal and runs check 2ms
     × shows staged documents and allows approval 1ms
     × allows rejecting staged documents 1ms
     × shows notifications 1ms
     × shows upload progress 1ms

⎯⎯⎯⎯⎯⎯⎯ Failed Tests 7 ⎯⎯⎯⎯⎯⎯⎯

 FAIL  app/app/dashboard/page.test.tsx > Dashboard Page > renders documents and standards
 FAIL  app/app/dashboard/page.test.tsx > Dashboard Page > renders dashboard widgets
 FAIL  app/app/dashboard/page.test.tsx > Dashboard Page > opens analysis modal and runs check
 FAIL  app/app/dashboard/page.test.tsx > Dashboard Page > shows staged documents and allows approval
 FAIL  app/app/dashboard/page.test.tsx > Dashboard Page > allows rejecting staged documents
 FAIL  app/app/dashboard/page.test.tsx > Dashboard Page > shows notifications
 FAIL  app/app/dashboard/page.test.tsx > Dashboard Page > shows upload progress
Error: [vitest] No "useSearchParams" export is defined on the "next/navigation" mock. Did you forget to return it from "vi.mock"?
If you need to partially mock a module, you can use "importOriginal" helper inside:

vi.mock(import("next/navigation"), async (importOriginal) => {
  const actual = await importOriginal()
  return {
    ...actual,
    // your mocked methods
  }
})

 ❯ DashboardContent app/app/dashboard/page.tsx:12:26
     10| 
     11| function DashboardContent() {
     12|     const searchParams = useSearchParams();
       |                          ^
     13|     const router = useRouter();
     14|     const tabParam = searchParams.get('tab');
 ❯ Object.react_stack_bottom_frame node_modules/react-dom/cjs/react-dom-client.development.js:25904:20
 ❯ renderWithHooks node_modules/react-dom/cjs/react-dom-client.development.js:7662:22
 ❯ updateFunctionComponent node_modules/react-dom/cjs/react-dom-client.development.js:10166:19
 ❯ beginWork node_modules/react-dom/cjs/react-dom-client.development.js:11778:18
 ❯ runWithFiberInDEV node_modules/react-dom/cjs/react-dom-client.development.js:874:13
 ❯ performUnitOfWork node_modules/react-dom/cjs/react-dom-client.development.js:17641:22
 ❯ workLoopSync node_modules/react-dom/cjs/react-dom-client.development.js:17469:41

⎯⎯⎯⎯⎯⎯⎯⎯⎯⎯⎯⎯⎯⎯⎯⎯⎯⎯⎯⎯⎯⎯⎯⎯[1/7]⎯


 Test Files  6 failed (6)
      Tests  21 failed | 1 passed (22)
   Start at  12:16:57
   Duration  5.26s

 FAIL  Tests failed. Watching for file changes...
       press h to show help, press q to quit
c[3J RERUN  app/components/IDE/ComplianceTools.tsx x117 

 ❯ lib/api.test.ts (4 tests | 3 failed) 1366ms
       × should fetch documents successfully 478ms
       ✓ should throw error on failure  760ms
       × should upload document successfully 61ms
       × should throw error on upload failure 23ms
 ❯ app/app/reports/[id]/page.test.tsx (3 tests | 3 failed) 2058ms
     × renders loading state initially 1041ms
     × renders report data successfully 112ms
     × renders error state on failure 711ms
 ❯ app/app/documents/[id]/page.test.tsx (2 tests | 2 failed) 60ms
     × renders document details and download button 53ms
     × triggers export on button click 6ms
 ❯ app/app/gap-analysis/page.test.tsx (2 tests | 2 failed) 124ms
     × renders and loads standards 94ms
     × runs gap analysis and displays results 26ms
 ❯ app/app/documents/page.test.tsx (4 tests | 4 failed) 93ms
     × renders document list 86ms
     × handles file upload 3ms
     × allows deleting a document 2ms
     × shows staged documents separately 2ms
 ❯ app/app/dashboard/page.test.tsx (7 tests | 7 failed) 73ms
     × renders documents and standards 10ms
     × renders dashboard widgets 1ms
     × opens analysis modal and runs check 1ms
     × shows staged documents and allows approval 1ms
     × allows rejecting staged documents 1ms
     × shows notifications 57ms
     × shows upload progress 1ms

⎯⎯⎯⎯⎯⎯⎯ Failed Tests 7 ⎯⎯⎯⎯⎯⎯⎯

 FAIL  app/app/dashboard/page.test.tsx > Dashboard Page > renders documents and standards
 FAIL  app/app/dashboard/page.test.tsx > Dashboard Page > renders dashboard widgets
 FAIL  app/app/dashboard/page.test.tsx > Dashboard Page > opens analysis modal and runs check
 FAIL  app/app/dashboard/page.test.tsx > Dashboard Page > shows staged documents and allows approval
 FAIL  app/app/dashboard/page.test.tsx > Dashboard Page > allows rejecting staged documents
 FAIL  app/app/dashboard/page.test.tsx > Dashboard Page > shows notifications
 FAIL  app/app/dashboard/page.test.tsx > Dashboard Page > shows upload progress
Error: [vitest] No "useSearchParams" export is defined on the "next/navigation" mock. Did you forget to return it from "vi.mock"?
If you need to partially mock a module, you can use "importOriginal" helper inside:

vi.mock(import("next/navigation"), async (importOriginal) => {
  const actual = await importOriginal()
  return {
    ...actual,
    // your mocked methods
  }
})

 ❯ DashboardContent app/app/dashboard/page.tsx:12:26
     10| 
     11| function DashboardContent() {
     12|     const searchParams = useSearchParams();
       |                          ^
     13|     const router = useRouter();
     14|     const tabParam = searchParams.get('tab');
 ❯ Object.react_stack_bottom_frame node_modules/react-dom/cjs/react-dom-client.development.js:25904:20
 ❯ renderWithHooks node_modules/react-dom/cjs/react-dom-client.development.js:7662:22
 ❯ updateFunctionComponent node_modules/react-dom/cjs/react-dom-client.development.js:10166:19
 ❯ beginWork node_modules/react-dom/cjs/react-dom-client.development.js:11778:18
 ❯ runWithFiberInDEV node_modules/react-dom/cjs/react-dom-client.development.js:874:13
 ❯ performUnitOfWork node_modules/react-dom/cjs/react-dom-client.development.js:17641:22
 ❯ workLoopSync node_modules/react-dom/cjs/react-dom-client.development.js:17469:41

⎯⎯⎯⎯⎯⎯⎯⎯⎯⎯⎯⎯⎯⎯⎯⎯⎯⎯⎯⎯⎯⎯⎯⎯[1/7]⎯


 Test Files  6 failed (6)
      Tests  21 failed | 1 passed (22)
   Start at  12:17:13
   Duration  5.67s

 FAIL  Tests failed. Watching for file changes...
       press h to show help, press q to quit
c[3J RERUN  app/app/dashboard/page.tsx x118 

 ❯ lib/api.test.ts (4 tests | 3 failed) 1366ms
       × should fetch documents successfully 478ms
       ✓ should throw error on failure  760ms
       × should upload document successfully 61ms
       × should throw error on upload failure 23ms
 ❯ app/app/reports/[id]/page.test.tsx (3 tests | 3 failed) 2058ms
     × renders loading state initially 1041ms
     × renders report data successfully 112ms
     × renders error state on failure 711ms
 ❯ app/app/documents/[id]/page.test.tsx (2 tests | 2 failed) 60ms
     × renders document details and download button 53ms
     × triggers export on button click 6ms
 ❯ app/app/gap-analysis/page.test.tsx (2 tests | 2 failed) 124ms
     × renders and loads standards 94ms
     × runs gap analysis and displays results 26ms
 ❯ app/app/documents/page.test.tsx (4 tests | 4 failed) 93ms
     × renders document list 86ms
     × handles file upload 3ms
     × allows deleting a document 2ms
     × shows staged documents separately 2ms
 ❯ app/app/dashboard/page.test.tsx (7 tests | 7 failed) 36ms
     × renders documents and standards 26ms
     × renders dashboard widgets 3ms
     × opens analysis modal and runs check 2ms
     × shows staged documents and allows approval 1ms
     × allows rejecting staged documents 1ms
     × shows notifications 1ms
     × shows upload progress 1ms

⎯⎯⎯⎯⎯⎯⎯ Failed Tests 7 ⎯⎯⎯⎯⎯⎯⎯

 FAIL  app/app/dashboard/page.test.tsx > Dashboard Page > renders documents and standards
 FAIL  app/app/dashboard/page.test.tsx > Dashboard Page > renders dashboard widgets
 FAIL  app/app/dashboard/page.test.tsx > Dashboard Page > opens analysis modal and runs check
 FAIL  app/app/dashboard/page.test.tsx > Dashboard Page > shows staged documents and allows approval
 FAIL  app/app/dashboard/page.test.tsx > Dashboard Page > allows rejecting staged documents
 FAIL  app/app/dashboard/page.test.tsx > Dashboard Page > shows notifications
 FAIL  app/app/dashboard/page.test.tsx > Dashboard Page > shows upload progress
Error: [vitest] No "useSearchParams" export is defined on the "next/navigation" mock. Did you forget to return it from "vi.mock"?
If you need to partially mock a module, you can use "importOriginal" helper inside:

vi.mock(import("next/navigation"), async (importOriginal) => {
  const actual = await importOriginal()
  return {
    ...actual,
    // your mocked methods
  }
})

 ❯ DashboardContent app/app/dashboard/page.tsx:12:26
     10| 
     11| function DashboardContent() {
     12|     const searchParams = useSearchParams();
       |                          ^
     13|     const router = useRouter();
     14|     const tabParam = searchParams.get('tab');
 ❯ Object.react_stack_bottom_frame node_modules/react-dom/cjs/react-dom-client.development.js:25904:20
 ❯ renderWithHooks node_modules/react-dom/cjs/react-dom-client.development.js:7662:22
 ❯ updateFunctionComponent node_modules/react-dom/cjs/react-dom-client.development.js:10166:19
 ❯ beginWork node_modules/react-dom/cjs/react-dom-client.development.js:11778:18
 ❯ runWithFiberInDEV node_modules/react-dom/cjs/react-dom-client.development.js:874:13
 ❯ performUnitOfWork node_modules/react-dom/cjs/react-dom-client.development.js:17641:22
 ❯ workLoopSync node_modules/react-dom/cjs/react-dom-client.development.js:17469:41

⎯⎯⎯⎯⎯⎯⎯⎯⎯⎯⎯⎯⎯⎯⎯⎯⎯⎯⎯⎯⎯⎯⎯⎯[1/7]⎯


 Test Files  6 failed (6)
      Tests  21 failed | 1 passed (22)
   Start at  12:22:42
   Duration  5.51s

 FAIL  Tests failed. Watching for file changes...
       press h to show help, press q to quit
c[3J RERUN  app/components/DocumentsTab.tsx x119 

 ❯ lib/api.test.ts (4 tests | 3 failed) 1366ms
       × should fetch documents successfully 478ms
       ✓ should throw error on failure  760ms
       × should upload document successfully 61ms
       × should throw error on upload failure 23ms
 ❯ app/app/reports/[id]/page.test.tsx (3 tests | 3 failed) 2058ms
     × renders loading state initially 1041ms
     × renders report data successfully 112ms
     × renders error state on failure 711ms
 ❯ app/app/documents/[id]/page.test.tsx (2 tests | 2 failed) 60ms
     × renders document details and download button 53ms
     × triggers export on button click 6ms
 ❯ app/app/gap-analysis/page.test.tsx (2 tests | 2 failed) 124ms
     × renders and loads standards 94ms
     × runs gap analysis and displays results 26ms
 ❯ app/app/documents/page.test.tsx (4 tests | 4 failed) 93ms
     × renders document list 86ms
     × handles file upload 3ms
     × allows deleting a document 2ms
     × shows staged documents separately 2ms
 ❯ app/app/dashboard/page.test.tsx (7 tests | 7 failed) 54ms
     × renders documents and standards 43ms
     × renders dashboard widgets 1ms
     × opens analysis modal and runs check 1ms
     × shows staged documents and allows approval 1ms
     × allows rejecting staged documents 1ms
     × shows notifications 1ms
     × shows upload progress 1ms

⎯⎯⎯⎯⎯⎯⎯ Failed Tests 7 ⎯⎯⎯⎯⎯⎯⎯

 FAIL  app/app/dashboard/page.test.tsx > Dashboard Page > renders documents and standards
 FAIL  app/app/dashboard/page.test.tsx > Dashboard Page > renders dashboard widgets
 FAIL  app/app/dashboard/page.test.tsx > Dashboard Page > opens analysis modal and runs check
 FAIL  app/app/dashboard/page.test.tsx > Dashboard Page > shows staged documents and allows approval
 FAIL  app/app/dashboard/page.test.tsx > Dashboard Page > allows rejecting staged documents
 FAIL  app/app/dashboard/page.test.tsx > Dashboard Page > shows notifications
 FAIL  app/app/dashboard/page.test.tsx > Dashboard Page > shows upload progress
Error: [vitest] No "useSearchParams" export is defined on the "next/navigation" mock. Did you forget to return it from "vi.mock"?
If you need to partially mock a module, you can use "importOriginal" helper inside:

vi.mock(import("next/navigation"), async (importOriginal) => {
  const actual = await importOriginal()
  return {
    ...actual,
    // your mocked methods
  }
})

 ❯ DashboardContent app/app/dashboard/page.tsx:12:26
     10| 
     11| function DashboardContent() {
     12|     const searchParams = useSearchParams();
       |                          ^
     13|     const router = useRouter();
     14|     const tabParam = searchParams.get('tab');
 ❯ Object.react_stack_bottom_frame node_modules/react-dom/cjs/react-dom-client.development.js:25904:20
 ❯ renderWithHooks node_modules/react-dom/cjs/react-dom-client.development.js:7662:22
 ❯ updateFunctionComponent node_modules/react-dom/cjs/react-dom-client.development.js:10166:19
 ❯ beginWork node_modules/react-dom/cjs/react-dom-client.development.js:11778:18
 ❯ runWithFiberInDEV node_modules/react-dom/cjs/react-dom-client.development.js:874:13
 ❯ performUnitOfWork node_modules/react-dom/cjs/react-dom-client.development.js:17641:22
 ❯ workLoopSync node_modules/react-dom/cjs/react-dom-client.development.js:17469:41

⎯⎯⎯⎯⎯⎯⎯⎯⎯⎯⎯⎯⎯⎯⎯⎯⎯⎯⎯⎯⎯⎯⎯⎯[1/7]⎯


 Test Files  6 failed (6)
      Tests  21 failed | 1 passed (22)
   Start at  12:22:56
   Duration  7.37s

 FAIL  Tests failed. Watching for file changes...
       press h to show help, press q to quit
c[3J RERUN  app/components/IDE/IDELayout.tsx x120 

 ❯ lib/api.test.ts (4 tests | 3 failed) 1366ms
       × should fetch documents successfully 478ms
       ✓ should throw error on failure  760ms
       × should upload document successfully 61ms
       × should throw error on upload failure 23ms
 ❯ app/app/reports/[id]/page.test.tsx (3 tests | 3 failed) 2058ms
     × renders loading state initially 1041ms
     × renders report data successfully 112ms
     × renders error state on failure 711ms
 ❯ app/app/documents/[id]/page.test.tsx (2 tests | 2 failed) 60ms
     × renders document details and download button 53ms
     × triggers export on button click 6ms
 ❯ app/app/gap-analysis/page.test.tsx (2 tests | 2 failed) 124ms
     × renders and loads standards 94ms
     × runs gap analysis and displays results 26ms
 ❯ app/app/documents/page.test.tsx (4 tests | 4 failed) 93ms
     × renders document list 86ms
     × handles file upload 3ms
     × allows deleting a document 2ms
     × shows staged documents separately 2ms
 ❯ app/app/dashboard/page.test.tsx (7 tests | 7 failed) 122ms
     × renders documents and standards 76ms
     × renders dashboard widgets 1ms
     × opens analysis modal and runs check 1ms
     × shows staged documents and allows approval 1ms
     × allows rejecting staged documents 1ms
     × shows notifications 4ms
     × shows upload progress 26ms

⎯⎯⎯⎯⎯⎯⎯ Failed Tests 7 ⎯⎯⎯⎯⎯⎯⎯

 FAIL  app/app/dashboard/page.test.tsx > Dashboard Page > renders documents and standards
 FAIL  app/app/dashboard/page.test.tsx > Dashboard Page > renders dashboard widgets
 FAIL  app/app/dashboard/page.test.tsx > Dashboard Page > opens analysis modal and runs check
 FAIL  app/app/dashboard/page.test.tsx > Dashboard Page > shows staged documents and allows approval
 FAIL  app/app/dashboard/page.test.tsx > Dashboard Page > allows rejecting staged documents
 FAIL  app/app/dashboard/page.test.tsx > Dashboard Page > shows notifications
 FAIL  app/app/dashboard/page.test.tsx > Dashboard Page > shows upload progress
Error: [vitest] No "useSearchParams" export is defined on the "next/navigation" mock. Did you forget to return it from "vi.mock"?
If you need to partially mock a module, you can use "importOriginal" helper inside:

vi.mock(import("next/navigation"), async (importOriginal) => {
  const actual = await importOriginal()
  return {
    ...actual,
    // your mocked methods
  }
})

 ❯ DashboardContent app/app/dashboard/page.tsx:12:26
     10| 
     11| function DashboardContent() {
     12|     const searchParams = useSearchParams();
       |                          ^
     13|     const router = useRouter();
     14|     const tabParam = searchParams.get('tab');
 ❯ Object.react_stack_bottom_frame node_modules/react-dom/cjs/react-dom-client.development.js:25904:20
 ❯ renderWithHooks node_modules/react-dom/cjs/react-dom-client.development.js:7662:22
 ❯ updateFunctionComponent node_modules/react-dom/cjs/react-dom-client.development.js:10166:19
 ❯ beginWork node_modules/react-dom/cjs/react-dom-client.development.js:11778:18
 ❯ runWithFiberInDEV node_modules/react-dom/cjs/react-dom-client.development.js:874:13
 ❯ performUnitOfWork node_modules/react-dom/cjs/react-dom-client.development.js:17641:22
 ❯ workLoopSync node_modules/react-dom/cjs/react-dom-client.development.js:17469:41

⎯⎯⎯⎯⎯⎯⎯⎯⎯⎯⎯⎯⎯⎯⎯⎯⎯⎯⎯⎯⎯⎯⎯⎯[1/7]⎯


 Test Files  6 failed (6)
      Tests  21 failed | 1 passed (22)
   Start at  12:23:16
   Duration  6.55s

 FAIL  Tests failed. Watching for file changes...
       press h to show help, press q to quit
c[3J RERUN  app/components/IDE/IDELayout.tsx x121 

 ❯ lib/api.test.ts (4 tests | 3 failed) 1366ms
       × should fetch documents successfully 478ms
       ✓ should throw error on failure  760ms
       × should upload document successfully 61ms
       × should throw error on upload failure 23ms
 ❯ app/app/reports/[id]/page.test.tsx (3 tests | 3 failed) 2058ms
     × renders loading state initially 1041ms
     × renders report data successfully 112ms
     × renders error state on failure 711ms
 ❯ app/app/documents/[id]/page.test.tsx (2 tests | 2 failed) 60ms
     × renders document details and download button 53ms
     × triggers export on button click 6ms
 ❯ app/app/gap-analysis/page.test.tsx (2 tests | 2 failed) 124ms
     × renders and loads standards 94ms
     × runs gap analysis and displays results 26ms
 ❯ app/app/documents/page.test.tsx (4 tests | 4 failed) 93ms
     × renders document list 86ms
     × handles file upload 3ms
     × allows deleting a document 2ms
     × shows staged documents separately 2ms
 ❯ app/app/dashboard/page.test.tsx (7 tests | 7 failed) 17ms
     × renders documents and standards 11ms
     × renders dashboard widgets 1ms
     × opens analysis modal and runs check 1ms
     × shows staged documents and allows approval 1ms
     × allows rejecting staged documents 1ms
     × shows notifications 1ms
     × shows upload progress 1ms

⎯⎯⎯⎯⎯⎯⎯ Failed Tests 7 ⎯⎯⎯⎯⎯⎯⎯

 FAIL  app/app/dashboard/page.test.tsx > Dashboard Page > renders documents and standards
 FAIL  app/app/dashboard/page.test.tsx > Dashboard Page > renders dashboard widgets
 FAIL  app/app/dashboard/page.test.tsx > Dashboard Page > opens analysis modal and runs check
 FAIL  app/app/dashboard/page.test.tsx > Dashboard Page > shows staged documents and allows approval
 FAIL  app/app/dashboard/page.test.tsx > Dashboard Page > allows rejecting staged documents
 FAIL  app/app/dashboard/page.test.tsx > Dashboard Page > shows notifications
 FAIL  app/app/dashboard/page.test.tsx > Dashboard Page > shows upload progress
Error: [vitest] No "useSearchParams" export is defined on the "next/navigation" mock. Did you forget to return it from "vi.mock"?
If you need to partially mock a module, you can use "importOriginal" helper inside:

vi.mock(import("next/navigation"), async (importOriginal) => {
  const actual = await importOriginal()
  return {
    ...actual,
    // your mocked methods
  }
})

 ❯ DashboardContent app/app/dashboard/page.tsx:12:26
     10| 
     11| function DashboardContent() {
     12|     const searchParams = useSearchParams();
       |                          ^
     13|     const router = useRouter();
     14|     const tabParam = searchParams.get('tab');
 ❯ Object.react_stack_bottom_frame node_modules/react-dom/cjs/react-dom-client.development.js:25904:20
 ❯ renderWithHooks node_modules/react-dom/cjs/react-dom-client.development.js:7662:22
 ❯ updateFunctionComponent node_modules/react-dom/cjs/react-dom-client.development.js:10166:19
 ❯ beginWork node_modules/react-dom/cjs/react-dom-client.development.js:11778:18
 ❯ runWithFiberInDEV node_modules/react-dom/cjs/react-dom-client.development.js:874:13
 ❯ performUnitOfWork node_modules/react-dom/cjs/react-dom-client.development.js:17641:22
 ❯ workLoopSync node_modules/react-dom/cjs/react-dom-client.development.js:17469:41

⎯⎯⎯⎯⎯⎯⎯⎯⎯⎯⎯⎯⎯⎯⎯⎯⎯⎯⎯⎯⎯⎯⎯⎯[1/7]⎯


 Test Files  6 failed (6)
      Tests  21 failed | 1 passed (22)
   Start at  12:23:53
   Duration  8.17s

 FAIL  Tests failed. Watching for file changes...
       press h to show help, press q to quit
c[3J RERUN  app/components/PersistentCopilot.tsx 

 ❯ lib/api.test.ts (4 tests | 3 failed) 1366ms
       × should fetch documents successfully 478ms
       ✓ should throw error on failure  760ms
       × should upload document successfully 61ms
       × should throw error on upload failure 23ms
 ❯ app/app/reports/[id]/page.test.tsx (3 tests | 3 failed) 2058ms
     × renders loading state initially 1041ms
     × renders report data successfully 112ms
     × renders error state on failure 711ms
 ❯ app/app/gap-analysis/page.test.tsx (2 tests | 2 failed) 124ms
     × renders and loads standards 94ms
     × runs gap analysis and displays results 26ms
 ❯ app/app/documents/page.test.tsx (4 tests | 4 failed) 93ms
     × renders document list 86ms
     × handles file upload 3ms
     × allows deleting a document 2ms
     × shows staged documents separately 2ms
 ❯ app/app/documents/[id]/page.test.tsx (2 tests | 2 failed) 159ms
     × renders document details and download button 149ms
     × triggers export on button click 8ms
 ❯ app/app/dashboard/page.test.tsx (7 tests | 7 failed) 159ms
     × renders documents and standards 148ms
     × renders dashboard widgets 1ms
     × opens analysis modal and runs check 1ms
     × shows staged documents and allows approval 1ms
     × allows rejecting staged documents 6ms
     × shows notifications 1ms
     × shows upload progress 1ms

⎯⎯⎯⎯⎯⎯⎯ Failed Tests 9 ⎯⎯⎯⎯⎯⎯⎯

 FAIL  app/app/documents/[id]/page.test.tsx > DocumentView Page > renders document details and download button
 FAIL  app/app/documents/[id]/page.test.tsx > DocumentView Page > triggers export on button click
Error: [vitest] No "useRouter" export is defined on the "next/navigation" mock. Did you forget to return it from "vi.mock"?
If you need to partially mock a module, you can use "importOriginal" helper inside:

vi.mock(import("next/navigation"), async (importOriginal) => {
  const actual = await importOriginal()
  return {
    ...actual,
    // your mocked methods
  }
})

 ❯ DocumentPage app/app/documents/[id]/page.tsx:9:20
      7| export default function DocumentPage() {
      8|     const params = useParams();
      9|     const router = useRouter();
       |                    ^
     10|     const id = params?.id as string;
     11| 
 ❯ Object.react_stack_bottom_frame node_modules/react-dom/cjs/react-dom-client.development.js:25904:20
 ❯ renderWithHooks node_modules/react-dom/cjs/react-dom-client.development.js:7662:22
 ❯ updateFunctionComponent node_modules/react-dom/cjs/react-dom-client.development.js:10166:19
 ❯ beginWork node_modules/react-dom/cjs/react-dom-client.development.js:11778:18
 ❯ runWithFiberInDEV node_modules/react-dom/cjs/react-dom-client.development.js:874:13
 ❯ performUnitOfWork node_modules/react-dom/cjs/react-dom-client.development.js:17641:22
 ❯ workLoopSync node_modules/react-dom/cjs/react-dom-client.development.js:17469:41

⎯⎯⎯⎯⎯⎯⎯⎯⎯⎯⎯⎯⎯⎯⎯⎯⎯⎯⎯⎯⎯⎯⎯⎯[1/9]⎯

 FAIL  app/app/dashboard/page.test.tsx > Dashboard Page > renders documents and standards
 FAIL  app/app/dashboard/page.test.tsx > Dashboard Page > renders dashboard widgets
 FAIL  app/app/dashboard/page.test.tsx > Dashboard Page > opens analysis modal and runs check
 FAIL  app/app/dashboard/page.test.tsx > Dashboard Page > shows staged documents and allows approval
 FAIL  app/app/dashboard/page.test.tsx > Dashboard Page > allows rejecting staged documents
 FAIL  app/app/dashboard/page.test.tsx > Dashboard Page > shows notifications
 FAIL  app/app/dashboard/page.test.tsx > Dashboard Page > shows upload progress
Error: [vitest] No "useSearchParams" export is defined on the "next/navigation" mock. Did you forget to return it from "vi.mock"?
If you need to partially mock a module, you can use "importOriginal" helper inside:

vi.mock(import("next/navigation"), async (importOriginal) => {
  const actual = await importOriginal()
  return {
    ...actual,
    // your mocked methods
  }
})

 ❯ DashboardContent app/app/dashboard/page.tsx:12:26
     10| 
     11| function DashboardContent() {
     12|     const searchParams = useSearchParams();
       |                          ^
     13|     const router = useRouter();
     14|     const tabParam = searchParams.get('tab');
 ❯ Object.react_stack_bottom_frame node_modules/react-dom/cjs/react-dom-client.development.js:25904:20
 ❯ renderWithHooks node_modules/react-dom/cjs/react-dom-client.development.js:7662:22
 ❯ updateFunctionComponent node_modules/react-dom/cjs/react-dom-client.development.js:10166:19
 ❯ beginWork node_modules/react-dom/cjs/react-dom-client.development.js:11778:18
 ❯ runWithFiberInDEV node_modules/react-dom/cjs/react-dom-client.development.js:874:13
 ❯ performUnitOfWork node_modules/react-dom/cjs/react-dom-client.development.js:17641:22
 ❯ workLoopSync node_modules/react-dom/cjs/react-dom-client.development.js:17469:41

⎯⎯⎯⎯⎯⎯⎯⎯⎯⎯⎯⎯⎯⎯⎯⎯⎯⎯⎯⎯⎯⎯⎯⎯[2/9]⎯


 Test Files  6 failed (6)
      Tests  21 failed | 1 passed (22)
   Start at  12:26:36
   Duration  30.32s

 FAIL  Tests failed. Watching for file changes...
       press h to show help, press q to quit
c[3J RERUN  app/components/Sidebar.tsx 

 ❯ lib/api.test.ts (4 tests | 3 failed) 1366ms
       × should fetch documents successfully 478ms
       ✓ should throw error on failure  760ms
       × should upload document successfully 61ms
       × should throw error on upload failure 23ms
 ❯ app/app/reports/[id]/page.test.tsx (3 tests | 3 failed) 2058ms
     × renders loading state initially 1041ms
     × renders report data successfully 112ms
     × renders error state on failure 711ms
 ❯ app/app/documents/[id]/page.test.tsx (2 tests | 2 failed) 159ms
     × renders document details and download button 149ms
     × triggers export on button click 8ms
 ❯ app/app/gap-analysis/page.test.tsx (2 tests | 2 failed) 124ms
     × renders and loads standards 94ms
     × runs gap analysis and displays results 26ms
 ❯ app/app/documents/page.test.tsx (4 tests | 4 failed) 21ms
     × renders document list 15ms
     × handles file upload 2ms
     × allows deleting a document 2ms
     × shows staged documents separately 1ms
 ❯ app/app/dashboard/page.test.tsx (7 tests | 7 failed) 22ms
     × renders documents and standards 13ms
     × renders dashboard widgets 1ms
     × opens analysis modal and runs check 1ms
     × shows staged documents and allows approval 1ms
     × allows rejecting staged documents 2ms
     × shows notifications 1ms
     × shows upload progress 1ms

⎯⎯⎯⎯⎯⎯ Failed Tests 11 ⎯⎯⎯⎯⎯⎯⎯

 FAIL  app/app/dashboard/page.test.tsx > Dashboard Page > renders documents and standards
 FAIL  app/app/dashboard/page.test.tsx > Dashboard Page > renders dashboard widgets
 FAIL  app/app/dashboard/page.test.tsx > Dashboard Page > opens analysis modal and runs check
 FAIL  app/app/dashboard/page.test.tsx > Dashboard Page > shows staged documents and allows approval
 FAIL  app/app/dashboard/page.test.tsx > Dashboard Page > allows rejecting staged documents
 FAIL  app/app/dashboard/page.test.tsx > Dashboard Page > shows notifications
 FAIL  app/app/dashboard/page.test.tsx > Dashboard Page > shows upload progress
Error: [vitest] No "useSearchParams" export is defined on the "next/navigation" mock. Did you forget to return it from "vi.mock"?
If you need to partially mock a module, you can use "importOriginal" helper inside:

vi.mock(import("next/navigation"), async (importOriginal) => {
  const actual = await importOriginal()
  return {
    ...actual,
    // your mocked methods
  }
})

 ❯ DashboardContent app/app/dashboard/page.tsx:12:26
     10| 
     11| function DashboardContent() {
     12|     const searchParams = useSearchParams();
       |                          ^
     13|     const router = useRouter();
     14|     const tabParam = searchParams.get('tab');
 ❯ Object.react_stack_bottom_frame node_modules/react-dom/cjs/react-dom-client.development.js:25904:20
 ❯ renderWithHooks node_modules/react-dom/cjs/react-dom-client.development.js:7662:22
 ❯ updateFunctionComponent node_modules/react-dom/cjs/react-dom-client.development.js:10166:19
 ❯ beginWork node_modules/react-dom/cjs/react-dom-client.development.js:11778:18
 ❯ runWithFiberInDEV node_modules/react-dom/cjs/react-dom-client.development.js:874:13
 ❯ performUnitOfWork node_modules/react-dom/cjs/react-dom-client.development.js:17641:22
 ❯ workLoopSync node_modules/react-dom/cjs/react-dom-client.development.js:17469:41

⎯⎯⎯⎯⎯⎯⎯⎯⎯⎯⎯⎯⎯⎯⎯⎯⎯⎯⎯⎯⎯⎯⎯[1/11]⎯

 FAIL  app/app/documents/page.test.tsx > Documents Page > renders document list
 FAIL  app/app/documents/page.test.tsx > Documents Page > handles file upload
 FAIL  app/app/documents/page.test.tsx > Documents Page > allows deleting a document
 FAIL  app/app/documents/page.test.tsx > Documents Page > shows staged documents separately
ConfigurationError: Missing required prop: 'runtimeUrl' or 'publicApiKey' or 'publicLicenseKey'
 ❯ new CopilotKitError node_modules/@copilotkit/shared/dist/chunk-XLQ2EIPH.mjs:170:5
 ❯ new ConfigurationError node_modules/@copilotkit/shared/dist/chunk-XLQ2EIPH.mjs:315:5
 ❯ validateProps node_modules/@copilotkit/react-core/dist/chunk-CI4KD357.mjs:651:11
 ❯ CopilotKitInternal node_modules/@copilotkit/react-core/dist/chunk-CI4KD357.mjs:207:3
 ❯ Object.react_stack_bottom_frame node_modules/react-dom/cjs/react-dom-client.development.js:25904:20
 ❯ renderWithHooks node_modules/react-dom/cjs/react-dom-client.development.js:7662:22
 ❯ updateFunctionComponent node_modules/react-dom/cjs/react-dom-client.development.js:10166:19
 ❯ beginWork node_modules/react-dom/cjs/react-dom-client.development.js:11778:18
 ❯ runWithFiberInDEV node_modules/react-dom/cjs/react-dom-client.development.js:874:13
 ❯ performUnitOfWork node_modules/react-dom/cjs/react-dom-client.development.js:17641:22

⎯⎯⎯⎯⎯⎯⎯⎯⎯⎯⎯⎯⎯⎯⎯⎯⎯⎯⎯⎯⎯⎯⎯[2/11]⎯


 Test Files  6 failed (6)
      Tests  21 failed | 1 passed (22)
   Start at  12:26:59
   Duration  14.28s

 FAIL  Tests failed. Watching for file changes...
       press h to show help, press q to quit
c[3J RERUN  app/app/dashboard/page.tsx x124 

 ❯ lib/api.test.ts (4 tests | 3 failed) 1366ms
       × should fetch documents successfully 478ms
       ✓ should throw error on failure  760ms
       × should upload document successfully 61ms
       × should throw error on upload failure 23ms
 ❯ app/app/reports/[id]/page.test.tsx (3 tests | 3 failed) 2058ms
     × renders loading state initially 1041ms
     × renders report data successfully 112ms
     × renders error state on failure 711ms
 ❯ app/app/documents/[id]/page.test.tsx (2 tests | 2 failed) 159ms
     × renders document details and download button 149ms
     × triggers export on button click 8ms
 ❯ app/app/gap-analysis/page.test.tsx (2 tests | 2 failed) 124ms
     × renders and loads standards 94ms
     × runs gap analysis and displays results 26ms
 ❯ app/app/documents/page.test.tsx (4 tests | 4 failed) 21ms
     × renders document list 15ms
     × handles file upload 2ms
     × allows deleting a document 2ms
     × shows staged documents separately 1ms
 ❯ app/app/dashboard/page.test.tsx (7 tests | 7 failed) 226ms
     × renders documents and standards 18ms
     × renders dashboard widgets 2ms
     × opens analysis modal and runs check 3ms
     × shows staged documents and allows approval 1ms
     × allows rejecting staged documents 164ms
     × shows notifications 35ms
     × shows upload progress 2ms

⎯⎯⎯⎯⎯⎯⎯ Failed Tests 7 ⎯⎯⎯⎯⎯⎯⎯

 FAIL  app/app/dashboard/page.test.tsx > Dashboard Page > renders documents and standards
 FAIL  app/app/dashboard/page.test.tsx > Dashboard Page > renders dashboard widgets
 FAIL  app/app/dashboard/page.test.tsx > Dashboard Page > opens analysis modal and runs check
 FAIL  app/app/dashboard/page.test.tsx > Dashboard Page > shows staged documents and allows approval
 FAIL  app/app/dashboard/page.test.tsx > Dashboard Page > allows rejecting staged documents
 FAIL  app/app/dashboard/page.test.tsx > Dashboard Page > shows notifications
 FAIL  app/app/dashboard/page.test.tsx > Dashboard Page > shows upload progress
Error: [vitest] No "useSearchParams" export is defined on the "next/navigation" mock. Did you forget to return it from "vi.mock"?
If you need to partially mock a module, you can use "importOriginal" helper inside:

vi.mock(import("next/navigation"), async (importOriginal) => {
  const actual = await importOriginal()
  return {
    ...actual,
    // your mocked methods
  }
})

 ❯ DashboardInner app/app/dashboard/page.tsx:16:26
     14| 
     15| function DashboardInner() {
     16|     const searchParams = useSearchParams();
       |                          ^
     17|     const router = useRouter();
     18|     const tabParam = searchParams.get('tab');
 ❯ Object.react_stack_bottom_frame node_modules/react-dom/cjs/react-dom-client.development.js:25904:20
 ❯ renderWithHooks node_modules/react-dom/cjs/react-dom-client.development.js:7662:22
 ❯ updateFunctionComponent node_modules/react-dom/cjs/react-dom-client.development.js:10166:19
 ❯ beginWork node_modules/react-dom/cjs/react-dom-client.development.js:11778:18
 ❯ runWithFiberInDEV node_modules/react-dom/cjs/react-dom-client.development.js:874:13
 ❯ performUnitOfWork node_modules/react-dom/cjs/react-dom-client.development.js:17641:22
 ❯ workLoopSync node_modules/react-dom/cjs/react-dom-client.development.js:17469:41

⎯⎯⎯⎯⎯⎯⎯⎯⎯⎯⎯⎯⎯⎯⎯⎯⎯⎯⎯⎯⎯⎯⎯⎯[1/7]⎯


 Test Files  6 failed (6)
      Tests  21 failed | 1 passed (22)
   Start at  12:29:35
   Duration  8.20s

 FAIL  Tests failed. Watching for file changes...
       press h to show help, press q to quit
c[3J RERUN  app/components/DocumentsTab.tsx x125 

 ❯ lib/api.test.ts (4 tests | 3 failed) 1366ms
       × should fetch documents successfully 478ms
       ✓ should throw error on failure  760ms
       × should upload document successfully 61ms
       × should throw error on upload failure 23ms
 ❯ app/app/reports/[id]/page.test.tsx (3 tests | 3 failed) 2058ms
     × renders loading state initially 1041ms
     × renders report data successfully 112ms
     × renders error state on failure 711ms
 ❯ app/app/documents/[id]/page.test.tsx (2 tests | 2 failed) 159ms
     × renders document details and download button 149ms
     × triggers export on button click 8ms
 ❯ app/app/gap-analysis/page.test.tsx (2 tests | 2 failed) 124ms
     × renders and loads standards 94ms
     × runs gap analysis and displays results 26ms
 ❯ app/app/documents/page.test.tsx (4 tests | 4 failed) 21ms
     × renders document list 15ms
     × handles file upload 2ms
     × allows deleting a document 2ms
     × shows staged documents separately 1ms
 ❯ app/app/dashboard/page.test.tsx (7 tests | 7 failed) 151ms
     × renders documents and standards 13ms
     × renders dashboard widgets 1ms
     × opens analysis modal and runs check 1ms
     × shows staged documents and allows approval 1ms
     × allows rejecting staged documents 124ms
     × shows notifications 4ms
     × shows upload progress 5ms

⎯⎯⎯⎯⎯⎯⎯ Failed Tests 7 ⎯⎯⎯⎯⎯⎯⎯

 FAIL  app/app/dashboard/page.test.tsx > Dashboard Page > renders documents and standards
 FAIL  app/app/dashboard/page.test.tsx > Dashboard Page > renders dashboard widgets
 FAIL  app/app/dashboard/page.test.tsx > Dashboard Page > opens analysis modal and runs check
 FAIL  app/app/dashboard/page.test.tsx > Dashboard Page > shows staged documents and allows approval
 FAIL  app/app/dashboard/page.test.tsx > Dashboard Page > allows rejecting staged documents
 FAIL  app/app/dashboard/page.test.tsx > Dashboard Page > shows notifications
 FAIL  app/app/dashboard/page.test.tsx > Dashboard Page > shows upload progress
Error: [vitest] No "useSearchParams" export is defined on the "next/navigation" mock. Did you forget to return it from "vi.mock"?
If you need to partially mock a module, you can use "importOriginal" helper inside:

vi.mock(import("next/navigation"), async (importOriginal) => {
  const actual = await importOriginal()
  return {
    ...actual,
    // your mocked methods
  }
})

 ❯ DashboardInner app/app/dashboard/page.tsx:16:26
     14| 
     15| function DashboardInner() {
     16|     const searchParams = useSearchParams();
       |                          ^
     17|     const router = useRouter();
     18|     const tabParam = searchParams.get('tab');
 ❯ Object.react_stack_bottom_frame node_modules/react-dom/cjs/react-dom-client.development.js:25904:20
 ❯ renderWithHooks node_modules/react-dom/cjs/react-dom-client.development.js:7662:22
 ❯ updateFunctionComponent node_modules/react-dom/cjs/react-dom-client.development.js:10166:19
 ❯ beginWork node_modules/react-dom/cjs/react-dom-client.development.js:11778:18
 ❯ runWithFiberInDEV node_modules/react-dom/cjs/react-dom-client.development.js:874:13
 ❯ performUnitOfWork node_modules/react-dom/cjs/react-dom-client.development.js:17641:22
 ❯ workLoopSync node_modules/react-dom/cjs/react-dom-client.development.js:17469:41

⎯⎯⎯⎯⎯⎯⎯⎯⎯⎯⎯⎯⎯⎯⎯⎯⎯⎯⎯⎯⎯⎯⎯⎯[1/7]⎯


 Test Files  6 failed (6)
      Tests  21 failed | 1 passed (22)
   Start at  12:30:05
   Duration  14.77s

 FAIL  Tests failed. Watching for file changes...
       press h to show help, press q to quit
c[3J RERUN  app/components/DocumentsTab.tsx x126 

 ❯ lib/api.test.ts (4 tests | 3 failed) 1366ms
       × should fetch documents successfully 478ms
       ✓ should throw error on failure  760ms
       × should upload document successfully 61ms
       × should throw error on upload failure 23ms
 ❯ app/app/reports/[id]/page.test.tsx (3 tests | 3 failed) 2058ms
     × renders loading state initially 1041ms
     × renders report data successfully 112ms
     × renders error state on failure 711ms
 ❯ app/app/documents/[id]/page.test.tsx (2 tests | 2 failed) 159ms
     × renders document details and download button 149ms
     × triggers export on button click 8ms
 ❯ app/app/gap-analysis/page.test.tsx (2 tests | 2 failed) 124ms
     × renders and loads standards 94ms
     × runs gap analysis and displays results 26ms
 ❯ app/app/documents/page.test.tsx (4 tests | 4 failed) 21ms
     × renders document list 15ms
     × handles file upload 2ms
     × allows deleting a document 2ms
     × shows staged documents separately 1ms
 ❯ app/app/dashboard/page.test.tsx (7 tests | 7 failed) 27ms
     × renders documents and standards 20ms
     × renders dashboard widgets 1ms
     × opens analysis modal and runs check 1ms
     × shows staged documents and allows approval 1ms
     × allows rejecting staged documents 1ms
     × shows notifications 1ms
     × shows upload progress 1ms

⎯⎯⎯⎯⎯⎯⎯ Failed Tests 7 ⎯⎯⎯⎯⎯⎯⎯

 FAIL  app/app/dashboard/page.test.tsx > Dashboard Page > renders documents and standards
 FAIL  app/app/dashboard/page.test.tsx > Dashboard Page > renders dashboard widgets
 FAIL  app/app/dashboard/page.test.tsx > Dashboard Page > opens analysis modal and runs check
 FAIL  app/app/dashboard/page.test.tsx > Dashboard Page > shows staged documents and allows approval
 FAIL  app/app/dashboard/page.test.tsx > Dashboard Page > allows rejecting staged documents
 FAIL  app/app/dashboard/page.test.tsx > Dashboard Page > shows notifications
 FAIL  app/app/dashboard/page.test.tsx > Dashboard Page > shows upload progress
Error: [vitest] No "useSearchParams" export is defined on the "next/navigation" mock. Did you forget to return it from "vi.mock"?
If you need to partially mock a module, you can use "importOriginal" helper inside:

vi.mock(import("next/navigation"), async (importOriginal) => {
  const actual = await importOriginal()
  return {
    ...actual,
    // your mocked methods
  }
})

 ❯ DashboardInner app/app/dashboard/page.tsx:16:26
     14| 
     15| function DashboardInner() {
     16|     const searchParams = useSearchParams();
       |                          ^
     17|     const router = useRouter();
     18|     const tabParam = searchParams.get('tab');
 ❯ Object.react_stack_bottom_frame node_modules/react-dom/cjs/react-dom-client.development.js:25904:20
 ❯ renderWithHooks node_modules/react-dom/cjs/react-dom-client.development.js:7662:22
 ❯ updateFunctionComponent node_modules/react-dom/cjs/react-dom-client.development.js:10166:19
 ❯ beginWork node_modules/react-dom/cjs/react-dom-client.development.js:11778:18
 ❯ runWithFiberInDEV node_modules/react-dom/cjs/react-dom-client.development.js:874:13
 ❯ performUnitOfWork node_modules/react-dom/cjs/react-dom-client.development.js:17641:22
 ❯ workLoopSync node_modules/react-dom/cjs/react-dom-client.development.js:17469:41

⎯⎯⎯⎯⎯⎯⎯⎯⎯⎯⎯⎯⎯⎯⎯⎯⎯⎯⎯⎯⎯⎯⎯⎯[1/7]⎯


 Test Files  6 failed (6)
      Tests  21 failed | 1 passed (22)
   Start at  12:30:25
   Duration  19.98s

 FAIL  Tests failed. Watching for file changes...
       press h to show help, press q to quit
c[3J RERUN  app/components/IDE/IDELayout.tsx x127 

 ❯ lib/api.test.ts (4 tests | 3 failed) 1366ms
       × should fetch documents successfully 478ms
       ✓ should throw error on failure  760ms
       × should upload document successfully 61ms
       × should throw error on upload failure 23ms
 ❯ app/app/reports/[id]/page.test.tsx (3 tests | 3 failed) 2058ms
     × renders loading state initially 1041ms
     × renders report data successfully 112ms
     × renders error state on failure 711ms
 ❯ app/app/documents/[id]/page.test.tsx (2 tests | 2 failed) 159ms
     × renders document details and download button 149ms
     × triggers export on button click 8ms
 ❯ app/app/gap-analysis/page.test.tsx (2 tests | 2 failed) 124ms
     × renders and loads standards 94ms
     × runs gap analysis and displays results 26ms
 ❯ app/app/documents/page.test.tsx (4 tests | 4 failed) 21ms
     × renders document list 15ms
     × handles file upload 2ms
     × allows deleting a document 2ms
     × shows staged documents separately 1ms
 ❯ app/app/dashboard/page.test.tsx (7 tests | 7 failed) 290ms
     × renders documents and standards 37ms
     × renders dashboard widgets 12ms
     × opens analysis modal and runs check 94ms
     × shows staged documents and allows approval 29ms
     × allows rejecting staged documents 3ms
     × shows notifications 3ms
     × shows upload progress 106ms

⎯⎯⎯⎯⎯⎯⎯ Failed Tests 7 ⎯⎯⎯⎯⎯⎯⎯

 FAIL  app/app/dashboard/page.test.tsx > Dashboard Page > renders documents and standards
 FAIL  app/app/dashboard/page.test.tsx > Dashboard Page > renders dashboard widgets
 FAIL  app/app/dashboard/page.test.tsx > Dashboard Page > opens analysis modal and runs check
 FAIL  app/app/dashboard/page.test.tsx > Dashboard Page > shows staged documents and allows approval
 FAIL  app/app/dashboard/page.test.tsx > Dashboard Page > allows rejecting staged documents
 FAIL  app/app/dashboard/page.test.tsx > Dashboard Page > shows notifications
 FAIL  app/app/dashboard/page.test.tsx > Dashboard Page > shows upload progress
Error: [vitest] No "useSearchParams" export is defined on the "next/navigation" mock. Did you forget to return it from "vi.mock"?
If you need to partially mock a module, you can use "importOriginal" helper inside:

vi.mock(import("next/navigation"), async (importOriginal) => {
  const actual = await importOriginal()
  return {
    ...actual,
    // your mocked methods
  }
})

 ❯ DashboardInner app/app/dashboard/page.tsx:16:26
     14| 
     15| function DashboardInner() {
     16|     const searchParams = useSearchParams();
       |                          ^
     17|     const router = useRouter();
     18|     const tabParam = searchParams.get('tab');
 ❯ Object.react_stack_bottom_frame node_modules/react-dom/cjs/react-dom-client.development.js:25904:20
 ❯ renderWithHooks node_modules/react-dom/cjs/react-dom-client.development.js:7662:22
 ❯ updateFunctionComponent node_modules/react-dom/cjs/react-dom-client.development.js:10166:19
 ❯ beginWork node_modules/react-dom/cjs/react-dom-client.development.js:11778:18
 ❯ runWithFiberInDEV node_modules/react-dom/cjs/react-dom-client.development.js:874:13
 ❯ performUnitOfWork node_modules/react-dom/cjs/react-dom-client.development.js:17641:22
 ❯ workLoopSync node_modules/react-dom/cjs/react-dom-client.development.js:17469:41

⎯⎯⎯⎯⎯⎯⎯⎯⎯⎯⎯⎯⎯⎯⎯⎯⎯⎯⎯⎯⎯⎯⎯⎯[1/7]⎯


 Test Files  6 failed (6)
      Tests  21 failed | 1 passed (22)
   Start at  12:31:04
   Duration  13.50s

 FAIL  Tests failed. Watching for file changes...
       press h to show help, press q to quit
c[3J RERUN  app/components/IDE/IDELayout.tsx x128 

 ❯ lib/api.test.ts (4 tests | 3 failed) 1366ms
       × should fetch documents successfully 478ms
       ✓ should throw error on failure  760ms
       × should upload document successfully 61ms
       × should throw error on upload failure 23ms
 ❯ app/app/reports/[id]/page.test.tsx (3 tests | 3 failed) 2058ms
     × renders loading state initially 1041ms
     × renders report data successfully 112ms
     × renders error state on failure 711ms
 ❯ app/app/documents/[id]/page.test.tsx (2 tests | 2 failed) 159ms
     × renders document details and download button 149ms
     × triggers export on button click 8ms
 ❯ app/app/gap-analysis/page.test.tsx (2 tests | 2 failed) 124ms
     × renders and loads standards 94ms
     × runs gap analysis and displays results 26ms
 ❯ app/app/documents/page.test.tsx (4 tests | 4 failed) 21ms
     × renders document list 15ms
     × handles file upload 2ms
     × allows deleting a document 2ms
     × shows staged documents separately 1ms
 ❯ app/app/dashboard/page.test.tsx (7 tests | 7 failed) 96ms
     × renders documents and standards 83ms
     × renders dashboard widgets 2ms
     × opens analysis modal and runs check 1ms
     × shows staged documents and allows approval 4ms
     × allows rejecting staged documents 1ms
     × shows notifications 1ms
     × shows upload progress 1ms

⎯⎯⎯⎯⎯⎯⎯ Failed Tests 7 ⎯⎯⎯⎯⎯⎯⎯

 FAIL  app/app/dashboard/page.test.tsx > Dashboard Page > renders documents and standards
 FAIL  app/app/dashboard/page.test.tsx > Dashboard Page > renders dashboard widgets
 FAIL  app/app/dashboard/page.test.tsx > Dashboard Page > opens analysis modal and runs check
 FAIL  app/app/dashboard/page.test.tsx > Dashboard Page > shows staged documents and allows approval
 FAIL  app/app/dashboard/page.test.tsx > Dashboard Page > allows rejecting staged documents
 FAIL  app/app/dashboard/page.test.tsx > Dashboard Page > shows notifications
 FAIL  app/app/dashboard/page.test.tsx > Dashboard Page > shows upload progress
Error: [vitest] No "useSearchParams" export is defined on the "next/navigation" mock. Did you forget to return it from "vi.mock"?
If you need to partially mock a module, you can use "importOriginal" helper inside:

vi.mock(import("next/navigation"), async (importOriginal) => {
  const actual = await importOriginal()
  return {
    ...actual,
    // your mocked methods
  }
})

 ❯ DashboardInner app/app/dashboard/page.tsx:16:26
     14| 
     15| function DashboardInner() {
     16|     const searchParams = useSearchParams();
       |                          ^
     17|     const router = useRouter();
     18|     const tabParam = searchParams.get('tab');
 ❯ Object.react_stack_bottom_frame node_modules/react-dom/cjs/react-dom-client.development.js:25904:20
 ❯ renderWithHooks node_modules/react-dom/cjs/react-dom-client.development.js:7662:22
 ❯ updateFunctionComponent node_modules/react-dom/cjs/react-dom-client.development.js:10166:19
 ❯ beginWork node_modules/react-dom/cjs/react-dom-client.development.js:11778:18
 ❯ runWithFiberInDEV node_modules/react-dom/cjs/react-dom-client.development.js:874:13
 ❯ performUnitOfWork node_modules/react-dom/cjs/react-dom-client.development.js:17641:22
 ❯ workLoopSync node_modules/react-dom/cjs/react-dom-client.development.js:17469:41

⎯⎯⎯⎯⎯⎯⎯⎯⎯⎯⎯⎯⎯⎯⎯⎯⎯⎯⎯⎯⎯⎯⎯⎯[1/7]⎯


 Test Files  6 failed (6)
      Tests  21 failed | 1 passed (22)
   Start at  12:31:24
   Duration  10.50s

 FAIL  Tests failed. Watching for file changes...
       press h to show help, press q to quit
c[3J RERUN  lib/api.ts 

stderr | lib/api.test.ts > API Client > fetchDocuments > should throw error on failure
[next-auth][error][CLIENT_FETCH_ERROR] 
https://next-auth.js.org/errors#client_fetch_error res.json is not a function {
  error: {
    message: [32m'res.json is not a function'[39m,
    stack: [32m'TypeError: res.json is not a function\n'[39m +
      [32m'    at _callee$ (/Users/isak/Downloads/iso-doc-platform/frontend/node_modules/next-auth/client/_utils.js:53:22)\n'[39m +
      [32m'    at /Users/isak/Downloads/iso-doc-platform/frontend/node_modules/@babel/runtime/helpers/regeneratorRuntime.js:52:18\n'[39m +
      [32m'    at Generator.<anonymous> (/Users/isak/Downloads/iso-doc-platform/frontend/node_modules/@babel/runtime/helpers/regenerator.js:52:51)\n'[39m +
      [32m'    at Generator.next (/Users/isak/Downloads/iso-doc-platform/frontend/node_modules/@babel/runtime/helpers/regeneratorDefine.js:11:21)\n'[39m +
      [32m'    at asyncGeneratorStep (/Users/isak/Downloads/iso-doc-platform/frontend/node_modules/@babel/runtime/helpers/asyncToGenerator.js:3:17)\n'[39m +
      [32m'    at _next (/Users/isak/Downloads/iso-doc-platform/frontend/node_modules/@babel/runtime/helpers/asyncToGenerator.js:17:9)\n'[39m +
      [32m'    at processTicksAndRejections (node:internal/process/task_queues:95:5)'[39m,
    name: [32m'TypeError'[39m
  },
  url: [32m'/api/auth/session'[39m,
  message: [32m'res.json is not a function'[39m
}

stderr | lib/api.test.ts > API Client > uploadDocument > should upload document successfully
[next-auth][error][CLIENT_FETCH_ERROR] 
https://next-auth.js.org/errors#client_fetch_error res.json is not a function {
  error: {
    message: [32m'res.json is not a function'[39m,
    stack: [32m'TypeError: res.json is not a function\n'[39m +
      [32m'    at _callee$ (/Users/isak/Downloads/iso-doc-platform/frontend/node_modules/next-auth/client/_utils.js:53:22)\n'[39m +
      [32m'    at /Users/isak/Downloads/iso-doc-platform/frontend/node_modules/@babel/runtime/helpers/regeneratorRuntime.js:52:18\n'[39m +
      [32m'    at Generator.<anonymous> (/Users/isak/Downloads/iso-doc-platform/frontend/node_modules/@babel/runtime/helpers/regenerator.js:52:51)\n'[39m +
      [32m'    at Generator.next (/Users/isak/Downloads/iso-doc-platform/frontend/node_modules/@babel/runtime/helpers/regeneratorDefine.js:11:21)\n'[39m +
      [32m'    at asyncGeneratorStep (/Users/isak/Downloads/iso-doc-platform/frontend/node_modules/@babel/runtime/helpers/asyncToGenerator.js:3:17)\n'[39m +
      [32m'    at _next (/Users/isak/Downloads/iso-doc-platform/frontend/node_modules/@babel/runtime/helpers/asyncToGenerator.js:17:9)\n'[39m +
      [32m'    at processTicksAndRejections (node:internal/process/task_queues:95:5)'[39m,
    name: [32m'TypeError'[39m
  },
  url: [32m'/api/auth/session'[39m,
  message: [32m'res.json is not a function'[39m
}

stderr | lib/api.test.ts > API Client > uploadDocument > should throw error on upload failure
[next-auth][error][CLIENT_FETCH_ERROR] 
https://next-auth.js.org/errors#client_fetch_error res.json is not a function {
  error: {
    message: [32m'res.json is not a function'[39m,
    stack: [32m'TypeError: res.json is not a function\n'[39m +
      [32m'    at _callee$ (/Users/isak/Downloads/iso-doc-platform/frontend/node_modules/next-auth/client/_utils.js:53:22)\n'[39m +
      [32m'    at /Users/isak/Downloads/iso-doc-platform/frontend/node_modules/@babel/runtime/helpers/regeneratorRuntime.js:52:18\n'[39m +
      [32m'    at Generator.<anonymous> (/Users/isak/Downloads/iso-doc-platform/frontend/node_modules/@babel/runtime/helpers/regenerator.js:52:51)\n'[39m +
      [32m'    at Generator.next (/Users/isak/Downloads/iso-doc-platform/frontend/node_modules/@babel/runtime/helpers/regeneratorDefine.js:11:21)\n'[39m +
      [32m'    at asyncGeneratorStep (/Users/isak/Downloads/iso-doc-platform/frontend/node_modules/@babel/runtime/helpers/asyncToGenerator.js:3:17)\n'[39m +
      [32m'    at _next (/Users/isak/Downloads/iso-doc-platform/frontend/node_modules/@babel/runtime/helpers/asyncToGenerator.js:17:9)\n'[39m +
      [32m'    at processTicksAndRejections (node:internal/process/task_queues:95:5)'[39m,
    name: [32m'TypeError'[39m
  },
  url: [32m'/api/auth/session'[39m,
  message: [32m'res.json is not a function'[39m
}

 ❯ lib/api.test.ts (4 tests | 2 failed) 24ms
       × should fetch documents successfully 16ms
       ✓ should throw error on failure 3ms
       × should upload document successfully 2ms
       ✓ should throw error on upload failure 2ms
 ❯ app/app/reports/[id]/page.test.tsx (3 tests | 3 failed) 1582ms
     × renders loading state initially 1403ms
     × renders report data successfully 132ms
     × renders error state on failure 29ms
 ❯ app/app/gap-analysis/page.test.tsx (2 tests | 2 failed) 500ms
     × renders and loads standards 488ms
     × runs gap analysis and displays results 3ms
 ❯ app/app/documents/page.test.tsx (4 tests | 4 failed) 291ms
     × renders document list 21ms
     × handles file upload 2ms
     × allows deleting a document 2ms
     × shows staged documents separately 265ms
 ❯ app/app/documents/[id]/page.test.tsx (2 tests | 2 failed) 698ms
     × renders document details and download button 677ms
     × triggers export on button click 7ms
 ❯ app/app/dashboard/page.test.tsx (7 tests | 7 failed) 414ms
     × renders documents and standards 207ms
     × renders dashboard widgets 6ms
     × opens analysis modal and runs check 4ms
     × shows staged documents and allows approval 7ms
     × allows rejecting staged documents 183ms
     × shows notifications 2ms
     × shows upload progress 2ms

⎯⎯⎯⎯⎯⎯ Failed Tests 20 ⎯⎯⎯⎯⎯⎯⎯

 FAIL  lib/api.test.ts > API Client > fetchDocuments > should fetch documents successfully
AssertionError: expected "vi.fn()" to be called with arguments: [ StringContaining "/documents" ][90m

Received: 

[1m  1st vi.fn() call:

[22m[2m  [[22m
[32m-   StringContaining "/documents",[90m
[31m+   "/api/auth/session",[90m
[31m+   {[90m
[31m+     "headers": {[90m
[31m+       "Content-Type": "application/json",[90m
[31m+     },[90m
[31m+   },[90m
[2m  ][22m

[1m  2nd vi.fn() call:

[22m[2m  [[22m
[32m-   StringContaining "/documents",[90m
[31m+   "http://localhost:4000/documents",[90m
[31m+   {[90m
[31m+     "headers": {},[90m
[31m+   },[90m
[2m  ][22m
[39m[90m

Number of calls: [1m2[22m
[39m
 ❯ lib/api.test.ts:23:34
     21|             const docs = await fetchDocuments();
     22|             expect(docs).toEqual(mockDocs);
     23|             expect(global.fetch).toHaveBeenCalledWith(expect.stringCon…
       |                                  ^
     24|         });
     25| 

⎯⎯⎯⎯⎯⎯⎯⎯⎯⎯⎯⎯⎯⎯⎯⎯⎯⎯⎯⎯⎯⎯⎯[1/20]⎯

 FAIL  lib/api.test.ts > API Client > uploadDocument > should upload document successfully
TypeError: res.json is not a function
 ❯ uploadDocuments lib/api.ts:134:16
    132|         throw new Error('Failed to upload documents');
    133|     }
    134|     return res.json();
       |                ^
    135| }
    136| 
 ❯ lib/api.test.ts:42:13

⎯⎯⎯⎯⎯⎯⎯⎯⎯⎯⎯⎯⎯⎯⎯⎯⎯⎯⎯⎯⎯⎯⎯[2/20]⎯

 FAIL  app/app/reports/[id]/page.test.tsx > ComplianceReportPage > renders loading state initially
 FAIL  app/app/reports/[id]/page.test.tsx > ComplianceReportPage > renders report data successfully
 FAIL  app/app/reports/[id]/page.test.tsx > ComplianceReportPage > renders error state on failure
Error: Remember to wrap your app in a `<CopilotKit> {...} </CopilotKit>` !!!
 ❯ useCopilotContext node_modules/@copilotkit/react-core/dist/chunk-EUX2P2E7.mjs:96:11
 ❯ useCopilotReadable node_modules/@copilotkit/react-core/dist/chunk-HDOG2RTM.mjs:18:41
 ❯ ComplianceReportPage app/app/reports/[id]/page.tsx:51:5
     49|     }
     50| 
     51|     useCopilotReadable({
       |     ^
     52|         description: 'Aktiv compliance-rapport med detaljerte resultat…
     53|         value: report,
 ❯ Object.react_stack_bottom_frame node_modules/react-dom/cjs/react-dom-client.development.js:25904:20
 ❯ renderWithHooks node_modules/react-dom/cjs/react-dom-client.development.js:7662:22
 ❯ updateFunctionComponent node_modules/react-dom/cjs/react-dom-client.development.js:10166:19
 ❯ beginWork node_modules/react-dom/cjs/react-dom-client.development.js:11778:18
 ❯ runWithFiberInDEV node_modules/react-dom/cjs/react-dom-client.development.js:874:13
 ❯ performUnitOfWork node_modules/react-dom/cjs/react-dom-client.development.js:17641:22
 ❯ workLoopSync node_modules/react-dom/cjs/react-dom-client.development.js:17469:41

⎯⎯⎯⎯⎯⎯⎯⎯⎯⎯⎯⎯⎯⎯⎯⎯⎯⎯⎯⎯⎯⎯⎯[3/20]⎯

 FAIL  app/app/dashboard/page.test.tsx > Dashboard Page > renders documents and standards
 FAIL  app/app/dashboard/page.test.tsx > Dashboard Page > renders dashboard widgets
 FAIL  app/app/dashboard/page.test.tsx > Dashboard Page > opens analysis modal and runs check
 FAIL  app/app/dashboard/page.test.tsx > Dashboard Page > shows staged documents and allows approval
 FAIL  app/app/dashboard/page.test.tsx > Dashboard Page > allows rejecting staged documents
 FAIL  app/app/dashboard/page.test.tsx > Dashboard Page > shows notifications
 FAIL  app/app/dashboard/page.test.tsx > Dashboard Page > shows upload progress
Error: [vitest] No "useSearchParams" export is defined on the "next/navigation" mock. Did you forget to return it from "vi.mock"?
If you need to partially mock a module, you can use "importOriginal" helper inside:

vi.mock(import("next/navigation"), async (importOriginal) => {
  const actual = await importOriginal()
  return {
    ...actual,
    // your mocked methods
  }
})

 ❯ DashboardInner app/app/dashboard/page.tsx:16:26
     14| 
     15| function DashboardInner() {
     16|     const searchParams = useSearchParams();
       |                          ^
     17|     const router = useRouter();
     18|     const tabParam = searchParams.get('tab');
 ❯ Object.react_stack_bottom_frame node_modules/react-dom/cjs/react-dom-client.development.js:25904:20
 ❯ renderWithHooks node_modules/react-dom/cjs/react-dom-client.development.js:7662:22
 ❯ updateFunctionComponent node_modules/react-dom/cjs/react-dom-client.development.js:10166:19
 ❯ beginWork node_modules/react-dom/cjs/react-dom-client.development.js:11778:18
 ❯ runWithFiberInDEV node_modules/react-dom/cjs/react-dom-client.development.js:874:13
 ❯ performUnitOfWork node_modules/react-dom/cjs/react-dom-client.development.js:17641:22
 ❯ workLoopSync node_modules/react-dom/cjs/react-dom-client.development.js:17469:41

⎯⎯⎯⎯⎯⎯⎯⎯⎯⎯⎯⎯⎯⎯⎯⎯⎯⎯⎯⎯⎯⎯⎯[4/20]⎯

 FAIL  app/app/documents/[id]/page.test.tsx > DocumentView Page > renders document details and download button
 FAIL  app/app/documents/[id]/page.test.tsx > DocumentView Page > triggers export on button click
Error: [vitest] No "useRouter" export is defined on the "next/navigation" mock. Did you forget to return it from "vi.mock"?
If you need to partially mock a module, you can use "importOriginal" helper inside:

vi.mock(import("next/navigation"), async (importOriginal) => {
  const actual = await importOriginal()
  return {
    ...actual,
    // your mocked methods
  }
})

 ❯ DocumentPage app/app/documents/[id]/page.tsx:9:20
      7| export default function DocumentPage() {
      8|     const params = useParams();
      9|     const router = useRouter();
       |                    ^
     10|     const id = params?.id as string;
     11| 
 ❯ Object.react_stack_bottom_frame node_modules/react-dom/cjs/react-dom-client.development.js:25904:20
 ❯ renderWithHooks node_modules/react-dom/cjs/react-dom-client.development.js:7662:22
 ❯ updateFunctionComponent node_modules/react-dom/cjs/react-dom-client.development.js:10166:19
 ❯ beginWork node_modules/react-dom/cjs/react-dom-client.development.js:11778:18
 ❯ runWithFiberInDEV node_modules/react-dom/cjs/react-dom-client.development.js:874:13
 ❯ performUnitOfWork node_modules/react-dom/cjs/react-dom-client.development.js:17641:22
 ❯ workLoopSync node_modules/react-dom/cjs/react-dom-client.development.js:17469:41

⎯⎯⎯⎯⎯⎯⎯⎯⎯⎯⎯⎯⎯⎯⎯⎯⎯⎯⎯⎯⎯⎯⎯[5/20]⎯

 FAIL  app/app/gap-analysis/page.test.tsx > GapAnalysisPage > renders and loads standards
 FAIL  app/app/gap-analysis/page.test.tsx > GapAnalysisPage > runs gap analysis and displays results
Error: Remember to wrap your app in a `<CopilotKit> {...} </CopilotKit>` !!!
 ❯ useCopilotContext node_modules/@copilotkit/react-core/dist/chunk-EUX2P2E7.mjs:96:11
 ❯ useCopilotReadable node_modules/@copilotkit/react-core/dist/chunk-HDOG2RTM.mjs:18:41
 ❯ GapAnalysisPage app/app/gap-analysis/page.tsx:16:5
 ❯ Object.react_stack_bottom_frame node_modules/react-dom/cjs/react-dom-client.development.js:25904:20
 ❯ renderWithHooks node_modules/react-dom/cjs/react-dom-client.development.js:7662:22
 ❯ updateFunctionComponent node_modules/react-dom/cjs/react-dom-client.development.js:10166:19
 ❯ beginWork node_modules/react-dom/cjs/react-dom-client.development.js:11778:18
 ❯ runWithFiberInDEV node_modules/react-dom/cjs/react-dom-client.development.js:874:13
 ❯ performUnitOfWork node_modules/react-dom/cjs/react-dom-client.development.js:17641:22
 ❯ workLoopSync node_modules/react-dom/cjs/react-dom-client.development.js:17469:41

⎯⎯⎯⎯⎯⎯⎯⎯⎯⎯⎯⎯⎯⎯⎯⎯⎯⎯⎯⎯⎯⎯⎯[6/20]⎯

 FAIL  app/app/documents/page.test.tsx > Documents Page > renders document list
 FAIL  app/app/documents/page.test.tsx > Documents Page > handles file upload
 FAIL  app/app/documents/page.test.tsx > Documents Page > allows deleting a document
 FAIL  app/app/documents/page.test.tsx > Documents Page > shows staged documents separately
ConfigurationError: Missing required prop: 'runtimeUrl' or 'publicApiKey' or 'publicLicenseKey'
 ❯ new CopilotKitError node_modules/@copilotkit/shared/dist/chunk-XLQ2EIPH.mjs:170:5
 ❯ new ConfigurationError node_modules/@copilotkit/shared/dist/chunk-XLQ2EIPH.mjs:315:5
 ❯ validateProps node_modules/@copilotkit/react-core/dist/chunk-CI4KD357.mjs:651:11
 ❯ CopilotKitInternal node_modules/@copilotkit/react-core/dist/chunk-CI4KD357.mjs:207:3
 ❯ Object.react_stack_bottom_frame node_modules/react-dom/cjs/react-dom-client.development.js:25904:20
 ❯ renderWithHooks node_modules/react-dom/cjs/react-dom-client.development.js:7662:22
 ❯ updateFunctionComponent node_modules/react-dom/cjs/react-dom-client.development.js:10166:19
 ❯ beginWork node_modules/react-dom/cjs/react-dom-client.development.js:11778:18
 ❯ runWithFiberInDEV node_modules/react-dom/cjs/react-dom-client.development.js:874:13
 ❯ performUnitOfWork node_modules/react-dom/cjs/react-dom-client.development.js:17641:22

⎯⎯⎯⎯⎯⎯⎯⎯⎯⎯⎯⎯⎯⎯⎯⎯⎯⎯⎯⎯⎯⎯⎯[7/20]⎯


 Test Files  6 failed (6)
      Tests  20 failed | 2 passed (22)
   Start at  12:31:44
   Duration  190.42s

 FAIL  Tests failed. Watching for file changes...
       press h to show help, press q to quit
c[3J RERUN  app/components/Sidebar.tsx 

 ❯ lib/api.test.ts (4 tests | 2 failed) 24ms
       × should fetch documents successfully 16ms
       ✓ should throw error on failure 3ms
       × should upload document successfully 2ms
       ✓ should throw error on upload failure 2ms
 ❯ app/app/reports/[id]/page.test.tsx (3 tests | 3 failed) 1582ms
     × renders loading state initially 1403ms
     × renders report data successfully 132ms
     × renders error state on failure 29ms
 ❯ app/app/documents/[id]/page.test.tsx (2 tests | 2 failed) 698ms
     × renders document details and download button 677ms
     × triggers export on button click 7ms
 ❯ app/app/gap-analysis/page.test.tsx (2 tests | 2 failed) 500ms
     × renders and loads standards 488ms
     × runs gap analysis and displays results 3ms
 ❯ app/app/documents/page.test.tsx (4 tests | 4 failed) 963ms
     × renders document list 632ms
     × handles file upload 35ms
     × allows deleting a document 54ms
     × shows staged documents separately 86ms
 ❯ app/app/dashboard/page.test.tsx (7 tests | 7 failed) 319ms
     × renders documents and standards 153ms
     × renders dashboard widgets 150ms
     × opens analysis modal and runs check 3ms
     × shows staged documents and allows approval 3ms
     × allows rejecting staged documents 3ms
     × shows notifications 3ms
     × shows upload progress 2ms

⎯⎯⎯⎯⎯⎯ Failed Tests 11 ⎯⎯⎯⎯⎯⎯⎯

 FAIL  app/app/dashboard/page.test.tsx > Dashboard Page > renders documents and standards
 FAIL  app/app/dashboard/page.test.tsx > Dashboard Page > renders dashboard widgets
 FAIL  app/app/dashboard/page.test.tsx > Dashboard Page > opens analysis modal and runs check
 FAIL  app/app/dashboard/page.test.tsx > Dashboard Page > shows staged documents and allows approval
 FAIL  app/app/dashboard/page.test.tsx > Dashboard Page > allows rejecting staged documents
 FAIL  app/app/dashboard/page.test.tsx > Dashboard Page > shows notifications
 FAIL  app/app/dashboard/page.test.tsx > Dashboard Page > shows upload progress
Error: [vitest] No "useSearchParams" export is defined on the "next/navigation" mock. Did you forget to return it from "vi.mock"?
If you need to partially mock a module, you can use "importOriginal" helper inside:

vi.mock(import("next/navigation"), async (importOriginal) => {
  const actual = await importOriginal()
  return {
    ...actual,
    // your mocked methods
  }
})

 ❯ DashboardInner app/app/dashboard/page.tsx:16:26
     14| 
     15| function DashboardInner() {
     16|     const searchParams = useSearchParams();
       |                          ^
     17|     const router = useRouter();
     18|     const tabParam = searchParams.get('tab');
 ❯ Object.react_stack_bottom_frame node_modules/react-dom/cjs/react-dom-client.development.js:25904:20
 ❯ renderWithHooks node_modules/react-dom/cjs/react-dom-client.development.js:7662:22
 ❯ updateFunctionComponent node_modules/react-dom/cjs/react-dom-client.development.js:10166:19
 ❯ beginWork node_modules/react-dom/cjs/react-dom-client.development.js:11778:18
 ❯ runWithFiberInDEV node_modules/react-dom/cjs/react-dom-client.development.js:874:13
 ❯ performUnitOfWork node_modules/react-dom/cjs/react-dom-client.development.js:17641:22
 ❯ workLoopSync node_modules/react-dom/cjs/react-dom-client.development.js:17469:41

⎯⎯⎯⎯⎯⎯⎯⎯⎯⎯⎯⎯⎯⎯⎯⎯⎯⎯⎯⎯⎯⎯⎯[1/11]⎯

 FAIL  app/app/documents/page.test.tsx > Documents Page > renders document list
 FAIL  app/app/documents/page.test.tsx > Documents Page > handles file upload
 FAIL  app/app/documents/page.test.tsx > Documents Page > allows deleting a document
 FAIL  app/app/documents/page.test.tsx > Documents Page > shows staged documents separately
ConfigurationError: Missing required prop: 'runtimeUrl' or 'publicApiKey' or 'publicLicenseKey'
 ❯ new CopilotKitError node_modules/@copilotkit/shared/dist/chunk-XLQ2EIPH.mjs:170:5
 ❯ new ConfigurationError node_modules/@copilotkit/shared/dist/chunk-XLQ2EIPH.mjs:315:5
 ❯ validateProps node_modules/@copilotkit/react-core/dist/chunk-CI4KD357.mjs:651:11
 ❯ CopilotKitInternal node_modules/@copilotkit/react-core/dist/chunk-CI4KD357.mjs:207:3
 ❯ Object.react_stack_bottom_frame node_modules/react-dom/cjs/react-dom-client.development.js:25904:20
 ❯ renderWithHooks node_modules/react-dom/cjs/react-dom-client.development.js:7662:22
 ❯ updateFunctionComponent node_modules/react-dom/cjs/react-dom-client.development.js:10166:19
 ❯ beginWork node_modules/react-dom/cjs/react-dom-client.development.js:11778:18
 ❯ runWithFiberInDEV node_modules/react-dom/cjs/react-dom-client.development.js:874:13
 ❯ performUnitOfWork node_modules/react-dom/cjs/react-dom-client.development.js:17641:22

⎯⎯⎯⎯⎯⎯⎯⎯⎯⎯⎯⎯⎯⎯⎯⎯⎯⎯⎯⎯⎯⎯⎯[2/11]⎯


 Test Files  6 failed (6)
      Tests  20 failed | 2 passed (22)
   Start at  12:33:26
   Duration  43.43s

 FAIL  Tests failed. Watching for file changes...
       press h to show help, press q to quit
c[3J RERUN  app/components/GlobalTools.tsx x131 

 ❯ lib/api.test.ts (4 tests | 2 failed) 24ms
       × should fetch documents successfully 16ms
       ✓ should throw error on failure 3ms
       × should upload document successfully 2ms
       ✓ should throw error on upload failure 2ms
 ❯ app/app/reports/[id]/page.test.tsx (3 tests | 3 failed) 1582ms
     × renders loading state initially 1403ms
     × renders report data successfully 132ms
     × renders error state on failure 29ms
 ❯ app/app/documents/[id]/page.test.tsx (2 tests | 2 failed) 698ms
     × renders document details and download button 677ms
     × triggers export on button click 7ms
 ❯ app/app/gap-analysis/page.test.tsx (2 tests | 2 failed) 500ms
     × renders and loads standards 488ms
     × runs gap analysis and displays results 3ms
 ❯ app/app/documents/page.test.tsx (4 tests | 4 failed) 963ms
     × renders document list 632ms
     × handles file upload 35ms
     × allows deleting a document 54ms
     × shows staged documents separately 86ms
 ❯ app/app/dashboard/page.test.tsx (7 tests | 7 failed) 586ms
     × renders documents and standards 152ms
     × renders dashboard widgets 401ms
     × opens analysis modal and runs check 14ms
     × shows staged documents and allows approval 4ms
     × allows rejecting staged documents 4ms
     × shows notifications 8ms
     × shows upload progress 2ms

⎯⎯⎯⎯⎯⎯⎯ Failed Tests 7 ⎯⎯⎯⎯⎯⎯⎯

 FAIL  app/app/dashboard/page.test.tsx > Dashboard Page > renders documents and standards
 FAIL  app/app/dashboard/page.test.tsx > Dashboard Page > renders dashboard widgets
 FAIL  app/app/dashboard/page.test.tsx > Dashboard Page > opens analysis modal and runs check
 FAIL  app/app/dashboard/page.test.tsx > Dashboard Page > shows staged documents and allows approval
 FAIL  app/app/dashboard/page.test.tsx > Dashboard Page > allows rejecting staged documents
 FAIL  app/app/dashboard/page.test.tsx > Dashboard Page > shows notifications
 FAIL  app/app/dashboard/page.test.tsx > Dashboard Page > shows upload progress
Error: [vitest] No "useSearchParams" export is defined on the "next/navigation" mock. Did you forget to return it from "vi.mock"?
If you need to partially mock a module, you can use "importOriginal" helper inside:

vi.mock(import("next/navigation"), async (importOriginal) => {
  const actual = await importOriginal()
  return {
    ...actual,
    // your mocked methods
  }
})

 ❯ DashboardInner app/app/dashboard/page.tsx:16:26
     14| 
     15| function DashboardInner() {
     16|     const searchParams = useSearchParams();
       |                          ^
     17|     const router = useRouter();
     18|     const tabParam = searchParams.get('tab');
 ❯ Object.react_stack_bottom_frame node_modules/react-dom/cjs/react-dom-client.development.js:25904:20
 ❯ renderWithHooks node_modules/react-dom/cjs/react-dom-client.development.js:7662:22
 ❯ updateFunctionComponent node_modules/react-dom/cjs/react-dom-client.development.js:10166:19
 ❯ beginWork node_modules/react-dom/cjs/react-dom-client.development.js:11778:18
 ❯ runWithFiberInDEV node_modules/react-dom/cjs/react-dom-client.development.js:874:13
 ❯ performUnitOfWork node_modules/react-dom/cjs/react-dom-client.development.js:17641:22
 ❯ workLoopSync node_modules/react-dom/cjs/react-dom-client.development.js:17469:41

⎯⎯⎯⎯⎯⎯⎯⎯⎯⎯⎯⎯⎯⎯⎯⎯⎯⎯⎯⎯⎯⎯⎯⎯[1/7]⎯


 Test Files  6 failed (6)
      Tests  20 failed | 2 passed (22)
   Start at  12:34:59
   Duration  35.09s

 FAIL  Tests failed. Watching for file changes...
       press h to show help, press q to quit
c[3J RERUN  app/components/GlobalTools.tsx x132 

 ❯ lib/api.test.ts (4 tests | 2 failed) 24ms
       × should fetch documents successfully 16ms
       ✓ should throw error on failure 3ms
       × should upload document successfully 2ms
       ✓ should throw error on upload failure 2ms
 ❯ app/app/reports/[id]/page.test.tsx (3 tests | 3 failed) 1582ms
     × renders loading state initially 1403ms
     × renders report data successfully 132ms
     × renders error state on failure 29ms
 ❯ app/app/documents/[id]/page.test.tsx (2 tests | 2 failed) 698ms
     × renders document details and download button 677ms
     × triggers export on button click 7ms
 ❯ app/app/gap-analysis/page.test.tsx (2 tests | 2 failed) 500ms
     × renders and loads standards 488ms
     × runs gap analysis and displays results 3ms
 ❯ app/app/documents/page.test.tsx (4 tests | 4 failed) 963ms
     × renders document list 632ms
     × handles file upload 35ms
     × allows deleting a document 54ms
     × shows staged documents separately 86ms
 ❯ app/app/dashboard/page.test.tsx (7 tests | 7 failed) 74ms
     × renders documents and standards 46ms
     × renders dashboard widgets 3ms
     × opens analysis modal and runs check 8ms
     × shows staged documents and allows approval 2ms
     × allows rejecting staged documents 3ms
     × shows notifications 4ms
     × shows upload progress 4ms

⎯⎯⎯⎯⎯⎯⎯ Failed Tests 7 ⎯⎯⎯⎯⎯⎯⎯

 FAIL  app/app/dashboard/page.test.tsx > Dashboard Page > renders documents and standards
 FAIL  app/app/dashboard/page.test.tsx > Dashboard Page > renders dashboard widgets
 FAIL  app/app/dashboard/page.test.tsx > Dashboard Page > opens analysis modal and runs check
 FAIL  app/app/dashboard/page.test.tsx > Dashboard Page > shows staged documents and allows approval
 FAIL  app/app/dashboard/page.test.tsx > Dashboard Page > allows rejecting staged documents
 FAIL  app/app/dashboard/page.test.tsx > Dashboard Page > shows notifications
 FAIL  app/app/dashboard/page.test.tsx > Dashboard Page > shows upload progress
Error: [vitest] No "useSearchParams" export is defined on the "next/navigation" mock. Did you forget to return it from "vi.mock"?
If you need to partially mock a module, you can use "importOriginal" helper inside:

vi.mock(import("next/navigation"), async (importOriginal) => {
  const actual = await importOriginal()
  return {
    ...actual,
    // your mocked methods
  }
})

 ❯ DashboardInner app/app/dashboard/page.tsx:16:26
     14| 
     15| function DashboardInner() {
     16|     const searchParams = useSearchParams();
       |                          ^
     17|     const router = useRouter();
     18|     const tabParam = searchParams.get('tab');
 ❯ Object.react_stack_bottom_frame node_modules/react-dom/cjs/react-dom-client.development.js:25904:20
 ❯ renderWithHooks node_modules/react-dom/cjs/react-dom-client.development.js:7662:22
 ❯ updateFunctionComponent node_modules/react-dom/cjs/react-dom-client.development.js:10166:19
 ❯ beginWork node_modules/react-dom/cjs/react-dom-client.development.js:11778:18
 ❯ runWithFiberInDEV node_modules/react-dom/cjs/react-dom-client.development.js:874:13
 ❯ performUnitOfWork node_modules/react-dom/cjs/react-dom-client.development.js:17641:22
 ❯ workLoopSync node_modules/react-dom/cjs/react-dom-client.development.js:17469:41

⎯⎯⎯⎯⎯⎯⎯⎯⎯⎯⎯⎯⎯⎯⎯⎯⎯⎯⎯⎯⎯⎯⎯⎯[1/7]⎯


 Test Files  6 failed (6)
      Tests  20 failed | 2 passed (22)
   Start at  12:36:10
   Duration  23.86s

 FAIL  Tests failed. Watching for file changes...
       press h to show help, press q to quit
c[3J RERUN  lib/api.ts 

stderr | lib/api.test.ts > API Client > fetchDocuments > should throw error on failure
[next-auth][error][CLIENT_FETCH_ERROR] 
https://next-auth.js.org/errors#client_fetch_error res.json is not a function {
  error: {
    message: [32m'res.json is not a function'[39m,
    stack: [32m'TypeError: res.json is not a function\n'[39m +
      [32m'    at _callee$ (/Users/isak/Downloads/iso-doc-platform/frontend/node_modules/next-auth/client/_utils.js:53:22)\n'[39m +
      [32m'    at /Users/isak/Downloads/iso-doc-platform/frontend/node_modules/@babel/runtime/helpers/regeneratorRuntime.js:52:18\n'[39m +
      [32m'    at Generator.<anonymous> (/Users/isak/Downloads/iso-doc-platform/frontend/node_modules/@babel/runtime/helpers/regenerator.js:52:51)\n'[39m +
      [32m'    at Generator.next (/Users/isak/Downloads/iso-doc-platform/frontend/node_modules/@babel/runtime/helpers/regeneratorDefine.js:11:21)\n'[39m +
      [32m'    at asyncGeneratorStep (/Users/isak/Downloads/iso-doc-platform/frontend/node_modules/@babel/runtime/helpers/asyncToGenerator.js:3:17)\n'[39m +
      [32m'    at _next (/Users/isak/Downloads/iso-doc-platform/frontend/node_modules/@babel/runtime/helpers/asyncToGenerator.js:17:9)\n'[39m +
      [32m'    at processTicksAndRejections (node:internal/process/task_queues:95:5)'[39m,
    name: [32m'TypeError'[39m
  },
  url: [32m'/api/auth/session'[39m,
  message: [32m'res.json is not a function'[39m
}

stderr | lib/api.test.ts > API Client > uploadDocument > should upload document successfully
[next-auth][error][CLIENT_FETCH_ERROR] 
https://next-auth.js.org/errors#client_fetch_error res.json is not a function {
  error: {
    message: [32m'res.json is not a function'[39m,
    stack: [32m'TypeError: res.json is not a function\n'[39m +
      [32m'    at _callee$ (/Users/isak/Downloads/iso-doc-platform/frontend/node_modules/next-auth/client/_utils.js:53:22)\n'[39m +
      [32m'    at /Users/isak/Downloads/iso-doc-platform/frontend/node_modules/@babel/runtime/helpers/regeneratorRuntime.js:52:18\n'[39m +
      [32m'    at Generator.<anonymous> (/Users/isak/Downloads/iso-doc-platform/frontend/node_modules/@babel/runtime/helpers/regenerator.js:52:51)\n'[39m +
      [32m'    at Generator.next (/Users/isak/Downloads/iso-doc-platform/frontend/node_modules/@babel/runtime/helpers/regeneratorDefine.js:11:21)\n'[39m +
      [32m'    at asyncGeneratorStep (/Users/isak/Downloads/iso-doc-platform/frontend/node_modules/@babel/runtime/helpers/asyncToGenerator.js:3:17)\n'[39m +
      [32m'    at _next (/Users/isak/Downloads/iso-doc-platform/frontend/node_modules/@babel/runtime/helpers/asyncToGenerator.js:17:9)\n'[39m +
      [32m'    at processTicksAndRejections (node:internal/process/task_queues:95:5)'[39m,
    name: [32m'TypeError'[39m
  },
  url: [32m'/api/auth/session'[39m,
  message: [32m'res.json is not a function'[39m
}

stderr | lib/api.test.ts > API Client > uploadDocument > should throw error on upload failure
[next-auth][error][CLIENT_FETCH_ERROR] 
https://next-auth.js.org/errors#client_fetch_error res.json is not a function {
  error: {
    message: [32m'res.json is not a function'[39m,
    stack: [32m'TypeError: res.json is not a function\n'[39m +
      [32m'    at _callee$ (/Users/isak/Downloads/iso-doc-platform/frontend/node_modules/next-auth/client/_utils.js:53:22)\n'[39m +
      [32m'    at /Users/isak/Downloads/iso-doc-platform/frontend/node_modules/@babel/runtime/helpers/regeneratorRuntime.js:52:18\n'[39m +
      [32m'    at Generator.<anonymous> (/Users/isak/Downloads/iso-doc-platform/frontend/node_modules/@babel/runtime/helpers/regenerator.js:52:51)\n'[39m +
      [32m'    at Generator.next (/Users/isak/Downloads/iso-doc-platform/frontend/node_modules/@babel/runtime/helpers/regeneratorDefine.js:11:21)\n'[39m +
      [32m'    at asyncGeneratorStep (/Users/isak/Downloads/iso-doc-platform/frontend/node_modules/@babel/runtime/helpers/asyncToGenerator.js:3:17)\n'[39m +
      [32m'    at _next (/Users/isak/Downloads/iso-doc-platform/frontend/node_modules/@babel/runtime/helpers/asyncToGenerator.js:17:9)\n'[39m +
      [32m'    at processTicksAndRejections (node:internal/process/task_queues:95:5)'[39m,
    name: [32m'TypeError'[39m
  },
  url: [32m'/api/auth/session'[39m,
  message: [32m'res.json is not a function'[39m
}

 ❯ lib/api.test.ts (4 tests | 2 failed) 1106ms
       × should fetch documents successfully 655ms
       ✓ should throw error on failure 69ms
       × should upload document successfully 259ms
       ✓ should throw error on upload failure 93ms
 ❯ app/app/reports/[id]/page.test.tsx (3 tests | 3 failed) 713ms
     × renders loading state initially 618ms
     × renders report data successfully 12ms
     × renders error state on failure 27ms
 ❯ app/app/gap-analysis/page.test.tsx (2 tests | 2 failed) 23ms
     × renders and loads standards 21ms
     × runs gap analysis and displays results 2ms
 ❯ app/app/documents/page.test.tsx (4 tests | 4 failed) 268ms
     × renders document list 224ms
     × handles file upload 12ms
     × allows deleting a document 15ms
     × shows staged documents separately 6ms
 ❯ app/app/dashboard/page.test.tsx (7 tests | 7 failed) 164ms
     × renders documents and standards 151ms
     × renders dashboard widgets 1ms
     × opens analysis modal and runs check 2ms
     × shows staged documents and allows approval 1ms
     × allows rejecting staged documents 3ms
     × shows notifications 1ms
     × shows upload progress 2ms
 ❯ app/app/documents/[id]/page.test.tsx (2 tests | 2 failed) 247ms
     × renders document details and download button 67ms
     × triggers export on button click 178ms

⎯⎯⎯⎯⎯⎯ Failed Tests 20 ⎯⎯⎯⎯⎯⎯⎯

 FAIL  lib/api.test.ts > API Client > fetchDocuments > should fetch documents successfully
AssertionError: expected "vi.fn()" to be called with arguments: [ StringContaining "/documents" ][90m

Received: 

[1m  1st vi.fn() call:

[22m[2m  [[22m
[32m-   StringContaining "/documents",[90m
[31m+   "/api/auth/session",[90m
[31m+   {[90m
[31m+     "headers": {[90m
[31m+       "Content-Type": "application/json",[90m
[31m+     },[90m
[31m+   },[90m
[2m  ][22m

[1m  2nd vi.fn() call:

[22m[2m  [[22m
[32m-   StringContaining "/documents",[90m
[31m+   "http://localhost:4000/documents",[90m
[31m+   {[90m
[31m+     "headers": {},[90m
[31m+   },[90m
[2m  ][22m
[39m[90m

Number of calls: [1m2[22m
[39m
 ❯ lib/api.test.ts:23:34
     21|             const docs = await fetchDocuments();
     22|             expect(docs).toEqual(mockDocs);
     23|             expect(global.fetch).toHaveBeenCalledWith(expect.stringCon…
       |                                  ^
     24|         });
     25| 

⎯⎯⎯⎯⎯⎯⎯⎯⎯⎯⎯⎯⎯⎯⎯⎯⎯⎯⎯⎯⎯⎯⎯[1/20]⎯

 FAIL  lib/api.test.ts > API Client > uploadDocument > should upload document successfully
TypeError: res.json is not a function
 ❯ uploadDocuments lib/api.ts:134:16
    132|         throw new Error('Failed to upload documents');
    133|     }
    134|     return res.json();
       |                ^
    135| }
    136| 
 ❯ lib/api.test.ts:42:13

⎯⎯⎯⎯⎯⎯⎯⎯⎯⎯⎯⎯⎯⎯⎯⎯⎯⎯⎯⎯⎯⎯⎯[2/20]⎯

 FAIL  app/app/reports/[id]/page.test.tsx > ComplianceReportPage > renders loading state initially
 FAIL  app/app/reports/[id]/page.test.tsx > ComplianceReportPage > renders report data successfully
 FAIL  app/app/reports/[id]/page.test.tsx > ComplianceReportPage > renders error state on failure
Error: Remember to wrap your app in a `<CopilotKit> {...} </CopilotKit>` !!!
 ❯ useCopilotContext node_modules/@copilotkit/react-core/dist/chunk-EUX2P2E7.mjs:96:11
 ❯ useCopilotReadable node_modules/@copilotkit/react-core/dist/chunk-HDOG2RTM.mjs:18:41
 ❯ ComplianceReportPage app/app/reports/[id]/page.tsx:51:5
     49|     }
     50| 
     51|     useCopilotReadable({
       |     ^
     52|         description: 'Aktiv compliance-rapport med detaljerte resultat…
     53|         value: report,
 ❯ Object.react_stack_bottom_frame node_modules/react-dom/cjs/react-dom-client.development.js:25904:20
 ❯ renderWithHooks node_modules/react-dom/cjs/react-dom-client.development.js:7662:22
 ❯ updateFunctionComponent node_modules/react-dom/cjs/react-dom-client.development.js:10166:19
 ❯ beginWork node_modules/react-dom/cjs/react-dom-client.development.js:11778:18
 ❯ runWithFiberInDEV node_modules/react-dom/cjs/react-dom-client.development.js:874:13
 ❯ performUnitOfWork node_modules/react-dom/cjs/react-dom-client.development.js:17641:22
 ❯ workLoopSync node_modules/react-dom/cjs/react-dom-client.development.js:17469:41

⎯⎯⎯⎯⎯⎯⎯⎯⎯⎯⎯⎯⎯⎯⎯⎯⎯⎯⎯⎯⎯⎯⎯[3/20]⎯

 FAIL  app/app/dashboard/page.test.tsx > Dashboard Page > renders documents and standards
 FAIL  app/app/dashboard/page.test.tsx > Dashboard Page > renders dashboard widgets
 FAIL  app/app/dashboard/page.test.tsx > Dashboard Page > opens analysis modal and runs check
 FAIL  app/app/dashboard/page.test.tsx > Dashboard Page > shows staged documents and allows approval
 FAIL  app/app/dashboard/page.test.tsx > Dashboard Page > allows rejecting staged documents
 FAIL  app/app/dashboard/page.test.tsx > Dashboard Page > shows notifications
 FAIL  app/app/dashboard/page.test.tsx > Dashboard Page > shows upload progress
Error: [vitest] No "useSearchParams" export is defined on the "next/navigation" mock. Did you forget to return it from "vi.mock"?
If you need to partially mock a module, you can use "importOriginal" helper inside:

vi.mock(import("next/navigation"), async (importOriginal) => {
  const actual = await importOriginal()
  return {
    ...actual,
    // your mocked methods
  }
})

 ❯ DashboardInner app/app/dashboard/page.tsx:16:26
     14| 
     15| function DashboardInner() {
     16|     const searchParams = useSearchParams();
       |                          ^
     17|     const router = useRouter();
     18|     const tabParam = searchParams.get('tab');
 ❯ Object.react_stack_bottom_frame node_modules/react-dom/cjs/react-dom-client.development.js:25904:20
 ❯ renderWithHooks node_modules/react-dom/cjs/react-dom-client.development.js:7662:22
 ❯ updateFunctionComponent node_modules/react-dom/cjs/react-dom-client.development.js:10166:19
 ❯ beginWork node_modules/react-dom/cjs/react-dom-client.development.js:11778:18
 ❯ runWithFiberInDEV node_modules/react-dom/cjs/react-dom-client.development.js:874:13
 ❯ performUnitOfWork node_modules/react-dom/cjs/react-dom-client.development.js:17641:22
 ❯ workLoopSync node_modules/react-dom/cjs/react-dom-client.development.js:17469:41

⎯⎯⎯⎯⎯⎯⎯⎯⎯⎯⎯⎯⎯⎯⎯⎯⎯⎯⎯⎯⎯⎯⎯[4/20]⎯

 FAIL  app/app/documents/[id]/page.test.tsx > DocumentView Page > renders document details and download button
 FAIL  app/app/documents/[id]/page.test.tsx > DocumentView Page > triggers export on button click
Error: [vitest] No "useRouter" export is defined on the "next/navigation" mock. Did you forget to return it from "vi.mock"?
If you need to partially mock a module, you can use "importOriginal" helper inside:

vi.mock(import("next/navigation"), async (importOriginal) => {
  const actual = await importOriginal()
  return {
    ...actual,
    // your mocked methods
  }
})

 ❯ DocumentPage app/app/documents/[id]/page.tsx:9:20
      7| export default function DocumentPage() {
      8|     const params = useParams();
      9|     const router = useRouter();
       |                    ^
     10|     const id = params?.id as string;
     11| 
 ❯ Object.react_stack_bottom_frame node_modules/react-dom/cjs/react-dom-client.development.js:25904:20
 ❯ renderWithHooks node_modules/react-dom/cjs/react-dom-client.development.js:7662:22
 ❯ updateFunctionComponent node_modules/react-dom/cjs/react-dom-client.development.js:10166:19
 ❯ beginWork node_modules/react-dom/cjs/react-dom-client.development.js:11778:18
 ❯ runWithFiberInDEV node_modules/react-dom/cjs/react-dom-client.development.js:874:13
 ❯ performUnitOfWork node_modules/react-dom/cjs/react-dom-client.development.js:17641:22
 ❯ workLoopSync node_modules/react-dom/cjs/react-dom-client.development.js:17469:41

⎯⎯⎯⎯⎯⎯⎯⎯⎯⎯⎯⎯⎯⎯⎯⎯⎯⎯⎯⎯⎯⎯⎯[5/20]⎯

 FAIL  app/app/gap-analysis/page.test.tsx > GapAnalysisPage > renders and loads standards
 FAIL  app/app/gap-analysis/page.test.tsx > GapAnalysisPage > runs gap analysis and displays results
Error: Remember to wrap your app in a `<CopilotKit> {...} </CopilotKit>` !!!
 ❯ useCopilotContext node_modules/@copilotkit/react-core/dist/chunk-EUX2P2E7.mjs:96:11
 ❯ useCopilotReadable node_modules/@copilotkit/react-core/dist/chunk-HDOG2RTM.mjs:18:41
 ❯ GapAnalysisPage app/app/gap-analysis/page.tsx:16:5
 ❯ Object.react_stack_bottom_frame node_modules/react-dom/cjs/react-dom-client.development.js:25904:20
 ❯ renderWithHooks node_modules/react-dom/cjs/react-dom-client.development.js:7662:22
 ❯ updateFunctionComponent node_modules/react-dom/cjs/react-dom-client.development.js:10166:19
 ❯ beginWork node_modules/react-dom/cjs/react-dom-client.development.js:11778:18
 ❯ runWithFiberInDEV node_modules/react-dom/cjs/react-dom-client.development.js:874:13
 ❯ performUnitOfWork node_modules/react-dom/cjs/react-dom-client.development.js:17641:22
 ❯ workLoopSync node_modules/react-dom/cjs/react-dom-client.development.js:17469:41

⎯⎯⎯⎯⎯⎯⎯⎯⎯⎯⎯⎯⎯⎯⎯⎯⎯⎯⎯⎯⎯⎯⎯[6/20]⎯

 FAIL  app/app/documents/page.test.tsx > Documents Page > renders document list
 FAIL  app/app/documents/page.test.tsx > Documents Page > handles file upload
 FAIL  app/app/documents/page.test.tsx > Documents Page > allows deleting a document
 FAIL  app/app/documents/page.test.tsx > Documents Page > shows staged documents separately
ConfigurationError: Missing required prop: 'runtimeUrl' or 'publicApiKey' or 'publicLicenseKey'
 ❯ new CopilotKitError node_modules/@copilotkit/shared/dist/chunk-XLQ2EIPH.mjs:170:5
 ❯ new ConfigurationError node_modules/@copilotkit/shared/dist/chunk-XLQ2EIPH.mjs:315:5
 ❯ validateProps node_modules/@copilotkit/react-core/dist/chunk-CI4KD357.mjs:651:11
 ❯ CopilotKitInternal node_modules/@copilotkit/react-core/dist/chunk-CI4KD357.mjs:207:3
 ❯ Object.react_stack_bottom_frame node_modules/react-dom/cjs/react-dom-client.development.js:25904:20
 ❯ renderWithHooks node_modules/react-dom/cjs/react-dom-client.development.js:7662:22
 ❯ updateFunctionComponent node_modules/react-dom/cjs/react-dom-client.development.js:10166:19
 ❯ beginWork node_modules/react-dom/cjs/react-dom-client.development.js:11778:18
 ❯ runWithFiberInDEV node_modules/react-dom/cjs/react-dom-client.development.js:874:13
 ❯ performUnitOfWork node_modules/react-dom/cjs/react-dom-client.development.js:17641:22

⎯⎯⎯⎯⎯⎯⎯⎯⎯⎯⎯⎯⎯⎯⎯⎯⎯⎯⎯⎯⎯⎯⎯[7/20]⎯


 Test Files  6 failed (6)
      Tests  20 failed | 2 passed (22)
   Start at  12:44:47
   Duration  160.25s

 FAIL  Tests failed. Watching for file changes...
       press h to show help, press q to quit
c[3J RERUN  app/app/dashboard/page.tsx x134 

 ❯ lib/api.test.ts (4 tests | 2 failed) 1106ms
       × should fetch documents successfully 655ms
       ✓ should throw error on failure 69ms
       × should upload document successfully 259ms
       ✓ should throw error on upload failure 93ms
 ❯ app/app/reports/[id]/page.test.tsx (3 tests | 3 failed) 713ms
     × renders loading state initially 618ms
     × renders report data successfully 12ms
     × renders error state on failure 27ms
 ❯ app/app/documents/[id]/page.test.tsx (2 tests | 2 failed) 247ms
     × renders document details and download button 67ms
     × triggers export on button click 178ms
 ❯ app/app/gap-analysis/page.test.tsx (2 tests | 2 failed) 23ms
     × renders and loads standards 21ms
     × runs gap analysis and displays results 2ms
 ❯ app/app/documents/page.test.tsx (4 tests | 4 failed) 268ms
     × renders document list 224ms
     × handles file upload 12ms
     × allows deleting a document 15ms
     × shows staged documents separately 6ms
 ❯ app/app/dashboard/page.test.tsx (7 tests | 7 failed) 156ms
     × renders documents and standards 30ms
     × renders dashboard widgets 4ms
     × opens analysis modal and runs check 3ms
     × shows staged documents and allows approval 3ms
     × allows rejecting staged documents 2ms
     × shows notifications 91ms
     × shows upload progress 21ms

⎯⎯⎯⎯⎯⎯⎯ Failed Tests 7 ⎯⎯⎯⎯⎯⎯⎯

 FAIL  app/app/dashboard/page.test.tsx > Dashboard Page > renders documents and standards
 FAIL  app/app/dashboard/page.test.tsx > Dashboard Page > renders dashboard widgets
 FAIL  app/app/dashboard/page.test.tsx > Dashboard Page > opens analysis modal and runs check
 FAIL  app/app/dashboard/page.test.tsx > Dashboard Page > shows staged documents and allows approval
 FAIL  app/app/dashboard/page.test.tsx > Dashboard Page > allows rejecting staged documents
 FAIL  app/app/dashboard/page.test.tsx > Dashboard Page > shows notifications
 FAIL  app/app/dashboard/page.test.tsx > Dashboard Page > shows upload progress
Error: [vitest] No "useSearchParams" export is defined on the "next/navigation" mock. Did you forget to return it from "vi.mock"?
If you need to partially mock a module, you can use "importOriginal" helper inside:

vi.mock(import("next/navigation"), async (importOriginal) => {
  const actual = await importOriginal()
  return {
    ...actual,
    // your mocked methods
  }
})

 ❯ DashboardInner app/app/dashboard/page.tsx:16:26
     14| 
     15| function DashboardInner() {
     16|     const searchParams = useSearchParams();
       |                          ^
     17|     const router = useRouter();
     18|     const tabParam = searchParams.get('tab');
 ❯ Object.react_stack_bottom_frame node_modules/react-dom/cjs/react-dom-client.development.js:25904:20
 ❯ renderWithHooks node_modules/react-dom/cjs/react-dom-client.development.js:7662:22
 ❯ updateFunctionComponent node_modules/react-dom/cjs/react-dom-client.development.js:10166:19
 ❯ beginWork node_modules/react-dom/cjs/react-dom-client.development.js:11778:18
 ❯ runWithFiberInDEV node_modules/react-dom/cjs/react-dom-client.development.js:874:13
 ❯ performUnitOfWork node_modules/react-dom/cjs/react-dom-client.development.js:17641:22
 ❯ workLoopSync node_modules/react-dom/cjs/react-dom-client.development.js:17469:41

⎯⎯⎯⎯⎯⎯⎯⎯⎯⎯⎯⎯⎯⎯⎯⎯⎯⎯⎯⎯⎯⎯⎯⎯[1/7]⎯


 Test Files  6 failed (6)
      Tests  20 failed | 2 passed (22)
   Start at  12:46:51
   Duration  9.48s

 FAIL  Tests failed. Watching for file changes...
       press h to show help, press q to quit
c[3J RERUN  app/app/dashboard/page.tsx x135 

 ❯ lib/api.test.ts (4 tests | 2 failed) 1106ms
       × should fetch documents successfully 655ms
       ✓ should throw error on failure 69ms
       × should upload document successfully 259ms
       ✓ should throw error on upload failure 93ms
 ❯ app/app/reports/[id]/page.test.tsx (3 tests | 3 failed) 713ms
     × renders loading state initially 618ms
     × renders report data successfully 12ms
     × renders error state on failure 27ms
 ❯ app/app/documents/[id]/page.test.tsx (2 tests | 2 failed) 247ms
     × renders document details and download button 67ms
     × triggers export on button click 178ms
 ❯ app/app/gap-analysis/page.test.tsx (2 tests | 2 failed) 23ms
     × renders and loads standards 21ms
     × runs gap analysis and displays results 2ms
 ❯ app/app/documents/page.test.tsx (4 tests | 4 failed) 268ms
     × renders document list 224ms
     × handles file upload 12ms
     × allows deleting a document 15ms
     × shows staged documents separately 6ms
 ❯ app/app/dashboard/page.test.tsx (7 tests | 7 failed) 38ms
     × renders documents and standards 30ms
     × renders dashboard widgets 2ms
     × opens analysis modal and runs check 1ms
     × shows staged documents and allows approval 1ms
     × allows rejecting staged documents 1ms
     × shows notifications 1ms
     × shows upload progress 1ms

⎯⎯⎯⎯⎯⎯⎯ Failed Tests 7 ⎯⎯⎯⎯⎯⎯⎯

 FAIL  app/app/dashboard/page.test.tsx > Dashboard Page > renders documents and standards
 FAIL  app/app/dashboard/page.test.tsx > Dashboard Page > renders dashboard widgets
 FAIL  app/app/dashboard/page.test.tsx > Dashboard Page > opens analysis modal and runs check
 FAIL  app/app/dashboard/page.test.tsx > Dashboard Page > shows staged documents and allows approval
 FAIL  app/app/dashboard/page.test.tsx > Dashboard Page > allows rejecting staged documents
 FAIL  app/app/dashboard/page.test.tsx > Dashboard Page > shows notifications
 FAIL  app/app/dashboard/page.test.tsx > Dashboard Page > shows upload progress
Error: [vitest] No "useSearchParams" export is defined on the "next/navigation" mock. Did you forget to return it from "vi.mock"?
If you need to partially mock a module, you can use "importOriginal" helper inside:

vi.mock(import("next/navigation"), async (importOriginal) => {
  const actual = await importOriginal()
  return {
    ...actual,
    // your mocked methods
  }
})

 ❯ DashboardInner app/app/dashboard/page.tsx:17:26
     15| 
     16| function DashboardInner() {
     17|     const searchParams = useSearchParams();
       |                          ^
     18|     const router = useRouter();
     19|     const tabParam = searchParams.get('tab');
 ❯ Object.react_stack_bottom_frame node_modules/react-dom/cjs/react-dom-client.development.js:25904:20
 ❯ renderWithHooks node_modules/react-dom/cjs/react-dom-client.development.js:7662:22
 ❯ updateFunctionComponent node_modules/react-dom/cjs/react-dom-client.development.js:10166:19
 ❯ beginWork node_modules/react-dom/cjs/react-dom-client.development.js:11778:18
 ❯ runWithFiberInDEV node_modules/react-dom/cjs/react-dom-client.development.js:874:13
 ❯ performUnitOfWork node_modules/react-dom/cjs/react-dom-client.development.js:17641:22
 ❯ workLoopSync node_modules/react-dom/cjs/react-dom-client.development.js:17469:41

⎯⎯⎯⎯⎯⎯⎯⎯⎯⎯⎯⎯⎯⎯⎯⎯⎯⎯⎯⎯⎯⎯⎯⎯[1/7]⎯


 Test Files  6 failed (6)
      Tests  20 failed | 2 passed (22)
   Start at  12:47:09
   Duration  15.74s

 FAIL  Tests failed. Watching for file changes...
       press h to show help, press q to quit
c[3J RERUN  app/components/Sidebar.tsx 

 ❯ lib/api.test.ts (4 tests | 2 failed) 1106ms
       × should fetch documents successfully 655ms
       ✓ should throw error on failure 69ms
       × should upload document successfully 259ms
       ✓ should throw error on upload failure 93ms
 ❯ app/app/reports/[id]/page.test.tsx (3 tests | 3 failed) 713ms
     × renders loading state initially 618ms
     × renders report data successfully 12ms
     × renders error state on failure 27ms
 ❯ app/app/documents/[id]/page.test.tsx (2 tests | 2 failed) 247ms
     × renders document details and download button 67ms
     × triggers export on button click 178ms
 ❯ app/app/gap-analysis/page.test.tsx (2 tests | 2 failed) 23ms
     × renders and loads standards 21ms
     × runs gap analysis and displays results 2ms
 ❯ app/app/documents/page.test.tsx (4 tests | 4 failed) 22ms
     × renders document list 14ms
     × handles file upload 4ms
     × allows deleting a document 3ms
     × shows staged documents separately 1ms
 ❯ app/app/dashboard/page.test.tsx (7 tests | 7 failed) 22ms
     × renders documents and standards 14ms
     × renders dashboard widgets 1ms
     × opens analysis modal and runs check 1ms
     × shows staged documents and allows approval 1ms
     × allows rejecting staged documents 1ms
     × shows notifications 1ms
     × shows upload progress 1ms

⎯⎯⎯⎯⎯⎯ Failed Tests 11 ⎯⎯⎯⎯⎯⎯⎯

 FAIL  app/app/dashboard/page.test.tsx > Dashboard Page > renders documents and standards
 FAIL  app/app/dashboard/page.test.tsx > Dashboard Page > renders dashboard widgets
 FAIL  app/app/dashboard/page.test.tsx > Dashboard Page > opens analysis modal and runs check
 FAIL  app/app/dashboard/page.test.tsx > Dashboard Page > shows staged documents and allows approval
 FAIL  app/app/dashboard/page.test.tsx > Dashboard Page > allows rejecting staged documents
 FAIL  app/app/dashboard/page.test.tsx > Dashboard Page > shows notifications
 FAIL  app/app/dashboard/page.test.tsx > Dashboard Page > shows upload progress
Error: [vitest] No "useSearchParams" export is defined on the "next/navigation" mock. Did you forget to return it from "vi.mock"?
If you need to partially mock a module, you can use "importOriginal" helper inside:

vi.mock(import("next/navigation"), async (importOriginal) => {
  const actual = await importOriginal()
  return {
    ...actual,
    // your mocked methods
  }
})

 ❯ DashboardInner app/app/dashboard/page.tsx:17:26
     15| 
     16| function DashboardInner() {
     17|     const searchParams = useSearchParams();
       |                          ^
     18|     const router = useRouter();
     19|     const tabParam = searchParams.get('tab');
 ❯ Object.react_stack_bottom_frame node_modules/react-dom/cjs/react-dom-client.development.js:25904:20
 ❯ renderWithHooks node_modules/react-dom/cjs/react-dom-client.development.js:7662:22
 ❯ updateFunctionComponent node_modules/react-dom/cjs/react-dom-client.development.js:10166:19
 ❯ beginWork node_modules/react-dom/cjs/react-dom-client.development.js:11778:18
 ❯ runWithFiberInDEV node_modules/react-dom/cjs/react-dom-client.development.js:874:13
 ❯ performUnitOfWork node_modules/react-dom/cjs/react-dom-client.development.js:17641:22
 ❯ workLoopSync node_modules/react-dom/cjs/react-dom-client.development.js:17469:41

⎯⎯⎯⎯⎯⎯⎯⎯⎯⎯⎯⎯⎯⎯⎯⎯⎯⎯⎯⎯⎯⎯⎯[1/11]⎯

 FAIL  app/app/documents/page.test.tsx > Documents Page > renders document list
 FAIL  app/app/documents/page.test.tsx > Documents Page > handles file upload
 FAIL  app/app/documents/page.test.tsx > Documents Page > allows deleting a document
 FAIL  app/app/documents/page.test.tsx > Documents Page > shows staged documents separately
ConfigurationError: Missing required prop: 'runtimeUrl' or 'publicApiKey' or 'publicLicenseKey'
 ❯ new CopilotKitError node_modules/@copilotkit/shared/dist/chunk-XLQ2EIPH.mjs:170:5
 ❯ new ConfigurationError node_modules/@copilotkit/shared/dist/chunk-XLQ2EIPH.mjs:315:5
 ❯ validateProps node_modules/@copilotkit/react-core/dist/chunk-CI4KD357.mjs:651:11
 ❯ CopilotKitInternal node_modules/@copilotkit/react-core/dist/chunk-CI4KD357.mjs:207:3
 ❯ Object.react_stack_bottom_frame node_modules/react-dom/cjs/react-dom-client.development.js:25904:20
 ❯ renderWithHooks node_modules/react-dom/cjs/react-dom-client.development.js:7662:22
 ❯ updateFunctionComponent node_modules/react-dom/cjs/react-dom-client.development.js:10166:19
 ❯ beginWork node_modules/react-dom/cjs/react-dom-client.development.js:11778:18
 ❯ runWithFiberInDEV node_modules/react-dom/cjs/react-dom-client.development.js:874:13
 ❯ performUnitOfWork node_modules/react-dom/cjs/react-dom-client.development.js:17641:22

⎯⎯⎯⎯⎯⎯⎯⎯⎯⎯⎯⎯⎯⎯⎯⎯⎯⎯⎯⎯⎯⎯⎯[2/11]⎯


 Test Files  6 failed (6)
      Tests  20 failed | 2 passed (22)
   Start at  12:47:47
   Duration  11.12s

 FAIL  Tests failed. Watching for file changes...
       press h to show help, press q to quit
